redis_1   | 1:C 12 Jun 2023 19:30:19.555 # Warning: no config file specified, using the default config. In order to specify a config file use redis-server /path/to/redis.conf
worker_1  | setup: redis alive
redis_1   | 1:M 12 Jun 2023 19:30:19.556 * monotonic clock: POSIX clock_gettime
worker_10 | setup: redis alive
redis_1   | 1:M 12 Jun 2023 19:30:19.556 * Running mode=standalone, port=6379.
redis_1   | 1:M 12 Jun 2023 19:30:19.556 # Server initialized
redis_1   | 1:M 12 Jun 2023 19:30:19.558 * Ready to accept connections
worker_13 | setup: redis alive
worker_15 | setup: redis alive
worker_3  | setup: redis alive
worker_4  | setup: redis alive
worker_9  | setup: redis alive
worker_8  | setup: redis alive
worker_14 | setup: redis alive
worker_6  | setup: redis alive
worker_12 | setup: redis alive
worker_11 | setup: redis alive
worker_5  | setup: redis alive
worker_2  | setup: redis alive
worker_16 | setup: redis alive
worker_7  | setup: redis alive
worker_15 | poblacion recibida...  PSO PSO-0
worker_13 | poblacion recibida...  PSO PSO-1
worker_4  | poblacion recibida...  PSO PSO-2
worker_1  | poblacion recibida...  PSO PSO-3
worker_9  | poblacion recibida...  PSO PSO-4
worker_3  | poblacion recibida...  PSO PSO-5
worker_10 | poblacion recibida...  PSO PSO-6
worker_8  | poblacion recibida...  PSO PSO-7
worker_14 | poblacion recibida...  PSO PSO-8
worker_6  | poblacion recibida...  PSO PSO-9
worker_12 | poblacion recibida...  PSO PSO-10
worker_11 | poblacion recibida...  PSO PSO-11
worker_5  | poblacion recibida...  PSO PSO-12
worker_2  | poblacion recibida...  PSO PSO-13
worker_16 | poblacion recibida...  PSO PSO-14
worker_7  | poblacion recibida...  PSO PSO-15
worker_15 | primero diversidad 15.315938635827683
worker_1  | primero diversidad 15.465584957965312
worker_13 | primero diversidad 15.095796449624144
worker_4  | primero diversidad 14.790494728459116
worker_5  | primero diversidad 14.4585766199827
worker_9  | primero diversidad 14.081628757862017
worker_2  | primero diversidad 14.10031715523189
worker_10 | primero diversidad 14.335537462962984
worker_3  | primero diversidad 14.24218868372799
worker_6  | primero diversidad 13.462813279371375
worker_8  | primero diversidad 15.134802934215873
worker_16 | primero diversidad 14.77918591141154
worker_14 | primero diversidad 14.34257512250968
worker_11 | primero diversidad 13.356298360376632
worker_12 | primero diversidad 13.370353967379298
worker_7  | primero diversidad 13.385894223735539
worker_8  | fuzzy inputs 1 13.627186960189974
worker_8  | g=0, diversidad=13.627186960189974, C1=1.1768386188846196, C2=1.5598581678001655
worker_8  | gen evals   avg     std     min     max
worker_8  | 0   10      3867.27 979.119 1668.71 5000
worker_11 | fuzzy inputs 1 13.82636742730795
worker_11 | g=0, diversidad=13.82636742730795, C1=1.175268817204301, C2=1.5728132034522095
worker_11 | gen evals   avg     std     min     max
worker_11 | 0   10      3033.95 1515.74 2.27549 5000
worker_7  | fuzzy inputs 1 14.462711434759592
worker_7  | g=0, diversidad=14.462711434759592, C1=1.175268817204301, C2=1.6467802704866854
worker_7  | gen evals   avg     std     min     max
worker_7  | 0   10      4001.03 729.359 3000    5000
worker_12 | fuzzy inputs 1 12.977631902543779
worker_12 | g=0, diversidad=12.977631902543779, C1=1.1860304415959495, C2=1.5249847279993338
worker_12 | gen evals   avg     std     min     max
worker_12 | 0   10      3566.71 1719.42 0.34976 5000
worker_13 | fuzzy inputs 1 14.837462559737636
worker_13 | g=0, diversidad=14.837462559737636, C1=1.175268817204301, C2=1.7215736495953695
worker_13 | gen evals   avg     std     min     max
worker_13 | 0   10      3466.78 1399.86 1333.65 5000
worker_3  | fuzzy inputs 1 14.002401497207643
worker_3  | g=0, diversidad=14.002401497207643, C1=1.175268817204301, C2=1.584731565848666
worker_3  | gen evals   avg     std     min     max
worker_3  | 0   10      3548.3  1311.02 1474.8  5000
worker_2  | fuzzy inputs 1 15.562083755544702
worker_2  | g=0, diversidad=15.562083755544702, C1=1.175268817204301, C2=1.7650793650793657
worker_2  | gen evals   avg     std     min     max
worker_2  | 0   10      3268.22 1225.29 1346.57 5000
worker_10 | fuzzy inputs 1 14.335537462962984
worker_10 | g=0, diversidad=14.335537462962984, C1=1.175268817204301, C2=1.6270874095394139
worker_10 | gen evals   avg     std     min             max
worker_10 | 0   10      2867.02 1543.08 0.788554        5000
worker_14 | fuzzy inputs 1 12.879332375341809
worker_14 | g=0, diversidad=12.879332375341809, C1=1.1874609283696542, C2=1.5218541433298631
worker_14 | gen evals   avg     std     min     max
worker_14 | 0   10      3433.7  1490.69 1333.57 5000
worker_9  | fuzzy inputs 1 14.163988562309301
worker_9  | g=0, diversidad=14.163988562309301, C1=1.175268817204301, C2=1.603814402764344
worker_9  | gen evals   avg     std     min     max
worker_9  | 0   10      2767.06 1308.29 667.816 5000
worker_4  | fuzzy inputs 1 15.386952891666748
worker_4  | g=0, diversidad=15.386952891666748, C1=1.175268817204301, C2=1.7650793650793657
worker_4  | gen evals   avg     std     min     max
worker_4  | 0   10      3266.83 1356.27 667.633 5000
worker_16 | fuzzy inputs 1 15.206911358940543
worker_16 | g=0, diversidad=15.206911358940543, C1=1.175268817204301, C2=1.7650793650793657
worker_16 | gen evals   avg     std     min             max
worker_16 | 0   10      1800.25 1606.7  0.0553968       5000
worker_5  | fuzzy inputs 1 12.513920776076285
worker_5  | g=0, diversidad=12.513920776076285, C1=1.1934424583307015, C2=1.5112003855399283
worker_5  | gen evals   avg     std     min     max
worker_5  | 0   10      2669.55 1388.55 1.28364 5000
worker_15 | fuzzy inputs 1 15.371830141648449
worker_15 | g=0, diversidad=15.371830141648449, C1=1.175268817204301, C2=1.7650793650793657
worker_15 | gen evals   avg     std     min             max
worker_15 | 0   10      1966.85 1058.67 0.262204        4000
worker_6  | fuzzy inputs 1 13.462813279371375
worker_6  | g=0, diversidad=13.462813279371375, C1=1.1790205031778698, C2=1.5497009035822633
worker_6  | gen evals   avg     std     min     max
worker_6  | 0   10      2534.02 1239.67 1333.9  5000
worker_1  | fuzzy inputs 1 16.058086281147514
worker_1  | g=0, diversidad=16.058086281147514, C1=1.175268817204301, C2=1.7650793650793657
worker_1  | gen evals   avg     std     min     max
worker_1  | 0   10      2733.64 1450.86 3.07658 5000
worker_11 | fuzzy inputs 2 10.379429776502258
worker_11 | g=1, diversidad=10.379429776502258, C1=1.1936936936936937, C2=1.4879629629629632
worker_11 | 1   10      3134.27 1202.97 1334.38 5000
worker_8  | fuzzy inputs 2 10.101870397461195
worker_8  | g=1, diversidad=10.101870397461195, C1=1.1936936936936937, C2=1.4879629629629632
worker_8  | 1   10      3133.63 1334.62 1.49217 5000
worker_3  | fuzzy inputs 2 11.462121954868735
worker_3  | g=1, diversidad=11.462121954868735, C1=1.1936936936936937, C2=1.4927626643102463
worker_3  | 1   10      3366.78 1159    1333.37 5000
worker_2  | fuzzy inputs 2 11.251177980359042
worker_2  | g=1, diversidad=11.251177980359042, C1=1.1936936936936937, C2=1.4905869337344047
worker_2  | 1   10      3566.87 966.504 2000    5000
worker_7  | fuzzy inputs 2 12.733632597779467
worker_7  | g=1, diversidad=12.733632597779467, C1=1.1936936936936937, C2=1.5115216907001991
worker_7  | 1   10      2400.36 1458.92 0.719879        5000
worker_14 | fuzzy inputs 2 9.35159728045669
worker_14 | g=1, diversidad=9.35159728045669, C1=1.1936936936936937, C2=1.4879629629629632
worker_14 | 1   10      3133.88 1535.44 667.328 5000
worker_10 | fuzzy inputs 2 10.06786084676111
worker_10 | g=1, diversidad=10.06786084676111, C1=1.1936936936936937, C2=1.4879629629629632
worker_10 | 1   10      3333.41 1264.83 0.304478        5000
worker_12 | fuzzy inputs 2 9.64759564540109
worker_12 | g=1, diversidad=9.64759564540109, C1=1.1936936936936937, C2=1.4879629629629632
worker_12 | 1   10      2900.14 1174.15 1333.44 5000
worker_15 | fuzzy inputs 2 10.480275811137199
worker_15 | g=1, diversidad=10.480275811137199, C1=1.1936936936936937, C2=1.4879629629629632
worker_15 | 1   10      2833.52 945.67  667.298         4000
worker_13 | fuzzy inputs 2 11.13537552519208
worker_13 | g=1, diversidad=11.13537552519208, C1=1.1936936936936937, C2=1.4893817170795582
worker_13 | 1   10      2867.04 1400.03 667.047 5000
worker_5  | fuzzy inputs 2 10.93215495060707
worker_5  | g=1, diversidad=10.93215495060707, C1=1.1936936936936937, C2=1.4879629629629632
worker_5  | 1   10      3066.75 1380.79 0.0912034       5000
worker_9  | fuzzy inputs 2 11.707065164804554
worker_9  | g=1, diversidad=11.707065164804554, C1=1.1936936936936937, C2=1.4952576947937195
worker_9  | 1   10      2033.71 1409.69 0.336529        5000
worker_16 | fuzzy inputs 2 11.027106665929967
worker_16 | g=1, diversidad=11.027106665929967, C1=1.1936936936936937, C2=1.4882478982723102
worker_16 | 1   10      2333.4  1591.59 0.252595        5000
worker_4  | fuzzy inputs 2 11.521030378223495
worker_4  | g=1, diversidad=11.521030378223495, C1=1.1936936936936937, C2=1.4933657714799167
worker_4  | 1   10      2400.32 904.104 667.892 3334.13
worker_1  | fuzzy inputs 2 12.007302944273645
worker_1  | g=1, diversidad=12.007302944273645, C1=1.1936936936936937, C2=1.498389949201756
worker_1  | 1   10      2700.49 1353.22 1.18886 5000
worker_6  | fuzzy inputs 2 11.15338572284033
worker_6  | g=1, diversidad=11.15338572284033, C1=1.1936936936936937, C2=1.4895696656319806
worker_6  | 1   10      3366.83 1559.37 667.063 5000
worker_11 | fuzzy inputs 3 7.94337160502939
worker_11 | g=2, diversidad=7.94337160502939, C1=1.4257383966244728, C2=1.4788617886178865
worker_11 | 2   10      3200.46 1535.68 2.04609 5000
worker_8  | fuzzy inputs 3 7.505356393372424
worker_8  | g=2, diversidad=7.505356393372424, C1=1.4257383966244728, C2=1.4788617886178865
worker_8  | 2   10      2300.46 1069.29 667.298 4000
worker_2  | fuzzy inputs 3 8.923557762537211
worker_2  | g=2, diversidad=8.923557762537211, C1=1.4257383966244728, C2=1.4788617886178865
worker_2  | 2   10      3833.35 1408.29 1333.45 5000
worker_14 | fuzzy inputs 3 7.0536878047518945
worker_14 | g=2, diversidad=7.0536878047518945, C1=1.4257383966244728, C2=1.4788617886178865
worker_14 | 2   10      3333.86 930.596 2334.38 5000
worker_5  | fuzzy inputs 3 8.907463263916764
worker_5  | g=2, diversidad=8.907463263916764, C1=1.4257383966244728, C2=1.4788617886178865
worker_5  | 2   10      2700.58 1702.76 0.0529191       5000
worker_12 | fuzzy inputs 3 7.438984461162968
worker_12 | g=2, diversidad=7.438984461162968, C1=1.4257383966244728, C2=1.4788617886178865
worker_12 | 2   10      1701.16 1816.04 0.0180282       5000
worker_3  | fuzzy inputs 3 7.970022392612657
worker_3  | g=2, diversidad=7.970022392612657, C1=1.4257383966244728, C2=1.4788617886178865
worker_3  | 2   10      2333.77 1444.96 1.22376 5000
worker_10 | fuzzy inputs 3 8.21485101636621
worker_10 | g=2, diversidad=8.21485101636621, C1=1.4257383966244728, C2=1.4788617886178865
worker_10 | 2   10      2833.39 1368.24 0.0505881       5000
worker_7  | fuzzy inputs 3 9.334510437998345
worker_7  | g=2, diversidad=9.334510437998345, C1=1.4257383966244728, C2=1.4788617886178865
worker_7  | 2   10      2866.73 1399.95 1333.35         5000
worker_16 | fuzzy inputs 3 6.940155799605602
worker_16 | g=2, diversidad=6.940155799605602, C1=1.4257383966244728, C2=1.4779347219073133
worker_16 | 2   10      1766.83 1192.9  0.0437507       3333.39
worker_13 | fuzzy inputs 3 9.062348664537295
worker_13 | g=2, diversidad=9.062348664537295, C1=1.4257383966244728, C2=1.4788617886178865
worker_13 | 2   10      3033.55 1048.13 667.209 4000
worker_15 | fuzzy inputs 3 7.561877493461361
worker_15 | g=2, diversidad=7.561877493461361, C1=1.4257383966244728, C2=1.4788617886178865
worker_15 | 2   10      1366.78 1004.93 0.0652737       3000
worker_1  | fuzzy inputs 3 8.3331290278921
worker_1  | g=2, diversidad=8.3331290278921, C1=1.4257383966244728, C2=1.4788617886178865
worker_1  | 2   10      3634.05 1014.7  1673.07 5000
worker_3  | fuzzy inputs 4 7.780236747251228
worker_3  | g=3, diversidad=7.780236747251228, C1=1.4888322965437537, C2=1.4888322965437537
worker_3  | 3   10      4033.47 899.876 2333.49 5000
worker_2  | fuzzy inputs 4 6.723381431244966
worker_2  | g=3, diversidad=6.723381431244966, C1=1.4840259556323832, C2=1.4807670276085723
worker_2  | 3   10      3167.56 1351.38 1334.41 5000
worker_11 | fuzzy inputs 4 8.15763945992577
worker_11 | g=3, diversidad=8.15763945992577, C1=1.4894308943089432, C2=1.4894308943089432
worker_11 | 3   10      2134.59 1578.1  2.35158 5000
worker_8  | fuzzy inputs 4 6.757098518139725
worker_8  | g=3, diversidad=6.757098518139725, C1=1.484299163783866, C2=1.4814819173176188
worker_8  | 3   10      2133.75 1275.18 0.0724797       4000
worker_5  | fuzzy inputs 4 7.024418840376998
worker_5  | g=3, diversidad=7.024418840376998, C1=1.4861307540546953, C2=1.4861307540546953
worker_5  | 3   10      2433.64 1520.57 0.0895555       4000
worker_14 | fuzzy inputs 4 5.280657837353552
worker_14 | g=3, diversidad=5.280657837353552, C1=1.4785408663598927, C2=1.306136476099825
worker_14 | 3   10      2933.7  1339.84 667.757 5000
worker_9  | fuzzy inputs 3 10.137288361698255
worker_9  | g=2, diversidad=10.137288361698255, C1=1.4257383966244728, C2=1.4788617886178865
worker_9  | 2   10      2233.71 1054.21 668.107         4000
worker_10 | fuzzy inputs 4 6.878178078451844
worker_10 | g=3, diversidad=6.878178078451844, C1=1.4852076862405892, C2=1.4838694246628843
worker_10 | 3   10      2100.36 1612.67 0.134784        4000
worker_6  | fuzzy inputs 3 8.934794735844136
worker_6  | g=2, diversidad=8.934794735844136, C1=1.4257383966244728, C2=1.4788617886178865
worker_6  | 2   10      2866.8  1066.64 2000    5000
worker_4  | fuzzy inputs 3 9.80058409389008
worker_4  | g=2, diversidad=9.80058409389008, C1=1.4257383966244728, C2=1.4788617886178865
worker_4  | 2   10      2700    1417.74 0.0237422       5000
worker_12 | fuzzy inputs 4 7.397494665503383
worker_12 | g=3, diversidad=7.397494665503383, C1=1.4876101788629617, C2=1.4876101788629617
worker_12 | 3   10      2433.68 1095.77 0.0464607       4000
worker_16 | fuzzy inputs 4 8.322941778264024
worker_16 | g=3, diversidad=8.322941778264024, C1=1.4894308943089432, C2=1.4894308943089432
worker_16 | 3   10      2566.69 1598.93 0.00367177      5000
worker_7  | fuzzy inputs 4 8.766217103259487
worker_7  | g=3, diversidad=8.766217103259487, C1=1.4894308943089432, C2=1.4894308943089432
worker_7  | 3   10      1366.97 1242.17 0.165093        3333.57
worker_15 | fuzzy inputs 4 7.625415435292244
worker_15 | g=3, diversidad=7.625415435292244, C1=1.4883681876327617, C2=1.4883681876327617
worker_15 | 3   10      900.368 1000.46 0.0504858       2333.71
worker_2  | fuzzy inputs 5 11.935289063355716
worker_2  | g=4, diversidad=11.935289063355716, C1=1.489530043676792, C2=1.4978642150741008
worker_2  | 4   10      3596.81 1391.7  667.402 5000
worker_13 | fuzzy inputs 4 7.6862459417675275
worker_13 | g=3, diversidad=7.6862459417675275, C1=1.4885550664167624, C2=1.4885550664167624
worker_13 | 3   10      2266.81 1152.61 667.183 4000
worker_1  | fuzzy inputs 4 6.914689403470694
worker_1  | g=3, diversidad=6.914689403470694, C1=1.4854613702648631, C2=1.4845389034024952
worker_1  | 3   10      3100.6  1460.17 670.115 5000
worker_8  | fuzzy inputs 5 6.195095148022428
worker_8  | g=4, diversidad=6.195095148022428, C1=1.478038313290497, C2=1.465447364080477
worker_8  | 4   10      2067.01 1645.2  0.161039        5000
worker_5  | fuzzy inputs 5 7.514216715791779
worker_5  | g=4, diversidad=7.514216715791779, C1=1.4880103112953926, C2=1.4880103112953926
worker_5  | 4   10      1866.82 1790.11 0.0147601       5000
worker_14 | fuzzy inputs 5 6.411045109601857
worker_14 | g=4, diversidad=6.411045109601857, C1=1.480956257952245, C2=1.4728309337673873
worker_14 | 4   10      3200.27 990.888 1667.64 5000
worker_3  | fuzzy inputs 5 7.4928355804804525
worker_3  | g=4, diversidad=7.4928355804804525, C1=1.4879389600880268, C2=1.4879389600880268
worker_3  | 4   10      2966.74 959.685 1333.46 4000
worker_12 | fuzzy inputs 5 5.967411116525844
worker_12 | g=4, diversidad=5.967411116525844, C1=1.4745098039215687, C2=1.455573343772164
worker_12 | 4   10      2633.4  1709.1  0.156797        5000
worker_11 | fuzzy inputs 5 7.494401165996314
worker_11 | g=4, diversidad=7.494401165996314, C1=1.4879442134218983, C2=1.4879442134218983
worker_11 | 4   10      2368.26 1335.8  668.113 5000
worker_10 | fuzzy inputs 5 7.133097207376536
worker_10 | g=4, diversidad=7.133097207376536, C1=1.4865969593384123, C2=1.4865969593384123
worker_10 | 4   10      1733.56 1443.66 0.303934        5000
worker_16 | fuzzy inputs 5 7.101322205783844
worker_16 | g=4, diversidad=7.101322205783844, C1=1.4864639262942538, C2=1.4864639262942538
worker_16 | 4   10      2766.95 1282.76 0.0236275       5000
worker_6  | fuzzy inputs 4 8.453754205753182
worker_6  | g=3, diversidad=8.453754205753182, C1=1.4894308943089432, C2=1.4894308943089432
worker_6  | 3   10      2500.29 1175.79 1.66355 4000
worker_4  | fuzzy inputs 4 7.637089039115721
worker_4  | g=3, diversidad=7.637089039115721, C1=1.4884045221080457, C2=1.4884045221080457
worker_4  | 3   10      2600.64 1474.02 667.051         5000
worker_9  | fuzzy inputs 4 8.687635760426883
worker_9  | g=3, diversidad=8.687635760426883, C1=1.4894308943089432, C2=1.4894308943089432
worker_9  | 3   10      2200.01 1146.97 0.0281702       4000
worker_2  | fuzzy inputs 6 9.053560091583746
worker_2  | g=5, diversidad=9.053560091583746, C1=1.4894308943089432, C2=1.4894308943089432
worker_2  | 5   10      3600.18 1451.21 1333.83 5000
worker_15 | fuzzy inputs 5 12.279082754496802
worker_15 | g=4, diversidad=12.279082754496802, C1=1.4886589186446444, C2=1.5050719471479004
worker_15 | 4   10      1767.02 1299.84 0.0332903       5000
worker_14 | fuzzy inputs 6 6.619390410341453
worker_14 | g=5, diversidad=6.619390410341453, C1=1.4831200392824693, C2=1.4784066578105666
worker_14 | 5   10      3296.79 1352.06 2.34691 5000
worker_7  | fuzzy inputs 5 7.017424395752806
worker_7  | g=4, diversidad=7.017424395752806, C1=1.4860996361636323, C2=1.4860996361636323
worker_7  | 4   10      1833.55 1013.79 0.261829        3334.02
worker_5  | fuzzy inputs 6 7.1438290742669865
worker_5  | g=5, diversidad=7.1438290742669865, C1=1.4866413018869915, C2=1.4866413018869915
worker_5  | 5   10      1766.78 1994.65 0.0110909       5000
worker_8  | fuzzy inputs 6 5.662181193698823
worker_8  | g=5, diversidad=5.662181193698823, C1=1.474509803921569, C2=1.409361148042654
worker_8  | 5   10      2000.56 1390.29 0.17712         5000
worker_12 | fuzzy inputs 6 6.073791995614175
worker_12 | g=5, diversidad=6.073791995614175, C1=1.4759700981435455, C2=1.460305823536415
worker_12 | 5   10      2633.43 1876.4  0.257173        5000
worker_1  | fuzzy inputs 5 6.908412733273397
worker_1  | g=4, diversidad=6.908412733273397, C1=1.4854183805580239, C2=1.484425365393619
worker_1  | 4   10      3533.37 1137.17 1333.73 5000
worker_3  | fuzzy inputs 6 8.578785013710213
worker_3  | g=5, diversidad=8.578785013710213, C1=1.4894308943089432, C2=1.4894308943089432
worker_3  | 5   10      3403.47 840.278 2000    5000
worker_16 | fuzzy inputs 6 5.8985270332422965
worker_16 | g=5, diversidad=5.8985270332422965, C1=1.4745098039215692, C2=1.4528992481003313
worker_16 | 5   10      2300.11 1905.8  0.0574674       5000
worker_13 | fuzzy inputs 5 8.40758756879646
worker_13 | g=4, diversidad=8.40758756879646, C1=1.4900258236212773, C2=1.4900258236212773
worker_13 | 4   10      2400.17 1306.12 1.32537 5000
worker_4  | fuzzy inputs 5 6.464281224309458
worker_4  | g=4, diversidad=6.464281224309458, C1=1.4815602343637926, C2=1.4743785673485088
worker_4  | 4   10      3100.43 1273.65 1666.68         5000
worker_10 | fuzzy inputs 6 7.3935394332136
worker_10 | g=5, diversidad=7.3935394332136, C1=1.487596151650285, C2=1.487596151650285
worker_10 | 5   10      2700.14 1479    0.0725681       5000
worker_11 | fuzzy inputs 6 7.067976406931045
worker_11 | g=5, diversidad=7.067976406931045, C1=1.4863214469531638, C2=1.4863214469531638
worker_11 | 5   10      1501.45 945.051 667.529 3000
worker_15 | fuzzy inputs 6 9.608181720855592
worker_15 | g=5, diversidad=9.608181720855592, C1=1.4894308943089432, C2=1.4894308943089432
worker_15 | 5   10      2500.81 1675.23 0.0396901       5000
worker_9  | fuzzy inputs 5 6.836612465790078
worker_9  | g=4, diversidad=6.836612465790078, C1=1.4849078899903083, C2=1.4830798463789596
worker_9  | 4   10      1167.04 1166.47 0.147303        3333.59
worker_6  | fuzzy inputs 5 8.079376652612236
worker_6  | g=4, diversidad=8.079376652612236, C1=1.4895522562975942, C2=1.4895522562975942
worker_6  | 4   10      3000.18 1210.85 1334.67 5000
worker_5  | fuzzy inputs 7 7.330833299296326
worker_5  | g=6, diversidad=7.330833299296326, C1=1.5545020707427082, C2=1.487369443644429
worker_5  | 6   10      2400.08 1665.31 0.0292343       5000
worker_2  | fuzzy inputs 7 7.091556322420135
worker_2  | g=6, diversidad=7.091556322420135, C1=1.54587443161743, C2=1.4864225070919403
worker_2  | 6   10      3400.36 1019.71 1333.68 5000
worker_12 | fuzzy inputs 7 7.036197369355809
worker_12 | g=6, diversidad=7.036197369355809, C1=1.543798543072188, C2=1.4861828423948225
worker_12 | 6   10      2900.2  1155.09 666.783         5000
worker_14 | fuzzy inputs 7 7.1432929248956025
worker_14 | g=6, diversidad=7.1432929248956025, C1=1.5477866972963192, C2=1.4866390935580611
worker_14 | 6   10      2675.43 1526.01 0.200383        5000
worker_16 | fuzzy inputs 7 6.662181371970169
worker_16 | g=6, diversidad=6.662181371970169, C1=1.523221408983871, C2=1.4794077069273837
worker_16 | 6   10      3400.35 1427.88 1666.68         5000
worker_7  | fuzzy inputs 6 7.573459969456206
worker_7  | g=5, diversidad=7.573459969456206, C1=1.4882036734594533, C2=1.4882036734594533
worker_7  | 5   10      1933.44 1190.69 0.0101893       3333.47
worker_8  | fuzzy inputs 7 5.025581525668842
worker_8  | g=6, diversidad=5.025581525668842, C1=1.506687586126869, C2=1.222648375374745
worker_8  | 6   10      2800.33 1076.86 1666.71         5000
worker_4  | fuzzy inputs 6 7.094965263516311
worker_4  | g=5, diversidad=7.094965263516311, C1=1.4864369939078332, C2=1.4864369939078332
worker_4  | 5   10      3733.47 1083.04 1333.93         5000
worker_10 | fuzzy inputs 7 7.163178562626469
worker_10 | g=6, diversidad=7.163178562626469, C1=1.5485146792571158, C2=1.486720514215914
worker_10 | 6   10      2566.81 1612.65 0.397865        5000
worker_1  | fuzzy inputs 6 7.749412286940067
worker_1  | g=5, diversidad=7.749412286940067, C1=1.4887428703128658, C2=1.4887428703128658
worker_1  | 5   10      3000.4  1219.98 667.256 5000
worker_3  | fuzzy inputs 7 8.910618520479769
worker_3  | g=6, diversidad=8.910618520479769, C1=1.5602836879432629, C2=1.4879629629629632
worker_3  | 6   10      3100.29 1513.12 0.849952        5000
worker_15 | fuzzy inputs 7 7.795120317532879
worker_15 | g=6, diversidad=7.795120317532879, C1=1.5602836879432629, C2=1.4879629629629632
worker_15 | 6   10      2196.18 1525.07 0.0256179       5000
worker_9  | fuzzy inputs 6 7.578381278523129
worker_9  | g=5, diversidad=7.578381278523129, C1=1.488219455773565, C2=1.488219455773565
worker_9  | 5   10      2700.27 1286.14 0.813934        5000
worker_12 | fuzzy inputs 8 6.814278059286822
worker_12 | g=7, diversidad=6.814278059286822, C1=1.7420213971279666, C2=1.482642959591257
worker_12 | 7   10      3500.1  562.702 3000            5000
worker_12 | defaultdict(<class 'deap.tools.support.Logbook'>, {})
worker_12 | poblacion enviada...  0.01802818141830025
worker_12 | poblacion recibida...  PSO PSO-10
worker_12 | primero diversidad 5.546757368436873
worker_11 | fuzzy inputs 7 7.001643502588102
worker_11 | g=6, diversidad=7.001643502588102, C1=1.5424869350154031, C2=1.486028912317881
worker_11 | 6   10      3067    1404.48 667.077 5000
worker_5  | fuzzy inputs 8 5.952397732724921
worker_5  | g=7, diversidad=5.952397732724921, C1=1.7238095238095243, C2=1.4550207069251244
worker_5  | 7   10      3366.94 1214.82 1669.28         5000
worker_5  | defaultdict(<class 'deap.tools.support.Logbook'>, {})
worker_5  | poblacion enviada...  0.01109094566472015
worker_5  | poblacion recibida...  PSO PSO-12
worker_5  | primero diversidad 6.740486080549007
worker_13 | fuzzy inputs 6 6.989662521020356
worker_13 | g=5, diversidad=6.989662521020356, C1=1.4859559401366425, C2=1.4858476498503117
worker_13 | 5   10      2066.75 799.927 666.925 3333.45
worker_7  | fuzzy inputs 7 6.6340898064559655
worker_7  | g=6, diversidad=6.6340898064559655, C1=1.5214797433676264, C2=1.4787554445710014
worker_7  | 6   10      1966.8  1015.97 666.772         4000
worker_16 | fuzzy inputs 8 7.2247951393674565
worker_16 | g=7, diversidad=7.2247951393674565, C1=1.748582885674962, C2=1.4869666155306112
worker_16 | 7   10      2566.79 1598.95 0.0086149       5000
worker_16 | defaultdict(<class 'deap.tools.support.Logbook'>, {})
worker_16 | poblacion enviada...  0.003671767367096566
worker_16 | poblacion recibida...  PSO PSO-14
worker_16 | primero diversidad 6.652955263039797
worker_8  | fuzzy inputs 8 5.439209037001343
worker_8  | g=7, diversidad=5.439209037001343, C1=1.7275642460634495, C2=1.351789996437454
worker_8  | 7   10      2167    1641.36 0.23761         5000
worker_8  | defaultdict(<class 'deap.tools.support.Logbook'>, {})
worker_8  | poblacion enviada...  0.07247966781977193
worker_8  | poblacion recibida...  PSO PSO-7
worker_8  | primero diversidad 5.316690220964033
worker_4  | fuzzy inputs 7 7.0313007576092295
worker_4  | g=6, diversidad=7.0313007576092295, C1=1.5436134242134616, C2=1.4861612356372893
worker_4  | 6   10      2966.84 1662.81 0.111958        5000
worker_14 | fuzzy inputs 8 6.8967827029124935
worker_14 | g=7, diversidad=6.8967827029124935, C1=1.7431461792567144, C2=1.4842133018318653
worker_14 | 7   10      3233.43 1358.43 1333.48         5000
worker_14 | defaultdict(<class 'deap.tools.support.Logbook'>, {})
worker_14 | poblacion enviada...  0.2003832520244633
worker_14 | poblacion recibida...  PSO PSO-8
worker_14 | primero diversidad 6.683137549845125
worker_2  | fuzzy inputs 8 7.879069827424143
worker_2  | g=7, diversidad=7.879069827424143, C1=1.758457791272203, C2=1.489109682611078
worker_2  | 7   10      3400.29 986.337 1334.25 5000
worker_2  | defaultdict(<class 'deap.tools.support.Logbook'>, {})
worker_2  | poblacion enviada...  667.4020440144113
worker_2  | poblacion recibida...  PSO PSO-13
worker_2  | primero diversidad 10.110505921425856
worker_6  | fuzzy inputs 6 7.649194097148566
worker_6  | g=5, diversidad=7.649194097148566, C1=1.488441960535922, C2=1.488441960535922
worker_6  | 5   10      2733.49 1019.75 1333.52 4000
worker_15 | fuzzy inputs 8 8.477148330150195
worker_15 | g=7, diversidad=8.477148330150195, C1=1.7632884495772096, C2=1.4901207299947172
worker_15 | 7   10      2167.01 1886.89 0.0152331       5000
worker_15 | defaultdict(<class 'deap.tools.support.Logbook'>, {})
worker_15 | poblacion enviada...  0.015233139549504981
worker_15 | poblacion recibida...  PSO PSO-0
worker_15 | primero diversidad 9.944448680011794
worker_3  | fuzzy inputs 8 8.609091220349148
worker_3  | g=7, diversidad=8.609091220349148, C1=1.7641623006268219, C2=1.4902958744557937
worker_3  | 7   10      2676.22 1239.07 1333.5          5000
worker_3  | defaultdict(<class 'deap.tools.support.Logbook'>, {})
worker_3  | poblacion enviada...  0.8499515726595476
worker_3  | poblacion recibida...  PSO PSO-5
worker_3  | primero diversidad 8.55991784455421
worker_1  | fuzzy inputs 7 10.730432858358354
worker_1  | g=6, diversidad=10.730432858358354, C1=1.5602836879432629, C2=1.4789220561719834
worker_1  | 6   10      3300.02 1552.37 0.217425        5000
worker_12 | fuzzy inputs 1 5.546757368436873
worker_12 | g=0, diversidad=5.546757368436873, C1=1.2244970540767728, C2=1.5414866684697859
worker_12 | gen evals   avg     std     min             max
worker_12 | 0   10      1966.96 1810.25 0.0180282       5000
worker_9  | fuzzy inputs 7 6.890815631401565
worker_9  | g=6, diversidad=6.890815631401565, C1=1.536548514949485, C2=1.4841036365925497
worker_9  | 6   10      2400.3  1793.55 0.278796        5000
worker_10 | fuzzy inputs 8 6.6024709151755765
worker_10 | g=7, diversidad=6.6024709151755765, C1=1.73870944301468, C2=1.4779986351955012
worker_10 | 7   10      2100.12 775.301 666.784         3333.52
worker_10 | defaultdict(<class 'deap.tools.support.Logbook'>, {})
worker_10 | poblacion enviada...  0.050588097593840385
worker_10 | poblacion recibida...  PSO PSO-6
worker_10 | primero diversidad 7.615441485009473
worker_5  | fuzzy inputs 1 6.740486080549007
worker_5  | g=0, diversidad=6.740486080549007, C1=1.207749831965947, C2=1.4841657317574515
worker_5  | gen evals   avg     std     min             max
worker_5  | 0   10      2766.75 1891.79 0.0110909       5000
worker_16 | fuzzy inputs 1 6.652955263039797
worker_16 | g=0, diversidad=6.652955263039797, C1=1.2091747350459312, C2=1.4834234673894557
worker_16 | gen evals   avg     std     min             max
worker_16 | 0   10      2666.68 1598.6  0.00367177      4000
worker_14 | fuzzy inputs 1 12.471301054038038
worker_14 | g=0, diversidad=12.471301054038038, C1=1.193177801943108, C2=1.5100494930708235
worker_14 | gen evals   avg     std     min             max
worker_14 | 0   10      2433.41 2165.56 0.0110909       5000
worker_7  | fuzzy inputs 8 6.505709745221633
worker_7  | g=7, diversidad=6.505709745221633, C1=1.736951437555564, C2=1.4755209458706664
worker_7  | 7   10      2166.84 1157.03 667.156         5000
worker_7  | defaultdict(<class 'deap.tools.support.Logbook'>, {})
worker_7  | poblacion enviada...  0.010189290310703609
worker_7  | poblacion recibida...  PSO PSO-15
worker_7  | primero diversidad 7.534561252679574
worker_8  | fuzzy inputs 1 14.89296672971587
worker_8  | g=0, diversidad=14.89296672971587, C1=1.175268817204301, C2=1.735484846192291
worker_8  | gen evals   avg     std     min             max
worker_8  | 0   10      1533.6  1764.93 0.0110909       5000
worker_4  | fuzzy inputs 8 7.583664274581575
worker_4  | g=7, diversidad=7.583664274581575, C1=1.7543483352021023, C2=1.488236351061538
worker_4  | 7   10      3400.17 1380.7  1333.57         5000
worker_4  | defaultdict(<class 'deap.tools.support.Logbook'>, {})
worker_4  | poblacion enviada...  0.02374224078597753
worker_4  | poblacion recibida...  PSO PSO-2
worker_4  | primero diversidad 8.029468426780047
worker_11 | fuzzy inputs 8 6.727955778288317
worker_11 | g=7, diversidad=6.727955778288317, C1=1.7407512026139143, C2=1.480865386860102
worker_11 | 7   10      2433.92 1625.95 2.12893 5000
worker_11 | defaultdict(<class 'deap.tools.support.Logbook'>, {})
worker_11 | poblacion enviada...  2.046093330022137
worker_11 | poblacion recibida...  PSO PSO-11
worker_11 | primero diversidad 7.8720919075190645
worker_2  | fuzzy inputs 1 16.2823451989643
worker_2  | g=0, diversidad=16.2823451989643, C1=1.175268817204301, C2=1.7650793650793657
worker_2  | gen evals   avg     std     min             max
worker_2  | 0   10      1834.05 1167.03 0.0110909       3335.51
worker_13 | fuzzy inputs 7 8.899193501837978
worker_13 | g=6, diversidad=8.899193501837978, C1=1.5602836879432629, C2=1.4879629629629632
worker_13 | 6   10      1233.76 760.651 0.286005        2333.89
worker_12 | fuzzy inputs 2 6.295074289802966
worker_12 | g=1, diversidad=6.295074289802966, C1=1.2166421717692912, C2=1.4794930428336954
worker_12 | 1   10      2633.58 1320.25 0.494371        5000
worker_1  | fuzzy inputs 8 9.10255751050551
worker_1  | g=7, diversidad=9.10255751050551, C1=1.766666666666667, C2=1.4908202038456964
worker_1  | 7   10      3233.42 1430.1  667.334         5000
worker_1  | defaultdict(<class 'deap.tools.support.Logbook'>, {})
worker_1  | poblacion enviada...  0.21742521129900094
worker_1  | poblacion recibida...  PSO PSO-3
worker_1  | primero diversidad 8.945452125099468
worker_6  | fuzzy inputs 7 7.411542344491964
worker_6  | g=6, diversidad=7.411542344491964, C1=1.55729197192439, C2=1.487659743473889
worker_6  | 6   10      2433.77 1612.42 667.56  5000
worker_5  | fuzzy inputs 2 6.461535629897489
worker_5  | g=1, diversidad=6.461535629897489, C1=1.2127883192694404, C2=1.48153002343608
worker_5  | 1   10      3133.37 2061.24 0.0758061       5000
worker_3  | fuzzy inputs 1 12.360764499318135
worker_3  | g=0, diversidad=12.360764499318135, C1=1.1912628603505275, C2=1.5071456582902005
worker_3  | gen evals   avg     std     min             max
worker_3  | 0   10      2367.01 1797.61 0.00367177      5000
worker_15 | fuzzy inputs 1 7.87673083811001
worker_15 | g=0, diversidad=7.87673083811001, C1=1.18749972380197, C2=1.489103277265321
worker_15 | gen evals   avg     std     min             max
worker_15 | 0   10      1401.16 1306.55 0.0152331       4000
worker_14 | fuzzy inputs 2 9.086387568659802
worker_14 | g=1, diversidad=9.086387568659802, C1=1.1936936936936937, C2=1.4879629629629632
worker_14 | 1   10      2266.81 1489.26 0.0142223       5000
worker_10 | fuzzy inputs 1 7.615441485009473
worker_10 | g=0, diversidad=7.615441485009473, C1=1.1916656978336677, C2=1.488336962509525
worker_10 | gen evals   avg     std     min             max
worker_10 | 0   10      2566.74 1732.28 0.0505881       5000
worker_16 | fuzzy inputs 2 6.251619601984578
worker_16 | g=1, diversidad=6.251619601984578, C1=1.2177855901360934, C2=1.4788851431202032
worker_16 | 1   10      2367.26 1259.68 0.0338636       3334.87
worker_7  | fuzzy inputs 1 12.769576336411477
worker_7  | g=0, diversidad=12.769576336411477, C1=1.1891418476387987, C2=1.5184977401656632
worker_7  | gen evals   avg     std     min             max
worker_7  | 0   10      1500.08 1790.39 0.00367177      5000
worker_8  | fuzzy inputs 2 11.174289342238122
worker_8  | g=1, diversidad=11.174289342238122, C1=1.1936936936936937, C2=1.4897875743270512
worker_8  | 1   10      2533.79 1326.46 667.005         5000
worker_9  | fuzzy inputs 8 7.589259370643357
worker_9  | g=7, diversidad=7.589259370643357, C1=1.7544310851378313, C2=1.4882541917008734
worker_9  | 7   10      1567.22 907.236 0.111279        2335.07
worker_9  | defaultdict(<class 'deap.tools.support.Logbook'>, {})
worker_9  | poblacion enviada...  0.02817015179624271
worker_9  | poblacion recibida...  PSO PSO-4
worker_9  | primero diversidad 8.738959530854618
worker_4  | fuzzy inputs 1 13.465131629900252
worker_4  | g=0, diversidad=13.465131629900252, C1=1.178989061518484, C2=1.549837382281485
worker_4  | gen evals   avg     std     min             max
worker_4  | 0   10      2700    1615.54 0.0101893       5000
worker_2  | fuzzy inputs 2 12.090818060546598
worker_2  | g=1, diversidad=12.090818060546598, C1=1.1936936936936937, C2=1.500566748974782
worker_2  | 1   10      3134.11 1375.69 0.224771        5000
worker_11 | fuzzy inputs 1 12.768480830644965
worker_11 | g=0, diversidad=12.768480830644965, C1=1.1891590940169317, C2=1.5184649488281707
worker_11 | gen evals   avg     std     min             max
worker_11 | 0   10      1533.95 1391.56 0.00367177      4000
worker_5  | fuzzy inputs 3 5.64490195272021
worker_5  | g=2, diversidad=5.64490195272021, C1=1.45, C2=1.4480745533770019
worker_5  | 2   10      2500.21 1714.36 0.0308829       5000
worker_1  | fuzzy inputs 1 12.361911364145215
worker_1  | g=0, diversidad=12.361911364145215, C1=1.191282162432769, C2=1.507175202287515
worker_1  | gen evals   avg     std     min             max
worker_1  | 0   10      1733.46 1931.04 0.0110909       5000
worker_13 | fuzzy inputs 8 10.319031898192984
worker_13 | g=7, diversidad=10.319031898192984, C1=1.766666666666667, C2=1.4880401949976467
worker_13 | 7   10      1900.49 1453.03 0.0600979       5000
worker_13 | defaultdict(<class 'deap.tools.support.Logbook'>, {})
worker_13 | poblacion enviada...  0.06009792502033325
worker_13 | poblacion recibida...  PSO PSO-1
worker_13 | primero diversidad 12.138234594397234
worker_12 | fuzzy inputs 3 5.966261296710351
worker_12 | g=2, diversidad=5.966261296710351, C1=1.4500000000000006, C2=1.4555315760652776
worker_12 | 2   10      2366.88 887.451 666.809         4000
worker_15 | fuzzy inputs 2 7.812601253425237
worker_15 | g=1, diversidad=7.812601253425237, C1=1.1936936936936937, C2=1.4879629629629632
worker_15 | 1   10      1133.85 1013.37 0.0090837       3333.34
worker_14 | fuzzy inputs 3 5.9711314085401535
worker_14 | g=2, diversidad=5.9711314085401535, C1=1.4500000000000002, C2=1.4557078634312066
worker_14 | 2   10      2166.89 1572.34 0.0966732       5000
worker_3  | fuzzy inputs 2 9.056004025174376
worker_3  | g=1, diversidad=9.056004025174376, C1=1.1936936936936937, C2=1.4879629629629632
worker_3  | 1   10      2305.99 1086.49 1333.68         5000
worker_16 | fuzzy inputs 3 5.769966741789418
worker_16 | g=2, diversidad=5.769966741789418, C1=1.4500000000000002, C2=1.4493035502737104
worker_16 | 2   10      2433.45 1556.67 0.00735878      5000
worker_7  | fuzzy inputs 2 10.070268615959538
worker_7  | g=1, diversidad=10.070268615959538, C1=1.1936936936936937, C2=1.4879629629629632
worker_7  | 1   10      2466.91 1733.42 0.0115851       5000
worker_6  | fuzzy inputs 8 7.282066286235966
worker_6  | g=7, diversidad=7.282066286235966, C1=1.7495677861825167, C2=1.4871873199204622
worker_6  | 7   10      3333.47 1125.23 1334.66 5000
worker_6  | defaultdict(<class 'deap.tools.support.Logbook'>, {})
worker_6  | poblacion enviada...  1.6635479999153986
worker_6  | poblacion recibida...  PSO PSO-9
worker_6  | primero diversidad 7.2403168875234245
worker_10 | fuzzy inputs 2 7.4998261294460065
worker_10 | g=1, diversidad=7.4998261294460065, C1=1.193696843578557, C2=1.4879623815775787
worker_10 | 1   10      2533.93 1661.41 0.264325        5000
worker_4  | fuzzy inputs 2 9.692870425433147
worker_4  | g=1, diversidad=9.692870425433147, C1=1.1936936936936937, C2=1.4879629629629632
worker_4  | 1   10      2200.12 1586.03 0.0103629       4000
worker_12 | fuzzy inputs 4 4.7088432177569635
worker_12 | g=3, diversidad=4.7088432177569635, C1=1.4832764525750457, C2=1.2094563974160666
worker_12 | 3   10      3367.01 1037.29 1666.83         5000
worker_8  | fuzzy inputs 3 7.403103147407384
worker_8  | g=2, diversidad=7.403103147407384, C1=1.4257383966244728, C2=1.4788617886178865
worker_8  | 2   10      2433.44 1299.96 0.102839        4000
worker_5  | fuzzy inputs 4 4.487886105261926
worker_5  | g=3, diversidad=4.487886105261926, C1=1.4845904771444656, C2=1.2069323402657692
worker_5  | 3   10      1366.75 1037.69 0.0204032       3333.67
worker_2  | fuzzy inputs 3 8.056617646199054
worker_2  | g=2, diversidad=8.056617646199054, C1=1.4257383966244728, C2=1.4788617886178865
worker_2  | 2   10      2400.52 1331.64 0.610056        4000
worker_14 | fuzzy inputs 4 5.4977045461291105
worker_14 | g=3, diversidad=5.4977045461291105, C1=1.4759565873396265, C2=1.367588104498635
worker_14 | 3   10      1867.3  1550.53 0.0383855       5000
worker_3  | fuzzy inputs 3 7.2591075252774155
worker_3  | g=2, diversidad=7.2591075252774155, C1=1.4257383966244728, C2=1.4788617886178865
worker_3  | 2   10      3500.15 1157.06 1666.67         5000
worker_7  | fuzzy inputs 3 6.519847548593597
worker_7  | g=2, diversidad=6.519847548593597, C1=1.4257383966244728, C2=1.4715307241098299
worker_7  | 2   10      3366.85 1320.29 666.736         5000
worker_15 | fuzzy inputs 3 7.215484948345569
worker_15 | g=2, diversidad=7.215484948345569, C1=1.4257383966244728, C2=1.4788617886178865
worker_15 | 2   10      3033.51 1523.41 0.0647458       5000
worker_16 | fuzzy inputs 4 5.395111494599606
worker_16 | g=3, diversidad=5.395111494599606, C1=1.4772515119858816, C2=1.3395205202564073
worker_16 | 3   10      3100.19 1183.63 1666.67         5000
worker_9  | fuzzy inputs 1 12.30089381988456
worker_9  | g=0, diversidad=12.30089381988456, C1=1.1902709873863084, C2=1.5056198626876416
worker_9  | gen evals   avg     std     min             max
worker_9  | 0   10      2166.69 1301.7  0.00367177      4000
worker_1  | fuzzy inputs 2 9.846486988611687
worker_1  | g=1, diversidad=9.846486988611687, C1=1.1936936936936937, C2=1.4879629629629632
worker_1  | 1   10      2033.81 1471.34 0.0438314       5000
worker_13 | fuzzy inputs 1 16.598835346454717
worker_13 | g=0, diversidad=16.598835346454717, C1=1.175268817204301, C2=1.7650793650793657
worker_13 | gen evals   avg     std     min             max
worker_13 | 0   10      1500.4  1484.75 0.0110909       4000
worker_11 | fuzzy inputs 2 8.776540118213942
worker_11 | g=1, diversidad=8.776540118213942, C1=1.1936936936936937, C2=1.4879629629629632
worker_11 | 1   10      2800.11 1087.25 1666.7          5000
worker_4  | fuzzy inputs 3 7.6554167008548575
worker_4  | g=2, diversidad=7.6554167008548575, C1=1.4257383966244728, C2=1.4788617886178865
worker_4  | 2   10      2066.74 1481.73 0.00865599      5000
worker_6  | fuzzy inputs 1 11.508025071862678
worker_6  | g=0, diversidad=11.508025071862678, C1=1.1786264275400646, C2=1.4944431360716375
worker_6  | gen evals   avg     std     min             max
worker_6  | 0   10      2233.6  1757.58 0.00367177      5000
worker_10 | fuzzy inputs 3 7.531040045531249
worker_10 | g=2, diversidad=7.531040045531249, C1=1.4257383966244728, C2=1.4788617886178865
worker_10 | 2   10      2566.81 1075.47 1333.38         5000
worker_3  | fuzzy inputs 4 6.405198409051754
worker_3  | g=3, diversidad=6.405198409051754, C1=1.480887505776473, C2=1.472655187303465
worker_3  | 3   10      2934.15 1380.27 666.851         5000
worker_16 | fuzzy inputs 5 4.756547565844308
worker_16 | g=4, diversidad=4.756547565844308, C1=1.4829627899655542, C2=1.210056721849783
worker_16 | 4   10      2933.36 1762.54 0.0767995       5000
worker_7  | fuzzy inputs 4 5.664555957466922
worker_7  | g=3, diversidad=5.664555957466922, C1=1.474509803921569, C2=1.4099418194408695
worker_7  | 3   10      1802.25 1514.14 0.0222356       5000
worker_15 | fuzzy inputs 4 5.9506637883310045
worker_15 | g=3, diversidad=5.9506637883310045, C1=1.4745098039215692, C2=1.454955851702654
worker_15 | 3   10      2533.6  1423.48 0.0407664       5000
worker_12 | fuzzy inputs 5 5.5775559917005575
worker_12 | g=4, diversidad=5.5775559917005575, C1=1.4748419495063207, C2=1.388319926491548
worker_12 | 4   10      2700.03 1508.82 0.0366051       5000
worker_11 | fuzzy inputs 3 5.714778909316825
worker_11 | g=2, diversidad=5.714778909316825, C1=1.45, C2=1.4487390576263852
worker_11 | 2   10      2833.46 1978.98 0.0115888       5000
worker_8  | fuzzy inputs 4 6.783637086976748
worker_8  | g=3, diversidad=6.783637086976748, C1=1.4845077192508032, C2=1.4820285879889605
worker_8  | 3   10      1666.84 1505.67 0.0522814       4000
worker_5  | fuzzy inputs 5 5.756992999602068
worker_5  | g=4, diversidad=5.756992999602068, C1=1.4745098039215692, C2=1.4321720579512385
worker_5  | 4   10      1511.38 1356.29 0.0160903       3333.42
worker_1  | fuzzy inputs 3 6.644084511684613
worker_1  | g=2, diversidad=6.644084511684613, C1=1.4257383966244728, C2=1.4734043636819978
worker_1  | 2   10      2366.78 1425.48 0.136141        4000
worker_14 | fuzzy inputs 5 6.425196602705641
worker_14 | g=4, diversidad=6.425196602705641, C1=1.4811206375136867, C2=1.473251477211546
worker_14 | 4   10      2033.37 1594.76 0.0379257       5000
worker_9  | fuzzy inputs 2 8.976738869169305
worker_9  | g=1, diversidad=8.976738869169305, C1=1.1936936936936937, C2=1.4879629629629632
worker_9  | 1   10      1566.81 1256.49 0.0289751       4000
worker_2  | fuzzy inputs 4 6.829311030073489
worker_2  | g=3, diversidad=6.829311030073489, C1=1.4848539683585738, C2=1.4829380146646958
worker_2  | 3   10      1500.19 1204.04 0.11699         3333.4
worker_4  | fuzzy inputs 4 6.170727847964117
worker_4  | g=3, diversidad=6.170727847964117, C1=1.4776519293413266, C2=1.4644810999307125
worker_4  | 3   10      2033.44 1779.17 0.00874896      5000
worker_6  | fuzzy inputs 2 9.399123183842882
worker_6  | g=1, diversidad=9.399123183842882, C1=1.1936936936936937, C2=1.4879629629629632
worker_6  | 1   10      2766.97 1653.35 666.829         5000
worker_13 | fuzzy inputs 2 12.44752387130773
worker_13 | g=1, diversidad=12.44752387130773, C1=1.1936936936936937, C2=1.5095439540662232
worker_13 | 1   10      1400.32 1435.89 0.130066        5000
worker_11 | fuzzy inputs 4 6.3172151041745925
worker_11 | g=3, diversidad=6.3172151041745925, C1=1.4797895106686931, C2=1.4698601445661172
worker_11 | 3   10      3200.4  1335.03 0.0332252       5000
worker_3  | fuzzy inputs 5 7.958752842579712
worker_3  | g=4, diversidad=7.958752842579712, C1=1.4893234855597193, C2=1.4893234855597193
worker_3  | 4   10      3100.1  1238.54 667.596         5000
worker_1  | fuzzy inputs 4 5.790754626796098
worker_1  | g=3, diversidad=5.790754626796098, C1=1.4745098039215687, C2=1.4401144653598823
worker_1  | 3   10      1900.07 1745.13 0.0272268       5000
worker_7  | fuzzy inputs 5 7.561723878379171
worker_7  | g=4, diversidad=7.561723878379171, C1=1.4881658653758147, C2=1.4881658653758147
worker_7  | 4   10      1700.07 1622.39 0.0558386       5000
worker_16 | fuzzy inputs 6 5.328281657821313
worker_16 | g=5, diversidad=5.328281657821313, C1=1.4780225540299787, C2=1.320306398542462
worker_16 | 5   10      2566.84 1308.33 0.0114328       4000
worker_15 | fuzzy inputs 5 6.077582377951872
worker_15 | g=4, diversidad=6.077582377951872, C1=1.4760406026448338, C2=1.460479863205723
worker_15 | 4   10      1533.47 1292.72 0.0203424       3333.48
worker_5  | fuzzy inputs 6 5.2059431071782605
worker_5  | g=5, diversidad=5.2059431071782605, C1=1.479306515748509, C2=1.2830576489891548
worker_5  | 5   10      2266.85 1280.53 0.746385        5000
worker_9  | fuzzy inputs 3 7.164227991024271
worker_9  | g=2, diversidad=7.164227991024271, C1=1.4257383966244728, C2=1.4788617886178865
worker_9  | 2   10      2633.39 1486.58 0.0397958       5000
worker_10 | fuzzy inputs 4 6.294290325927826
worker_10 | g=3, diversidad=6.294290325927826, C1=1.4794823859538435, C2=1.4690822478190557
worker_10 | 3   10      1933.52 1458.9  0.326149        5000
worker_12 | fuzzy inputs 6 6.358138429325171
worker_12 | g=5, diversidad=6.358138429325171, C1=1.4803155013371252, C2=1.4711963614910413
worker_12 | 5   10      2900.05 1390.78 667.002         5000
worker_8  | fuzzy inputs 5 6.162522057339924
worker_8  | g=4, diversidad=6.162522057339924, C1=1.4775187345755363, C2=1.4641486207941767
worker_8  | 4   10      1833.44 1701.23 0.121413        5000
worker_4  | fuzzy inputs 5 5.301494930330673
worker_4  | g=4, diversidad=5.301494930330673, C1=1.478317126140439, C2=1.3123866169906386
worker_4  | 4   10      1966.74 1822.36 0.0189335       5000
worker_14 | fuzzy inputs 6 6.565810445799221
worker_14 | g=5, diversidad=6.565810445799221, C1=1.4826119612825277, C2=1.4770896060307124
worker_14 | 5   10      1333.52 869.218 0.0164406       3000
worker_3  | fuzzy inputs 6 8.58571233300263
worker_3  | g=5, diversidad=8.58571233300263, C1=1.4894308943089432, C2=1.4894308943089432
worker_3  | 5   10      3800.02 1359.71 1333.39         5000
worker_2  | fuzzy inputs 5 8.866699948770002
worker_2  | g=4, diversidad=8.866699948770002, C1=1.490620531161848, C2=1.490620531161848
worker_2  | 4   10      2233.74 1333.67 0.0236357       4000
worker_6  | fuzzy inputs 3 6.696171098512441
worker_6  | g=2, diversidad=6.696171098512441, C1=1.4257383966244728, C2=1.4741946661627678
worker_6  | 2   10      2466.79 1318.18 0.0403071       4000
worker_11 | fuzzy inputs 5 7.992119410153295
worker_11 | g=4, diversidad=7.992119410153295, C1=1.4894105403606221, C2=1.4894105403606221
worker_11 | 4   10      2600.54 1603.68 1.46193         5000
worker_13 | fuzzy inputs 3 7.948214435975071
worker_13 | g=2, diversidad=7.948214435975071, C1=1.4257383966244728, C2=1.4788617886178865
worker_13 | 2   10      1100.63 1165.04 0.122513        3333.39
worker_7  | fuzzy inputs 6 7.307195393504764
worker_7  | g=5, diversidad=7.307195393504764, C1=1.4872818173516142, C2=1.4872818173516142
worker_7  | 5   10      2100.39 1460.7  0.403559        5000
worker_5  | fuzzy inputs 7 4.731665855357732
worker_5  | g=6, diversidad=4.731665855357732, C1=1.5206120194514965, C2=1.2097409255236544
worker_5  | 6   10      1967.05 1471.55 0.0134839       4000
worker_1  | fuzzy inputs 5 6.874437395948226
worker_1  | g=4, diversidad=6.874437395948226, C1=1.4851811947688396, C2=1.4837995842541472
worker_1  | 4   10      2066.86 1280.53 0.150243        4000
worker_16 | fuzzy inputs 7 5.495352574872101
worker_16 | g=6, diversidad=5.495352574872101, C1=1.4809380422269898, C2=1.366963101431342
worker_16 | 6   10      2494.93 1816.52 0.0195782       5000
worker_9  | fuzzy inputs 4 5.709893189895358
worker_9  | g=3, diversidad=5.709893189895358, C1=1.4745098039215694, C2=1.4209349352873533
worker_9  | 3   10      2600.05 1691.79 0.0305067       5000
worker_15 | fuzzy inputs 6 7.78003343833193
worker_15 | g=5, diversidad=7.78003343833193, C1=1.4888317113700027, C2=1.4888317113700027
worker_15 | 5   10      1567.15 1527.62 0.217306        5000
worker_12 | fuzzy inputs 7 6.27773863438151
worker_12 | g=6, diversidad=6.27773863438151, C1=1.497076616637406, C2=1.4685068442795972
worker_12 | 6   10      3100.06 1430.16 0.291704        5000
worker_8  | fuzzy inputs 6 6.319484897512852
worker_8  | g=5, diversidad=6.319484897512852, C1=1.4798194197266015, C2=1.4699359904520692
worker_8  | 5   10      2733.4  1540.52 0.0345814       5000
worker_4  | fuzzy inputs 6 6.2733704143641615
worker_4  | g=5, diversidad=6.2733704143641615, C1=1.4791938604921613, C2=1.4683530101010318
worker_4  | 5   10      2000.33 1725.54 0.482765        5000
worker_3  | fuzzy inputs 7 7.98454907112213
worker_3  | g=6, diversidad=7.98454907112213, C1=1.5602836879432629, C2=1.4879629629629632
worker_3  | 6   10      3533.62 1137.07 1333.96         5000
worker_10 | fuzzy inputs 5 6.464753408365094
worker_10 | g=4, diversidad=6.464753408365094, C1=1.4815654200460113, C2=1.4743918842498658
