worker_3  | poblacion recibida...  PSO PSO-0
worker_1  | poblacion recibida...  PSO PSO-1
worker_7  | poblacion recibida...  PSO PSO-2
worker_15 | poblacion recibida...  PSO PSO-3
worker_2  | poblacion recibida...  PSO PSO-4
worker_13 | poblacion recibida...  PSO PSO-5
worker_9  | poblacion recibida...  PSO PSO-6
worker_5  | poblacion recibida...  PSO PSO-7
worker_16 | poblacion recibida...  PSO PSO-8
worker_4  | poblacion recibida...  PSO PSO-9
worker_12 | poblacion recibida...  PSO PSO-10
worker_8  | poblacion recibida...  PSO PSO-11
worker_11 | poblacion recibida...  PSO PSO-12
worker_10 | poblacion recibida...  PSO PSO-13
worker_14 | poblacion recibida...  PSO PSO-14
worker_6  | poblacion recibida...  PSO PSO-15
worker_2  | primero diversidad 13.525412061109359
worker_12 | primero diversidad 14.503147878215573
worker_15 | primero diversidad 15.49558580449079
worker_16 | primero diversidad 14.590426087724243
worker_13 | primero diversidad 15.42247564659122
worker_11 | primero diversidad 13.624832603618705
worker_14 | primero diversidad 12.348966307675907
worker_4  | primero diversidad 14.57748045549986
worker_10 | primero diversidad 12.74575704924178
worker_8  | primero diversidad 13.758081501224837
worker_6  | primero diversidad 13.808287453474202
worker_5  | primero diversidad 14.611597675997956
worker_9  | primero diversidad 12.181922459222191
worker_1  | primero diversidad 14.486101244210277
worker_3  | primero diversidad 11.852209037020504
worker_7  | primero diversidad 15.390985436573278
worker_1  | fuzzy inputs 1 14.060931134875794
worker_1  | g=0, diversidad=14.060931134875794, C1=1.175268817204301, C2=1.5913603561785539
worker_1  | gen evals   avg     std     min     max
worker_1  | 0   10      4066.76 1190.58 2000    5000
worker_15 | fuzzy inputs 1 15.49558580449079
worker_15 | g=0, diversidad=15.49558580449079, C1=1.175268817204301, C2=1.7650793650793657
worker_15 | gen evals   avg     std     min     max
worker_15 | 0   10      2934.3  1798.56 8.2077  5000
worker_13 | fuzzy inputs 1 13.690957684655176
worker_13 | g=0, diversidad=13.690957684655176, C1=1.1760172411235483, C2=1.5640799288286322
worker_13 | gen evals   avg     std     min     max
worker_13 | 0   10      3100.2  1350.22 667.164 5000
worker_10 | fuzzy inputs 1 13.741107232446145
worker_10 | g=0, diversidad=13.741107232446145, C1=1.1753808121846276, C2=1.567520091564399
worker_10 | gen evals   avg     std     min     max
worker_10 | 0   10      3169.62 1633.15 667.018 5000
worker_3  | fuzzy inputs 1 13.851993179390686
worker_3  | g=0, diversidad=13.851993179390686, C1=1.175268817204301, C2=1.574439518992359
worker_3  | gen evals   avg     std     min     max
worker_3  | 0   10      3333.47 1211.04 1333.39 5000
worker_9  | fuzzy inputs 1 13.178849980387808
worker_9  | g=0, diversidad=13.178849980387808, C1=1.183025214013343, C2=1.5342742229560427
worker_9  | gen evals   avg     std     min     max
worker_9  | 0   10      3366.77 1486.42 667.72  5000
worker_8  | fuzzy inputs 1 14.433021776969115
worker_8  | g=0, diversidad=14.433021776969115, C1=1.175268817204301, C2=1.6419735981085364
worker_8  | gen evals   avg     std     min     max
worker_8  | 0   10      3067.41 1364.09 1667.35 5000
worker_5  | fuzzy inputs 1 14.611597675997956
worker_5  | g=0, diversidad=14.611597675997956, C1=1.175268817204301, C2=1.673076873265043
worker_5  | gen evals   avg     std     min             max
worker_5  | 0   10      1744.97 1215.07 0.0295562       4000
worker_7  | fuzzy inputs 1 14.399350120096198
worker_7  | g=0, diversidad=14.399350120096198, C1=1.175268817204301, C2=1.6366810104723237
worker_7  | gen evals   avg     std     min     max
worker_7  | 0   10      2900.47 1011.22 1666.77 4000
worker_4  | fuzzy inputs 1 13.784451340578222
worker_4  | g=0, diversidad=13.784451340578222, C1=1.175268817204301, C2=1.5702174224399386
worker_4  | gen evals   avg     std     min     max
worker_4  | 0   10      3300.14 1099.88 2000    5000
worker_12 | fuzzy inputs 1 13.98775342326672
worker_12 | g=0, diversidad=13.98775342326672, C1=1.175268817204301, C2=1.5835928605613416
worker_2  | fuzzy inputs 1 15.705256462310679
worker_12 | gen evals   avg     std     min             max
worker_12 | 0   10      2900.44 1699.6  0.992331        5000
worker_2  | g=0, diversidad=15.705256462310679, C1=1.175268817204301, C2=1.7650793650793657
worker_2  | gen evals   avg     std     min     max
worker_2  | 0   10      3233.44 746.1   1333.39 4000
worker_16 | fuzzy inputs 1 12.526337662772832
worker_16 | g=0, diversidad=12.526337662772832, C1=1.1932199483184047, C2=1.511539059489609
worker_16 | gen evals   avg     std     min     max
worker_16 | 0   10      2233.86 1453.29 666.686 5000
worker_14 | fuzzy inputs 1 16.080722075702536
worker_14 | g=0, diversidad=16.080722075702536, C1=1.175268817204301, C2=1.7650793650793657
worker_14 | gen evals   avg     std     min             max
worker_14 | 0   10      2801.02 1446.9  0.0717986       5000
worker_11 | fuzzy inputs 1 15.340732273410048
worker_11 | g=0, diversidad=15.340732273410048, C1=1.175268817204301, C2=1.7650793650793657
worker_11 | gen evals   avg     std     min     max
worker_11 | 0   10      2900.26 1011.36 1334.4  5000
worker_6  | fuzzy inputs 1 14.899970392044835
worker_6  | g=0, diversidad=14.899970392044835, C1=1.175268817204301, C2=1.7373057028491687
worker_6  | gen evals   avg     std     min             max
worker_6  | 0   10      2108.01 1282.81 0.159589        4000
worker_15 | fuzzy inputs 2 12.178888986122221
worker_15 | g=1, diversidad=12.178888986122221, C1=1.1936936936936937, C2=1.5028308148235257
worker_15 | 1   10      3333.46 1879.51 0.028233        5000
worker_13 | fuzzy inputs 2 10.418364492025344
worker_13 | g=1, diversidad=10.418364492025344, C1=1.1936936936936937, C2=1.4879629629629632
worker_13 | 1   10      3300.23 1048.26 1333.46 5000
worker_10 | fuzzy inputs 2 12.477672656815601
worker_10 | g=1, diversidad=12.477672656815601, C1=1.1936936936936937, C2=1.5102797955799072
worker_10 | 1   10      2900.25 1366.57 666.811 5000
worker_1  | fuzzy inputs 2 12.211035132165147
worker_1  | g=1, diversidad=12.211035132165147, C1=1.1936936936936937, C2=1.503649285905217
worker_1  | 1   10      2167.26 1213.18 666.722 4000
worker_7  | fuzzy inputs 2 10.586197291663723
worker_7  | g=1, diversidad=10.586197291663723, C1=1.1936936936936937, C2=1.4879629629629632
worker_7  | 1   10      3433.56 1556.58 0.178108        5000
worker_2  | fuzzy inputs 2 11.900091533258951
worker_2  | g=1, diversidad=11.900091533258951, C1=1.1936936936936937, C2=1.4972005551518681
worker_2  | 1   10      3902    648.925 3000    5000
worker_16 | fuzzy inputs 2 11.769652539933123
worker_16 | g=1, diversidad=11.769652539933123, C1=1.1936936936936937, C2=1.4958898876767903
worker_16 | 1   10      2866.82 1606.86 0.0139987       5000
worker_3  | fuzzy inputs 2 10.608445027352726
worker_3  | g=1, diversidad=10.608445027352726, C1=1.1936936936936937, C2=1.4879629629629632
worker_3  | 1   10      2866.88 1230.91 1333.86 5000
worker_5  | fuzzy inputs 2 10.994318189954075
worker_5  | g=1, diversidad=10.994318189954075, C1=1.1936936936936937, C2=1.4879629629629632
worker_5  | 1   10      2366.81 1433.2  0.548243        5000
worker_8  | fuzzy inputs 2 11.584415496460007
worker_8  | g=1, diversidad=11.584415496460007, C1=1.1936936936936937, C2=1.494012541998404
worker_8  | 1   10      2700.22 1377.85 667.232 5000
worker_9  | fuzzy inputs 2 9.764204207533425
worker_9  | g=1, diversidad=9.764204207533425, C1=1.1936936936936937, C2=1.4879629629629632
worker_9  | 1   10      3133.36 1446.8  0.16085 5000
worker_14 | fuzzy inputs 2 10.339893326701858
worker_14 | g=1, diversidad=10.339893326701858, C1=1.1936936936936937, C2=1.4879629629629632
worker_14 | 1   10      2533.37 1845.08 0.0183056       5000
worker_11 | fuzzy inputs 2 12.244220609580626
worker_11 | g=1, diversidad=12.244220609580626, C1=1.1936936936936937, C2=1.5044898305000818
worker_11 | 1   10      2567.31 1570.48 0.0344041       5000
worker_4  | fuzzy inputs 2 10.083253254463102
worker_4  | g=1, diversidad=10.083253254463102, C1=1.1936936936936937, C2=1.4879629629629632
worker_4  | 1   10      3366.78 1385.88 1333.65 5000
worker_6  | fuzzy inputs 2 11.317415003585236
worker_6  | g=1, diversidad=11.317415003585236, C1=1.1936936936936937, C2=1.4912728416384413
worker_6  | 1   10      2767.01 843.756 1667.17         4000
worker_12 | fuzzy inputs 2 9.86498328144831
worker_12 | g=1, diversidad=9.86498328144831, C1=1.1936936936936937, C2=1.4879629629629632
worker_12 | 1   10      2633.75 912.067 1334.63         4000
worker_15 | fuzzy inputs 3 8.738235474983792
worker_15 | g=2, diversidad=8.738235474983792, C1=1.4257383966244728, C2=1.4788617886178865
worker_15 | 2   10      2833.41 1447.16 1333.51         5000
worker_10 | fuzzy inputs 3 11.515077228400006
worker_10 | g=2, diversidad=11.515077228400006, C1=1.4257383966244728, C2=1.4835341365461852
worker_10 | 2   10      2600.21 1872.4  0.116153        5000
worker_13 | fuzzy inputs 3 9.687252303791105
worker_13 | g=2, diversidad=9.687252303791105, C1=1.4257383966244728, C2=1.4788617886178865
worker_13 | 2   10      2966.82 1696.02 0.0190658       5000
worker_7  | fuzzy inputs 3 8.203561458192645
worker_7  | g=2, diversidad=8.203561458192645, C1=1.4257383966244728, C2=1.4788617886178865
worker_7  | 2   10      3000.46 1366.17 0.191683        5000
worker_3  | fuzzy inputs 3 9.40751756088457
worker_3  | g=2, diversidad=9.40751756088457, C1=1.4257383966244728, C2=1.4788617886178865
worker_3  | 2   10      3066.93 1420.11 668.748 5000
worker_1  | fuzzy inputs 3 9.94987570274991
worker_1  | g=2, diversidad=9.94987570274991, C1=1.4257383966244728, C2=1.4788617886178865
worker_1  | 2   10      3233.44 1135.7  2000    5000
worker_2  | fuzzy inputs 3 8.43723629056344
worker_2  | g=2, diversidad=8.43723629056344, C1=1.4257383966244728, C2=1.4788617886178865
worker_2  | 2   10      2766.82 1183.51 667.17  5000
worker_5  | fuzzy inputs 3 7.0692673781061846
worker_5  | g=2, diversidad=7.0692673781061846, C1=1.4257383966244728, C2=1.4788617886178865
worker_5  | 2   10      2000.37 869.436 0.0442909       3334.7
worker_16 | fuzzy inputs 3 8.721281419201969
worker_16 | g=2, diversidad=8.721281419201969, C1=1.4257383966244728, C2=1.4788617886178865
worker_16 | 2   10      1666.73 1125.46 0.0177901       3333.42
worker_11 | fuzzy inputs 3 9.69168274056851
worker_11 | g=2, diversidad=9.69168274056851, C1=1.4257383966244728, C2=1.4788617886178865
worker_11 | 2   10      3300.13 1580.57 0.783369        5000
worker_8  | fuzzy inputs 3 8.661511478850544
worker_8  | g=2, diversidad=8.661511478850544, C1=1.4257383966244728, C2=1.4788617886178865
worker_8  | 2   10      3133.4  1248.96 1333.37 5000
worker_14 | fuzzy inputs 3 8.874408037382699
worker_14 | g=2, diversidad=8.874408037382699, C1=1.4257383966244728, C2=1.4788617886178865
worker_14 | 2   10      1900.53 1116.03 0.0760433       3334.27
worker_4  | fuzzy inputs 3 10.171311508324747
worker_4  | g=2, diversidad=10.171311508324747, C1=1.4257383966244728, C2=1.4788617886178865
worker_4  | 2   10      3300.45 1628.87 667.082 5000
worker_9  | fuzzy inputs 3 8.266283272318875
worker_9  | g=2, diversidad=8.266283272318875, C1=1.4257383966244728, C2=1.4788617886178865
worker_9  | 2   10      2966.75 1493.96 666.825 5000
worker_15 | fuzzy inputs 4 7.066279504193986
worker_15 | g=3, diversidad=7.066279504193986, C1=1.4863141162124396, C2=1.4863141162124396
worker_15 | 3   10      1800.31 1845.02 0.0280499       5000
worker_6  | fuzzy inputs 3 7.61407430214241
worker_6  | g=2, diversidad=7.61407430214241, C1=1.4257383966244728, C2=1.4788617886178865
worker_6  | 2   10      2833.53 957.341 1333.82         5000
worker_7  | fuzzy inputs 4 8.994956399328562
worker_7  | g=3, diversidad=8.994956399328562, C1=1.4894308943089432, C2=1.4894308943089432
worker_7  | 3   10      2700.26 1946    0.0153365       5000
worker_12 | fuzzy inputs 3 6.567887990337191
worker_12 | g=2, diversidad=6.567887990337191, C1=1.4257383966244728, C2=1.4722533355091274
worker_12 | 2   10      3000.14 1010.89 1667.67         5000
worker_13 | fuzzy inputs 4 7.931304877709795
worker_13 | g=3, diversidad=7.931304877709795, C1=1.4892507923246057, C2=1.4892507923246057
worker_13 | 3   10      3466.79 1301.23 666.794         5000
worker_5  | fuzzy inputs 4 8.71530705078617
worker_5  | g=3, diversidad=8.71530705078617, C1=1.4894308943089432, C2=1.4894308943089432
worker_5  | 3   10      1933.43 1907.83 0.0157821       5000
worker_3  | fuzzy inputs 4 10.085104456135861
worker_3  | g=3, diversidad=10.085104456135861, C1=1.4894308943089432, C2=1.4894308943089432
worker_3  | 3   10      1767.35 1591.49 0.352876        5000
worker_2  | fuzzy inputs 4 6.878218322115567
worker_2  | g=3, diversidad=6.878218322115567, C1=1.4852079707307937, C2=1.4838701747476049
worker_2  | 3   10      2805.57 1370.19 667.319 5000
worker_1  | fuzzy inputs 4 7.862475794436837
worker_1  | g=3, diversidad=7.862475794436837, C1=1.4890640762035265, C2=1.4890640762035265
worker_1  | 3   10      3266.79 1372.53 0.817695        5000
worker_11 | fuzzy inputs 4 7.681041066523626
worker_11 | g=3, diversidad=7.681041066523626, C1=1.4885393116417076, C2=1.4885393116417076
worker_11 | 3   10      2566.75 1686.85 0.0379842       5000
worker_10 | fuzzy inputs 4 7.946117989053801
worker_10 | g=3, diversidad=7.946117989053801, C1=1.4892901459002026, C2=1.4892901459002026
worker_10 | 3   10      1800.35 896.65  667.251         3333.62
worker_16 | fuzzy inputs 4 6.99007702192326
worker_16 | g=3, diversidad=6.99007702192326, C1=1.4859585809340927, C2=1.4858546506911705
worker_16 | 3   10      2033.37 1797.83 0.0139684       5000
worker_9  | fuzzy inputs 4 8.296791728329367
worker_9  | g=3, diversidad=8.296791728329367, C1=1.4894308943089432, C2=1.4894308943089432
worker_9  | 3   10      1833.69 1668.51 0.0261489       4000
worker_8  | fuzzy inputs 4 7.0514631662946625
worker_8  | g=3, diversidad=7.0514631662946625, C1=1.4862497731857411, C2=1.4862497731857411
worker_8  | 3   10      3700.03 1037.61 2000    5000
worker_14 | fuzzy inputs 4 6.769125319044851
worker_14 | g=3, diversidad=6.769125319044851, C1=1.4843943688765286, C2=1.4817313685902669
worker_14 | 3   10      2933.81 1152.72 667.102         5000
worker_4  | fuzzy inputs 4 8.201256618065736
worker_4  | g=3, diversidad=8.201256618065736, C1=1.4894308943089432, C2=1.4894308943089432
worker_4  | 3   10      3400.11 1314.73 667.087 5000
worker_13 | fuzzy inputs 5 7.660932785183289
worker_13 | g=4, diversidad=7.660932785183289, C1=1.4884780356873035, C2=1.4884780356873035
worker_13 | 4   10      3066.89 1404.62 1666.69         5000
worker_7  | fuzzy inputs 5 8.620649360624613
worker_7  | g=4, diversidad=8.620649360624613, C1=1.4903109216659756, C2=1.4903109216659756
worker_7  | 4   10      2466.88 1175.66 0.0736304       4000
worker_1  | fuzzy inputs 5 7.475434488571306
worker_1  | g=4, diversidad=7.475434488571306, C1=1.4878802608544934, C2=1.4878802608544934
worker_1  | 4   10      3034.24 1369.49 667.634         5000
worker_11 | fuzzy inputs 5 9.183247014369647
worker_11 | g=4, diversidad=9.183247014369647, C1=1.4908514796752657, C2=1.4908514796752657
worker_11 | 4   10      3066.98 1481.66 0.0146134       5000
worker_6  | fuzzy inputs 4 6.3669440121083145
worker_6  | g=3, diversidad=6.3669440121083145, C1=1.4804251207552446, C2=1.4714754697347125
worker_6  | 3   10      2533.53 1166.14 666.724         5000
worker_15 | fuzzy inputs 5 9.32644931869761
worker_15 | g=4, diversidad=9.32644931869761, C1=1.4909064643342962, C2=1.4909064643342962
worker_15 | 4   10      1266.99 1199.81 0.0196493       3333.66
worker_5  | fuzzy inputs 5 8.067211542440056
worker_5  | g=4, diversidad=8.067211542440056, C1=1.489533837758844, C2=1.489533837758844
worker_5  | 4   10      2070.58 1310.12 0.0945712       4000
worker_12 | fuzzy inputs 4 6.344744896232195
worker_12 | g=3, diversidad=6.344744896232195, C1=1.4801463930576073, C2=1.4707662141131963
worker_12 | 3   10      2400.46 1762.21 667.304         5000
worker_3  | fuzzy inputs 5 7.996745341546801
worker_3  | g=4, diversidad=7.996745341546801, C1=1.4894224976852062, C2=1.4894224976852062
worker_3  | 4   10      1000.46 1282.42 0.0368698       3334.73
worker_13 | fuzzy inputs 6 8.686795738759747
worker_13 | g=5, diversidad=8.686795738759747, C1=1.4894308943089432, C2=1.4894308943089432
worker_13 | 5   10      3233.56 1520.57 0.0144766       5000
worker_16 | fuzzy inputs 5 6.572618597978722
worker_16 | g=4, diversidad=6.572618597978722, C1=1.4826782101649552, C2=1.4772610643436077
worker_16 | 4   10      1766.83 1483.53 0.0136638       4000
worker_10 | fuzzy inputs 5 6.797400924824204
worker_10 | g=4, diversidad=6.797400924824204, C1=1.4846137164950923, C2=1.4823067479066183
worker_10 | 4   10      1866.76 1407.88 0.0396459       4000
worker_2  | fuzzy inputs 5 7.530147214152448
worker_2  | g=4, diversidad=7.530147214152448, C1=1.4880629267142682, C2=1.4880629267142682
worker_2  | 4   10      1400.31 1218.26 0.286702        4000
worker_8  | fuzzy inputs 5 7.611791470426084
worker_8  | g=4, diversidad=7.611791470426084, C1=1.4883254935848111, C2=1.4883254935848111
worker_8  | 4   10      2500.35 1454.7  0.0920237       5000
worker_9  | fuzzy inputs 5 9.301649832320164
worker_9  | g=4, diversidad=9.301649832320164, C1=1.4908969895703423, C2=1.4908969895703423
worker_9  | 4   10      2833.43 1593.36 0.0245044       5000
worker_14 | fuzzy inputs 5 6.382598006471148
worker_14 | g=4, diversidad=6.382598006471148, C1=1.4806170101491734, C2=1.4719645775231447
worker_14 | 4   10      3000.13 1398.35 0.10552         5000
worker_7  | fuzzy inputs 6 7.281158502528902
worker_7  | g=5, diversidad=7.281158502528902, C1=1.487183879933188, C2=1.487183879933188
worker_7  | 5   10      2800.55 871.955 1666.67         4000
worker_11 | fuzzy inputs 6 9.294079070641526
worker_11 | g=5, diversidad=9.294079070641526, C1=1.4894308943089432, C2=1.4894308943089432
worker_11 | 5   10      2922.31 747.059 1666.71         4000
worker_4  | fuzzy inputs 5 9.83042602972973
worker_4  | g=4, diversidad=9.83042602972973, C1=1.4910948264365815, C2=1.4910948264365815
worker_4  | 4   10      2833.58 1627.63 667.031 5000
worker_1  | fuzzy inputs 6 7.756672235975787
worker_1  | g=5, diversidad=7.756672235975787, C1=1.4887640611693391, C2=1.4887640611693391
worker_1  | 5   10      3233.39 1229.68 1333.58         5000
worker_13 | fuzzy inputs 7 8.299659229981518
worker_13 | g=6, diversidad=8.299659229981518, C1=1.5602836879432629, C2=1.4879629629629632
worker_13 | 6   10      3067.12 1190.55 1666.67         5000
worker_6  | fuzzy inputs 5 8.060571423062767
worker_6  | g=4, diversidad=8.060571423062767, C1=1.4895237568875295, C2=1.4895237568875295
worker_6  | 4   10      2733.38 1547.71 0.190004        5000
worker_5  | fuzzy inputs 6 6.759876464654254
worker_5  | g=5, diversidad=6.759876464654254, C1=1.484321257248986, C2=1.4815397900765563
worker_5  | 5   10      2400.09 1466.65 666.761         5000
worker_15 | fuzzy inputs 6 8.537557827343266
worker_15 | g=5, diversidad=8.537557827343266, C1=1.4894308943089432, C2=1.4894308943089432
worker_15 | 5   10      1400.23 975.183 0.0434804       3000
worker_8  | fuzzy inputs 6 9.780700134334973
worker_8  | g=5, diversidad=9.780700134334973, C1=1.4894308943089432, C2=1.4894308943089432
worker_8  | 5   10      3633.69 912.045 1667.21         5000
worker_3  | fuzzy inputs 6 7.099552480729336
worker_3  | g=5, diversidad=7.099552480729336, C1=1.486456439269452, C2=1.486456439269452
worker_3  | 5   10      1933.47 1162.32 0.224439        4000
worker_2  | fuzzy inputs 6 8.298299201987398
worker_2  | g=5, diversidad=8.298299201987398, C1=1.4894308943089432, C2=1.4894308943089432
worker_2  | 5   10      1967.2  1336.93 0.485407        5000
worker_16 | fuzzy inputs 6 6.927223868789405
worker_16 | g=5, diversidad=6.927223868789405, C1=1.485546466288545, C2=1.484763751228312
worker_16 | 5   10      1233.56 1202.42 0.00967395      3333.47
worker_9  | fuzzy inputs 6 8.022229389130992
worker_9  | g=5, diversidad=8.022229389130992, C1=1.4894308943089432, C2=1.4894308943089432
worker_9  | 5   10      2500.13 1771.62 0.0406895       5000
worker_12 | fuzzy inputs 5 10.057857985626136
worker_12 | g=4, diversidad=10.057857985626136, C1=1.491135528688965, C2=1.491135528688965
worker_12 | 4   10      2766.79 1437.83 0.382477        5000
worker_10 | fuzzy inputs 6 7.280745920496209
worker_10 | g=5, diversidad=7.280745920496209, C1=1.4871823158698145, C2=1.4871823158698145
worker_10 | 5   10      2167.04 1921.8  0.291579        5000
worker_11 | fuzzy inputs 7 8.480172547750264
worker_11 | g=6, diversidad=8.480172547750264, C1=1.5602836879432629, C2=1.4879629629629632
worker_11 | 6   10      2933.55 1658.68 0.033577        5000
worker_14 | fuzzy inputs 6 7.737214100539212
worker_14 | g=5, diversidad=7.737214100539212, C1=1.4887070848282242, C2=1.4887070848282242
worker_14 | 5   10      3266.73 1227.39 1333.57         5000
worker_7  | fuzzy inputs 7 7.443708924850216
worker_7  | g=6, diversidad=7.443708924850216, C1=1.558387748429471, C2=1.4877717571470221
worker_7  | 6   10      2200.19 1862.97 0.0469515       5000
worker_13 | fuzzy inputs 8 8.332837299137047
worker_13 | Traceback (most recent call last):
worker_13 |   File "worker.py", line 38, in <module>
worker_13 |     pob_evolucionada = main(mensaje_python)
worker_13 |   File "/Worker/algorithms/PSO.py", line 98, in main
worker_13 |     phi1, phi2 = fis_opt_Ajuste(g+1, diver, False)
worker_13 |   File "/Worker/lib/fisAjusteC1_C2.py", line 138, in fis_opt_Ajuste
worker_13 |     resultC1 = fuzz.defuzz(x_C1, aggregatedC1, 'centroid')
worker_13 |   File "/usr/local/lib/python3.7/site-packages/skfuzzy/defuzzify/defuzz.py", line 248, in defuzz
worker_13 |     assert not zero_truth_degree, 'Total area is zero in defuzzification!'
worker_13 | AssertionError: Total area is zero in defuzzification!
fuzzy-control_worker_13 exited with code 1
worker_4  | fuzzy inputs 6 9.66290098627155
worker_4  | g=5, diversidad=9.66290098627155, C1=1.4894308943089432, C2=1.4894308943089432
worker_4  | 5   10      3000.15 1679.73 0.6247  5000
worker_6  | fuzzy inputs 6 8.150037152991583
worker_6  | g=5, diversidad=8.150037152991583, C1=1.4894308943089432, C2=1.4894308943089432
worker_6  | 5   10      1990.22 983.15  0.207776        3562.55
worker_15 | fuzzy inputs 7 7.2286241425247875
worker_15 | g=6, diversidad=7.2286241425247875, C1=1.5508835035898478, C2=1.4869816081726595
worker_15 | 6   10      1666.87 1556.33 0.0228377       4000
worker_8  | fuzzy inputs 7 9.26076733755641
worker_8  | g=6, diversidad=9.26076733755641, C1=1.5602836879432629, C2=1.4879629629629632
worker_8  | 6   10      3566.82 1095.91 2000            5000
worker_5  | fuzzy inputs 7 7.327534703448287
worker_5  | g=6, diversidad=7.327534703448287, C1=1.5543867965236682, C2=1.4873572882311774
worker_5  | 6   10      1500.08 1118.02 0.026531        3333.34
worker_3  | fuzzy inputs 7 6.535344931042004
worker_3  | g=6, diversidad=6.535344931042004, C1=1.5151602842606104, C2=1.4763070503991687
worker_3  | 6   10      1733.46 1610.99 0.0244985       5000
worker_1  | fuzzy inputs 7 7.789715845479841
worker_1  | g=6, diversidad=7.789715845479841, C1=1.5602836879432629, C2=1.4879629629629632
worker_1  | 6   10      2500.67 1351.63 667.542         5000
worker_2  | fuzzy inputs 7 7.002401468845877
worker_2  | g=6, diversidad=7.002401468845877, C1=1.5425158387196032, C2=1.4860323256778718
worker_2  | 6   10      2566.75 1468.49 0.0784565       4000
worker_16 | fuzzy inputs 7 5.781811077797812
worker_16 | g=6, diversidad=5.781811077797812, C1=1.4745098039215692, C2=1.438019530682009
worker_16 | 6   10      3100.15 1265.31 1333.63         5000
worker_9  | fuzzy inputs 7 6.476532958471054
worker_9  | g=6, diversidad=6.476532958471054, C1=1.5112434682698053, C2=1.4747218513602514
worker_9  | 6   10      1900.08 1406.74 0.071711        4000
worker_11 | fuzzy inputs 8 8.153680968609965
worker_11 | Traceback (most recent call last):
worker_11 |   File "worker.py", line 38, in <module>
worker_11 |     pob_evolucionada = main(mensaje_python)
worker_11 |   File "/Worker/algorithms/PSO.py", line 98, in main
worker_11 |     phi1, phi2 = fis_opt_Ajuste(g+1, diver, False)
worker_11 |   File "/Worker/lib/fisAjusteC1_C2.py", line 138, in fis_opt_Ajuste
worker_11 |     resultC1 = fuzz.defuzz(x_C1, aggregatedC1, 'centroid')
worker_11 |   File "/usr/local/lib/python3.7/site-packages/skfuzzy/defuzzify/defuzz.py", line 248, in defuzz
worker_11 |     assert not zero_truth_degree, 'Total area is zero in defuzzification!'
worker_11 | AssertionError: Total area is zero in defuzzification!
fuzzy-control_worker_11 exited with code 1
worker_7  | fuzzy inputs 8 7.289198361960802
worker_7  | Traceback (most recent call last):
worker_7  |   File "worker.py", line 38, in <module>
worker_7  |     pob_evolucionada = main(mensaje_python)
worker_7  |   File "/Worker/algorithms/PSO.py", line 98, in main
worker_7  |     phi1, phi2 = fis_opt_Ajuste(g+1, diver, False)
worker_7  |   File "/Worker/lib/fisAjusteC1_C2.py", line 138, in fis_opt_Ajuste
worker_7  |     resultC1 = fuzz.defuzz(x_C1, aggregatedC1, 'centroid')
worker_7  |   File "/usr/local/lib/python3.7/site-packages/skfuzzy/defuzzify/defuzz.py", line 248, in defuzz
worker_7  |     assert not zero_truth_degree, 'Total area is zero in defuzzification!'
worker_7  | AssertionError: Total area is zero in defuzzification!
fuzzy-control_worker_7 exited with code 1
worker_14 | fuzzy inputs 7 9.42808509956393
worker_14 | g=6, diversidad=9.42808509956393, C1=1.5602836879432629, C2=1.4879629629629632
worker_14 | 6   10      3100.06 1513.26 0.019299        5000
worker_10 | fuzzy inputs 7 6.694946505639516
worker_10 | g=6, diversidad=6.694946505639516, C1=1.525222644072613, C2=1.4801456591033768
worker_10 | 6   10      2500.14 1492.42 667.057         5000
worker_15 | fuzzy inputs 8 6.72144746349804
worker_15 | Traceback (most recent call last):
worker_15 |   File "worker.py", line 38, in <module>
worker_15 |     pob_evolucionada = main(mensaje_python)
worker_15 |   File "/Worker/algorithms/PSO.py", line 98, in main
worker_15 |     phi1, phi2 = fis_opt_Ajuste(g+1, diver, False)
worker_15 |   File "/Worker/lib/fisAjusteC1_C2.py", line 138, in fis_opt_Ajuste
worker_15 |     resultC1 = fuzz.defuzz(x_C1, aggregatedC1, 'centroid')
worker_15 |   File "/usr/local/lib/python3.7/site-packages/skfuzzy/defuzzify/defuzz.py", line 248, in defuzz
worker_15 |     assert not zero_truth_degree, 'Total area is zero in defuzzification!'
worker_15 | AssertionError: Total area is zero in defuzzification!
fuzzy-control_worker_15 exited with code 1
worker_3  | fuzzy inputs 8 5.991487568903019
worker_3  | Traceback (most recent call last):
worker_3  |   File "worker.py", line 38, in <module>
worker_3  |     pob_evolucionada = main(mensaje_python)
worker_3  |   File "/Worker/algorithms/PSO.py", line 98, in main
worker_3  |     phi1, phi2 = fis_opt_Ajuste(g+1, diver, False)
worker_3  |   File "/Worker/lib/fisAjusteC1_C2.py", line 138, in fis_opt_Ajuste
worker_3  |     resultC1 = fuzz.defuzz(x_C1, aggregatedC1, 'centroid')
worker_3  |   File "/usr/local/lib/python3.7/site-packages/skfuzzy/defuzzify/defuzz.py", line 248, in defuzz
worker_3  |     assert not zero_truth_degree, 'Total area is zero in defuzzification!'
worker_3  | AssertionError: Total area is zero in defuzzification!
worker_12 | fuzzy inputs 6 7.926011085911591
worker_12 | g=5, diversidad=7.926011085911591, C1=1.48923665821861, C2=1.48923665821861
worker_12 | 5   10      1533.73 858.665 1.03821         3000
fuzzy-control_worker_3 exited with code 1
worker_6  | fuzzy inputs 7 8.283818501282806
worker_6  | g=6, diversidad=8.283818501282806, C1=1.5602836879432629, C2=1.4879629629629632
worker_6  | 6   10      2333.94 1144.95 666.73          4000
worker_8  | fuzzy inputs 8 8.016839307785935
worker_8  | Traceback (most recent call last):
worker_8  |   File "worker.py", line 38, in <module>
worker_8  |     pob_evolucionada = main(mensaje_python)
worker_8  |   File "/Worker/algorithms/PSO.py", line 98, in main
worker_8  |     phi1, phi2 = fis_opt_Ajuste(g+1, diver, False)
worker_8  |   File "/Worker/lib/fisAjusteC1_C2.py", line 138, in fis_opt_Ajuste
worker_8  |     resultC1 = fuzz.defuzz(x_C1, aggregatedC1, 'centroid')
worker_8  |   File "/usr/local/lib/python3.7/site-packages/skfuzzy/defuzzify/defuzz.py", line 248, in defuzz
worker_8  |     assert not zero_truth_degree, 'Total area is zero in defuzzification!'
worker_8  | AssertionError: Total area is zero in defuzzification!
fuzzy-control_worker_8 exited with code 1
worker_1  | fuzzy inputs 8 7.957372375209406
worker_1  | Traceback (most recent call last):
worker_1  |   File "worker.py", line 38, in <module>
worker_1  |     pob_evolucionada = main(mensaje_python)
worker_1  |   File "/Worker/algorithms/PSO.py", line 98, in main
worker_1  |     phi1, phi2 = fis_opt_Ajuste(g+1, diver, False)
worker_1  |   File "/Worker/lib/fisAjusteC1_C2.py", line 138, in fis_opt_Ajuste
worker_1  |     resultC1 = fuzz.defuzz(x_C1, aggregatedC1, 'centroid')
worker_1  |   File "/usr/local/lib/python3.7/site-packages/skfuzzy/defuzzify/defuzz.py", line 248, in defuzz
worker_1  |     assert not zero_truth_degree, 'Total area is zero in defuzzification!'
worker_1  | AssertionError: Total area is zero in defuzzification!
fuzzy-control_worker_1 exited with code 1
worker_5  | fuzzy inputs 8 8.091228210721276
worker_5  | Traceback (most recent call last):
worker_5  |   File "worker.py", line 38, in <module>
worker_5  |     pob_evolucionada = main(mensaje_python)
worker_5  |   File "/Worker/algorithms/PSO.py", line 98, in main
worker_5  |     phi1, phi2 = fis_opt_Ajuste(g+1, diver, False)
worker_5  |   File "/Worker/lib/fisAjusteC1_C2.py", line 138, in fis_opt_Ajuste
worker_5  |     resultC1 = fuzz.defuzz(x_C1, aggregatedC1, 'centroid')
worker_5  |   File "/usr/local/lib/python3.7/site-packages/skfuzzy/defuzzify/defuzz.py", line 248, in defuzz
worker_5  |     assert not zero_truth_degree, 'Total area is zero in defuzzification!'
worker_5  | AssertionError: Total area is zero in defuzzification!
fuzzy-control_worker_5 exited with code 1
worker_16 | fuzzy inputs 8 5.603071580681906
worker_16 | Traceback (most recent call last):
worker_16 |   File "worker.py", line 38, in <module>
worker_16 |     pob_evolucionada = main(mensaje_python)
worker_16 |   File "/Worker/algorithms/PSO.py", line 98, in main
worker_16 |     phi1, phi2 = fis_opt_Ajuste(g+1, diver, False)
worker_16 |   File "/Worker/lib/fisAjusteC1_C2.py", line 138, in fis_opt_Ajuste
worker_16 |     resultC1 = fuzz.defuzz(x_C1, aggregatedC1, 'centroid')
worker_16 |   File "/usr/local/lib/python3.7/site-packages/skfuzzy/defuzzify/defuzz.py", line 248, in defuzz
worker_16 |     assert not zero_truth_degree, 'Total area is zero in defuzzification!'
worker_16 | AssertionError: Total area is zero in defuzzification!
fuzzy-control_worker_16 exited with code 1
worker_4  | fuzzy inputs 7 7.7844974361432495
worker_4  | g=6, diversidad=7.7844974361432495, C1=1.5602836879432629, C2=1.4879629629629632
worker_4  | 6   10      2067.59 1372.62 667.054 5000
worker_2  | fuzzy inputs 8 5.674010882018638
worker_2  | Traceback (most recent call last):
worker_2  |   File "worker.py", line 38, in <module>
worker_2  |     pob_evolucionada = main(mensaje_python)
worker_2  |   File "/Worker/algorithms/PSO.py", line 98, in main
worker_2  |     phi1, phi2 = fis_opt_Ajuste(g+1, diver, False)
worker_2  |   File "/Worker/lib/fisAjusteC1_C2.py", line 138, in fis_opt_Ajuste
worker_2  |     resultC1 = fuzz.defuzz(x_C1, aggregatedC1, 'centroid')
worker_2  |   File "/usr/local/lib/python3.7/site-packages/skfuzzy/defuzzify/defuzz.py", line 248, in defuzz
worker_2  |     assert not zero_truth_degree, 'Total area is zero in defuzzification!'
worker_2  | AssertionError: Total area is zero in defuzzification!
fuzzy-control_worker_2 exited with code 1
worker_9  | fuzzy inputs 8 10.06073385752623
worker_9  | Traceback (most recent call last):
worker_9  |   File "worker.py", line 38, in <module>
worker_9  |     pob_evolucionada = main(mensaje_python)
worker_9  |   File "/Worker/algorithms/PSO.py", line 98, in main
worker_9  |     phi1, phi2 = fis_opt_Ajuste(g+1, diver, False)
worker_9  |   File "/Worker/lib/fisAjusteC1_C2.py", line 138, in fis_opt_Ajuste
worker_9  |     resultC1 = fuzz.defuzz(x_C1, aggregatedC1, 'centroid')
worker_9  |   File "/usr/local/lib/python3.7/site-packages/skfuzzy/defuzzify/defuzz.py", line 248, in defuzz
worker_9  |     assert not zero_truth_degree, 'Total area is zero in defuzzification!'
worker_9  | AssertionError: Total area is zero in defuzzification!
fuzzy-control_worker_9 exited with code 1
worker_14 | fuzzy inputs 8 9.172687768537399
worker_14 | Traceback (most recent call last):
worker_14 |   File "worker.py", line 38, in <module>
worker_14 |     pob_evolucionada = main(mensaje_python)
worker_14 |   File "/Worker/algorithms/PSO.py", line 98, in main
worker_14 |     phi1, phi2 = fis_opt_Ajuste(g+1, diver, False)
worker_14 |   File "/Worker/lib/fisAjusteC1_C2.py", line 138, in fis_opt_Ajuste
worker_14 |     resultC1 = fuzz.defuzz(x_C1, aggregatedC1, 'centroid')
worker_14 |   File "/usr/local/lib/python3.7/site-packages/skfuzzy/defuzzify/defuzz.py", line 248, in defuzz
worker_14 |     assert not zero_truth_degree, 'Total area is zero in defuzzification!'
worker_14 | AssertionError: Total area is zero in defuzzification!
fuzzy-control_worker_14 exited with code 1
worker_10 | fuzzy inputs 8 6.490951278957885
worker_10 | Traceback (most recent call last):
worker_10 |   File "worker.py", line 38, in <module>
worker_10 |     pob_evolucionada = main(mensaje_python)
worker_10 |   File "/Worker/algorithms/PSO.py", line 98, in main
worker_10 |     phi1, phi2 = fis_opt_Ajuste(g+1, diver, False)
worker_10 |   File "/Worker/lib/fisAjusteC1_C2.py", line 138, in fis_opt_Ajuste
worker_10 |     resultC1 = fuzz.defuzz(x_C1, aggregatedC1, 'centroid')
worker_10 |   File "/usr/local/lib/python3.7/site-packages/skfuzzy/defuzzify/defuzz.py", line 248, in defuzz
worker_10 |     assert not zero_truth_degree, 'Total area is zero in defuzzification!'
worker_10 | AssertionError: Total area is zero in defuzzification!
fuzzy-control_worker_10 exited with code 1
worker_6  | fuzzy inputs 8 7.2143672935194525
worker_6  | Traceback (most recent call last):
worker_6  |   File "worker.py", line 38, in <module>
worker_6  |     pob_evolucionada = main(mensaje_python)
worker_6  |   File "/Worker/algorithms/PSO.py", line 98, in main
worker_6  |     phi1, phi2 = fis_opt_Ajuste(g+1, diver, False)
worker_6  |   File "/Worker/lib/fisAjusteC1_C2.py", line 138, in fis_opt_Ajuste
worker_6  |     resultC1 = fuzz.defuzz(x_C1, aggregatedC1, 'centroid')
worker_6  |   File "/usr/local/lib/python3.7/site-packages/skfuzzy/defuzzify/defuzz.py", line 248, in defuzz
worker_6  |     assert not zero_truth_degree, 'Total area is zero in defuzzification!'
worker_6  | AssertionError: Total area is zero in defuzzification!
fuzzy-control_worker_6 exited with code 1
worker_12 | fuzzy inputs 7 6.4967417117713175
worker_12 | g=6, diversidad=6.4967417117713175, C1=1.51260268317737, C2=1.4752780414056625
worker_12 | 6   10      1667.09 1247.13 0.482297        4000
worker_4  | fuzzy inputs 8 10.755151191889942
worker_4  | Traceback (most recent call last):
worker_4  |   File "worker.py", line 38, in <module>
worker_4  |     pob_evolucionada = main(mensaje_python)
worker_4  |   File "/Worker/algorithms/PSO.py", line 98, in main
worker_4  |     phi1, phi2 = fis_opt_Ajuste(g+1, diver, False)
worker_4  |   File "/Worker/lib/fisAjusteC1_C2.py", line 138, in fis_opt_Ajuste
worker_4  |     resultC1 = fuzz.defuzz(x_C1, aggregatedC1, 'centroid')
worker_4  |   File "/usr/local/lib/python3.7/site-packages/skfuzzy/defuzzify/defuzz.py", line 248, in defuzz
worker_4  |     assert not zero_truth_degree, 'Total area is zero in defuzzification!'
worker_4  | AssertionError: Total area is zero in defuzzification!
fuzzy-control_worker_4 exited with code 1
worker_12 | fuzzy inputs 8 8.435167263721187
worker_12 | Traceback (most recent call last):
worker_12 |   File "worker.py", line 38, in <module>
worker_12 |     pob_evolucionada = main(mensaje_python)
worker_12 |   File "/Worker/algorithms/PSO.py", line 98, in main
worker_12 |     phi1, phi2 = fis_opt_Ajuste(g+1, diver, False)
worker_12 |   File "/Worker/lib/fisAjusteC1_C2.py", line 138, in fis_opt_Ajuste
worker_12 |     resultC1 = fuzz.defuzz(x_C1, aggregatedC1, 'centroid')
worker_12 |   File "/usr/local/lib/python3.7/site-packages/skfuzzy/defuzzify/defuzz.py", line 248, in defuzz
worker_12 |     assert not zero_truth_degree, 'Total area is zero in defuzzification!'
worker_12 | AssertionError: Total area is zero in defuzzification!
fuzzy-control_worker_12 exited with code 1
^CGracefully stopping... (press Ctrl+C again to force)
Stopping fuzzy-control_redis_1   ... done
➜  fuzzy-control git:(main)
➜  fuzzy-control git:(main) docker-compose down
Removing fuzzy-control_worker_14 ... done
Removing fuzzy-control_worker_5  ... done
Removing fuzzy-control_worker_11 ... done
Removing fuzzy-control_worker_2  ... done
Removing fuzzy-control_worker_13 ... done
Removing fuzzy-control_worker_8  ... done
Removing fuzzy-control_worker_16 ... done
Removing fuzzy-control_worker_10 ... done
Removing fuzzy-control_worker_7  ... done
Removing fuzzy-control_worker_1  ... done
Removing fuzzy-control_worker_15 ... done
Removing fuzzy-control_worker_4  ... done
Removing fuzzy-control_worker_9  ... done
Removing fuzzy-control_worker_6  ... done
Removing fuzzy-control_worker_3  ... done
Removing fuzzy-control_worker_12 ... done
Removing fuzzy-control_redis_1   ... done
Removing network fuzzy-control_default
➜  fuzzy-control git:(main) docker-compose up --scale worker=16
Creating network "fuzzy-control_default" with the default driver
Creating fuzzy-control_redis_1 ... done
Creating fuzzy-control_worker_1  ... done
Creating fuzzy-control_worker_2  ... done
Creating fuzzy-control_worker_3  ... done
Creating fuzzy-control_worker_4  ... done
Creating fuzzy-control_worker_5  ... done
Creating fuzzy-control_worker_6  ... done
Creating fuzzy-control_worker_7  ... done
Creating fuzzy-control_worker_8  ... done
Creating fuzzy-control_worker_9  ... done
Creating fuzzy-control_worker_10 ... done
Creating fuzzy-control_worker_11 ... done
Creating fuzzy-control_worker_12 ... done
Creating fuzzy-control_worker_13 ... done
Creating fuzzy-control_worker_14 ... done
Creating fuzzy-control_worker_15 ... done
Creating fuzzy-control_worker_16 ... done
Attaching to fuzzy-control_redis_1, fuzzy-control_worker_8, fuzzy-control_worker_5, fuzzy-control_worker_3, fuzzy-control_worker_14, fuzzy-control_worker_2, fuzzy-control_worker_9, fuzzy-control_worker_11, fuzzy-control_worker_1, fuzzy-control_worker_4, fuzzy-control_worker_6, fuzzy-control_worker_12, fuzzy-control_worker_13, fuzzy-control_worker_10, fuzzy-control_worker_15, fuzzy-control_worker_7, fuzzy-control_worker_16
redis_1   | 1:C 12 Jun 2023 19:27:51.164 # oO0OoO0OoO0Oo Redis is starting oO0OoO0OoO0Oo
redis_1   | 1:C 12 Jun 2023 19:27:51.164 # Redis version=7.0.5, bits=64, commit=00000000, modified=0, pid=1, just started
redis_1   | 1:C 12 Jun 2023 19:27:51.164 # Warning: no config file specified, using the default config. In order to specify a config file use redis-server /path/to/redis.conf
redis_1   | 1:M 12 Jun 2023 19:27:51.164 * monotonic clock: POSIX clock_gettime
worker_11 | setup: redis alive
worker_11 | poblacion recibida...  PSO PSO-4
redis_1   | 1:M 12 Jun 2023 19:27:51.165 * Running mode=standalone, port=6379.
redis_1   | 1:M 12 Jun 2023 19:27:51.165 # Server initialized
redis_1   | 1:M 12 Jun 2023 19:27:51.166 * Ready to accept connections
worker_13 | setup: redis alive
worker_13 | poblacion recibida...  PSO PSO-7
worker_14 | setup: redis alive
worker_14 | poblacion recibida...  PSO PSO-2
worker_15 | setup: redis alive
worker_4  | setup: redis alive
worker_4  | poblacion recibida...  PSO PSO-5
worker_3  | setup: redis alive
worker_3  | poblacion recibida...  PSO PSO-1
worker_3  | primero diversidad 15.178973492782504
worker_15 | poblacion recibida...  PSO PSO-8
worker_6  | setup: redis alive
worker_8  | setup: redis alive
worker_6  | poblacion recibida...  PSO PSO-6
worker_9  | setup: redis alive
worker_9  | poblacion recibida...  PSO PSO-3
worker_8  | poblacion recibida...  PSO PSO-0
worker_8  | primero diversidad 14.659308852727111
worker_14 | primero diversidad 12.477576211640772
worker_9  | primero diversidad 14.146117355689565
worker_11 | primero diversidad 13.062267286329778
worker_7  | setup: redis alive
worker_7  | poblacion recibida...  PSO PSO-9
worker_4  | primero diversidad 14.481072677293579
worker_6  | primero diversidad 12.951631832546404
worker_13 | primero diversidad 15.094739173004204
worker_15 | primero diversidad 15.325517730027938
worker_7  | primero diversidad 14.428706659258358
worker_5  | setup: redis alive
worker_5  | poblacion recibida...  PSO PSO-10
worker_2  | setup: redis alive
worker_2  | poblacion recibida...  PSO PSO-11
worker_1  | setup: redis alive
worker_1  | poblacion recibida...  PSO PSO-12
worker_12 | setup: redis alive
worker_12 | poblacion recibida...  PSO PSO-13
worker_5  | primero diversidad 14.43759433641553
worker_10 | setup: redis alive
worker_10 | poblacion recibida...  PSO PSO-14
worker_2  | primero diversidad 13.775423223765008
worker_1  | primero diversidad 14.633171397287493
worker_16 | setup: redis alive
worker_16 | poblacion recibida...  PSO PSO-15
worker_12 | primero diversidad 14.677500617992523
worker_10 | primero diversidad 14.708453198047147
worker_16 | primero diversidad 13.106767663017997
worker_9  | fuzzy inputs 1 14.146117355689565
worker_9  | g=0, diversidad=14.146117355689565, C1=1.175268817204301, C2=1.6015790004164487
worker_9  | gen evals   avg     std     min     max
worker_9  | 0   10      3800.22 1137.16 2000    5000
worker_7  | fuzzy inputs 1 15.627766658259828
worker_7  | g=0, diversidad=15.627766658259828, C1=1.175268817204301, C2=1.7650793650793657
worker_7  | gen evals   avg     std     min     max
worker_7  | 0   10      3433.49 1414.38 667.48  5000
worker_11 | fuzzy inputs 1 13.062267286329778
worker_11 | g=0, diversidad=13.062267286329778, C1=1.1847626205942006, C2=1.5286036650882255
worker_11 | gen evals   avg     std     min     max
worker_11 | 0   10      3366.82 1772.65 1.56757 5000
worker_4  | fuzzy inputs 1 14.481072677293579
worker_4  | g=0, diversidad=14.481072677293579, C1=1.175268817204301, C2=1.6498211194136565
worker_4  | gen evals   avg     std     min     max
worker_4  | 0   10      3600.09 1412.47 667.51  5000
worker_13 | fuzzy inputs 1 12.922608743739769
worker_13 | g=0, diversidad=12.922608743739769, C1=1.1868227511790743, C2=1.5232174474374685
worker_13 | gen evals   avg     std     min     max
worker_13 | 0   10      3266.7  1062.46 1666.69 5000
worker_8  | fuzzy inputs 1 15.29289429365727
worker_8  | g=0, diversidad=15.29289429365727, C1=1.175268817204301, C2=1.7650793650793657
worker_8  | gen evals   avg     std     min     max
worker_8  | 0   10      3133.64 1343    667.199 5000
worker_3  | fuzzy inputs 1 13.185579785229187
worker_3  | g=0, diversidad=13.185579785229187, C1=1.1829266423285116, C2=1.5346124588754018
worker_3  | gen evals   avg     std     min     max
worker_3  | 0   10      3101.4  1382.02 1333.52 5000
worker_6  | fuzzy inputs 1 13.381300988940543
worker_6  | g=0, diversidad=13.381300988940543, C1=1.1801385345993205, C2=1.5450170504026115
worker_6  | gen evals   avg     std     min     max
worker_6  | 0   10      2866.79 1713.85 666.677 5000
^CGracefully stopping... (press Ctrl+C again to force)
Stopping fuzzy-control_worker_16 ...
Stopping fuzzy-control_worker_4  ...
Stopping fuzzy-control_worker_13 ...
Stopping fuzzy-control_worker_10 ...
Stopping fuzzy-control_worker_15 ...
Stopping fuzzy-control_worker_7  ...
Stopping fuzzy-control_worker_1  ...
Stopping fuzzy-control_worker_2  ...
Stopping fuzzy-control_worker_12 ...
Stopping fuzzy-control_worker_9  ...
Stopping fuzzy-control_worker_6  ...
Stopping fuzzy-control_worker_11 ...
Stopping fuzzy-control_worker_14 ...
Stopping fuzzy-control_worker_5  ...
Stopping fuzzy-control_worker_3  ...
Stopping fuzzy-control_worker_8  ...
Stopping fuzzy-control_redis_1   ...
Killing fuzzy-control_worker_16  ... done
Killing fuzzy-control_worker_4   ... done
Killing fuzzy-control_worker_13  ... done
Killing fuzzy-control_worker_10  ... done
Killing fuzzy-control_worker_15  ... done
Killing fuzzy-control_worker_7   ... done
Killing fuzzy-control_worker_1   ... done
Killing fuzzy-control_worker_2   ... done
Killing fuzzy-control_worker_12  ... done
Killing fuzzy-control_worker_9   ... done
Killing fuzzy-control_worker_6   ... done
Killing fuzzy-control_worker_11  ... done
Killing fuzzy-control_worker_14  ... done
Killing fuzzy-control_worker_5   ... done
Killing fuzzy-control_worker_3   ... done
Killing fuzzy-control_worker_8   ... done
Killing fuzzy-control_redis_1    ... done
ERROR: 2
➜  fuzzy-control git:(main) docker-compose down
Removing fuzzy-control_worker_16 ... done
Removing fuzzy-control_worker_4  ... done
Removing fuzzy-control_worker_13 ... done
Removing fuzzy-control_worker_10 ... done
Removing fuzzy-control_worker_15 ... done
Removing fuzzy-control_worker_7  ... done
Removing fuzzy-control_worker_1  ... done
Removing fuzzy-control_worker_2  ... done
Removing fuzzy-control_worker_12 ... done
Removing fuzzy-control_worker_9  ... done
Removing fuzzy-control_worker_6  ... done
Removing fuzzy-control_worker_11 ... done
Removing fuzzy-control_worker_14 ... done
Removing fuzzy-control_worker_5  ... done
Removing fuzzy-control_worker_3  ... done
Removing fuzzy-control_worker_8  ... done
Removing fuzzy-control_redis_1   ... done
Removing network fuzzy-control_default
➜  fuzzy-control git:(main) git pull
remote: Enumerating objects: 7, done.
remote: Counting objects: 100% (7/7), done.
remote: Compressing objects: 100% (1/1), done.
remote: Total 4 (delta 3), reused 4 (delta 3), pack-reused 0
Unpacking objects: 100% (4/4), 408 bytes | 81.00 KiB/s, done.
From github.com:mariosky/fuzzy-control
   931f19c..8b3d6fe  main       -> origin/main
Updating 931f19c..8b3d6fe
Fast-forward
 lib/fisAjusteC1_C2.py | 4 ++--
 1 file changed, 2 insertions(+), 2 deletions(-)
➜  fuzzy-control git:(main) docker-compose build
redis uses an image, skipping
Building worker
[+] Building 29.7s (10/10) FINISHED
 => [internal] load build definition from Dockerfile                                               0.0s
 => => transferring dockerfile: 36B                                                                0.0s
 => [internal] load .dockerignore                                                                  0.0s
 => => transferring context: 2B                                                                    0.0s
 => [internal] load metadata for docker.io/library/python:3.7.8                                    1.1s
 => [internal] load build context                                                                  0.1s
 => => transferring context: 58.27kB                                                               0.0s
 => CACHED [1/5] FROM docker.io/library/python:3.7.8@sha256:6ca82c8d96a24523a71f40bb38f5682b18ca7  0.0s
 => [2/5] COPY . /Worker                                                                           0.0s
 => [3/5] WORKDIR /Worker                                                                          0.0s
 => [4/5] RUN pip install -r requirements.txt                                                     27.4s
 => [5/5] RUN chmod 644 worker.py                                                                  0.3s
 => exporting to image                                                                             0.7s
 => => exporting layers                                                                            0.7s
 => => writing image sha256:47e84eb47ba465dcc57dbac6ff6d4301019534173f2d4e81b81f9685006ffa98       0.0s
 => => naming to docker.io/library/fuzzy-control_worker                                            0.0s

Use 'docker scan' to run Snyk tests against images to find vulnerabilities and learn how to fix them
➜  fuzzy-control git:(main) docker-compose up --scale worker=16
Creating network "fuzzy-control_default" with the default driver
Creating fuzzy-control_redis_1 ... done
Creating fuzzy-control_worker_1  ... done
Creating fuzzy-control_worker_2  ... done
Creating fuzzy-control_worker_3  ... done
Creating fuzzy-control_worker_4  ... done
Creating fuzzy-control_worker_5  ... done
Creating fuzzy-control_worker_6  ... done
Creating fuzzy-control_worker_7  ... done
Creating fuzzy-control_worker_8  ... done
Creating fuzzy-control_worker_9  ... done
Creating fuzzy-control_worker_10 ... done
Creating fuzzy-control_worker_11 ... done
Creating fuzzy-control_worker_12 ... done
Creating fuzzy-control_worker_13 ... done
Creating fuzzy-control_worker_14 ... done
Creating fuzzy-control_worker_15 ... done
Creating fuzzy-control_worker_16 ... done
Attaching to fuzzy-control_redis_1, fuzzy-control_worker_15, fuzzy-control_worker_13, fuzzy-control_worker_6, fuzzy-control_worker_4, fuzzy-control_worker_1, fuzzy-control_worker_12, fuzzy-control_worker_9, fuzzy-control_worker_5, fuzzy-control_worker_11, fuzzy-control_worker_3, fuzzy-control_worker_10, fuzzy-control_worker_16, fuzzy-control_worker_2, fuzzy-control_worker_8, fuzzy-control_worker_7, fuzzy-control_worker_14
redis_1   | 1:C 12 Jun 2023 19:30:19.555 # oO0OoO0OoO0Oo Redis is starting oO0OoO0OoO0Oo
redis_1   | 1:C 12 Jun 2023 19:30:19.555 # Redis version=7.0.5, bits=64, commit=00000000, modified=0, pid=1, just started
