worker_4  | gen evals   avg     std     min             max
worker_4  | 0   10      1766.69 1874.08 0.00560862      5000
worker_16 | fuzzy inputs 3 7.044671474956424
worker_16 | g=2, diversidad=7.044671474956424, C1=1.4257383966244728, C2=1.4788617886178865
worker_16 | 2   10      3633.57 1079.53 1666.68         5000
worker_13 | fuzzy inputs 5 8.315965173223853
worker_13 | g=4, diversidad=8.315965173223853, C1=1.489897998781841, C2=1.489897998781841
worker_13 | 4   10      2866.81 1733.2  0.0202605       5000
worker_1  | fuzzy inputs 8 9.692738982620206
worker_1  | g=7, diversidad=9.692738982620206, C1=1.766666666666667, C2=1.4910441448228615
worker_1  | 7   10      2572.52 1366.77 0.519783        5000
worker_1  | defaultdict(<class 'deap.tools.support.Logbook'>, {})
worker_1  | poblacion enviada...  0.0056086159647256465
worker_1  | poblacion recibida...  PSO PSO-1
worker_1  | primero diversidad 9.594161658162749
worker_3  | fuzzy inputs 3 4.56296712744465
worker_3  | g=2, diversidad=4.56296712744465, C1=1.4257383966244728, C2=1.467632850241546
worker_3  | 2   10      3066.89 1481.61 0.210629        5000
worker_7  | fuzzy inputs 2 7.657963469961825
worker_7  | g=1, diversidad=7.657963469961825, C1=1.1936936936936937, C2=1.4879629629629632
worker_7  | 1   10      2633.69 1089.65 1333.44         5000
worker_12 | fuzzy inputs 4 4.695600962006592
worker_12 | g=3, diversidad=4.695600962006592, C1=1.4833614846645315, C2=1.209293508792586
worker_12 | 3   10      2267.28 1404.72 0.0225004       5000
worker_10 | fuzzy inputs 7 4.764786735364151
worker_10 | g=6, diversidad=4.764786735364151, C1=1.519116034952559, C2=1.2101626069190232
worker_10 | 6   10      2600.07 1271.91 666.732         5000
worker_8  | fuzzy inputs 6 6.993517668447285
worker_8  | g=5, diversidad=6.993517668447285, C1=1.4859804631180225, C2=1.4859126662717073
worker_8  | 5   10      2500.1  1944.99 0.302955        5000
worker_15 | fuzzy inputs 3 7.827444163157991
worker_15 | g=2, diversidad=7.827444163157991, C1=1.4257383966244728, C2=1.4788617886178865
worker_15 | 2   10      4300.19 935.927 2335.07         5000
worker_5  | fuzzy inputs 6 5.542991645249062
worker_5  | g=5, diversidad=5.542991645249062, C1=1.4753368655213506, C2=1.3794606953778392
worker_5  | 5   10      2400.3  1511.42 0.0273505       5000
worker_14 | fuzzy inputs 6 8.247613629840142
worker_14 | g=5, diversidad=8.247613629840142, C1=1.4894308943089432, C2=1.4894308943089432
worker_14 | 5   10      2466.87 1733.42 0.0142279       5000
worker_11 | fuzzy inputs 1 8.498708892597268
worker_11 | g=0, diversidad=8.498708892597268, C1=1.178535863786616, C2=1.4901497809209554
worker_11 | gen evals   avg     std     min             max
worker_11 | 0   10      1833.39 2034.43 0.00560862      5000
worker_4  | fuzzy inputs 2 13.470403980086834
worker_4  | g=1, diversidad=13.470403980086834, C1=1.1936936936936937, C2=1.530805385221371
worker_4  | 1   10      3066.77 2179.57 0.0234059       5000
worker_9  | fuzzy inputs 8 9.385975440682497
worker_9  | g=7, diversidad=9.385975440682497, C1=1.766666666666667, C2=1.4909291262898294
worker_9  | 7   10      2533.37 1543.43 0.0128755       5000
worker_9  | defaultdict(<class 'deap.tools.support.Logbook'>, {})
worker_9  | poblacion enviada...  0.0056086159647256465
worker_9  | poblacion recibida...  PSO PSO-14
worker_9  | primero diversidad 10.895533792036792
worker_6  | fuzzy inputs 7 7.520229619954869
worker_6  | g=6, diversidad=7.520229619954869, C1=1.5602836879432629, C2=1.4879629629629632
worker_6  | 6   10      2266.98 1459.22 0.0107132       4000
worker_13 | fuzzy inputs 6 9.746970017567142
worker_13 | g=5, diversidad=9.746970017567142, C1=1.4894308943089432, C2=1.4894308943089432
worker_13 | 5   10      3466.68 1439.13 1666.67         5000
worker_16 | fuzzy inputs 4 6.186675455436884
worker_16 | g=3, diversidad=6.186675455436884, C1=1.4779063248708677, C2=1.4651169914250346
worker_16 | 3   10      3133.66 1351.37 667.382         5000
worker_3  | fuzzy inputs 4 4.044604369040717
worker_3  | g=3, diversidad=4.044604369040717, C1=1.4865047102308724, C2=1.2015685796082698
worker_3  | 3   10      2833.45 1674.88 0.232931        5000
worker_1  | fuzzy inputs 1 9.594161658162749
worker_1  | g=0, diversidad=9.594161658162749, C1=1.175268817204301, C2=1.4904761904761905
worker_1  | gen evals   avg     std     min             max
worker_1  | 0   10      2733.51 1737.09 0.00560862      5000
worker_15 | fuzzy inputs 4 6.730293941226926
worker_15 | g=3, diversidad=6.730293941226926, C1=1.484082739493528, C2=1.4809154944695704
worker_15 | 3   10      3233.67 803.433 1666.71         5000
worker_12 | fuzzy inputs 5 5.062390322178047
worker_12 | g=4, diversidad=5.062390322178047, C1=1.4806340963918636, C2=1.235554815303686
worker_12 | 4   10      2266.77 1854.7  0.00700555      5000
worker_11 | fuzzy inputs 2 7.173155418821942
worker_11 | g=1, diversidad=7.173155418821942, C1=1.200188330867545, C2=1.4867609912183977
worker_11 | 1   10      3066.96 1590.27 0.0424514       5000
worker_10 | fuzzy inputs 8 4.509595186557465
worker_10 | g=7, diversidad=4.509595186557465, C1=1.7415124201748855, C2=1.207163234437853
worker_10 | 7   10      2600.08 1651.87 0.0440486       5000
worker_10 | defaultdict(<class 'deap.tools.support.Logbook'>, {})
worker_10 | poblacion enviada...  0.006179061720315185
worker_10 | poblacion recibida...  PSO PSO-0
worker_10 | primero diversidad 5.9965376140882105
worker_16 | fuzzy inputs 5 6.9932253145881
worker_16 | g=4, diversidad=6.9932253145881, C1=1.4859786064270895, C2=1.4859077433227614
worker_16 | 4   10      3866.81 635.842 3333.33         5000
worker_7  | fuzzy inputs 3 5.47292124354635
worker_7  | g=2, diversidad=5.47292124354635, C1=1.4406641699667253, C2=1.4554045677347747
worker_7  | 2   10      1267.01 952.211 0.081425        2334.61
worker_8  | fuzzy inputs 7 6.046692654124401
worker_8  | g=6, diversidad=6.046692654124401, C1=1.478557993041756, C2=1.459033675147364
worker_8  | 6   10      2133.45 1720.39 0.0317731       5000
worker_4  | fuzzy inputs 3 8.281773808911726
worker_4  | g=2, diversidad=8.281773808911726, C1=1.4257383966244728, C2=1.4788617886178865
worker_4  | 2   10      3000.18 1632.85 1666.67         5000
worker_3  | fuzzy inputs 5 4.843558357812011
worker_3  | g=4, diversidad=4.843558357812011, C1=1.4823593068163698, C2=1.2112093899988072
worker_3  | 4   10      3363.91 1974.09 0.00590328      5000
worker_5  | fuzzy inputs 7 5.764699749170192
worker_5  | g=6, diversidad=5.764699749170192, C1=1.4745098039215694, C2=1.4339932615842261
worker_5  | 6   10      3266.73 1356.37 0.320589        5000
worker_13 | fuzzy inputs 7 9.591304757089707
worker_13 | g=6, diversidad=9.591304757089707, C1=1.5602836879432629, C2=1.4879629629629632
worker_13 | 6   10      3033.39 1587.79 0.0586788       5000
worker_14 | fuzzy inputs 7 8.764515892595227
worker_14 | g=6, diversidad=8.764515892595227, C1=1.5602836879432629, C2=1.4879629629629632
worker_14 | 6   10      1966.87 1573.8  0.00609965      5000
worker_9  | fuzzy inputs 1 10.895533792036792
worker_9  | g=0, diversidad=10.895533792036792, C1=1.175268817204301, C2=1.4904761904761905
worker_9  | gen evals   avg     std     min             max
worker_9  | 0   10      1666.83 1666.66 0.00560862      5000
worker_6  | fuzzy inputs 8 7.174342780656159
worker_6  | g=7, diversidad=7.174342780656159, C1=1.7476928585693872, C2=1.4867657920272326
worker_6  | 7   10      3133.41 670.01  1666.68         4000
worker_6  | defaultdict(<class 'deap.tools.support.Logbook'>, {})
worker_6  | poblacion enviada...  0.006488734150441637
worker_6  | poblacion recibida...  PSO PSO-5
worker_6  | primero diversidad 6.303808128070045
worker_15 | fuzzy inputs 5 8.424129396401925
worker_15 | g=4, diversidad=8.424129396401925, C1=1.4900485576141764, C2=1.4900485576141764
worker_15 | 4   10      3566.67 1390.83 1666.68         5000
worker_1  | fuzzy inputs 2 7.724924123175232
worker_1  | g=1, diversidad=7.724924123175232, C1=1.1936936936936937, C2=1.4879629629629632
worker_1  | 1   10      3366.72 1139.62 1666.68         5000
worker_11 | fuzzy inputs 3 5.372740838302072
worker_11 | g=2, diversidad=5.372740838302072, C1=1.4337414399660737, C2=1.461374547121194
worker_11 | 2   10      3666.72 1452.9  1666.68         5000
worker_16 | fuzzy inputs 6 7.152908625729089
worker_16 | g=5, diversidad=7.152908625729089, C1=1.4866785888202991, C2=1.4866785888202991
worker_16 | 5   10      3566.72 1505.89 0.00999715      5000
worker_12 | fuzzy inputs 6 5.072770331680854
worker_12 | g=5, diversidad=5.072770331680854, C1=1.4805438415491134, C2=1.239138512905918
worker_12 | 5   10      2133.42 1726.86 0.0661365       5000
worker_14 | fuzzy inputs 8 7.998688644780884
worker_14 | g=7, diversidad=7.998688644780884, C1=1.7599836766316823, C2=1.4894275127756993
worker_14 | 7   10      3566.74 1680.25 0.0126822       5000
worker_14 | defaultdict(<class 'deap.tools.support.Logbook'>, {})
worker_14 | poblacion enviada...  0.0056086159647256465
worker_14 | poblacion recibida...  PSO PSO-7
worker_14 | primero diversidad 9.837417994338605
worker_3  | fuzzy inputs 6 4.514821016514903
worker_3  | g=5, diversidad=4.514821016514903, C1=1.4844414547178908, C2=1.2072193343778705
worker_3  | 5   10      2733.38 1604.13 0.0230348       5000
worker_5  | fuzzy inputs 8 5.1785612356468995
worker_5  | g=7, diversidad=5.1785612356468995, C1=1.7325736597613641, C2=1.2743279155170841
worker_5  | 7   10      2800.07 1423.56 0.0151393       5000
worker_5  | defaultdict(<class 'deap.tools.support.Logbook'>, {})
worker_5  | poblacion enviada...  0.0074357373791376245
worker_5  | poblacion recibida...  PSO PSO-15
worker_5  | primero diversidad 5.4260771438495095
worker_4  | fuzzy inputs 4 7.006327199957502
worker_4  | g=3, diversidad=7.006327199957502, C1=1.4860499778214202, C2=1.4860499778214202
worker_4  | 3   10      3233.37 1095.94 1666.69         5000
worker_13 | fuzzy inputs 8 8.775195689787456
worker_13 | g=7, diversidad=8.775195689787456, C1=1.7652416174017753, C2=1.4905077286289174
worker_13 | 7   10      3100.44 1563.79 0.346179        5000
worker_13 | defaultdict(<class 'deap.tools.support.Logbook'>, {})
worker_13 | poblacion enviada...  0.0056086159647256465
worker_13 | poblacion recibida...  PSO PSO-8
worker_13 | primero diversidad 7.405722294752315
worker_9  | fuzzy inputs 2 8.771233227678989
worker_9  | g=1, diversidad=8.771233227678989, C1=1.1936936936936937, C2=1.4879629629629632
worker_9  | 1   10      2833.49 1674.95 0.00712141      5000
worker_10 | fuzzy inputs 1 5.9965376140882105
worker_10 | g=0, diversidad=5.9965376140882105, C1=1.225925925925926, C2=1.474509803921569
worker_10 | gen evals   avg     std     min             max
worker_10 | 0   10      1633.44 1149.42 0.00617906      3333.36
worker_7  | fuzzy inputs 4 4.912855982820855
worker_7  | g=3, diversidad=4.912855982820855, C1=1.4818472061084365, C2=1.212185098498414
worker_7  | 3   10      2267.21 757.402 1333.6          3335.87
worker_1  | fuzzy inputs 3 6.351925820972241
worker_1  | g=2, diversidad=6.351925820972241, C1=1.4257383966244728, C2=1.4690234773838782
worker_1  | 2   10      3033.64 1242.08 1666.69         5000
worker_11 | fuzzy inputs 4 4.794617908854417
worker_11 | g=3, diversidad=4.794617908854417, C1=1.482703902336303, C2=1.210551581929269
worker_11 | 3   10      3233.41 1095.9  1666.71         5000
worker_12 | fuzzy inputs 7 5.625932645018975
worker_12 | g=6, diversidad=5.625932645018975, C1=1.4745098039215685, C2=1.4004368927301205
worker_12 | 6   10      4200.01 1257.85 1666.71         5000
worker_8  | fuzzy inputs 8 6.216999596344961
worker_8  | g=7, diversidad=6.216999596344961, C1=1.7304555654661966, C2=1.4662900414016817
worker_8  | 7   10      2633.65 1501.4  0.0174942       5000
worker_8  | defaultdict(<class 'deap.tools.support.Logbook'>, {})
worker_8  | poblacion enviada...  0.006488734150441637
worker_8  | poblacion recibida...  PSO PSO-3
worker_8  | primero diversidad 8.061965987220505
worker_16 | fuzzy inputs 7 7.411948733498926
worker_16 | g=6, diversidad=7.411948733498926, C1=1.557305872611338, C2=1.4876611714402335
worker_16 | 6   10      2933.46 1604.15 0.0271061       5000
worker_15 | fuzzy inputs 6 9.47757524374668
worker_15 | g=5, diversidad=9.47757524374668, C1=1.4894308943089432, C2=1.4894308943089432
worker_15 | 5   10      2266.81 1799.98 0.0110508       5000
worker_6  | fuzzy inputs 1 6.303808128070045
worker_6  | g=0, diversidad=6.303808128070045, C1=1.2164199046507214, C2=1.4796110226596075
worker_6  | gen evals   avg     std     min             max
worker_6  | 0   10      1533.42 1351.53 0.00648873      5000
worker_14 | fuzzy inputs 1 9.837417994338605
worker_14 | g=0, diversidad=9.837417994338605, C1=1.175268817204301, C2=1.4904761904761905
worker_14 | gen evals   avg     std     min             max
worker_14 | 0   10      2833.34 2362.9  0.00560862      5000
worker_3  | fuzzy inputs 7 5.246125472194164
worker_3  | g=6, diversidad=5.246125472194164, C1=1.4951880655396212, C2=1.2956017236562505
worker_3  | 6   10      2333.54 1855.91 0.0484852       5000
worker_13 | fuzzy inputs 1 7.405722294752315
worker_13 | g=0, diversidad=7.405722294752315, C1=1.1954462286315284, C2=1.4876392567094667
worker_13 | gen evals   avg     std     min             max
worker_13 | 0   10      2500.01 2140.87 0.00560862      5000
worker_9  | fuzzy inputs 3 6.806144226921088
worker_9  | g=2, diversidad=6.806144226921088, C1=1.4257383966244728, C2=1.4758726318986815
worker_9  | 2   10      3133.54 1771.31 0.093752        5000
worker_5  | fuzzy inputs 1 5.4260771438495095
worker_5  | g=0, diversidad=5.4260771438495095, C1=1.221543722516626, C2=1.574423483756209
worker_5  | gen evals   avg     std     min             max
worker_5  | 0   10      2433.4  1713.03 0.00743574      5000
worker_4  | fuzzy inputs 5 8.467880876350046
worker_4  | g=4, diversidad=8.467880876350046, C1=1.4901081902067144, C2=1.4901081902067144
worker_4  | 4   10      3366.76 1401.92 1666.71         5000
worker_11 | fuzzy inputs 5 7.138352064993713
worker_11 | g=4, diversidad=7.138352064993713, C1=1.486618708385119, C2=1.486618708385119
worker_11 | 4   10      2666.7  1699.65 0.0426801       5000
worker_16 | fuzzy inputs 8 7.921168526113137
worker_16 | g=7, diversidad=7.921168526113137, C1=1.7590032713855936, C2=1.489223696283324
worker_16 | 7   10      3666.92 1246.91 1666.67         5000
worker_16 | defaultdict(<class 'deap.tools.support.Logbook'>, {})
worker_16 | poblacion enviada...  0.0056086159647256465
worker_16 | poblacion recibida...  PSO PSO-4
worker_16 | primero diversidad 8.528972350981416
worker_1  | fuzzy inputs 4 5.259039636027918
worker_1  | g=3, diversidad=5.259039636027918, C1=1.4787681651744582, C2=1.2995675673785756
worker_1  | 3   10      3110.95 1660    667.633         5000
worker_10 | fuzzy inputs 2 5.729938485553598
worker_10 | g=1, diversidad=5.729938485553598, C1=1.2259259259259263, C2=1.4971708038458529
worker_10 | 1   10      2266.8  1306.34 0.0272612       4000
worker_12 | fuzzy inputs 8 5.0585209714190675
worker_12 | g=7, diversidad=5.0585209714190675, C1=1.7345296233850906, C2=1.2342126984073816
worker_12 | 7   10      3400.16 1678.59 0.0147023       5000
worker_12 | defaultdict(<class 'deap.tools.support.Logbook'>, {})
worker_12 | poblacion enviada...  0.0056086159647256465
worker_12 | poblacion recibida...  PSO PSO-10
worker_12 | primero diversidad 7.25551559123315
worker_3  | fuzzy inputs 8 5.0074222029867395
worker_3  | g=7, diversidad=5.0074222029867395, C1=1.7353064152976745, C2=1.216164709379852
worker_3  | 7   10      3333.49 1490.64 0.110953        5000
worker_3  | defaultdict(<class 'deap.tools.support.Logbook'>, {})
worker_3  | poblacion enviada...  0.0056086159647256465
worker_3  | poblacion recibida...  PSO PSO-9
worker_3  | primero diversidad 6.081105034822212
worker_14 | fuzzy inputs 2 8.969445089985856
worker_14 | g=1, diversidad=8.969445089985856, C1=1.1936936936936937, C2=1.4879629629629632
worker_14 | 1   10      3333.36 1490.7  0.0328964       5000
worker_13 | fuzzy inputs 2 6.620490676069514
worker_13 | g=1, diversidad=6.620490676069514, C1=1.2097364901361403, C2=1.4831301617379171
worker_13 | 1   10      3066.68 1590.23 0.0576048       5000
worker_15 | fuzzy inputs 7 9.437808964567884
worker_15 | g=6, diversidad=9.437808964567884, C1=1.5602836879432629, C2=1.4879629629629632
worker_15 | 6   10      1966.84 1177.9  0.065737        4000
worker_6  | fuzzy inputs 2 6.635873741415537
worker_6  | g=1, diversidad=6.635873741415537, C1=1.2094679411457534, C2=1.483270425229025
worker_6  | 1   10      1733.39 1611.04 0.0259155       5000
worker_8  | fuzzy inputs 1 18.778180882583367
worker_8  | g=0, diversidad=18.778180882583367, C1=1.175268817204301, C2=1.7650793650793657
worker_8  | gen evals   avg     std     min             max
worker_8  | 0   10      1300.28 1206.04 0.00560862      3333.5
worker_7  | fuzzy inputs 5 6.608906256051869
worker_7  | g=4, diversidad=6.608906256051869, C1=1.4830229720973105, C2=1.4781546645799655
worker_7  | 4   10      1966.9  604.613 1333.52         3333.44
worker_9  | fuzzy inputs 4 6.083922960750279
worker_9  | g=3, diversidad=6.083922960750279, C1=1.4761576227708364, C2=1.4607689170796054
worker_9  | 3   10      3333.52 745.353 1666.68         5000
worker_11 | fuzzy inputs 6 8.159883586365911
worker_11 | g=5, diversidad=8.159883586365911, C1=1.4894308943089432, C2=1.4894308943089432
worker_11 | 5   10      2466.89 1765.02 0.0280689       5000
worker_1  | fuzzy inputs 5 5.653121947286286
worker_1  | g=4, diversidad=5.653121947286286, C1=1.4745098039215692, C2=1.4071415230281936
worker_1  | 4   10      3400.3  1306.33 1666.68         5000
worker_5  | fuzzy inputs 2 6.027557809119049
worker_5  | g=1, diversidad=6.027557809119049, C1=1.224882273178219, C2=1.4750754580838665
worker_5  | 1   10      2533.41 1868.97 0.022948        5000
worker_16 | fuzzy inputs 1 8.528972350981416
worker_16 | g=0, diversidad=8.528972350981416, C1=1.1781308565690776, C2=1.4901902711841906
worker_16 | gen evals   avg     std     min             max
worker_16 | 0   10      2484.64 1889.89 0.00560862      5000
worker_3  | fuzzy inputs 1 6.081105034822212
worker_3  | g=0, diversidad=6.081105034822212, C1=1.2229746979749565, C2=1.4761057572985632
worker_3  | gen evals   avg     std     min             max
worker_3  | 0   10      3133.34 1921.8  0.00560862      5000
worker_4  | fuzzy inputs 6 9.476486476957154
worker_4  | g=5, diversidad=9.476486476957154, C1=1.4894308943089432, C2=1.4894308943089432
worker_4  | 5   10      3333.38 1679.93 0.0265519       5000
worker_13 | fuzzy inputs 3 5.449671351130341
worker_13 | g=2, diversidad=5.449671351130341, C1=1.4390245843456053, C2=1.4567996881798133
worker_13 | 2   10      3400.26 1610.99 0.0461372       5000
worker_14 | fuzzy inputs 3 7.6820471527782885
worker_14 | g=2, diversidad=7.6820471527782885, C1=1.4257383966244728, C2=1.4788617886178865
worker_14 | 2   10      3633.7  1079.18 1666.89         5000
worker_10 | fuzzy inputs 3 5.072999859984265
worker_10 | g=2, diversidad=5.072999859984265, C1=1.4257383966244728, C2=1.4679044986019154
worker_10 | 2   10      2633.37 1516.19 0.0323864       5000
worker_12 | fuzzy inputs 1 7.25551559123315
worker_12 | g=0, diversidad=7.25551559123315, C1=1.1984359854418998, C2=1.4870859389100892
worker_12 | gen evals   avg     std     min             max
worker_12 | 0   10      2200.17 1956.25 0.00560862      5000
worker_15 | fuzzy inputs 8 8.524270667106396
worker_15 | g=7, diversidad=8.524270667106396, C1=1.7636022435894427, C2=1.4901840025342619
worker_15 | 7   10      2800.18 1950.31 0.0182495       5000
worker_15 | defaultdict(<class 'deap.tools.support.Logbook'>, {})
worker_15 | poblacion enviada...  0.0056086159647256465
worker_15 | poblacion recibida...  PSO PSO-2
worker_15 | primero diversidad 8.661962963948168
worker_6  | fuzzy inputs 3 6.593535281552695
worker_6  | g=2, diversidad=6.593535281552695, C1=1.4257383966244728, C2=1.472640091826839
worker_6  | 2   10      1800.24 1439.18 0.00693228      5000
worker_1  | fuzzy inputs 6 6.2310234292756475
worker_1  | g=5, diversidad=6.2310234292756475, C1=1.4785842488506562, C2=1.46681715598725
worker_1  | 5   10      3300.38 1345.11 0.494299        5000
worker_8  | fuzzy inputs 2 14.320708906918444
worker_8  | g=1, diversidad=14.320708906918444, C1=1.1936936936936937, C2=1.6014188889667025
worker_8  | 1   10      3433.4  1247.57 1666.77         5000
worker_9  | fuzzy inputs 5 6.922066016448559
worker_9  | g=4, diversidad=6.922066016448559, C1=1.4855115707272877, C2=1.4846715303969626
worker_9  | 4   10      2833.49 1978.96 0.0271142       5000
worker_13 | fuzzy inputs 4 4.352434801048189
worker_13 | g=3, diversidad=4.352434801048189, C1=1.4852986005708229, C2=1.2055659952292817
worker_13 | 3   10      3400.63 1217.93 1666.67         5000
worker_12 | fuzzy inputs 2 6.8756070371138795
worker_12 | g=1, diversidad=6.8756070371138795, C1=1.20577681189905, C2=1.4851894883449632
worker_12 | 1   10      4000.27 1333.19 1666.67         5000
worker_16 | fuzzy inputs 2 7.032852446814475
worker_16 | g=1, diversidad=7.032852446814475, C1=1.2033791068661475, C2=1.4861680899215683
worker_16 | 1   10      3366.7  1508.84 0.0166174       5000
worker_3  | fuzzy inputs 2 6.025335062495927
worker_11 | fuzzy inputs 7 6.390586721953429
worker_3  | g=1, diversidad=6.025335062495927, C1=1.2249648250115854, C2=1.4750307662374453
worker_11 | g=6, diversidad=6.390586721953429, C1=1.505300948236913, C2=1.4722107610593644
worker_3  | 1   10      3759.59 1740.1  262.459         5000
worker_11 | 6   10      3366.69 1079.59 1666.7          5000
worker_7  | fuzzy inputs 6 7.0855324822415
worker_7  | g=5, diversidad=7.0855324822415, C1=1.4863968320602898, C2=1.4863968320602898
worker_7  | 5   10      2133.58 1056.05 0.38698         4000
worker_14 | fuzzy inputs 4 5.452089116741005
worker_14 | g=3, diversidad=5.452089116741005, C1=1.47655009571841, C2=1.3553145346980802
worker_14 | 3   10      3466.68 1777.62 0.0284705       5000
worker_15 | fuzzy inputs 1 8.661962963948168
worker_15 | g=0, diversidad=8.661962963948168, C1=1.1763890030095716, C2=1.490364327258361
worker_15 | gen evals   avg     std     min             max
worker_15 | 0   10      2733.71 1737.28 0.00560862      5000
worker_4  | fuzzy inputs 7 9.479060725175849
worker_4  | g=6, diversidad=9.479060725175849, C1=1.5602836879432629, C2=1.4879629629629632
worker_4  | 6   10      3300.08 1615.46 666.925         5000
worker_5  | fuzzy inputs 3 6.315391449060717
worker_5  | g=2, diversidad=6.315391449060717, C1=1.4257383966244728, C2=1.4684817765906435
worker_5  | 2   10      2000.15 1626.05 0.0141645       4000
worker_1  | fuzzy inputs 7 5.925836957957996
worker_1  | g=6, diversidad=5.925836957957996, C1=1.4745098039215692, C2=1.4540029120177524
worker_1  | 6   10      3733.38 1665.26 666.937         5000
worker_10 | fuzzy inputs 4 4.605574601242907
worker_10 | g=3, diversidad=4.605574601242907, C1=1.483917412093383, C2=1.2082270478461834
worker_10 | 3   10      2166.86 1470.12 0.00992122      5000
worker_13 | fuzzy inputs 5 5.413007634182065
worker_13 | g=4, diversidad=5.413007634182065, C1=1.4770357664830558, C2=1.3445380771700943
worker_13 | 4   10      3800.34 1719.79 2.95267         5000
worker_12 | fuzzy inputs 3 5.372453522335832
worker_12 | g=2, diversidad=5.372453522335832, C1=1.4337221068229113, C2=1.4613915149769892
worker_12 | 2   10      3167.15 1166.73 1666.67         5000
worker_3  | fuzzy inputs 3 5.1326316576675435
worker_3  | g=2, diversidad=5.1326316576675435, C1=1.4257383966244728, C2=1.468123040842641
worker_3  | 2   10      3500.91 2033.14 0.0676898       5000
worker_8  | fuzzy inputs 3 10.233089098081294
worker_8  | g=2, diversidad=10.233089098081294, C1=1.4257383966244728, C2=1.4788617886178865
worker_8  | 2   10      3348.98 1561.76 0.00370809      5000
worker_9  | fuzzy inputs 6 7.680105171362474
worker_9  | g=5, diversidad=7.680105171362474, C1=1.488536474153783, C2=1.488536474153783
worker_9  | 5   10      2641.55 2273.18 0.0313815       5000
worker_11 | fuzzy inputs 8 6.016962482613618
worker_11 | g=7, diversidad=6.016962482613618, C1=1.7244023741978127, C2=1.4575792870625648
worker_11 | 7   10      2500.05 1707.79 0.056356        5000
worker_11 | defaultdict(<class 'deap.tools.support.Logbook'>, {})
worker_11 | poblacion enviada...  0.0056086159647256465
worker_11 | poblacion recibida...  PSO PSO-6
worker_11 | primero diversidad 8.058580948294951
worker_6  | fuzzy inputs 4 5.575952101675676
worker_6  | g=3, diversidad=5.575952101675676, C1=1.4748653541613024, C2=1.3879126205893126
worker_6  | 3   10      1666.79 1843.87 0.0287796       5000
worker_16 | fuzzy inputs 3 5.86180149207507
worker_16 | g=2, diversidad=5.86180149207507, C1=1.4500000000000006, C2=1.4513149827432041
worker_16 | 2   10      3033.34 1479.1  0.043921        5000
worker_1  | fuzzy inputs 8 6.107105323599833
worker_1  | g=7, diversidad=6.107105323599833, C1=1.7273290280949143, C2=1.4618040917022526
worker_1  | 7   10      4233.46 1229.62 1666.72         5000
worker_1  | defaultdict(<class 'deap.tools.support.Logbook'>, {})
worker_1  | poblacion enviada...  0.0056086159647256465
worker_1  | poblacion recibida...  PSO PSO-1
worker_1  | primero diversidad 7.376126431882035
worker_14 | fuzzy inputs 5 5.803611873616512
worker_14 | g=4, diversidad=5.803611873616512, C1=1.4745098039215687, C2=1.443114830511201
worker_14 | 4   10      1333.62 1453.01 0.0127214       3333.38
worker_15 | fuzzy inputs 2 7.303384318610639
worker_15 | g=1, diversidad=7.303384318610639, C1=1.1974553605255098, C2=1.4872675756609752
worker_15 | 1   10      2233.8  1490.92 0.0441812       5000
worker_12 | fuzzy inputs 4 4.813063936704509
worker_12 | g=3, diversidad=4.813063936704509, C1=1.4825756142375808, C2=1.2107965922031643
worker_12 | 3   10      3166.68 1572.32 0.031807        5000
worker_7  | fuzzy inputs 7 7.295259124097075
worker_7  | g=6, diversidad=7.295259124097075, C1=1.5532536197832099, C2=1.487237105696651
worker_7  | 6   10      2166.99 1117.95 0.366119        4000
worker_3  | fuzzy inputs 4 4.131249213467475
worker_3  | g=3, diversidad=4.131249213467475, C1=1.486239488325812, C2=1.2029953151887962
worker_3  | 3   10      3300.02 1608.64 0.0164141       5000
worker_9  | fuzzy inputs 7 7.465582320485432
worker_9  | g=6, diversidad=7.465582320485432, C1=1.5591277174307576, C2=1.4878467724375992
worker_9  | 6   10      3481.93 1403.24 149.503         5000
worker_8  | fuzzy inputs 4 8.628161220897713
worker_8  | g=3, diversidad=8.628161220897713, C1=1.4894308943089432, C2=1.4894308943089432
worker_8  | 3   10      3300.06 1974.51 0.015401        5000
worker_4  | fuzzy inputs 8 9.212892034981849
worker_4  | g=7, diversidad=9.212892034981849, C1=1.766666666666667, C2=1.490862916832454
worker_4  | 7   10      2713.33 1327.41 0.0247711       5000
worker_4  | defaultdict(<class 'deap.tools.support.Logbook'>, {})
worker_4  | poblacion enviada...  0.0056086159647256465
worker_4  | poblacion recibida...  PSO PSO-12
worker_4  | primero diversidad 7.712863350025568
worker_13 | fuzzy inputs 6 6.183607097454172
worker_13 | g=5, diversidad=6.183607097454172, C1=1.47785782951852, C2=1.4649956831349225
worker_13 | 5   10      2233.73 1291.4  0.0531479       5000
worker_16 | fuzzy inputs 4 5.450712308739244
worker_16 | g=3, diversidad=5.450712308739244, C1=1.4765675543409962, C2=1.3549390373455312
worker_16 | 3   10      3400.07 963.778 1666.68         5000
worker_5  | fuzzy inputs 4 4.341644811243021
worker_5  | g=3, diversidad=4.341644811243021, C1=1.4853522208901695, C2=1.205462357315636
worker_5  | 3   10      1966.82 1464.12 0.0202134       4000
worker_10 | fuzzy inputs 5 5.646450493249828
worker_10 | g=4, diversidad=5.646450493249828, C1=1.474509803921569, C2=1.4055023821757349
worker_10 | 4   10      2733.44 1323.26 0.0406205       5000
worker_11 | fuzzy inputs 1 8.058580948294951
worker_11 | g=0, diversidad=8.058580948294951, C1=1.184818493339461, C2=1.4895207312118284
worker_11 | gen evals   avg     std     min             max
worker_11 | 0   10      2800.04 1863.07 0.00560862      5000
worker_15 | fuzzy inputs 3 6.17141986697744
worker_15 | g=2, diversidad=6.17141986697744, C1=1.4328877193900438, C2=1.46450897309847
worker_15 | 2   10      4066.67 1511.43 0.0142001       5000
worker_1  | fuzzy inputs 1 7.376126431882035
worker_1  | g=0, diversidad=7.376126431882035, C1=1.1960154452190748, C2=1.4875340169057454
worker_1  | gen evals   avg     std     min             max
worker_1  | 0   10      2540.88 2210.86 0.00560862      5000
worker_12 | fuzzy inputs 5 6.323945011200597
worker_12 | g=4, diversidad=6.323945011200597, C1=1.4798779334988286, C2=1.4700844213992674
worker_12 | 4   10      2833.86 1833.08 0.0688698       5000
worker_14 | fuzzy inputs 6 6.922134509287389
worker_14 | g=5, diversidad=6.922134509287389, C1=1.485512035220949, C2=1.4846727577914163
worker_14 | 5   10      2633.41 1760.33 0.0072984       5000
worker_6  | fuzzy inputs 5 5.35181260444314
worker_6  | g=4, diversidad=5.35181260444314, C1=1.4777571020980012, C2=1.3271591321100003
worker_6  | 4   10      1633.42 1345.38 0.011209        4000
worker_9  | fuzzy inputs 8 6.441096335094025
worker_9  | g=7, diversidad=6.441096335094025, C1=1.7356746122703792, C2=1.4737159714576125
worker_9  | 7   10      2733.64 1830.45 0.2194          5000
worker_9  | defaultdict(<class 'deap.tools.support.Logbook'>, {})
worker_9  | poblacion enviada...  0.0056086159647256465
worker_9  | poblacion recibida...  PSO PSO-14
worker_9  | primero diversidad 7.377026805902075
worker_15 | fuzzy inputs 4 4.687914141549447
worker_15 | g=3, diversidad=4.687914141549447, C1=1.4834104483230746, C2=1.209199685410333
worker_15 | 3   10      3900.18 1291.32 1666.7          5000
worker_13 | fuzzy inputs 7 6.201416353167011
worker_13 | g=6, diversidad=6.201416353167011, C1=1.4912221025375523, C2=1.4656930138096127
worker_13 | 6   10      3100.09 1807.56 0.746225        5000
worker_16 | fuzzy inputs 5 5.923306554970596
worker_16 | g=4, diversidad=5.923306554970596, C1=1.474509803921569, C2=1.4539031582811717
worker_16 | 4   10      2400.66 1930.56 0.00517253      5000
worker_3  | fuzzy inputs 5 5.238967087406487
worker_3  | g=4, diversidad=5.238967087406487, C1=1.4789749435496378, C2=1.2933898136587547
worker_3  | 4   10      2606.96 1551.14 0.0233557       5000
worker_5  | fuzzy inputs 5 4.918707556033328
worker_5  | g=4, diversidad=4.918707556033328, C1=1.4818025990704655, C2=1.2122699837638333
worker_5  | 4   10      2866.99 1606.78 0.505667        5000
worker_11 | fuzzy inputs 2 6.870777328088822
worker_11 | g=1, diversidad=6.870777328088822, C1=1.2058430738736734, C2=1.4851551822063227
worker_11 | 1   10      4166.75 1117.93 1666.94         5000
worker_8  | fuzzy inputs 5 8.284142766009577
worker_8  | g=4, diversidad=8.284142766009577, C1=1.4898528324908755, C2=1.4898528324908755
worker_8  | 4   10      2133.56 1368.03 0.0842761       5000
worker_7  | fuzzy inputs 8 6.41246497799191
worker_7  | g=7, diversidad=6.41246497799191, C1=1.7350797206151722, C2=1.4728734360632998
worker_7  | 7   10      2167.06 1701.04 0.503268        5000
worker_7  | defaultdict(<class 'deap.tools.support.Logbook'>, {})
worker_7  | poblacion enviada...  0.08142498741396559
worker_7  | poblacion recibida...  PSO PSO-11
worker_7  | primero diversidad 8.22579962280099
worker_4  | fuzzy inputs 1 7.712863350025568
worker_4  | g=0, diversidad=7.712863350025568, C1=1.1900473620334955, C2=1.488634962925424
worker_4  | gen evals   avg     std     min             max
worker_4  | 0   10      2033.44 1894.1  0.00560862      5000
worker_12 | fuzzy inputs 6 6.7884501554502625
worker_12 | g=5, diversidad=6.7884501554502625, C1=1.4845449510241904, C2=1.4821262679021308
worker_12 | 5   10      2834.06 1675.15 0.169996        5000
worker_10 | fuzzy inputs 6 5.231150690071472
worker_10 | g=5, diversidad=5.231150690071472, C1=1.4790543791056343, C2=1.2909633872165476
worker_10 | 5   10      1900.12 1838.12 0.016707        5000
worker_14 | fuzzy inputs 7 5.961507149624142
worker_14 | g=6, diversidad=5.961507149624142, C1=1.4745098039215687, C2=1.455357907838351
worker_14 | 6   10      2815.22 1691.8  0.00890807      5000
worker_15 | fuzzy inputs 5 6.236541940968729
worker_15 | g=4, diversidad=6.236541940968729, C1=1.4786657079217638, C2=1.467021998499633
worker_15 | 4   10      4000.25 1527.31 0.515129        5000
worker_9  | fuzzy inputs 1 7.377026805902075
worker_9  | g=0, diversidad=7.377026805902075, C1=1.1959979894263402, C2=1.4875372449646413
worker_9  | gen evals   avg     std     min             max
worker_9  | 0   10      3066.69 1638.41 0.00560862      5000
worker_11 | fuzzy inputs 3 5.087991123106054
worker_11 | g=2, diversidad=5.087991123106054, C1=1.4257383966244728, C2=1.4679597209818864
worker_11 | 2   10      3533.7  1087.02 1667.88         5000
worker_6  | fuzzy inputs 6 4.662030511872013
worker_6  | g=5, diversidad=4.662030511872013, C1=1.4835732242058324, C2=1.2088876300163283
worker_6  | 5   10      2633.41 1149.37 1666.67         5000
worker_16 | fuzzy inputs 6 6.755793117694671
worker_16 | g=5, diversidad=6.755793117694671, C1=1.4842887602008972, C2=1.4814546688493224
worker_16 | 5   10      3533.48 1343.27 1666.68         5000
worker_13 | fuzzy inputs 8 5.014026420247506
worker_13 | g=7, diversidad=5.014026420247506, C1=1.735207774042925, C2=1.218531741465569
worker_13 | 7   10      2900.02 1342.05 0.0177906       5000
worker_13 | defaultdict(<class 'deap.tools.support.Logbook'>, {})
worker_13 | poblacion enviada...  0.0056086159647256465
worker_13 | poblacion recibida...  PSO PSO-8
worker_13 | primero diversidad 5.472386764546011
worker_3  | fuzzy inputs 6 4.923706822033584
worker_3  | g=5, diversidad=4.923706822033584, C1=1.4817643152220736, C2=1.2123428228998139
worker_3  | 5   10      2633.35 1516.19 0.0500674       5000
worker_14 | fuzzy inputs 8 5.868572981400968
worker_14 | g=7, diversidad=5.868572981400968, C1=1.7238095238095241, C2=1.451616240800385
worker_14 | 7   10      4100.01 989.377 1666.7          5000
worker_14 | defaultdict(<class 'deap.tools.support.Logbook'>, {})
worker_14 | poblacion enviada...  0.0056086159647256465
worker_12 | fuzzy inputs 7 6.548860335188827
worker_14 | poblacion recibida...  PSO PSO-7
worker_12 | g=6, diversidad=6.548860335188827, C1=1.516043909611181, C2=1.4766573416373667
worker_12 | 6   10      3000.16 1795.06 0.0555448       5000
worker_14 | primero diversidad 4.015308117559531
worker_8  | fuzzy inputs 6 9.127825723776303
worker_8  | g=5, diversidad=9.127825723776303, C1=1.4894308943089432, C2=1.4894308943089432
worker_8  | 5   10      2100.03 1505.89 0.0647911       5000
worker_5  | fuzzy inputs 6 5.2576924624827015
worker_5  | g=5, diversidad=5.2576924624827015, C1=1.4787821703943713, C2=1.2991553293332783
worker_5  | 5   10      2500.2  1565.14 0.102339        5000
worker_7  | fuzzy inputs 1 20.1500099794626
worker_7  | Traceback (most recent call last):
worker_7  |   File "worker.py", line 38, in <module>
worker_7  |     pob_evolucionada = main(mensaje_python)
worker_7  |   File "/Worker/algorithms/PSO.py", line 98, in main
worker_7  |     phi1, phi2 = fis_opt_Ajuste(g+1, diver, False)
worker_7  |   File "/Worker/lib/fisAjusteC1_C2.py", line 138, in fis_opt_Ajuste
worker_7  |     resultC1 = fuzz.defuzz(x_C1, aggregatedC1, 'centroid')
worker_7  |   File "/usr/local/lib/python3.7/site-packages/skfuzzy/defuzzify/defuzz.py", line 248, in defuzz
worker_7  |     assert not zero_truth_degree, 'Total area is zero in defuzzification!'
worker_7  | AssertionError: Total area is zero in defuzzification!
fuzzy-control_worker_7 exited with code 1
worker_10 | fuzzy inputs 7 5.160285652617034
worker_10 | g=6, diversidad=5.160285652617034, C1=1.4997798446275745, C2=1.2684172202650517
worker_10 | 6   10      3133.38 1713.93 0.0591396       5000
worker_4  | fuzzy inputs 2 6.871120952229571
worker_4  | g=1, diversidad=6.871120952229571, C1=1.2058383496609844, C2=1.4851576282701247
worker_4  | 1   10      2966.78 1417.73 666.714         5000
worker_15 | fuzzy inputs 6 6.328166911970847
worker_15 | g=5, diversidad=6.328166911970847, C1=1.4799330103074217, C2=1.4702241905210423
worker_15 | 5   10      2133.55 1477.38 0.00668854      5000
worker_13 | fuzzy inputs 1 5.472386764546011
worker_13 | g=0, diversidad=5.472386764546011, C1=1.2226333039721216, C2=1.5612882338503922
worker_13 | gen evals   avg     std     min             max
worker_13 | 0   10      2566.69 1989.14 0.00560862      5000
worker_11 | fuzzy inputs 4 4.561249082675824
worker_11 | g=3, diversidad=4.561249082675824, C1=1.4841777019373232, C2=1.2077268145770068
worker_11 | 3   10      3833.38 897.412 1667.13         5000
worker_9  | fuzzy inputs 2 7.429181090430461
worker_9  | g=1, diversidad=7.429181090430461, C1=1.1950016419187792, C2=1.4877214197223168
worker_9  | 1   10      2800.12 1536.26 0.00314181      5000
worker_3  | fuzzy inputs 7 5.09372526364563
worker_3  | g=6, diversidad=5.09372526364563, C1=1.5032372841886075, C2=1.246299924910961
worker_3  | 6   10      3066.99 1658.37 0.131377        5000
worker_16 | fuzzy inputs 7 6.875792365000133
worker_16 | g=6, diversidad=6.875792365000133, C1=1.5357165565420763, C2=1.4838249095225557
worker_16 | 6   10      2100.94 1861.94 0.00883441      5000
worker_14 | fuzzy inputs 1 4.015308117559531
worker_14 | g=0, diversidad=4.015308117559531, C1=1.20109816369801, C2=1.7469277096695848
worker_14 | gen evals   avg     std     min             max
worker_14 | 0   10      2633.34 1940.5  0.00560862      5000
worker_6  | fuzzy inputs 7 5.101553452215432
worker_6  | g=6, diversidad=5.101553452215432, C1=1.502835195323493, C2=1.248950404805679
worker_6  | 6   10      2433.36 1891.77 0.0248465       5000
worker_12 | fuzzy inputs 8 6.553303917258365
worker_12 | g=7, diversidad=6.553303917258365, C1=1.7378379182467512, C2=1.4767714137729948
worker_12 | 7   10      2733.42 1496.63 0.0226122       5000
worker_12 | defaultdict(<class 'deap.tools.support.Logbook'>, {})
worker_12 | poblacion enviada...  0.0056086159647256465
worker_12 | poblacion recibida...  PSO PSO-10
worker_12 | primero diversidad 5.367018385976949
worker_5  | fuzzy inputs 7 5.029266412521507
worker_5  | g=6, diversidad=5.029266412521507, C1=1.5065032663907436, C2=1.2239545525108124
worker_5  | 6   10      2600.22 1787.43 0.0202655       5000
worker_8  | fuzzy inputs 7 9.152584325605117
worker_8  | g=6, diversidad=9.152584325605117, C1=1.5602836879432629, C2=1.4879629629629632
worker_8  | 6   10      2733.38 1511.4  0.0415182       5000
worker_4  | fuzzy inputs 3 5.0503289580564195
worker_4  | g=2, diversidad=5.0503289580564195, C1=1.4257383966244728, C2=1.467820624668369
worker_4  | 2   10      3637.28 1610.78 666.723         5000
worker_15 | fuzzy inputs 7 6.767691377391279
worker_15 | g=6, diversidad=6.767691377391279, C1=1.5295532863002075, C2=1.4817017767525555
worker_15 | 6   10      2166.72 1499.98 0.0241968       5000
worker_3  | fuzzy inputs 8 5.7067053160657535
worker_3  | g=7, diversidad=5.7067053160657535, C1=1.723809523809524, C2=1.4201676668239493
worker_3  | 7   10      4066.78 1083.12 1666.7          5000
worker_3  | defaultdict(<class 'deap.tools.support.Logbook'>, {})
worker_3  | poblacion enviada...  0.0056086159647256465
worker_3  | poblacion recibida...  PSO PSO-9
worker_3  | primero diversidad 6.884895170544558
worker_11 | fuzzy inputs 5 5.901420006063445
worker_11 | g=4, diversidad=5.901420006063445, C1=1.4745098039215694, C2=1.4530190465214283
worker_11 | 4   10      3467.01 1087.25 1666.67         5000
worker_13 | fuzzy inputs 2 6.315082115379441
worker_13 | g=1, diversidad=6.315082115379441, C1=1.2161365793848629, C2=1.4797613233703513
worker_13 | 1   10      3426.37 1474.5  1666.73         5000
worker_9  | fuzzy inputs 3 6.202202058254858
worker_9  | g=2, diversidad=6.202202058254858, C1=1.4300388527976462, C2=1.4657234059482318
worker_9  | 2   10      3211.05 1448.28 0.0156391       5000
redis_1   | 1:M 12 Jun 2023 20:06:46.011 * 100 changes in 300 seconds. Saving...
redis_1   | 1:M 12 Jun 2023 20:06:46.012 * Background saving started by pid 16
redis_1   | 16:C 12 Jun 2023 20:06:46.014 * DB saved on disk
redis_1   | 16:C 12 Jun 2023 20:06:46.015 * Fork CoW for RDB: current 0 MB, peak 0 MB, average 0 MB
redis_1   | 1:M 12 Jun 2023 20:06:46.119 * Background saving terminated with success
worker_14 | fuzzy inputs 2 5.230174217483058
worker_14 | g=1, diversidad=5.230174217483058, C1=1.2174490003748302, C2=1.6381343312092154
worker_14 | 1   10      3533.65 1146.76 1667.68         5000
worker_10 | fuzzy inputs 8 5.368969469522261
worker_10 | g=7, diversidad=5.368969469522261, C1=1.7290315012427049, C2=1.332095248375269
worker_10 | 7   10      2500.81 1024.05 666.695         4000
worker_10 | defaultdict(<class 'deap.tools.support.Logbook'>, {})
worker_10 | poblacion enviada...  0.006179061720315185
worker_10 | poblacion recibida...  PSO PSO-0
worker_10 | primero diversidad 6.597384947124381
worker_16 | fuzzy inputs 8 6.466163222495864
worker_16 | g=7, diversidad=6.466163222495864, C1=1.7361804559764407, C2=1.474431603339028
worker_16 | 7   10      2933.61 1658.42 0.202862        5000
worker_16 | defaultdict(<class 'deap.tools.support.Logbook'>, {})
worker_16 | poblacion enviada...  0.005172527651901422
worker_16 | poblacion recibida...  PSO PSO-4
worker_16 | primero diversidad 6.058253891202782
worker_6  | fuzzy inputs 8 5.80037583451563
worker_6  | g=7, diversidad=5.80037583451563, C1=1.7238095238095241, C2=1.4423609215243298
worker_6  | 7   10      1900.14 1577.82 0.0224199       5000
worker_6  | defaultdict(<class 'deap.tools.support.Logbook'>, {})
worker_6  | poblacion enviada...  0.006488734150441637
worker_6  | poblacion recibida...  PSO PSO-5
worker_6  | primero diversidad 7.348435864122655
worker_12 | fuzzy inputs 1 5.367018385976949
worker_12 | g=0, diversidad=5.367018385976949, C1=1.2202261963889742, C2=1.5921613865823274
worker_12 | gen evals   avg     std     min             max
worker_12 | 0   10      2000.16 1632.96 0.00560862      5000
worker_3  | fuzzy inputs 1 6.884895170544558
worker_3  | g=0, diversidad=6.884895170544558, C1=1.205650210665929, C2=1.485255019624056
worker_3  | gen evals   avg     std     min             max
worker_3  | 0   10      3000.04 1943.63 0.00560862      5000
worker_4  | fuzzy inputs 4 4.081399060141509
worker_4  | g=3, diversidad=4.081399060141509, C1=1.486393340089192, C2=1.2021678907434583
worker_4  | 3   10      3333.61 1490.42 1666.74         5000
worker_8  | fuzzy inputs 8 7.344636880872641
worker_8  | g=7, diversidad=7.344636880872641, C1=1.7506141408930822, C2=1.487420057662985
worker_8  | 7   10      2533.37 1808.61 0.0274353       5000
worker_8  | defaultdict(<class 'deap.tools.support.Logbook'>, {})
worker_8  | poblacion enviada...  0.0037080876334134975
worker_8  | poblacion recibida...  PSO PSO-3
worker_8  | primero diversidad 7.5446435066691855
worker_15 | fuzzy inputs 8 6.397240780564258
worker_15 | g=7, diversidad=6.397240780564258, C1=1.7347556791407965, C2=1.4724140802520636
worker_15 | 7   10      2900.12 1862.07 0.0250551       5000
worker_15 | defaultdict(<class 'deap.tools.support.Logbook'>, {})
worker_15 | poblacion enviada...  0.0056086159647256465
worker_15 | poblacion recibida...  PSO PSO-2
worker_15 | primero diversidad 6.045111747912454
worker_9  | fuzzy inputs 4 5.570927989734342
worker_9  | g=3, diversidad=5.570927989734342, C1=1.474938387137112, C2=1.3866343853936924
worker_9  | 3   10      3633.43 1463.98 1666.68         5000
worker_11 | fuzzy inputs 6 6.232513322888163
worker_11 | g=5, diversidad=6.232513322888163, C1=1.4786063024946148, C2=1.4668726018703573
worker_11 | 5   10      2866.74 1606.84 0.0147683       5000
worker_13 | fuzzy inputs 3 6.4591795187793375
worker_13 | g=2, diversidad=6.4591795187793375, C1=1.4257383966244728, C2=1.47062156451955
worker_13 | 2   10      3400.14 1775.02 0.345474        5000
worker_5  | fuzzy inputs 8 4.860769664980506
worker_5  | g=7, diversidad=4.860769664980506, C1=1.7373724650045606, C2=1.2114467537676432
worker_5  | 7   10      1466.82 1431.33 0.00798948      5000
worker_5  | defaultdict(<class 'deap.tools.support.Logbook'>, {})
worker_5  | poblacion enviada...  0.0074357373791376245
worker_5  | poblacion recibida...  PSO PSO-15
worker_5  | primero diversidad 6.722017962105718
worker_14 | fuzzy inputs 3 5.10132220560118
worker_14 | g=2, diversidad=5.10132220560118, C1=1.4257383966244728, C2=1.4680086684757672
worker_14 | 2   10      3933.39 1218.27 1666.69         5000
worker_16 | fuzzy inputs 1 6.058253891202782
worker_16 | g=0, diversidad=6.058253891202782, C1=1.2237701580085212, C2=1.4756766855672845
worker_16 | gen evals   avg     std     min             max
worker_16 | 0   10      2333.51 2000.05 0.00517253      5000
worker_12 | fuzzy inputs 2 11.171890450398827
worker_12 | g=1, diversidad=11.171890450398827, C1=1.1936936936936937, C2=1.4897625799967094
worker_12 | 1   10      2000.01 1943.65 0.00464524      5000
worker_10 | fuzzy inputs 1 14.596713231874642
worker_10 | g=0, diversidad=14.596713231874642, C1=1.175268817204301, C2=1.6702698778570533
worker_10 | gen evals   avg     std     min             max
worker_10 | 0   10      1633.36 1260.06 0.00560862      3333.36
worker_11 | fuzzy inputs 7 6.093641155853196
worker_11 | g=6, diversidad=6.093641155853196, C1=1.4825192643789968, C2=1.4612069634541147
worker_11 | 6   10      3666.79 1452.88 1666.69         5000
worker_3  | fuzzy inputs 2 6.334790567094353
worker_3  | g=1, diversidad=6.334790567094353, C1=1.2156507580405818, C2=1.4800188142285637
worker_3  | 1   10      3300.11 1530.69 1333.53         5000
worker_6  | fuzzy inputs 1 18.56204838852871
worker_6  | g=0, diversidad=18.56204838852871, C1=1.175268817204301, C2=1.7650793650793657
worker_6  | gen evals   avg     std     min             max
worker_6  | 0   10      2100.17 1667.1  0.00560862      5000
worker_13 | fuzzy inputs 4 5.04366401521939
worker_13 | g=3, diversidad=5.04366401521939, C1=1.4807948223909806, C2=1.2290277323200713
worker_13 | 3   10      3166.78 1892.97 0.00881276      5000
worker_9  | fuzzy inputs 5 6.806398140365746
worker_9  | g=4, diversidad=6.806398140365746, C1=1.4846822248412932, C2=1.4824866427196335
worker_9  | 4   10      3467.03 1578.97 0.0755039       5000
worker_4  | fuzzy inputs 5 6.380346534688169
worker_4  | g=4, diversidad=6.380346534688169, C1=1.480589643178044, C2=1.4718947806467149
worker_4  | 4   10      3333.67 1971.94 0.03814         5000
worker_8  | fuzzy inputs 1 7.5446435066691855
worker_8  | g=0, diversidad=7.5446435066691855, C1=1.1928945998619933, C2=1.4881104055159196
worker_8  | gen evals   avg     std     min             max
worker_8  | 0   10      2033.37 1747.7  0.00370809      5000
worker_15 | fuzzy inputs 1 6.045111747912454
worker_15 | g=0, diversidad=6.045111747912454, C1=1.2242400158113906, C2=1.4754228653928234
worker_15 | gen evals   avg     std     min             max
worker_15 | 0   10      1733.35 1743.56 0.00560862      5000
worker_5  | fuzzy inputs 1 13.23961635364185
worker_5  | g=0, diversidad=13.23961635364185, C1=1.1821418101585102, C2=1.5373735273858553
worker_5  | gen evals   avg     std     min             max
worker_5  | 0   10      2300.03 1876.46 0.00517253      5000
worker_14 | fuzzy inputs 4 4.610567237369376
worker_14 | g=3, diversidad=4.610567237369376, C1=1.4838875565377785, C2=1.2082843881582208
worker_14 | 3   10      3266.7  1611.04 0.0354518       5000
worker_16 | fuzzy inputs 2 7.6805476951399285
worker_16 | g=1, diversidad=7.6805476951399285, C1=1.1936936936936937, C2=1.4879629629629632
worker_16 | 1   10      2833.68 749.083 1666.68         4000
worker_12 | fuzzy inputs 3 9.287519775097094
worker_12 | g=2, diversidad=9.287519775097094, C1=1.4257383966244728, C2=1.4788617886178865
worker_12 | 2   10      3400.05 1072.88 1666.68         5000
worker_4  | fuzzy inputs 6 6.268168127565238
worker_4  | g=5, diversidad=6.268168127565238, C1=1.4791208467484327, C2=1.4681687080259553
worker_4  | 5   10      3167.36 1383.98 1666.7          5000
worker_3  | fuzzy inputs 3 8.479020601066342
worker_3  | g=2, diversidad=8.479020601066342, C1=1.4257383966244728, C2=1.4788617886178865
worker_3  | 2   10      3166.95 1572.32 0.00522764      5000
worker_13 | fuzzy inputs 5 5.634833308402875
worker_13 | g=4, diversidad=5.634833308402875, C1=1.4745098039215692, C2=1.4026388375425647
worker_13 | 4   10      3400.18 1678.43 0.0140308       5000
worker_10 | fuzzy inputs 2 10.584440024377274
worker_10 | g=1, diversidad=10.584440024377274, C1=1.1936936936936937, C2=1.4879629629629632
worker_10 | 1   10      3700.07 1508.83 0.0591786       5000
worker_9  | fuzzy inputs 6 6.428755768716959
worker_9  | g=5, diversidad=6.428755768716959, C1=1.4811615340984485, C2=1.4733561827595885
worker_9  | 5   10      3366.8  1353.41 1334.56         5000
worker_11 | fuzzy inputs 8 5.203906742803882
worker_11 | g=7, diversidad=5.203906742803882, C1=1.732135190445653, C2=1.282413562687604
worker_11 | 7   10      2166.78 1301.67 0.0520986       5000
worker_11 | defaultdict(<class 'deap.tools.support.Logbook'>, {})
worker_11 | poblacion enviada...  0.0056086159647256465
worker_11 | poblacion recibida...  PSO PSO-6
worker_11 | primero diversidad 7.269360878445438
worker_6  | fuzzy inputs 2 13.882422219992545
worker_6  | g=1, diversidad=13.882422219992545, C1=1.1936936936936937, C2=1.5526463196898823
worker_6  | 1   10      2710.63 1673.66 0.0146792       5000
worker_15 | fuzzy inputs 2 6.703511886642815
worker_15 | g=1, diversidad=6.703511886642815, C1=1.2083364328041082, C2=1.4838604548585344
worker_15 | 1   10      3133.37 1927.55 0.0151393       5000
worker_8  | fuzzy inputs 2 7.37484172128424
worker_8  | g=1, diversidad=7.37484172128424, C1=1.196040367472337, C2=1.487529408010757
worker_8  | 1   10      2534.61 1351.45 0.046243        5000
worker_5  | fuzzy inputs 2 9.490393137826768
