worker_8  | g=1, diversidad=5.850461847422122, C1=1.225925925925926, C2=1.4745098039215694
worker_8  | 1   10      2300.06 1552.42 0.011449        5000
worker_6  | fuzzy inputs 1 7.836758832585674
worker_6  | g=0, diversidad=7.836758832585674, C1=1.1881020930285502, C2=1.4889926370458233
worker_6  | gen evals   avg     std     min             max
worker_6  | 0   10      2966.8  1734.87 0.00367177      5000
worker_1  | fuzzy inputs 7 7.024585950526534
worker_1  | g=6, diversidad=7.024585950526534, C1=1.543359166962465, C2=1.4861314958143392
worker_1  | 6   10      2200.07 1826.91 0.0192924       5000
worker_13 | fuzzy inputs 7 6.750837373051366
worker_13 | g=6, diversidad=6.750837373051366, C1=1.5285634450702537, C2=1.4813509136223306
worker_13 | 6   10      2066.71 1698.35 0.01263         5000
worker_2  | fuzzy inputs 2 7.819637879386668
worker_2  | g=1, diversidad=7.819637879386668, C1=1.1936936936936937, C2=1.4879629629629632
worker_2  | 1   10      2300.3  2152.23 0.0470896       5000
worker_11 | fuzzy inputs 5 7.881842957421762
worker_11 | g=4, diversidad=7.881842957421762, C1=1.4891172671055337, C2=1.4891172671055337
worker_11 | 4   10      2866.72 1739.69 0.0309442       5000
worker_5  | fuzzy inputs 4 4.89497726886524
worker_5  | g=3, diversidad=4.89497726886524, C1=1.4819821522797474, C2=1.2119281996095592
worker_5  | 3   10      2166.92 1529.13 0.100521        4000
worker_15 | fuzzy inputs 4 6.345345137928239
worker_15 | g=3, diversidad=6.345345137928239, C1=1.4801540339443513, C2=1.4707856384194469
worker_15 | 3   10      2867.01 1194.24 668.005         5000
worker_4  | fuzzy inputs 6 6.218000788702354
worker_4  | g=5, diversidad=6.218000788702354, C1=1.4783895324798444, C2=1.466327989174242
worker_4  | 5   10      3533.44 1627.51 0.0397924       5000
worker_10 | fuzzy inputs 7 8.184153195779853
worker_10 | g=6, diversidad=8.184153195779853, C1=1.5602836879432629, C2=1.4879629629629632
worker_10 | 6   10      1866.91 1654.57 0.0400819       5000
worker_16 | fuzzy inputs 5 6.405288423177344
worker_16 | g=4, diversidad=6.405288423177344, C1=1.4808885680276023, C2=1.4726579020045258
worker_16 | 4   10      2933.5  1331.59 666.771         5000
worker_14 | fuzzy inputs 3 8.411445195485772
worker_14 | g=2, diversidad=8.411445195485772, C1=1.4257383966244728, C2=1.4788617886178865
worker_14 | 2   10      2966.71 1530.77 0.0794636       5000
worker_12 | fuzzy inputs 3 6.958862697926362
worker_12 | g=2, diversidad=6.958862697926362, C1=1.4257383966244728, C2=1.478224101999754
worker_12 | 2   10      2300.35 1552.35 0.0278576       5000
worker_7  | fuzzy inputs 3 6.95444114662574
worker_7  | g=2, diversidad=6.95444114662574, C1=1.4257383966244728, C2=1.4781556703033358
worker_7  | 2   10      3033.54 1791.6  0.0871047       5000
worker_9  | fuzzy inputs 1 6.6748381236152055
worker_9  | g=0, diversidad=6.6748381236152055, C1=1.2088065786353797, C2=1.4836154833625026
worker_9  | gen evals   avg     std     min             max
worker_9  | 0   10      3033.36 1760.36 0.00367177      5000
worker_1  | fuzzy inputs 8 6.443442828849052
worker_1  | g=7, diversidad=6.443442828849052, C1=1.7357225475534344, C2=1.4737838178833862
worker_1  | 7   10      3266.87 1030.57 1666.91         5000
worker_1  | defaultdict(<class 'deap.tools.support.Logbook'>, {})
worker_1  | poblacion enviada...  0.003671767367096566
worker_1  | poblacion recibida...  PSO PSO-3
worker_1  | primero diversidad 7.525494294403339
worker_6  | fuzzy inputs 2 7.679887455930469
worker_6  | g=1, diversidad=7.679887455930469, C1=1.1936936936936937, C2=1.4879629629629632
worker_6  | 1   10      2466.72 1886.77 0.017157        5000
worker_2  | fuzzy inputs 3 7.048967816856342
worker_2  | g=2, diversidad=7.048967816856342, C1=1.4257383966244728, C2=1.4788617886178865
worker_2  | 2   10      1934.19 1405    0.0155872       5000
worker_8  | fuzzy inputs 3 5.489293544497961
worker_8  | g=2, diversidad=5.489293544497961, C1=1.4418310752340147, C2=1.4544186195706297
worker_8  | 2   10      1700.07 1441.04 0.0231293       4000
worker_5  | fuzzy inputs 5 6.004541538414906
worker_5  | g=4, diversidad=6.004541538414906, C1=1.4746047843254257, C2=1.4569525155170546
worker_5  | 4   10      3200.04 1564.87 0.0257031       5000
worker_11 | fuzzy inputs 6 6.861811546103956
worker_11 | g=5, diversidad=6.861811546103956, C1=1.4850910737454706, C2=1.4835620957784823
worker_11 | 5   10      2733.48 1152.59 667.366         4000
worker_13 | fuzzy inputs 8 6.2020261702719885
worker_13 | g=7, diversidad=6.2020261702719885, C1=1.7300548060408847, C2=1.4657166050647212
worker_13 | 7   10      2066.88 1624.68 0.0116353       5000
worker_13 | defaultdict(<class 'deap.tools.support.Logbook'>, {})
worker_13 | poblacion enviada...  0.003671767367096566
worker_13 | poblacion recibida...  PSO PSO-1
worker_13 | primero diversidad 7.4864291301767585
worker_12 | fuzzy inputs 4 6.16666224947498
worker_12 | g=3, diversidad=6.16666224947498, C1=1.4775861352023079, C2=1.4643168262138762
worker_12 | 3   10      3466.69 1514.35 0.028378        5000
worker_10 | fuzzy inputs 8 8.106172491480454
worker_10 | g=7, diversidad=8.106172491480454, C1=1.760749697897618, C2=1.4895925986596947
worker_10 | 7   10      2500.05 1720.76 0.0286406       5000
worker_10 | defaultdict(<class 'deap.tools.support.Logbook'>, {})
worker_10 | poblacion enviada...  0.003671767367096566
worker_10 | poblacion recibida...  PSO PSO-6
worker_10 | primero diversidad 8.226872110163974
worker_16 | fuzzy inputs 6 5.9188010314520945
worker_16 | g=5, diversidad=5.9188010314520945, C1=1.474509803921569, C2=1.4537242995896063
worker_16 | 5   10      3100.08 1183.66 1666.67         5000
worker_14 | fuzzy inputs 4 6.738741553004008
worker_14 | g=3, diversidad=6.738741553004008, C1=1.4841515879113483, C2=1.481095587257252
worker_14 | 3   10      2400.03 1254.33 0.0244384       3333.4
worker_15 | fuzzy inputs 5 7.108292257623662
worker_15 | g=4, diversidad=7.108292257623662, C1=1.486493333570107, C2=1.486493333570107
worker_15 | 4   10      2033.47 1636.03 0.00653928      5000
worker_7  | fuzzy inputs 4 5.577765663158779
worker_7  | g=3, diversidad=5.577765663158779, C1=1.4748388866681108, C2=1.3883731453107033
worker_7  | 3   10      1966.93 1951.94 0.00490448      5000
worker_4  | fuzzy inputs 7 7.62534247665199
worker_4  | g=6, diversidad=7.62534247665199, C1=1.5602836879432629, C2=1.4879629629629632
worker_4  | 6   10      2733.53 1568.89 0.0143557       5000
worker_2  | fuzzy inputs 4 6.6931815033670645
worker_2  | g=3, diversidad=6.6931815033670645, C1=1.48377304696724, C2=1.4801065149695662
worker_2  | 3   10      3233.41 1520.53 1666.68         5000
worker_9  | fuzzy inputs 2 6.617797530127883
worker_9  | g=1, diversidad=6.617797530127883, C1=1.2097839520486762, C2=1.4831053632269382
worker_9  | 1   10      1966.87 1508.71 0.132271        5000
worker_1  | fuzzy inputs 1 7.525494294403339
worker_1  | g=0, diversidad=7.525494294403339, C1=1.193235014489011, C2=1.4880476068048913
worker_1  | gen evals   avg     std     min             max
worker_1  | 0   10      1900.2  1807.82 0.00367177      5000
worker_6  | fuzzy inputs 3 7.49589830905781
worker_6  | g=2, diversidad=7.49589830905781, C1=1.4257383966244728, C2=1.4788617886178865
worker_6  | 2   10      4000.21 965.947 2000            5000
worker_8  | fuzzy inputs 4 4.449642642666903
worker_8  | g=3, diversidad=4.449642642666903, C1=1.4847972278907946, C2=1.2065338545277813
worker_8  | 3   10      2866.7  1833.02 0.00878679      5000
worker_13 | fuzzy inputs 1 7.4864291301767585
worker_13 | g=0, diversidad=7.4864291301767585, C1=1.1939404406204084, C2=1.4879174154122499
worker_13 | gen evals   avg     std     min             max
worker_13 | 0   10      2466.69 2161.28 0.00367177      5000
worker_5  | fuzzy inputs 6 5.514263115469535
worker_5  | g=5, diversidad=5.514263115469535, C1=1.4757336404322932, C2=1.3719646320301537
worker_5  | 5   10      2233.8  1291.44 0.0925563       3333.43
worker_16 | fuzzy inputs 7 6.151476083467625
worker_16 | g=6, diversidad=6.151476083467625, C1=1.487255101037317, C2=1.4636952612452754
worker_16 | 6   10      2533.49 1127.52 0.0169453       4000
worker_11 | fuzzy inputs 7 7.040580818640242
worker_11 | g=6, diversidad=7.040580818640242, C1=1.543964053010599, C2=1.486202127620427
worker_11 | 6   10      2471.83 1795.47 0.383955        5000
worker_12 | fuzzy inputs 5 5.717487183586713
worker_12 | g=4, diversidad=5.717487183586713, C1=1.474509803921569, C2=1.4227592371550508
worker_12 | 4   10      2666.81 1201.77 667.014         5000
worker_14 | fuzzy inputs 5 7.750139936481418
worker_14 | g=4, diversidad=7.750139936481418, C1=1.4887449978317064, C2=1.4887449978317064
worker_14 | 4   10      2600.17 1936.73 0.0342541       5000
worker_10 | fuzzy inputs 1 8.226872110163974
worker_10 | g=0, diversidad=8.226872110163974, C1=1.1823258511403785, C2=1.4897705211554801
worker_10 | gen evals   avg     std     min             max
worker_10 | 0   10      2333.4  1807.37 0.00367177      5000
worker_15 | fuzzy inputs 6 7.89212596502926
worker_15 | g=5, diversidad=7.89212596502926, C1=1.489145299093032, C2=1.489145299093032
worker_15 | 5   10      2800.13 1528.87 0.321656        5000
worker_4  | fuzzy inputs 8 7.070833871938686
worker_4  | g=7, diversidad=7.070833871938686, C1=1.7457978038111246, C2=1.4863337736748605
worker_4  | 7   10      2267.07 1671.92 0.0224036       5000
worker_4  | defaultdict(<class 'deap.tools.support.Logbook'>, {})
worker_4  | poblacion enviada...  0.0052110126562067245
worker_4  | poblacion recibida...  PSO PSO-2
worker_4  | primero diversidad 5.882269306456724
worker_9  | fuzzy inputs 3 7.4413460505786855
worker_9  | g=2, diversidad=7.4413460505786855, C1=1.4257383966244728, C2=1.4788617886178865
worker_9  | 2   10      2200.38 1777.65 0.0770467       5000
worker_2  | fuzzy inputs 5 8.166152092388296
worker_2  | g=4, diversidad=8.166152092388296, C1=1.4896817811839682, C2=1.4896817811839682
worker_2  | 4   10      2833.4  1765.32 0.0525386       5000
worker_7  | fuzzy inputs 5 5.618260461577126
worker_7  | g=4, diversidad=5.618260461577126, C1=1.4745098039215685, C2=1.3985332640661923
worker_7  | 4   10      1666.71 1584.61 0.00805336      5000
worker_1  | fuzzy inputs 2 7.808996705907009
worker_1  | g=1, diversidad=7.808996705907009, C1=1.1936936936936937, C2=1.4879629629629632
worker_1  | 1   10      2666.84 1873.82 0.007553        5000
worker_6  | fuzzy inputs 4 5.717462293145034
worker_6  | g=3, diversidad=5.717462293145034, C1=1.4745098039215694, C2=1.422753265650754
worker_6  | 3   10      2933.41 1481.69 0.101084        5000
worker_8  | fuzzy inputs 5 4.641356729135222
worker_8  | g=4, diversidad=4.641356729135222, C1=1.4837009598812267, C2=1.2086425914999506
worker_8  | 4   10      3266.68 1665.32 0.0468493       5000
worker_13 | fuzzy inputs 2 7.58257388117887
worker_13 | g=1, diversidad=7.58257388117887, C1=1.1936936936936937, C2=1.4879629629629632
worker_13 | 1   10      2439.57 1665.05 0.0425013       5000
worker_16 | fuzzy inputs 8 5.682954327815905
worker_16 | g=7, diversidad=5.682954327815905, C1=1.7238095238095241, C2=1.4144240993563135
worker_16 | 7   10      2466.72 1765.1  0.0170957       5000
worker_16 | defaultdict(<class 'deap.tools.support.Logbook'>, {})
worker_16 | poblacion enviada...  0.0032125413954135133
worker_16 | poblacion recibida...  PSO PSO-14
worker_16 | primero diversidad 6.721234691027482
worker_5  | fuzzy inputs 7 5.833212419170441
worker_5  | g=6, diversidad=5.833212419170441, C1=1.474509803921569, C2=1.449972131586702
worker_5  | 6   10      2866.91 1606.85 0.00792534      5000
worker_11 | fuzzy inputs 8 5.992763765002259
worker_11 | g=7, diversidad=5.992763765002259, C1=1.7238095238095243, C2=1.4564717005109529
worker_11 | 7   10      1333.44 1633.01 0.00462696      5000
worker_11 | defaultdict(<class 'deap.tools.support.Logbook'>, {})
worker_11 | poblacion enviada...  0.003671767367096566
worker_11 | poblacion recibida...  PSO PSO-11
worker_11 | primero diversidad 5.9467201188349
worker_4  | fuzzy inputs 1 5.882269306456724
worker_4  | g=0, diversidad=5.882269306456724, C1=1.225925925925926, C2=1.474509803921569
worker_4  | gen evals   avg     std     min             max
worker_4  | 0   10      1800.04 1783.86 0.00521101      5000
worker_2  | fuzzy inputs 6 7.132715002002674
worker_2  | g=5, diversidad=7.132715002002674, C1=1.4865953746907827, C2=1.4865953746907827
worker_2  | 5   10      2733.4  1737.19 0.0104299       5000
worker_15 | fuzzy inputs 7 6.625301471633264
worker_15 | g=6, diversidad=6.625301471633264, C1=1.520929878049335, C2=1.4785475445985288
worker_15 | 6   10      2433.47 1619.59 0.0230703       5000
worker_14 | fuzzy inputs 6 7.650401877058494
worker_14 | g=5, diversidad=7.650401877058494, C1=1.4884456826884591, C2=1.4884456826884591
worker_14 | 5   10      1933.46 1245.42 0.0478294       5000
worker_12 | fuzzy inputs 6 5.897744835602208
worker_12 | g=5, diversidad=5.897744835602208, C1=1.4745098039215696, C2=1.4528667363853778
worker_12 | 5   10      1701.15 994.459 0.0257783       3333.42
worker_10 | fuzzy inputs 2 8.566122756639274
worker_10 | g=1, diversidad=8.566122756639274, C1=1.1936936936936937, C2=1.4879629629629632
worker_10 | 1   10      2033.76 1791.29 0.0344799       5000
worker_1  | fuzzy inputs 3 7.254201811297169
worker_1  | g=2, diversidad=7.254201811297169, C1=1.4257383966244728, C2=1.4788617886178865
worker_1  | 2   10      3167.02 1097.65 1667.19         5000
worker_6  | fuzzy inputs 5 6.115827892001581
worker_6  | g=4, diversidad=6.115827892001581, C1=1.476729520842376, C2=1.462185010136543
worker_6  | 4   10      2966.8  1734.91 0.0194693       5000
worker_7  | fuzzy inputs 6 6.032243855793705
worker_7  | g=5, diversidad=6.032243855793705, C1=1.4751691562756841, C2=1.458334755432534
worker_7  | 5   10      1900.41 1341.97 0.0055788       4000
worker_11 | fuzzy inputs 1 5.9467201188349
worker_11 | g=0, diversidad=5.9467201188349, C1=1.2259259259259263, C2=1.474509803921569
worker_11 | gen evals   avg     std     min             max
worker_11 | 0   10      2367.49 1425.16 0.00367177      5000
worker_8  | fuzzy inputs 6 4.4362502929744085
worker_8  | g=5, diversidad=4.4362502929744085, C1=1.4848683237829676, C2=1.2063967413523395
worker_8  | 5   10      2367.22 1058.61 0.0204434       3334.03
worker_16 | fuzzy inputs 1 6.721234691027482
worker_16 | g=0, diversidad=6.721234691027482, C1=1.2080525608634545, C2=1.4840082383696844
worker_16 | gen evals   avg     std     min             max
worker_16 | 0   10      2333.34 2113.45 0.00321254      5000
worker_9  | fuzzy inputs 4 6.265401199598226
worker_9  | g=3, diversidad=6.265401199598226, C1=1.4790818039532867, C2=1.468070195095551
worker_9  | 3   10      2167    1087.8  0.192768        4000
worker_4  | fuzzy inputs 2 6.349558617840149
worker_4  | g=1, diversidad=6.349558617840149, C1=1.2152943946204215, C2=1.4802075051099848
worker_4  | 1   10      3033.54 1559.57 0.0338051       5000
worker_14 | fuzzy inputs 7 8.032252452078096
worker_14 | g=6, diversidad=8.032252452078096, C1=1.5602836879432629, C2=1.4879629629629632
worker_14 | 6   10      3533.52 1439.04 1333.64         5000
worker_13 | fuzzy inputs 3 7.002470732431611
worker_13 | g=2, diversidad=7.002470732431611, C1=1.4257383966244728, C2=1.4788617886178865
worker_13 | 2   10      1933.38 1404.75 0.0152798       5000
worker_5  | fuzzy inputs 8 5.838945541808936
worker_5  | g=7, diversidad=5.838945541808936, C1=1.7238095238095241, C2=1.450265629474546
worker_5  | 7   10      1666.8  1229.25 0.0254909       3333.41
worker_5  | defaultdict(<class 'deap.tools.support.Logbook'>, {})
worker_5  | poblacion enviada...  0.003671767367096566
worker_5  | poblacion recibida...  PSO PSO-12
worker_5  | primero diversidad 6.133747146058626
worker_1  | fuzzy inputs 4 5.940388499706231
worker_1  | g=3, diversidad=5.940388499706231, C1=1.474509803921569, C2=1.454567032798753
worker_1  | 3   10      3267.05 1372.77 0.00841691      5000
worker_15 | fuzzy inputs 8 7.2658539935995
worker_15 | g=7, diversidad=7.2658539935995, C1=1.7492916644539764, C2=1.4871256051463506
worker_15 | 7   10      2100.19 1174.3  0.0121576       4000
worker_15 | defaultdict(<class 'deap.tools.support.Logbook'>, {})
worker_15 | poblacion enviada...  0.003671767367096566
worker_15 | poblacion recibida...  PSO PSO-0
worker_15 | primero diversidad 7.205202006265759
worker_10 | fuzzy inputs 3 8.20429093983493
worker_10 | g=2, diversidad=8.20429093983493, C1=1.4257383966244728, C2=1.4788617886178865
worker_10 | 2   10      2533.41 1647.86 0.0460011       5000
worker_12 | fuzzy inputs 7 6.5177437292895535
worker_12 | g=6, diversidad=6.5177437292895535, C1=1.5140003932014274, C2=1.4758431952654203
worker_12 | 6   10      1866.82 1599.92 0.00962498      5000
worker_2  | fuzzy inputs 7 7.857423303259721
worker_2  | g=6, diversidad=7.857423303259721, C1=1.5602836879432629, C2=1.4879629629629632
worker_2  | 6   10      2600.07 891.875 1333.78         4000
worker_6  | fuzzy inputs 6 7.563698762612494
worker_6  | g=5, diversidad=7.563698762612494, C1=1.4881722444608323, C2=1.4881722444608323
worker_6  | 5   10      2800.17 1309.74 0.109016        5000
worker_7  | fuzzy inputs 7 5.552664899663665
worker_7  | g=6, diversidad=5.552664899663665, C1=1.4774521496187878, C2=1.3819574305908608
worker_7  | 6   10      2166.72 1368.27 0.0517179       4000
worker_11 | fuzzy inputs 2 6.717751520690172
worker_11 | g=1, diversidad=6.717751520690172, C1=1.208107955404186, C2=1.4839794076469925
worker_11 | 1   10      2400.04 1781.36 0.0378507       5000
worker_16 | fuzzy inputs 2 5.9700300545040275
worker_16 | g=1, diversidad=5.9700300545040275, C1=1.225925925925926, C2=1.4745098039215692
worker_16 | 1   10      2533.37 1674.63 0.0115127       5000
worker_14 | fuzzy inputs 8 8.179165267534547
worker_14 | g=7, diversidad=8.179165267534547, C1=1.7612590258774792, C2=1.4897009288225334
worker_14 | 7   10      3200.04 1790.08 0.00783899      5000
worker_14 | defaultdict(<class 'deap.tools.support.Logbook'>, {})
worker_14 | poblacion enviada...  0.003671767367096566
worker_14 | poblacion recibida...  PSO PSO-8
worker_14 | primero diversidad 7.002339399714044
worker_9  | fuzzy inputs 5 5.588361519778061
worker_9  | g=4, diversidad=5.588361519778061, C1=1.4746831274045007, C2=1.3910544874899886
worker_9  | 4   10      2800.36 1343.02 0.0914788       5000
worker_4  | fuzzy inputs 3 5.886108606792713
worker_4  | g=2, diversidad=5.886108606792713, C1=1.4500000000000004, C2=1.4523769137897087
worker_4  | 2   10      2866.77 1462.04 666.689         5000
worker_13 | fuzzy inputs 4 5.406007189286792
worker_13 | g=3, diversidad=5.406007189286792, C1=1.4771206452906147, C2=1.3425816347490824
worker_13 | 3   10      2800.22 1212.81 1666.69         5000
worker_8  | fuzzy inputs 7 5.462731245555515
worker_8  | g=6, diversidad=5.462731245555515, C1=1.482885724406601, C2=1.3582068922325798
worker_8  | 6   10      1133.56 1117.65 0.0085925       3333.43
worker_1  | fuzzy inputs 5 6.17566721798458
worker_1  | g=4, diversidad=6.17566721798458, C1=1.4777313459803103, C2=1.464679488086563
worker_1  | 4   10      3033.47 1587.73 0.0411462       5000
worker_5  | fuzzy inputs 1 6.133747146058626
worker_5  | g=0, diversidad=6.133747146058626, C1=1.2212396594933466, C2=1.4770388527884446
worker_5  | gen evals   avg     std     min             max
worker_5  | 0   10      2504.95 1531.8  0.00367177      5000
worker_15 | fuzzy inputs 1 7.579492612404857
worker_15 | g=0, diversidad=7.579492612404857, C1=1.192283940050408, C2=1.4882230139048953
worker_15 | gen evals   avg     std     min             max
worker_15 | 0   10      2933.35 2026.49 0.00321254      5000
worker_10 | fuzzy inputs 4 6.050929671295168
worker_10 | g=3, diversidad=6.050929671295168, C1=1.4755358800524154, C2=1.4592358622398418
worker_10 | 3   10      3467.35 1476.38 667.217         5000
worker_12 | fuzzy inputs 8 6.290885997172076
worker_12 | g=7, diversidad=6.290885997172076, C1=1.7323291890863, C2=1.4689648576024112
worker_12 | 7   10      2966.89 1669.34 0.0738739       5000
worker_12 | defaultdict(<class 'deap.tools.support.Logbook'>, {})
worker_12 | poblacion enviada...  0.003671767367096566
worker_12 | poblacion recibida...  PSO PSO-10
worker_12 | primero diversidad 4.317082953674915
worker_2  | fuzzy inputs 8 7.094064003857815
worker_2  | g=7, diversidad=7.094064003857815, C1=1.7462314436662567, C2=1.4864331668742414
worker_2  | 7   10      2273.64 1389.21 666.718         5000
worker_2  | defaultdict(<class 'deap.tools.support.Logbook'>, {})
worker_2  | poblacion enviada...  0.003671767367096566
worker_2  | poblacion recibida...  PSO PSO-13
worker_2  | primero diversidad 6.873731744932484
worker_16 | fuzzy inputs 3 5.200309508848524
worker_16 | g=2, diversidad=5.200309508848524, C1=1.4257383966244728, C2=1.4683674927902801
worker_16 | 2   10      2766.73 1605.84 0.0353862       5000
worker_11 | fuzzy inputs 3 6.692082243131116
worker_11 | g=2, diversidad=6.692082243131116, C1=1.4257383966244728, C2=1.4741325238798137
worker_11 | 2   10      2401.7  1314.71 0.0843304       5000
worker_7  | fuzzy inputs 8 5.66231860030471
worker_7  | g=7, diversidad=5.66231860030471, C1=1.7238095238095243, C2=1.4093947596438485
worker_7  | 7   10      2667.16 988.421 1333.76         4000
worker_7  | defaultdict(<class 'deap.tools.support.Logbook'>, {})
worker_7  | poblacion enviada...  0.003671767367096566
worker_7  | poblacion recibida...  PSO PSO-15
worker_7  | primero diversidad 5.924927138184396
worker_14 | fuzzy inputs 1 7.500518305244953
worker_14 | g=0, diversidad=7.500518305244953, C1=1.1936843056953659, C2=1.4879646957299986
worker_14 | gen evals   avg     std     min             max
worker_14 | 0   10      2600.39 1711.29 0.00321254      5000
worker_13 | fuzzy inputs 5 5.9503899154961415
worker_13 | g=4, diversidad=5.9503899154961415, C1=1.4745098039215692, C2=1.454945588145462
worker_13 | 4   10      3300.05 1215.16 1666.7          5000
worker_6  | fuzzy inputs 7 7.228187536613304
worker_6  | g=6, diversidad=7.228187536613304, C1=1.55086783635959, C2=1.4869799003641997
worker_6  | 6   10      2533.58 1613.63 0.281624        5000
worker_4  | fuzzy inputs 4 5.205294577189921
worker_4  | g=3, diversidad=5.205294577189921, C1=1.4793129225420154, C2=1.2828526127852473
worker_4  | 3   10      2100.02 1868.14 0.0205129       5000
worker_8  | fuzzy inputs 8 5.288042597195895
worker_8  | g=7, diversidad=5.288042597195895, C1=1.7306095276198707, C2=1.3083606167797575
worker_8  | 7   10      1900.06 2092.53 0.0224706       5000
worker_8  | defaultdict(<class 'deap.tools.support.Logbook'>, {})
worker_8  | poblacion enviada...  0.003671767367096566
worker_8  | poblacion recibida...  PSO PSO-7
worker_8  | primero diversidad 6.331504166735831
worker_9  | fuzzy inputs 6 6.936633592417531
worker_9  | g=5, diversidad=6.936633592417531, C1=1.4856096968138603, C2=1.4849309145211644
worker_9  | 5   10      2100.33 894.853 667.983         3333.91
worker_15 | fuzzy inputs 2 6.82558414357422
worker_15 | g=1, diversidad=6.82558414357422, C1=1.2064777995476208, C2=1.4848262962300678
worker_15 | 1   10      3300.06 1642.77 666.719         5000
worker_1  | fuzzy inputs 6 6.850967146332132
worker_1  | g=5, diversidad=6.850967146332132, C1=1.4850127887279043, C2=1.4833559240893366
worker_1  | 5   10      2933.36 1597.2  0.0211351       5000
worker_5  | fuzzy inputs 2 6.624417051301835
worker_5  | g=1, diversidad=6.624417051301835, C1=1.209667534543534, C2=1.4831661856762968
worker_5  | 1   10      3433.44 1406.63 1333.76         5000
worker_10 | fuzzy inputs 5 6.546215695343456
worker_10 | g=4, diversidad=6.546215695343456, C1=1.4824184287595088, C2=1.4765891944948986
worker_10 | 4   10      2367.23 1689.38 0.0180913       5000
worker_14 | fuzzy inputs 2 6.4057379157874665
worker_14 | g=1, diversidad=6.4057379157874665, C1=1.2139956108401688, C2=1.480893870695588
worker_14 | 1   10      2967.38 1205.88 1666.71         5000
worker_2  | fuzzy inputs 1 7.617761699713009
worker_2  | g=0, diversidad=7.617761699713009, C1=1.1916261951827192, C2=1.4883442412845669
worker_2  | gen evals   avg     std     min             max
worker_2  | 0   10      2333.37 1757.52 0.00321254      5000
worker_12 | fuzzy inputs 1 4.317082953674915
worker_12 | g=0, diversidad=4.317082953674915, C1=1.2052291457941637, C2=1.743401433972336
worker_12 | gen evals   avg     std     min             max
worker_12 | 0   10      1733.43 1890.29 0.00367177      4000
worker_4  | fuzzy inputs 5 6.938334572959908
worker_4  | g=4, diversidad=6.938334572959908, C1=1.4856210678976804, C2=1.4849609845644893
worker_4  | 4   10      2866.72 1499.62 0.0368937       5000
worker_7  | fuzzy inputs 1 7.0341837323746
worker_7  | g=0, diversidad=7.0341837323746, C1=1.2033475297597211, C2=1.4861739652064043
worker_7  | gen evals   avg     std     min             max
worker_7  | 0   10      1933.58 1658.62 0.00321254      5000
worker_11 | fuzzy inputs 4 5.457344192996225
worker_11 | g=3, diversidad=5.457344192996225, C1=1.4764832188580055, C2=1.3567450043741676
worker_11 | 3   10      3400.12 1062.47 1666.69         5000
worker_16 | fuzzy inputs 4 5.034091322915914
worker_16 | g=3, diversidad=5.034091322915914, C1=1.4808759577243438, C2=1.225660035467942
worker_16 | 3   10      2733.58 1083.32 666.74          4000
worker_13 | fuzzy inputs 6 6.531698355016935
worker_13 | g=5, diversidad=6.531698355016935, C1=1.4822722432028013, C2=1.4762116690188738
worker_13 | 5   10      2133.53 1097.57 0.0154112       4000
worker_6  | fuzzy inputs 8 6.1275874322860435
worker_6  | g=7, diversidad=6.1275874322860435, C1=1.7279458603364029, C2=1.4626913545895912
worker_6  | 7   10      2833.45 1572.23 0.03939         5000
worker_6  | defaultdict(<class 'deap.tools.support.Logbook'>, {})
worker_6  | poblacion enviada...  0.003671767367096566
worker_6  | poblacion recibida...  PSO PSO-9
worker_6  | primero diversidad 9.14550133817702
worker_8  | fuzzy inputs 1 6.331504166735831
worker_8  | g=0, diversidad=6.331504166735831, C1=1.2157309465174218, C2=1.4799763335674538
worker_8  | gen evals   avg     std     min             max
worker_8  | 0   10      2000.03 1732.04 0.00367177      4000
worker_1  | fuzzy inputs 7 6.4133026129912265
worker_1  | g=6, diversidad=6.4133026129912265, C1=1.5068976204846671, C2=1.4728984773956613
worker_1  | 6   10      2633.35 1991.36 0.0117574       5000
worker_15 | fuzzy inputs 3 6.197233639433165
worker_15 | g=2, diversidad=6.197233639433165, C1=1.4304943887049317, C2=1.4655306955672815
worker_15 | 2   10      2533.48 1175.71 666.673         5000
worker_5  | fuzzy inputs 3 5.968501098910934
worker_5  | g=2, diversidad=5.968501098910934, C1=1.4500000000000002, C2=1.4556128538957471
worker_5  | 2   10      3600.6  1271.03 1666.7          5000
worker_10 | fuzzy inputs 6 7.278523401127589
worker_10 | g=5, diversidad=7.278523401127589, C1=1.4871738839166038, C2=1.4871738839166038
worker_10 | 5   10      1966.73 1642.83 0.0203463       5000
worker_9  | fuzzy inputs 7 7.2625383035830815
worker_9  | g=6, diversidad=7.2625383035830815, C1=1.552094980750721, C2=1.4871129101229394
worker_9  | 6   10      2466.81 1564.87 0.167841        5000
worker_12 | fuzzy inputs 2 6.288195706596753
worker_12 | g=1, diversidad=6.288195706596753, C1=1.216818961010881, C2=1.4793991589365534
worker_12 | 1   10      3220.16 1330    1666.69         5000
worker_11 | fuzzy inputs 5 5.000612981660319
worker_11 | g=4, diversidad=5.000612981660319, C1=1.48115439767742, C2=1.213713291695338
worker_11 | 4   10      2400.45 1435.74 0.065391        5000
worker_16 | fuzzy inputs 5 5.880509417940946
worker_16 | g=4, diversidad=5.880509417940946, C1=1.474509803921569, C2=1.4521370224651333
worker_16 | 4   10      2666.72 1527.52 0.0924168       5000
worker_7  | fuzzy inputs 2 7.186789827093679
worker_7  | g=1, diversidad=7.186789827093679, C1=1.199892350178542, C2=1.4868159098655696
worker_7  | 1   10      2466.77 1292.7  0.255805        5000
worker_14 | fuzzy inputs 3 5.689502913401329
worker_14 | g=2, diversidad=5.689502913401329, C1=1.4500000000000008, C2=1.4484925122602708
worker_14 | 2   10      3000.18 1437.43 1333.39         5000
worker_4  | fuzzy inputs 6 5.3964608876190105
worker_4  | g=5, diversidad=5.3964608876190105, C1=1.47723538589174, C2=1.339900693939305
worker_4  | 5   10      2676.33 1771.17 0.0171777       5000
worker_13 | fuzzy inputs 7 7.840119440620727
worker_13 | g=6, diversidad=7.840119440620727, C1=1.5602836879432629, C2=1.4879629629629632
worker_13 | 6   10      2900.25 1505.71 0.0162596       5000
worker_6  | fuzzy inputs 1 9.14550133817702
worker_6  | g=0, diversidad=9.14550133817702, C1=1.175268817204301, C2=1.4904761904761905
worker_6  | gen evals   avg     std     min             max
worker_6  | 0   10      2033.39 1538.07 0.00367177      4000
worker_1  | fuzzy inputs 8 6.748486862631243
worker_1  | g=7, diversidad=6.748486862631243, C1=1.7410625596370861, C2=1.4813015297938075
worker_1  | 7   10      2766.76 1738.71 0.0453733       5000
worker_1  | defaultdict(<class 'deap.tools.support.Logbook'>, {})
worker_1  | poblacion enviada...  0.003671767367096566
worker_1  | poblacion recibida...  PSO PSO-3
worker_1  | primero diversidad 7.0127927600965085
worker_5  | fuzzy inputs 4 4.927755077174792
worker_5  | g=3, diversidad=4.927755077174792, C1=1.4817331958785585, C2=1.2124020216960505
worker_5  | 3   10      1800.07 1400    0.0121938       4000
worker_8  | fuzzy inputs 2 6.825144069221772
worker_8  | g=1, diversidad=6.825144069221772, C1=1.2064841138861375, C2=1.4848230220021854
worker_8  | 1   10      2500.07 1586.37 0.0210994       5000
worker_15 | fuzzy inputs 4 6.593563119141609
worker_15 | g=3, diversidad=6.593563119141609, C1=1.4828788887765019, C2=1.4777809396571302
worker_15 | 3   10      2900.05 1382.79 0.0967403       5000
worker_9  | fuzzy inputs 8 7.23528298444281
worker_9  | g=7, diversidad=7.23528298444281, C1=1.7487652390043609, C2=1.4870075991945937
worker_9  | 7   10      2533.38 1726.87 0.0055799       5000
worker_9  | defaultdict(<class 'deap.tools.support.Logbook'>, {})
worker_9  | poblacion enviada...  0.003671767367096566
worker_9  | poblacion recibida...  PSO PSO-4
worker_9  | primero diversidad 7.234052180913476
worker_10 | fuzzy inputs 7 7.606021264160486
worker_10 | g=6, diversidad=7.606021264160486, C1=1.5602836879432629, C2=1.4879629629629632
worker_10 | 6   10      1967.03 924.262 0.156499        3333.41
worker_13 | fuzzy inputs 8 7.551617187737694
worker_13 | g=7, diversidad=7.551617187737694, C1=1.7538704478354703, C2=1.4881331116857355
worker_13 | 7   10      2473.45 1664.79 0.39532         5000
worker_13 | defaultdict(<class 'deap.tools.support.Logbook'>, {})
worker_13 | poblacion enviada...  0.003671767367096566
worker_13 | poblacion recibida...  PSO PSO-1
worker_13 | primero diversidad 5.349659156308606
worker_14 | fuzzy inputs 4 5.3471340634982205
worker_14 | g=3, diversidad=5.3471340634982205, C1=1.4778103900921344, C2=1.3258043113372184
worker_14 | 3   10      3266.91 1288.99 1666.7          5000
worker_11 | fuzzy inputs 6 6.2878423707553965
worker_11 | g=5, diversidad=6.2878423707553965, C1=1.4793943131343998, C2=1.4688594879218675
worker_11 | 5   10      2000.43 1591.83 0.0148658       5000
worker_4  | fuzzy inputs 7 5.436186736492369
worker_4  | g=6, diversidad=5.436186736492369, C1=1.4844515411374393, C2=1.350959138901199
worker_4  | 6   10      2866.73 1454.47 0.034594        5000
worker_7  | fuzzy inputs 3 6.2713626626709145
worker_7  | g=2, diversidad=6.2713626626709145, C1=1.4257383966244728, C2=1.467830742102148
worker_7  | 2   10      2733.44 2031.84 0.054399        5000
worker_1  | fuzzy inputs 1 7.0127927600965085
worker_1  | g=0, diversidad=7.0127927600965085, C1=1.2038580756738728, C2=1.4860789533152252
worker_1  | gen evals   avg     std     min             max
worker_1  | 0   10      2566.69 2175.86 0.00367177      5000
worker_6  | fuzzy inputs 2 7.930573812247114
worker_6  | g=1, diversidad=7.930573812247114, C1=1.1936936936936937, C2=1.4879629629629632
worker_6  | 1   10      3241.97 1158.45 1083.2          5000
worker_5  | fuzzy inputs 5 5.687619039476213
worker_5  | g=4, diversidad=5.687619039476213, C1=1.4745098039215692, C2=1.4155559256883017
worker_5  | 4   10      3833.6  1674.7  0.0387389       5000
worker_12 | fuzzy inputs 3 5.104071541215375
worker_12 | g=2, diversidad=5.104071541215375, C1=1.4257383966244728, C2=1.4680187445653818
worker_12 | 2   10      2333.52 1398.34 0.0340902       4000
worker_15 | fuzzy inputs 5 6.61321804069968
worker_15 | g=4, diversidad=6.61321804069968, C1=1.4830630274395098, C2=1.478258629654516
worker_15 | 4   10      3900.08 1598.92 0.0103296       5000
worker_16 | fuzzy inputs 6 6.142247690920621
worker_16 | g=5, diversidad=6.142247690920621, C1=1.4771827359108252, C2=1.4633112964871204
worker_16 | 5   10      1500.32 1335.37 0.0153361       4000
worker_8  | fuzzy inputs 3 5.691158051995573
worker_8  | g=2, diversidad=5.691158051995573, C1=1.4500000000000004, C2=1.448508436659734
worker_8  | 2   10      1933.37 1554.89 0.0112847       4000
worker_4  | fuzzy inputs 8 4.880334049561502
worker_4  | g=7, diversidad=4.880334049561502, C1=1.7371099127794458, C2=1.2117205072679014
worker_4  | 7   10      3700.22 971.072 2333.53         5000
worker_4  | defaultdict(<class 'deap.tools.support.Logbook'>, {})
worker_4  | poblacion enviada...  0.0052110126562067245
worker_4  | poblacion recibida...  PSO PSO-2
worker_4  | primero diversidad 6.7104969065821365
worker_14 | fuzzy inputs 5 5.151795550152849
worker_14 | g=4, diversidad=5.151795550152849, C1=1.4798281149001362, C2=1.265648029952152
worker_14 | 4   10      3433.42 1155.1  1666.68         5000
worker_9  | fuzzy inputs 1 7.234052180913476
worker_9  | g=0, diversidad=7.234052180913476, C1=1.198884555893391, C2=1.487002802901105
worker_9  | gen evals   avg     std     min             max
worker_9  | 0   10      1967.09 1642.65 0.00367177      5000
worker_10 | fuzzy inputs 8 6.4434715957430635
worker_10 | g=7, diversidad=6.4434715957430635, C1=1.7357231344599484, C2=1.473784648536283
worker_10 | 7   10      3400.05 1236.4  667.031         5000
worker_10 | defaultdict(<class 'deap.tools.support.Logbook'>, {})
worker_10 | poblacion enviada...  0.003671767367096566
worker_10 | poblacion recibida...  PSO PSO-6
worker_10 | primero diversidad 6.479063584431508
worker_7  | fuzzy inputs 4 5.212782797903283
worker_7  | g=3, diversidad=5.212782797903283, C1=1.4792387043908024, C2=1.2852150135342273
worker_7  | 3   10      3466.69 979.788 1666.68         5000
worker_5  | fuzzy inputs 6 4.62240633558366
worker_5  | g=5, diversidad=4.62240633558366, C1=1.4838163146599848, C2=1.2084211838964651
worker_5  | 5   10      2833.6  1833.38 0.00817245      5000
worker_1  | fuzzy inputs 2 7.754632668787034
worker_1  | g=1, diversidad=7.754632668787034, C1=1.1936936936936937, C2=1.4879629629629632
worker_1  | 1   10      3000.25 1145.09 666.749         5000
worker_11 | fuzzy inputs 7 6.865503480347935
worker_11 | g=6, diversidad=6.865503480347935, C1=1.5351433975658624, C2=1.4836318221152078
worker_11 | 6   10      2066.79 2009.9  0.0240131       5000
worker_13 | fuzzy inputs 1 6.414886457971662
worker_13 | g=0, diversidad=6.414886457971662, C1=1.2137922345506982, C2=1.4810011602951125
worker_13 | gen evals   avg     std     min             max
worker_13 | 0   10      1667.06 1095.47 0.00321254      4000
worker_15 | fuzzy inputs 6 6.769032713441471
worker_15 | g=5, diversidad=6.769032713441471, C1=1.4843936402144706, C2=1.4817294587345977
worker_15 | 5   10      3333.52 977.491 1666.7          5000
worker_16 | fuzzy inputs 7 5.599689729050168
worker_16 | g=6, diversidad=5.599689729050168, C1=1.4745292808579504, C2=1.393903696134175
worker_16 | 6   10      2666.7  1032.77 1666.69         5000
worker_6  | fuzzy inputs 3 7.248262298116122
worker_6  | g=2, diversidad=7.248262298116122, C1=1.4257383966244728, C2=1.4788617886178865
worker_6  | 2   10      2433.37 1374.74 0.0333919       5000
worker_12 | fuzzy inputs 4 5.442103031654742
worker_12 | g=3, diversidad=5.442103031654742, C1=1.4766761375514121, C2=1.3525842140887783
worker_12 | 3   10      1567.01 1468.56 0.00966886      4000
worker_4  | fuzzy inputs 1 16.981143455900938
worker_4  | g=0, diversidad=16.981143455900938, C1=1.175268817204301, C2=1.7650793650793657
worker_4  | gen evals   avg     std     min             max
worker_4  | 0   10      1000.3  1333.46 0.00321254      3333.34
worker_10 | fuzzy inputs 1 6.479063584431508
worker_10 | g=0, diversidad=6.479063584431508, C1=1.2124248257440606, C2=1.4817212072099786
worker_10 | gen evals   avg     std     min             max
worker_10 | 0   10      2333.93 1855.99 0.00367177      5000
worker_9  | fuzzy inputs 2 6.826593929547378
worker_9  | g=1, diversidad=6.826593929547378, C1=1.206463320735263, C2=1.4848338038718212
worker_9  | 1   10      2267.23 1799.8  0.0197278       5000
worker_14 | fuzzy inputs 6 6.045485268347406
worker_14 | g=5, diversidad=6.045485268347406, C1=1.4754301524808222, C2=1.45897583215701
worker_14 | 5   10      1800.25 1318.1  0.213747        4000
worker_5  | fuzzy inputs 7 4.798543663270466
worker_5  | g=6, diversidad=4.798543663270466, C1=1.5175729867841679, C2=1.2106034349089594
worker_5  | 6   10      2566.72 1686.85 0.0351568       5000
worker_8  | fuzzy inputs 4 4.835160709958162
worker_8  | g=3, diversidad=4.835160709958162, C1=1.48241940823144, C2=1.2110947331048927
worker_8  | 3   10      1566.77 1374.68 0.00602788      3333.4
worker_7  | fuzzy inputs 5 6.191352169857725
worker_7  | g=4, diversidad=6.191352169857725, C1=1.4779798329985665, C2=1.4653009472569825
worker_7  | 4   10      2466.87 1439.04 0.0487991       4000
worker_15 | fuzzy inputs 7 6.446853830955818
worker_15 | g=6, diversidad=6.446853830955818, C1=1.509221400661445, C2=1.4738821244850524
worker_15 | 6   10      2033.43 1545.29 0.018908        4000
worker_13 | fuzzy inputs 2 6.889737076132511
worker_13 | g=1, diversidad=6.889737076132511, C1=1.2055846420876204, C2=1.4852889516723213
worker_13 | 1   10      3566.72 1498.47 666.718         5000
worker_11 | fuzzy inputs 8 5.612881610030966
worker_11 | g=7, diversidad=5.612881610030966, C1=1.7238095238095243, C2=1.3971955556425084
worker_11 | 7   10      2500.27 1681.69 0.0291103       5000
worker_11 | defaultdict(<class 'deap.tools.support.Logbook'>, {})
worker_11 | poblacion enviada...  0.003671767367096566
worker_11 | poblacion recibida...  PSO PSO-11
worker_11 | primero diversidad 7.6186267387578965
worker_1  | fuzzy inputs 3 6.976887275884231
worker_1  | g=2, diversidad=6.976887275884231, C1=1.4257383966244728, C2=1.4785032837311904
worker_1  | 2   10      2500.14 1454.78 0.0295454       5000
worker_16 | fuzzy inputs 8 5.814031531294089
worker_16 | g=7, diversidad=5.814031531294089, C1=1.7238095238095241, C2=1.4455366254242437
worker_16 | 7   10      1900.04 1699.99 0.0109035       5000
worker_16 | defaultdict(<class 'deap.tools.support.Logbook'>, {})
worker_16 | poblacion enviada...  0.0032125413954135133
worker_16 | poblacion recibida...  PSO PSO-14
worker_16 | primero diversidad 6.8939978579545595
worker_6  | fuzzy inputs 4 6.194802135633584
worker_6  | g=3, diversidad=6.194802135633584, C1=1.4780337464735402, C2=1.4654359279767686
worker_6  | 3   10      3100.23 596.946 2333.47         4000
worker_4  | fuzzy inputs 2 13.036182428760515
worker_4  | g=1, diversidad=13.036182428760515, C1=1.1936936936936937, C2=1.5136654805429683
worker_4  | 1   10      2833.47 1514.78 0.0226139       5000
worker_9  | fuzzy inputs 3 6.228496041461468
worker_9  | g=2, diversidad=6.228496041461468, C1=1.4276549725600123, C2=1.4667228581838085
worker_9  | 2   10      2911.1  1884.85 0.0431243       5000
worker_14 | fuzzy inputs 7 6.135618843448139
worker_14 | g=6, diversidad=6.135618843448139, C1=1.4859720410145218, C2=1.4630325134228495
worker_14 | 6   10      2966.86 1917.25 0.0461757       5000
worker_5  | fuzzy inputs 8 4.8404940375412195
worker_5  | g=7, diversidad=4.8404940375412195, C1=1.7376405758962785, C2=1.211167464264303
worker_5  | 7   10      2966.75 1205.99 1666.67         5000
worker_5  | defaultdict(<class 'deap.tools.support.Logbook'>, {})
worker_5  | poblacion enviada...  0.003671767367096566
worker_5  | poblacion recibida...  PSO PSO-12
worker_5  | primero diversidad 4.245971449730785
worker_13 | fuzzy inputs 3 5.565145023399584
worker_13 | g=2, diversidad=5.565145023399584, C1=1.4473744139431175, C2=1.4498124403805157
worker_13 | 2   10      3966.69 1479.06 0.186337        5000
worker_12 | fuzzy inputs 5 6.440152537246044
worker_12 | g=4, diversidad=6.440152537246044, C1=1.4812913048137502, C2=1.4736886318964253
worker_12 | 4   10      2200.02 1266.66 0.0219216       4000
worker_10 | fuzzy inputs 2 6.746210295378888
worker_10 | g=1, diversidad=6.746210295378888, C1=1.2076609248608152, C2=1.4842119643193383
worker_10 | 1   10      2733.39 1698.33 0.010832        5000
worker_15 | fuzzy inputs 8 6.397747803289376
worker_15 | g=7, diversidad=6.397747803289376, C1=1.7347665592805592, C2=1.4724295085805872
worker_15 | 7   10      2533.56 1506.8  666.687         5000
worker_15 | defaultdict(<class 'deap.tools.support.Logbook'>, {})
worker_15 | poblacion enviada...  0.0032125413954135133
worker_15 | poblacion recibida...  PSO PSO-0
worker_15 | primero diversidad 5.15459462043974
worker_8  | fuzzy inputs 5 4.788536023436031
worker_8  | g=4, diversidad=4.788536023436031, C1=1.4827457874221162, C2=1.2104715577321792
worker_8  | 4   10      2766.82 1247.51 667.04          5000
worker_11 | fuzzy inputs 1 7.6186267387578965
worker_11 | g=0, diversidad=7.6186267387578965, C1=1.1916114798066566, C2=1.4883469526850641
worker_11 | gen evals   avg     std     min             max
worker_11 | 0   10      2833.35 1827.26 0.00367177      5000
worker_7  | fuzzy inputs 6 6.334191507761025
worker_7  | g=5, diversidad=6.334191507761025, C1=1.4800110841078642, C2=1.4704224136247566
worker_7  | 5   10      3000.05 1584.61 0.125476        5000
worker_1  | fuzzy inputs 4 5.387501024147058
worker_1  | g=3, diversidad=5.387501024147058, C1=1.477342035796905, C2=1.337370699371531
worker_1  | 3   10      2433.44 1033.29 1333.65         4000
worker_16 | fuzzy inputs 1 6.8939978579545595
worker_16 | g=0, diversidad=6.8939978579545595, C1=1.2055271839833046, C2=1.4853186822873692
worker_16 | gen evals   avg     std     min             max
worker_16 | 0   10      2166.68 1802.77 0.00321254      5000
worker_6  | fuzzy inputs 5 6.280829437556457
worker_6  | g=4, diversidad=6.280829437556457, C1=1.4792976608428834, C2=1.4686151891020072
worker_6  | 4   10      2866.71 1739.69 0.0355269       5000
worker_4  | fuzzy inputs 3 9.279612723485668
worker_4  | g=2, diversidad=9.279612723485668, C1=1.4257383966244728, C2=1.4788617886178865
worker_4  | 2   10      2933.87 1596.51 0.0172097       5000
worker_14 | fuzzy inputs 8 5.220181062887643
worker_14 | g=7, diversidad=5.220181062887643, C1=1.7318486418783356, C2=1.2875382449646902
worker_14 | 7   10      3000.37 1247.01 1666.67         5000
worker_14 | defaultdict(<class 'deap.tools.support.Logbook'>, {})
worker_14 | poblacion enviada...  0.0032125413954135133
worker_14 | poblacion recibida...  PSO PSO-8
worker_14 | primero diversidad 4.026979376820194
worker_12 | fuzzy inputs 6 4.635066239890745
worker_12 | g=5, diversidad=4.635066239890745, C1=1.4837394332339593, C2=1.2085687598280097
worker_12 | 5   10      3133.84 1127.17 1666.69         5000
worker_13 | fuzzy inputs 4 5.121785409250546
worker_13 | g=3, diversidad=5.121785409250546, C1=1.4801060310965857, C2=1.2557389986659542
worker_13 | 3   10      3400.02 1289.26 1333.34         5000
worker_5  | fuzzy inputs 1 5.477517193834545
worker_5  | g=0, diversidad=5.477517193834545, C1=1.2227572435169272, C2=1.5598724429940536
worker_5  | gen evals   avg     std     min             max
worker_5  | 0   10      1733.7  1218.34 0.00321254      3333.42
worker_10 | fuzzy inputs 3 6.558448379026081
worker_10 | g=2, diversidad=6.558448379026081, C1=1.4257383966244728, C2=1.4721111593384448
worker_10 | 2   10      2800.1  1528.9  0.17503         5000
worker_9  | fuzzy inputs 4 5.812755575923748
worker_9  | g=3, diversidad=5.812755575923748, C1=1.4745098039215694, C2=1.4452405272736686
worker_9  | 3   10      2066.76 1372.71 0.204829        5000
worker_8  | fuzzy inputs 6 4.472253780013833
worker_8  | g=5, diversidad=4.472253780013833, C1=1.4846756639520697, C2=1.206768198027389
worker_8  | 5   10      2366.72 1601.72 0.0388356       5000
worker_7  | fuzzy inputs 7 6.112174048488466
worker_7  | g=6, diversidad=6.112174048488466, C1=1.484053819854423, C2=1.4620260046887243
worker_7  | 6   10      3033.67 1629    0.0615147       5000
worker_15 | fuzzy inputs 1 5.15459462043974
worker_15 | g=0, diversidad=5.15459462043974, C1=1.2160602521956188, C2=1.666945978857947
worker_15 | gen evals   avg     std     min             max
worker_15 | 0   10      2066.8  1854.77 0.00321254      5000
worker_1  | fuzzy inputs 5 4.865979961335883
worker_1  | g=4, diversidad=4.865979961335883, C1=1.482196805020095, C2=1.2115192455600368
worker_1  | 4   10      2933.52 1793.8  0.0384883       5000
worker_11 | fuzzy inputs 2 7.937464228698171
worker_11 | g=1, diversidad=7.937464228698171, C1=1.1936936936936937, C2=1.4879629629629632
worker_11 | 1   10      2700.04 959.708 1333.57         4000
worker_4  | fuzzy inputs 4 7.9192162061193025
worker_4  | g=3, diversidad=7.9192162061193025, C1=1.489218461732077, C2=1.489218461732077
worker_4  | 3   10      2833.57 1335.46 0.0168079       5000
worker_6  | fuzzy inputs 6 6.579299238781573
worker_6  | g=5, diversidad=6.579299238781573, C1=1.4827427293591824, C2=1.4774281248181682
worker_6  | 5   10      2033.37 959.747 0.0229527       3333.41
worker_16 | fuzzy inputs 2 6.979743264904203
worker_16 | g=1, diversidad=6.979743264904203, C1=1.2044168175817924, C2=1.4858924466148993
worker_16 | 1   10      2433.51 1183.6  0.139547        4000
worker_14 | fuzzy inputs 1 4.026979376820194
worker_14 | g=0, diversidad=4.026979376820194, C1=1.2012848616238017, C2=1.7467754874908905
worker_14 | gen evals   avg     std     min             max
worker_14 | 0   10      2433.4  1960.97 0.00321254      5000
worker_12 | fuzzy inputs 7 5.819028221547327
worker_12 | g=6, diversidad=5.819028221547327, C1=1.474509803921569, C2=1.4466949072361197
worker_12 | 6   10      3100.1  1838.1  0.0286492       5000
worker_13 | fuzzy inputs 5 6.8364588548053
worker_13 | g=4, diversidad=6.8364588548053, C1=1.4849067595160819, C2=1.483076872287459
worker_13 | 4   10      2566.72 1825.97 0.0572828       5000
worker_8  | fuzzy inputs 7 4.917100077093341
worker_8  | g=6, diversidad=4.917100077093341, C1=1.5120020540250787, C2=1.2122466251709019
worker_8  | 6   10      2400.07 1781.35 0.0276452       5000
worker_5  | fuzzy inputs 2 6.109859545287861
worker_5  | g=1, diversidad=6.109859545287861, C1=1.2220107522738806, C2=1.4766246333409456
worker_5  | 1   10      3433.36 1000.51 1666.77         5000
worker_15 | fuzzy inputs 2 5.6435091735891305
worker_15 | g=1, diversidad=5.6435091735891305, C1=1.225925925925926, C2=1.517473703869405
worker_15 | 1   10      2400.37 1901.64 0.0202414       5000
worker_10 | fuzzy inputs 4 5.7425963868823136
worker_10 | g=3, diversidad=5.7425963868823136, C1=1.4745098039215687, C2=1.4287568592073463
worker_10 | 3   10      1766.88 1325.53 0.0225365       3334.59
worker_9  | fuzzy inputs 5 7.144941410108483
worker_9  | g=4, diversidad=7.144941410108483, C1=1.486645881124897, C2=1.486645881124897
worker_9  | 4   10      1833.76 749.007 0.0382861       3000
worker_7  | fuzzy inputs 8 5.165756855277426
worker_7  | g=7, diversidad=5.165756855277426, C1=1.732791641951394, C2=1.2701938754841733
worker_7  | 7   10      3000.55 988.166 1666.69         5000
worker_7  | defaultdict(<class 'deap.tools.support.Logbook'>, {})
worker_7  | poblacion enviada...  0.0032125413954135133
worker_7  | poblacion recibida...  PSO PSO-15
worker_7  | primero diversidad 5.805778625571258
worker_1  | fuzzy inputs 6 5.900105395370974
worker_1  | g=5, diversidad=5.900105395370974, C1=1.4745098039215694, C2=1.4529646952856137
worker_1  | 5   10      2466.93 1146.94 0.0330497       3333.74
worker_12 | fuzzy inputs 8 6.47650547929203
worker_12 | g=7, diversidad=6.47650547929203, C1=1.73638522201767, C2=1.4747210866156062
worker_12 | 7   10      2400.5  1930.85 0.0865977       5000
worker_12 | defaultdict(<class 'deap.tools.support.Logbook'>, {})
worker_12 | poblacion enviada...  0.003671767367096566
worker_12 | poblacion recibida...  PSO PSO-10
worker_12 | primero diversidad 4.856882619667835
worker_6  | fuzzy inputs 7 6.895421880898687
worker_6  | g=6, diversidad=6.895421880898687, C1=1.5368024341175779, C2=1.4841883437862982
worker_6  | 6   10      2933.37 1533.29 666.867         5000
worker_4  | fuzzy inputs 5 9.48226295467487
worker_4  | g=4, diversidad=9.48226295467487, C1=1.4909655453667505, C2=1.4909655453667505
worker_4  | 4   10      1866.93 1194.42 0.0223864       4000
worker_16 | fuzzy inputs 3 5.907227795004447
worker_16 | g=2, diversidad=5.907227795004447, C1=1.4500000000000004, C2=1.453257444725455
worker_16 | 2   10      2766.91 760.677 1666.69         4000
worker_11 | fuzzy inputs 3 7.28745835956608
worker_11 | g=2, diversidad=7.28745835956608, C1=1.4257383966244728, C2=1.4788617886178865
worker_11 | 2   10      2100.08 1308.47 0.0132096       4000
worker_5  | fuzzy inputs 3 5.046665407044667
worker_5  | g=2, diversidad=5.046665407044667, C1=1.4257383966244728, C2=1.4678070297269687
worker_5  | 2   10      3533.48 1687.7  0.186946        5000
worker_14 | fuzzy inputs 2 5.1581222606127
worker_14 | g=1, diversidad=5.1581222606127, C1=1.2161229880982292, C2=1.6655398980239204
worker_14 | 1   10      2433.57 1238.7  0.148097        4000
worker_8  | fuzzy inputs 8 4.932730683160788
worker_8  | g=7, diversidad=4.932730683160788, C1=1.736387495293614, C2=1.2124750475231663
