worker_6  | primero diversidad 8.883352939959675
worker_14 | g=1, diversidad=9.726511537101578, C1=1.8155523771415925, C2=1.263025969030774
worker_14 | 1   10      2833.78 1470.21 0.0558081       5000
worker_13 | g=6, diversidad=5.229534602776937, C1=1.5684763880189048, C2=1.1474062811740855
worker_13 | 6   10      2233.51 1938    0.139475        5000
worker_3  | g=0, diversidad=5.262713869704431, C1=1.5438952882135568, C2=1.0530426674159254
worker_3  | gen evals   avg     std     min             max
worker_3  | 0   10      1633.68 1425.88 0.0069793       4000
worker_1  | g=3, diversidad=4.966967360694426, C1=1.7530800362568972, C2=1.0467120517127408
worker_1  | 3   10      2669.84 1413.48 0.0429642       5000
worker_8  | g=7, diversidad=6.146903118917933, C1=1.959628016996671, C2=1.8730473591369594
worker_8  | 7   10      2300.16 1985.61 0.0786507       5000
worker_8  | defaultdict(<class 'deap.tools.support.Logbook'>, {})
worker_8  | poblacion enviada...  0.006979303822108221
worker_8  | poblacion recibida...  PSO PSO-7
worker_8  | primero diversidad 8.72211640497715
worker_11 | g=0, diversidad=7.687165162391326, C1=1.6451438970412395, C2=1.5637674325284587
worker_11 | gen evals   avg     std     min             max
worker_11 | 0   10      1366.84 1552.58 0.0069793       4000
worker_5  | g=0, diversidad=7.224058561994479, C1=1.6534413084667416, C2=1.917971933152776
worker_5  | gen evals   avg     std     min             max
worker_5  | 0   10      1233.48 1706.53 0.0069793       5000
worker_7  | g=1, diversidad=10.640397455485699, C1=1.3363160301652317, C2=1.1161569789061474
worker_7  | 1   10      2500.06 1634.68 0.0168339       5000
worker_9  | g=2, diversidad=6.306101474479269, C1=1.1515829943425442, C2=1.450989682215881
worker_9  | 2   10      2567.55 1585.39 0.0299919       5000
worker_10 | g=7, diversidad=7.533681071230955, C1=1.4286904502589053, C2=1.0679393188653727
worker_10 | 7   10      1300.22 1594.82 0.00961197      5000
worker_10 | defaultdict(<class 'deap.tools.support.Logbook'>, {})
worker_10 | poblacion enviada...  0.006979303822108221
worker_10 | poblacion recibida...  PSO PSO-3
worker_10 | primero diversidad 8.503417831820196
worker_4  | g=1, diversidad=7.5514585981014, C1=1.5115507045391534, C2=1.3931995064044715
worker_4  | 1   10      1733.4  1152.75 0.0123721       4000
worker_2  | g=5, diversidad=6.686916320750695, C1=1.0736780803371588, C2=1.5757616217473887
worker_2  | 5   10      2433.53 978.113 666.817         3334.18
worker_15 | g=3, diversidad=5.24043236715521, C1=1.3028198520471252, C2=1.5296056735703265
worker_15 | 3   10      1666.73 1414.2  0.0652878       4000
worker_12 | g=6, diversidad=4.960972215582564, C1=1.2901013887213495, C2=1.439352851982275
worker_12 | 6   10      2200.16 1023.99 0.642426        3333.35
worker_6  | g=0, diversidad=14.935069587026076, C1=1.7650075934620275, C2=1.1457884179990774
worker_6  | gen evals   avg     std     min             max
worker_6  | 0   10      1866.81 1880.98 0.0069793       4000
worker_14 | g=2, diversidad=6.62132550449144, C1=1.8155523771415925, C2=1.263025969030774
worker_14 | 2   10      1866.69 1783.87 0.00853053      5000
worker_3  | g=1, diversidad=6.051469304866968, C1=1.5438952882135568, C2=1.0530426674159254
worker_3  | 1   10      2600.26 1547.34 0.0137616       5000
worker_11 | g=1, diversidad=7.7412251260114235, C1=1.6451438970412395, C2=1.5637674325284587
worker_11 | 1   10      2533.65 1674.63 0.0145168       5000
worker_16 | g=1, diversidad=9.526390911526295, C1=1.1558677020489068, C2=1.6261082852728161
worker_16 | 1   10      2033.38 1353.56 666.682         5000
worker_8  | g=0, diversidad=13.678948608487834, C1=1.959628016996671, C2=1.8730473591369594
worker_8  | gen evals   avg     std     min             max
worker_8  | 0   10      1866.69 2098.66 0.00651246      5000
worker_5  | g=1, diversidad=6.722445003296932, C1=1.6534413084667416, C2=1.917971933152776
worker_5  | 1   10      2133.37 1687.85 0.0202862       5000
worker_13 | g=7, diversidad=5.508829560932415, C1=1.5684763880189048, C2=1.1474062811740855
worker_13 | 7   10      1467.13 1368.16 0.0126081       4000
worker_13 | defaultdict(<class 'deap.tools.support.Logbook'>, {})
worker_13 | poblacion enviada...  0.008426841356260234
worker_13 | poblacion recibida...  PSO PSO-15
worker_13 | primero diversidad 5.882982810130154
worker_9  | g=3, diversidad=4.880231720500046, C1=1.1515829943425442, C2=1.450989682215881
worker_9  | 3   10      2466.71 1564.87 0.0536873       5000
worker_7  | g=2, diversidad=7.300814016188935, C1=1.3363160301652317, C2=1.1161569789061474
worker_7  | 2   10      2433.62 1513.34 0.054747        5000
worker_1  | g=4, diversidad=6.3058315804634555, C1=1.7530800362568972, C2=1.0467120517127408
worker_1  | 4   10      2566.76 1308.45 0.0363024       5000
worker_10 | g=0, diversidad=12.191113736663233, C1=1.4286904502589053, C2=1.0679393188653727
worker_10 | gen evals   avg     std     min             max
worker_10 | 0   10      1933.39 1818.44 0.00651246      5000
worker_15 | g=4, diversidad=5.1588010351018045, C1=1.3028198520471252, C2=1.5296056735703265
worker_15 | 4   10      2366.74 1951.9  0.0646785       5000
worker_14 | g=3, diversidad=5.9766713940041605, C1=1.8155523771415925, C2=1.263025969030774
worker_14 | 3   10      2966.86 1493.91 0.0426635       5000
worker_12 | g=7, diversidad=4.2579880499121465, C1=1.2901013887213495, C2=1.439352851982275
worker_12 | 7   10      2066.74 1884.38 0.0136414       5000
worker_12 | defaultdict(<class 'deap.tools.support.Logbook'>, {})
worker_12 | poblacion enviada...  0.0083148191664808
worker_12 | poblacion recibida...  PSO PSO-2
worker_12 | primero diversidad 4.568928499382237
worker_2  | g=6, diversidad=6.907194443218117, C1=1.0736780803371588, C2=1.5757616217473887
worker_2  | 6   10      1633.43 1501.46 0.0177505       4000
worker_4  | g=2, diversidad=5.458006449110323, C1=1.5115507045391534, C2=1.3931995064044715
worker_4  | 2   10      1700.14 1139.76 0.0249743       3333.94
worker_6  | g=1, diversidad=12.069585715665697, C1=1.7650075934620275, C2=1.1457884179990774
worker_6  | 1   10      2300.11 1629.12 0.0573981       5000
worker_3  | g=2, diversidad=5.93448488948923, C1=1.5438952882135568, C2=1.0530426674159254
worker_3  | 2   10      2300.2  1573.74 0.00803241      5000
worker_13 | g=0, diversidad=5.882982810130154, C1=1.5684763880189048, C2=1.1474062811740855
worker_13 | gen evals   avg     std     min             max
worker_13 | 0   10      1866.8  1661.42 0.00842684      4000
worker_9  | g=4, diversidad=6.016368829975709, C1=1.1515829943425442, C2=1.450989682215881
worker_9  | 4   10      3267.07 1314.58 1666.71         5000
worker_5  | g=2, diversidad=5.742371307417433, C1=1.6534413084667416, C2=1.917971933152776
worker_5  | 2   10      2866.88 1301.03 667.405         5000
worker_8  | g=1, diversidad=9.730752678174126, C1=1.959628016996671, C2=1.8730473591369594
worker_8  | 1   10      2200.22 1248.93 0.0125531       4000
worker_11 | g=2, diversidad=6.135892635718917, C1=1.6451438970412395, C2=1.5637674325284587
worker_11 | 2   10      2833.36 1194.89 1333.4          5000
worker_16 | g=2, diversidad=6.540828396735984, C1=1.1558677020489068, C2=1.6261082852728161
worker_16 | 2   10      2166.81 1558.11 0.0119863       5000
worker_7  | g=3, diversidad=6.083563133455338, C1=1.3363160301652317, C2=1.1161569789061474
worker_7  | 3   10      2666.92 1660.02 0.13967         5000
worker_12 | g=0, diversidad=14.741382250944987, C1=1.2901013887213495, C2=1.439352851982275
worker_12 | gen evals   avg     std     min             max
worker_12 | 0   10      1333.56 1453.01 0.00651246      5000
worker_1  | g=5, diversidad=5.737509199978438, C1=1.7530800362568972, C2=1.0467120517127408
worker_1  | 5   10      2333.42 1725.59 0.0156985       5000
worker_10 | g=1, diversidad=10.03765756412421, C1=1.4286904502589053, C2=1.0679393188653727
worker_10 | 1   10      2185.85 1328.2  0.142662        5000
worker_15 | g=5, diversidad=6.310877703034555, C1=1.3028198520471252, C2=1.5296056735703265
worker_15 | 5   10      700.829 1214.89 0.00624799      4000
worker_14 | g=4, diversidad=6.7320573809933215, C1=1.8155523771415925, C2=1.263025969030774
worker_14 | 4   10      2800.13 1383.96 666.812         5000
worker_4  | g=3, diversidad=5.61319410493843, C1=1.5115507045391534, C2=1.3931995064044715
worker_4  | 3   10      2000.5  1794.94 0.0172397       5000
worker_2  | g=7, diversidad=6.325486273299678, C1=1.0736780803371588, C2=1.5757616217473887
worker_2  | 7   10      2700.16 1828.37 0.0197795       5000
worker_2  | defaultdict(<class 'deap.tools.support.Logbook'>, {})
worker_2  | poblacion enviada...  0.006841774104429821
worker_2  | poblacion recibida...  PSO PSO-10
worker_2  | primero diversidad 5.046546405970186
worker_13 | g=1, diversidad=6.170643576154696, C1=1.5684763880189048, C2=1.1474062811740855
worker_13 | 1   10      2100.62 1606.12 0.0545798       5000
worker_6  | g=2, diversidad=8.574224725445697, C1=1.7650075934620275, C2=1.1457884179990774
worker_6  | 2   10      2000.1  1238.28 0.0344456       4000
worker_5  | g=3, diversidad=5.574054970584039, C1=1.6534413084667416, C2=1.917971933152776
worker_5  | 3   10      1466.96 1613.64 0.0131697       5000
worker_3  | g=3, diversidad=5.131921369865257, C1=1.5438952882135568, C2=1.0530426674159254
worker_3  | 3   10      1600.04 1597.21 0.0165864       5000
worker_8  | g=2, diversidad=6.344952241623975, C1=1.959628016996671, C2=1.8730473591369594
worker_8  | 2   10      1933.41 1724.33 0.0244662       4000
worker_11 | g=3, diversidad=6.498863617819569, C1=1.6451438970412395, C2=1.5637674325284587
worker_11 | 3   10      3066.95 1133.2  1666.77         5000
worker_7  | g=4, diversidad=7.523482423897478, C1=1.3363160301652317, C2=1.1161569789061474
worker_7  | 4   10      2833.62 1674.79 0.0311145       5000
worker_16 | g=3, diversidad=6.200001155355258, C1=1.1558677020489068, C2=1.6261082852728161
worker_16 | 3   10      2600.07 1931.02 0.0149533       5000
worker_9  | g=5, diversidad=6.450948655213905, C1=1.1515829943425442, C2=1.450989682215881
worker_9  | 5   10      2333.37 1341.63 0.0886569       5000
worker_12 | g=1, diversidad=11.92662848778988, C1=1.2901013887213495, C2=1.439352851982275
worker_12 | 1   10      2933.37 1948.18 0.0189946       5000
worker_15 | g=6, diversidad=6.966492715372738, C1=1.3028198520471252, C2=1.5296056735703265
worker_15 | 6   10      1966.71 1715.59 0.0336652       4000
worker_2  | g=0, diversidad=15.129405928238507, C1=1.0736780803371588, C2=1.5757616217473887
worker_2  | gen evals   avg     std     min             max
worker_2  | 0   10      2033.47 1940.47 0.00651246      5000
worker_1  | g=6, diversidad=5.65625894709628, C1=1.7530800362568972, C2=1.0467120517127408
worker_1  | 6   10      2633.43 1580.69 0.260422        5000
worker_14 | g=5, diversidad=6.9653935345598414, C1=1.8155523771415925, C2=1.263025969030774
worker_14 | 5   10      1900.12 1732.29 0.0119018       5000
worker_3  | g=4, diversidad=4.9033363957481395, C1=1.5438952882135568, C2=1.0530426674159254
worker_3  | 4   10      2366.71 1804    0.0429563       5000
worker_10 | g=2, diversidad=7.3326082801255295, C1=1.4286904502589053, C2=1.0679393188653727
worker_10 | 2   10      2466.85 1166.14 667.128         5000
worker_7  | g=5, diversidad=9.516540445836846, C1=1.3363160301652317, C2=1.1161569789061474
worker_7  | 5   10      2566.71 2071.2  0.013285        5000
worker_13 | g=2, diversidad=5.169946298344209, C1=1.5684763880189048, C2=1.1474062811740855
worker_13 | 2   10      1933.59 1793.75 0.0511108       5000
worker_4  | g=4, diversidad=6.351082323842607, C1=1.5115507045391534, C2=1.3931995064044715
worker_4  | 4   10      2266.73 1793.77 0.0541099       5000
worker_8  | g=3, diversidad=6.9801446241855185, C1=1.959628016996671, C2=1.8730473591369594
worker_8  | 3   10      2700.18 1149.26 1666.67         5000
worker_6  | g=3, diversidad=8.216219736157845, C1=1.7650075934620275, C2=1.1457884179990774
worker_6  | 3   10      2100.64 1807.31 0.0141212       5000
worker_5  | g=4, diversidad=5.880061667981769, C1=1.6534413084667416, C2=1.917971933152776
worker_5  | 4   10      800.057 884.445 0.0131794       2333.35
worker_9  | g=6, diversidad=6.65952022629331, C1=1.1515829943425442, C2=1.450989682215881
worker_9  | 6   10      1566.93 1660.48 0.0124578       4000
worker_16 | g=4, diversidad=5.913459407015352, C1=1.1558677020489068, C2=1.6261082852728161
worker_16 | 4   10      2700.05 1328.71 1333.41         5000
worker_11 | g=4, diversidad=7.270570007090716, C1=1.6451438970412395, C2=1.5637674325284587
worker_11 | 4   10      1700.18 1587.8  0.0567481       4000
worker_15 | g=7, diversidad=6.7616475275612675, C1=1.3028198520471252, C2=1.5296056735703265
worker_15 | 7   10      3166.69 1166.66 1666.68         5000
worker_15 | defaultdict(<class 'deap.tools.support.Logbook'>, {})
worker_15 | poblacion enviada...  0.006247990342313892
worker_15 | poblacion recibida...  PSO PSO-5
worker_15 | primero diversidad 7.81354721375558
worker_12 | g=2, diversidad=8.688002274199606, C1=1.2901013887213495, C2=1.439352851982275
worker_12 | 2   10      2766.71 1414.59 0.0511816       5000
worker_2  | g=1, diversidad=12.188679127553586, C1=1.0736780803371588, C2=1.5757616217473887
worker_2  | 1   10      2800.21 1536.11 0.222932        5000
worker_1  | g=7, diversidad=5.763325085756123, C1=1.7530800362568972, C2=1.0467120517127408
worker_1  | 7   10      3366.71 1816.23 0.0143906       5000
worker_1  | defaultdict(<class 'deap.tools.support.Logbook'>, {})
worker_1  | poblacion enviada...  0.007987649974953352
worker_1  | poblacion recibida...  PSO PSO-13
worker_1  | primero diversidad 5.89462461204633
worker_7  | g=6, diversidad=9.227447161175823, C1=1.3363160301652317, C2=1.1161569789061474
worker_7  | 6   10      2066.97 1331.92 0.0316502       4000
worker_13 | g=3, diversidad=4.510626420270712, C1=1.5684763880189048, C2=1.1474062811740855
worker_13 | 3   10      2133.56 1654.72 0.013368        5000
worker_8  | g=4, diversidad=8.294764941705134, C1=1.959628016996671, C2=1.8730473591369594
worker_8  | 4   10      2300.04 1934.74 0.0419291       5000
worker_10 | g=3, diversidad=6.1830721229898185, C1=1.4286904502589053, C2=1.0679393188653727
worker_10 | 3   10      2833.43 1845.38 0.0224628       5000
worker_14 | g=6, diversidad=7.739707637912444, C1=1.8155523771415925, C2=1.263025969030774
worker_14 | 6   10      1600.38 1547.69 0.21112         4000
worker_9  | g=7, diversidad=6.408564832799996, C1=1.1515829943425442, C2=1.450989682215881
worker_9  | 7   10      2200.15 1752.44 0.0737871       5000
worker_9  | defaultdict(<class 'deap.tools.support.Logbook'>, {})
worker_9  | poblacion enviada...  0.006512462957602179
worker_9  | poblacion recibida...  PSO PSO-1
worker_9  | primero diversidad 7.559838539691349
worker_4  | g=5, diversidad=6.148356091854871, C1=1.5115507045391534, C2=1.3931995064044715
worker_4  | 5   10      1600.16 1511.4  0.0130055       4000
worker_3  | g=5, diversidad=5.706737982309839, C1=1.5438952882135568, C2=1.0530426674159254
worker_3  | 5   10      1500.1  1733.57 0.0233185       4000
worker_5  | g=5, diversidad=6.650521293704942, C1=1.6534413084667416, C2=1.917971933152776
worker_5  | 5   10      1966.82 1268.84 0.0184749       4000
worker_6  | g=4, diversidad=9.358007878750104, C1=1.7650075934620275, C2=1.1457884179990774
worker_6  | 4   10      3067.35 610.206 1666.67         4000
worker_16 | g=5, diversidad=7.886818716643013, C1=1.1558677020489068, C2=1.6261082852728161
worker_16 | 5   10      1900.07 1577.94 0.00689887      5000
worker_11 | g=5, diversidad=7.477453437980202, C1=1.6451438970412395, C2=1.5637674325284587
worker_11 | 5   10      1900.46 1591.65 0.182782        5000
worker_15 | g=0, diversidad=7.81354721375558, C1=1.3028198520471252, C2=1.5296056735703265
worker_15 | gen evals   avg     std     min             max
worker_15 | 0   10      1500.06 1500    0.00624799      4000
worker_10 | g=4, diversidad=6.590627295677311, C1=1.4286904502589053, C2=1.0679393188653727
worker_10 | 4   10      2733.59 1976.39 0.0351231       5000
worker_12 | g=3, diversidad=6.738051854205641, C1=1.2901013887213495, C2=1.439352851982275
worker_12 | 3   10      1466.98 1146.91 0.0365537       3333.34
worker_2  | g=2, diversidad=9.374338000739836, C1=1.0736780803371588, C2=1.5757616217473887
worker_2  | 2   10      2466.76 1667.95 0.0631276       5000
worker_9  | g=0, diversidad=7.559838539691349, C1=1.1515829943425442, C2=1.450989682215881
worker_9  | gen evals   avg     std     min             max
worker_9  | 0   10      1733.35 1743.55 0.00651246      4000
worker_7  | g=7, diversidad=7.551419083672568, C1=1.3363160301652317, C2=1.1161569789061474
worker_7  | 7   10      1466.78 1839.06 0.0309722       5000
worker_7  | defaultdict(<class 'deap.tools.support.Logbook'>, {})
worker_7  | poblacion enviada...  0.006512462957602179
worker_7  | poblacion recibida...  PSO PSO-14
worker_7  | primero diversidad 8.394814217043468
worker_1  | g=0, diversidad=11.363102741877713, C1=1.7530800362568972, C2=1.0467120517127408
worker_1  | gen evals   avg     std     min             max
worker_1  | 0   10      1800.01 1687.86 0.00684177      5000
worker_14 | g=7, diversidad=7.40192610934593, C1=1.8155523771415925, C2=1.263025969030774
worker_14 | 7   10      1533.43 1454.47 0.0226864       4000
worker_14 | defaultdict(<class 'deap.tools.support.Logbook'>, {})
worker_14 | poblacion enviada...  0.006979303822108221
worker_14 | poblacion recibida...  PSO PSO-6
worker_14 | primero diversidad 5.856759851781805
worker_13 | g=4, diversidad=5.55612726797187, C1=1.5684763880189048, C2=1.1474062811740855
worker_13 | 4   10      1766.94 1445.5  0.0165298       3333.47
worker_4  | g=6, diversidad=6.714435714751184, C1=1.5115507045391534, C2=1.3931995064044715
worker_4  | 6   10      1466.82 1166.31 0.0151781       3334.15
worker_8  | g=5, diversidad=8.550425736657907, C1=1.959628016996671, C2=1.8730473591369594
worker_8  | 5   10      1733.66 1611.04 0.0238494       5000
worker_5  | g=6, diversidad=5.0741563646256305, C1=1.6534413084667416, C2=1.917971933152776
worker_5  | 6   10      1633.37 1828.47 0.0112812       5000
worker_6  | g=5, diversidad=8.703761081831994, C1=1.7650075934620275, C2=1.1457884179990774
worker_6  | 5   10      2766.71 1850.19 0.00855311      5000
worker_3  | g=6, diversidad=5.120043705104275, C1=1.5438952882135568, C2=1.0530426674159254
worker_3  | 6   10      1433.43 1374.76 0.0288584       4000
worker_16 | g=6, diversidad=7.877528478279736, C1=1.1558677020489068, C2=1.6261082852728161
worker_16 | 6   10      1966.78 1580.7  0.0241131       4000
worker_11 | g=6, diversidad=7.509368628259481, C1=1.6451438970412395, C2=1.5637674325284587
worker_11 | 6   10      2666.76 1837.77 0.0154167       5000
worker_15 | g=1, diversidad=7.43971650466888, C1=1.3028198520471252, C2=1.5296056735703265
worker_15 | 1   10      2533.51 1469.67 0.0433996       5000
worker_10 | g=5, diversidad=7.469408412726786, C1=1.4286904502589053, C2=1.0679393188653727
worker_10 | 5   10      2966.69 1669.65 0.0239018       5000
worker_7  | g=0, diversidad=13.465925332123215, C1=1.3363160301652317, C2=1.1161569789061474
worker_7  | gen evals   avg     std     min             max
worker_7  | 0   10      2333.53 2000.09 0.00624799      5000
worker_12 | g=4, diversidad=6.365133485200019, C1=1.2901013887213495, C2=1.439352851982275
worker_12 | 4   10      2100.04 2060.47 0.0147983       5000
worker_1  | g=1, diversidad=9.734033107852097, C1=1.7530800362568972, C2=1.0467120517127408
worker_1  | 1   10      3100.02 1653.59 0.0803811       5000
worker_13 | g=5, diversidad=5.789907687990498, C1=1.5684763880189048, C2=1.1474062811740855
worker_13 | 5   10      2066.84 1526.08 0.0312316       5000
worker_3  | g=7, diversidad=5.560518804105808, C1=1.5438952882135568, C2=1.0530426674159254
worker_3  | 7   10      2666.82 2000.03 0.0275343       5000
worker_3  | defaultdict(<class 'deap.tools.support.Logbook'>, {})
worker_3  | poblacion enviada...  0.006979303822108221
worker_3  | poblacion recibida...  PSO PSO-11
worker_3  | primero diversidad 5.750981943585369
worker_8  | g=6, diversidad=7.700285404478471, C1=1.959628016996671, C2=1.8730473591369594
worker_8  | 6   10      1340.71 1249.18 0.0235397       3333.97
worker_9  | g=1, diversidad=6.97208124668985, C1=1.1515829943425442, C2=1.450989682215881
worker_9  | 1   10      1933.59 1481.58 0.394557        5000
worker_6  | g=6, diversidad=9.575976022241397, C1=1.7650075934620275, C2=1.1457884179990774
worker_6  | 6   10      3033.94 1753.57 0.0146445       5000
worker_2  | g=3, diversidad=7.001746468261903, C1=1.0736780803371588, C2=1.5757616217473887
worker_2  | 3   10      2066.71 1890.31 0.00798602      5000
worker_4  | g=7, diversidad=6.259961503398612, C1=1.5115507045391534, C2=1.3931995064044715
worker_4  | 7   10      1433.42 1116.04 0.0120505       3333.35
worker_4  | defaultdict(<class 'deap.tools.support.Logbook'>, {})
worker_4  | poblacion enviada...  0.006979303822108221
worker_4  | poblacion recibida...  PSO PSO-8
worker_4  | primero diversidad 5.044031160637914
worker_5  | g=7, diversidad=5.314264019106324, C1=1.6534413084667416, C2=1.917971933152776
worker_5  | 7   10      1800.09 1514.37 0.0145973       5000
worker_5  | defaultdict(<class 'deap.tools.support.Logbook'>, {})
worker_5  | poblacion enviada...  0.006979303822108221
worker_5  | poblacion recibida...  PSO PSO-12
worker_5  | primero diversidad 6.174304485318089
worker_14 | g=0, diversidad=6.223694956859449, C1=1.8155523771415925, C2=1.263025969030774
worker_14 | gen evals   avg     std     min             max
worker_14 | 0   10      1733.37 1496.65 0.00624799      4000
worker_16 | g=7, diversidad=6.8152920823327054, C1=1.1558677020489068, C2=1.6261082852728161
worker_16 | 7   10      2233.48 1291.49 0.0581951       5000
worker_16 | defaultdict(<class 'deap.tools.support.Logbook'>, {})
worker_16 | poblacion enviada...  0.006898872614479982
worker_16 | poblacion recibida...  PSO PSO-9
worker_16 | primero diversidad 7.720164008087818
worker_15 | g=2, diversidad=5.991329355867816, C1=1.3028198520471252, C2=1.5296056735703265
worker_15 | 2   10      3533.51 1585.85 0.0371518       5000
worker_11 | g=7, diversidad=6.3857199469323636, C1=1.6451438970412395, C2=1.5637674325284587
worker_11 | 7   10      2439.51 1395.55 0.0235626       5000
worker_11 | defaultdict(<class 'deap.tools.support.Logbook'>, {})
worker_11 | poblacion enviada...  0.006979303822108221
worker_11 | poblacion recibida...  PSO PSO-0
worker_11 | primero diversidad 6.210258053381754
worker_12 | g=5, diversidad=6.015767838392366, C1=1.2901013887213495, C2=1.439352851982275
worker_12 | 5   10      3833.48 1203.99 1333.37         5000
worker_10 | g=6, diversidad=8.038145248431313, C1=1.4286904502589053, C2=1.0679393188653727
worker_10 | 6   10      1600.19 1388.88 0.00849309      3333.38
worker_1  | g=2, diversidad=6.901236149282609, C1=1.7530800362568972, C2=1.0467120517127408
worker_1  | 2   10      2033.51 1303.37 0.0176855       4000
worker_8  | g=7, diversidad=7.851341149996072, C1=1.959628016996671, C2=1.8730473591369594
worker_8  | 7   10      2933.58 1200.02 1666.67         5000
worker_8  | defaultdict(<class 'deap.tools.support.Logbook'>, {})
worker_8  | poblacion enviada...  0.006512462957602179
worker_8  | poblacion recibida...  PSO PSO-7
worker_8  | primero diversidad 7.292323608904295
worker_7  | g=1, diversidad=11.135702487429686, C1=1.3363160301652317, C2=1.1161569789061474
worker_7  | 1   10      2766.78 1577.92 0.117029        5000
worker_13 | g=6, diversidad=6.077195458406119, C1=1.5684763880189048, C2=1.1474062811740855
worker_13 | 6   10      2300.05 1471.56 0.0858927       5000
worker_3  | g=0, diversidad=6.430847564439998, C1=1.5438952882135568, C2=1.0530426674159254
worker_3  | gen evals   avg     std     min             max
worker_3  | 0   10      1600.1  1762.49 0.00624799      5000
worker_9  | g=2, diversidad=6.427437327011673, C1=1.1515829943425442, C2=1.450989682215881
worker_9  | 2   10      1766.84 1325.4  0.0401781       3333.84
worker_5  | g=0, diversidad=13.06660772414384, C1=1.6534413084667416, C2=1.917971933152776
worker_5  | gen evals   avg     std     min             max
worker_5  | 0   10      966.697 993.887 0.00651246      2333.4
worker_2  | g=4, diversidad=6.755587904701885, C1=1.0736780803371588, C2=1.5757616217473887
worker_2  | 4   10      1533.62 1335.11 0.0250372       4000
worker_14 | g=1, diversidad=6.264560197923964, C1=1.8155523771415925, C2=1.263025969030774
worker_14 | 1   10      2233.63 1325.29 0.040773        4000
worker_6  | g=7, diversidad=9.286041989212016, C1=1.7650075934620275, C2=1.1457884179990774
worker_6  | 7   10      2100.14 1390.83 0.0523802       5000
worker_6  | defaultdict(<class 'deap.tools.support.Logbook'>, {})
worker_6  | poblacion enviada...  0.006979303822108221
worker_6  | poblacion recibida...  PSO PSO-4
worker_6  | primero diversidad 10.438615240031277
worker_15 | g=3, diversidad=4.609123647950727, C1=1.3028198520471252, C2=1.5296056735703265
worker_15 | 3   10      2233.38 1491.07 0.0296669       5000
worker_4  | g=0, diversidad=5.069778481836949, C1=1.5115507045391534, C2=1.3931995064044715
worker_4  | gen evals   avg     std     min             max
worker_4  | 0   10      1833.4  1565.24 0.00624799      4000
worker_16 | g=0, diversidad=12.840144556005148, C1=1.1558677020489068, C2=1.6261082852728161
worker_16 | gen evals   avg     std     min             max
worker_16 | 0   10      800.524 1097.64 0.00684177      3334.27
worker_11 | g=0, diversidad=6.700100454851412, C1=1.6451438970412395, C2=1.5637674325284587
worker_11 | gen evals   avg     std     min             max
worker_11 | 0   10      1633.4  1636.06 0.00624799      5000
worker_12 | g=6, diversidad=6.333287901299844, C1=1.2901013887213495, C2=1.439352851982275
worker_12 | 6   10      3166.68 1097.97 1666.68         5000
worker_8  | g=0, diversidad=11.439606640737944, C1=1.959628016996671, C2=1.8730473591369594
worker_8  | gen evals   avg     std     min             max
worker_8  | 0   10      1533.43 2082.69 0.00624799      5000
worker_1  | g=3, diversidad=5.904964726839176, C1=1.7530800362568972, C2=1.0467120517127408
worker_1  | 3   10      1966.75 1178.09 0.018414        3333.83
worker_10 | g=7, diversidad=8.187658195014931, C1=1.4286904502589053, C2=1.0679393188653727
worker_10 | 7   10      2433.37 1725.93 0.0147131       5000
worker_10 | defaultdict(<class 'deap.tools.support.Logbook'>, {})
worker_10 | poblacion enviada...  0.006512462957602179
worker_10 | poblacion recibida...  PSO PSO-3
worker_10 | primero diversidad 7.077663324204656
worker_13 | g=7, diversidad=5.514850092828511, C1=1.5684763880189048, C2=1.1474062811740855
worker_13 | 7   10      2033.38 1224.29 0.0267696       3333.38
worker_13 | defaultdict(<class 'deap.tools.support.Logbook'>, {})
worker_13 | poblacion enviada...  0.008426841356260234
worker_13 | poblacion recibida...  PSO PSO-15
worker_13 | primero diversidad 6.208763519296144
worker_7  | g=2, diversidad=8.808204880738284, C1=1.3363160301652317, C2=1.1161569789061474
worker_7  | 2   10      3400.08 679.795 1666.94         4000
worker_2  | g=5, diversidad=6.176684330599738, C1=1.0736780803371588, C2=1.5757616217473887
worker_2  | 5   10      2366.87 1642.91 0.0313028       5000
worker_14 | g=2, diversidad=6.012138086708564, C1=1.8155523771415925, C2=1.263025969030774
worker_14 | 2   10      2933.53 1412.65 0.0345571       5000
worker_3  | g=1, diversidad=6.801954812818941, C1=1.5438952882135568, C2=1.0530426674159254
worker_3  | 1   10      2300.07 1242.31 0.00625345      5000
worker_5  | g=1, diversidad=9.51819308934346, C1=1.6534413084667416, C2=1.917971933152776
worker_5  | 1   10      2033.37 1810.14 0.0117419       5000
worker_9  | g=3, diversidad=5.43211127337403, C1=1.1515829943425442, C2=1.450989682215881
worker_9  | 3   10      1533.53 1392.19 0.0122991       3334.58
worker_6  | g=0, diversidad=14.189956797347568, C1=1.7650075934620275, C2=1.1457884179990774
worker_6  | gen evals   avg     std     min             max
worker_6  | 0   10      2366.69 1828.48 0.00689887      5000
worker_15 | g=4, diversidad=5.787108330384474, C1=1.3028198520471252, C2=1.5296056735703265
worker_15 | 4   10      2367.78 1675.24 0.0122195       5000
worker_4  | g=1, diversidad=6.088128153780426, C1=1.5115507045391534, C2=1.3931995064044715
worker_4  | 1   10      2700.07 1669.62 0.045235        5000
worker_11 | g=1, diversidad=6.85258966150929, C1=1.6451438970412395, C2=1.5637674325284587
worker_11 | 1   10      2166.92 1701.22 0.0617931       5000
worker_16 | g=1, diversidad=8.765548338474986, C1=1.1558677020489068, C2=1.6261082852728161
worker_16 | 1   10      3066.79 1540.43 667.016         5000
worker_1  | g=4, diversidad=7.3609560425399945, C1=1.7530800362568972, C2=1.0467120517127408
worker_1  | 4   10      2966.7  2110.51 0.0421676       5000
worker_8  | g=1, diversidad=8.68916356792558, C1=1.959628016996671, C2=1.8730473591369594
worker_8  | 1   10      2233.78 1764.37 0.0189506       5000
worker_12 | g=7, diversidad=6.323430980993202, C1=1.2901013887213495, C2=1.439352851982275
worker_12 | 7   10      2366.76 1320.32 0.189849        5000
worker_12 | defaultdict(<class 'deap.tools.support.Logbook'>, {})
worker_12 | poblacion enviada...  0.006512462957602179
worker_12 | poblacion recibida...  PSO PSO-2
worker_12 | primero diversidad 7.969161133548874
worker_10 | g=0, diversidad=7.077663324204656, C1=1.4286904502589053, C2=1.0679393188653727
worker_10 | gen evals   avg     std     min             max
worker_10 | 0   10      2133.63 1661.52 0.00651246      5000
worker_13 | g=0, diversidad=16.860181127987143, C1=1.5684763880189048, C2=1.1474062811740855
worker_13 | gen evals   avg     std     min             max
worker_13 | 0   10      966.9   1286.61 0.00624799      3335.21
worker_2  | g=6, diversidad=5.896097445501477, C1=1.0736780803371588, C2=1.5757616217473887
worker_2  | 6   10      2566.81 1619.55 0.0217038       5000
worker_7  | g=3, diversidad=6.682428251195958, C1=1.3363160301652317, C2=1.1161569789061474
worker_7  | 3   10      2533.39 1212.85 666.917         5000
worker_3  | g=2, diversidad=6.587970317962268, C1=1.5438952882135568, C2=1.0530426674159254
worker_3  | 2   10      2466.72 1944.78 0.0128844       5000
worker_9  | g=4, diversidad=5.970495724152991, C1=1.1515829943425442, C2=1.450989682215881
worker_9  | 4   10      2200.17 1469.65 0.0528893       5000
worker_5  | g=2, diversidad=6.801148019870826, C1=1.6534413084667416, C2=1.917971933152776
worker_5  | 2   10      2533.52 1343.37 0.0864853       5000
worker_14 | g=3, diversidad=4.803484935049562, C1=1.8155523771415925, C2=1.263025969030774
worker_14 | 3   10      2433.44 1476.02 0.0169649       5000
worker_6  | g=1, diversidad=10.603992255066087, C1=1.7650075934620275, C2=1.1457884179990774
worker_6  | 1   10      2767.1  1693.15 0.0847221       5000
worker_4  | g=2, diversidad=5.176082301150926, C1=1.5115507045391534, C2=1.3931995064044715
worker_4  | 2   10      2400.29 2042.7  0.0233552       5000
worker_15 | g=5, diversidad=6.531317953636856, C1=1.3028198520471252, C2=1.5296056735703265
worker_15 | 5   10      2333.38 1626.16 0.0280919       5000
worker_11 | g=2, diversidad=6.481448212231893, C1=1.6451438970412395, C2=1.5637674325284587
worker_11 | 2   10      2200.27 1844.93 0.0230476       5000
worker_1  | g=5, diversidad=7.424394258422581, C1=1.7530800362568972, C2=1.0467120517127408
worker_1  | 5   10      2633.57 1409.67 667.583         5000
worker_16 | g=2, diversidad=5.39138503204336, C1=1.1558677020489068, C2=1.6261082852728161
worker_16 | 2   10      2033.37 1980.15 0.0078206       5000
worker_8  | g=2, diversidad=6.271835524777751, C1=1.959628016996671, C2=1.8730473591369594
worker_8  | 2   10      2600.3  1749.5  0.0232209       5000
worker_13 | g=1, diversidad=14.149253569871801, C1=1.5684763880189048, C2=1.1474062811740855
worker_13 | 1   10      2634.16 1628.76 0.0160415       5000
worker_2  | g=7, diversidad=5.544894968251747, C1=1.0736780803371588, C2=1.5757616217473887
worker_2  | 7   10      2833.64 1674.88 0.191511        5000
worker_2  | defaultdict(<class 'deap.tools.support.Logbook'>, {})
worker_2  | poblacion enviada...  0.006512462957602179
worker_2  | poblacion recibida...  PSO PSO-10
worker_2  | primero diversidad 6.266335246455478
worker_12 | g=0, diversidad=13.025374632215549, C1=1.2901013887213495, C2=1.439352851982275
worker_12 | gen evals   avg     std     min             max
worker_12 | 0   10      1500.13 1558.12 0.00624799      5000
worker_10 | g=1, diversidad=7.556862525888112, C1=1.4286904502589053, C2=1.0679393188653727
worker_10 | 1   10      1833.52 1634.61 0.0967858       5000
worker_9  | g=5, diversidad=6.006063672211084, C1=1.1515829943425442, C2=1.450989682215881
worker_9  | 5   10      2633.47 1760.34 0.0911841       5000
worker_14 | g=4, diversidad=5.449135245278998, C1=1.8155523771415925, C2=1.263025969030774
worker_14 | 4   10      3333.43 1490.64 0.0553114       5000
worker_5  | g=3, diversidad=5.8321405290160895, C1=1.6534413084667416, C2=1.917971933152776
worker_5  | 3   10      2466.8  1826.82 0.0734854       5000
worker_7  | g=4, diversidad=6.94191930278132, C1=1.3363160301652317, C2=1.1161569789061474
worker_7  | 4   10      1900.12 1897.61 0.0510978       5000
worker_4  | g=3, diversidad=4.742479892530391, C1=1.5115507045391534, C2=1.3931995064044715
worker_4  | 3   10      3366.71 1401.96 666.688         5000
worker_6  | g=2, diversidad=7.536502931671621, C1=1.7650075934620275, C2=1.1457884179990774
worker_6  | 2   10      3133.48 1777.55 0.0185011       5000
worker_3  | g=3, diversidad=6.072232957569103, C1=1.5438952882135568, C2=1.0530426674159254
worker_3  | 3   10      2200.06 1439.12 0.0140937       4000
worker_15 | g=6, diversidad=6.0089051376411895, C1=1.3028198520471252, C2=1.5296056735703265
worker_15 | 6   10      2566.73 1527.88 0.0205321       5000
worker_1  | g=6, diversidad=6.495181458084512, C1=1.7530800362568972, C2=1.0467120517127408
worker_1  | 6   10      1500.77 1572.56 0.0281403       5000
worker_11 | g=3, diversidad=6.315558780227862, C1=1.6451438970412395, C2=1.5637674325284587
worker_11 | 3   10      2633.41 1501.44 0.0242929       5000
worker_16 | g=3, diversidad=5.656609750549664, C1=1.1558677020489068, C2=1.6261082852728161
worker_16 | 3   10      3233.42 1437.89 667.079         5000
worker_4  | g=4, diversidad=5.3410862292965735, C1=1.5115507045391534, C2=1.3931995064044715
worker_4  | 4   10      2500.07 1707.8  0.0137507       5000
worker_13 | g=2, diversidad=10.227588647470945, C1=1.5684763880189048, C2=1.1474062811740855
worker_13 | 2   10      2568.21 1604.09 0.033874        5000
worker_2  | g=0, diversidad=13.479207963799512, C1=1.0736780803371588, C2=1.5757616217473887
worker_2  | gen evals   avg     std     min             max
worker_2  | 0   10      1400.04 1554.9  0.00624799      4000
worker_5  | g=4, diversidad=7.1217412315345445, C1=1.6534413084667416, C2=1.917971933152776
worker_5  | 4   10      2466.78 1826.86 0.0530399       5000
worker_7  | g=5, diversidad=8.248842455516915, C1=1.3363160301652317, C2=1.1161569789061474
worker_7  | 5   10      2533.78 2093.16 0.0350205       5000
worker_12 | g=1, diversidad=10.279211449649706, C1=1.2901013887213495, C2=1.439352851982275
worker_12 | 1   10      2100.08 1738.71 0.0224837       5000
worker_10 | g=2, diversidad=7.046939579648848, C1=1.4286904502589053, C2=1.0679393188653727
worker_10 | 2   10      2766.94 1699.93 0.0430191       5000
worker_6  | g=3, diversidad=6.561688144801932, C1=1.7650075934620275, C2=1.1457884179990774
worker_6  | 3   10      2000.77 1366.87 0.0319629       4000
worker_3  | g=4, diversidad=5.855460239668886, C1=1.5438952882135568, C2=1.0530426674159254
worker_3  | 4   10      2133.38 1318.23 0.016897        5000
worker_14 | g=5, diversidad=5.634395552352349, C1=1.8155523771415925, C2=1.263025969030774
worker_14 | 5   10      2600.12 1093.35 1666.69         5000
worker_9  | g=6, diversidad=5.538802934501446, C1=1.1515829943425442, C2=1.450989682215881
worker_9  | 6   10      1766.85 882.589 0.0896493       3333.4
worker_15 | g=7, diversidad=6.100472115829638, C1=1.3028198520471252, C2=1.5296056735703265
worker_15 | 7   10      1966.77 1508.81 0.0840765       5000
worker_15 | defaultdict(<class 'deap.tools.support.Logbook'>, {})
worker_15 | poblacion enviada...  0.006247990342313892
worker_15 | poblacion recibida...  PSO PSO-5
worker_15 | primero diversidad 5.112540007098
worker_1  | g=7, diversidad=6.940394706881032, C1=1.7530800362568972, C2=1.0467120517127408
worker_1  | 7   10      1900.19 1577.92 0.07819         5000
worker_1  | defaultdict(<class 'deap.tools.support.Logbook'>, {})
worker_1  | poblacion enviada...  0.006841774104429821
worker_1  | poblacion recibida...  PSO PSO-13
worker_1  | primero diversidad 7.7113080221062855
worker_11 | g=4, diversidad=6.848152907208434, C1=1.6451438970412395, C2=1.5637674325284587
worker_11 | 4   10      2834.3  1720.95 0.0110953       5000
worker_4  | g=5, diversidad=5.505820285738404, C1=1.5115507045391534, C2=1.3931995064044715
worker_4  | 5   10      3000.15 1633.01 0.01029         5000
worker_16 | g=4, diversidad=8.45610764350609, C1=1.1558677020489068, C2=1.6261082852728161
worker_16 | 4   10      2833.52 1416.05 0.0590368       5000
worker_2  | g=1, diversidad=10.396863445475052, C1=1.0736780803371588, C2=1.5757616217473887
worker_2  | 1   10      2966.69 1448.75 0.0281434       5000
worker_13 | g=3, diversidad=7.6287723217773085, C1=1.5684763880189048, C2=1.1474062811740855
worker_13 | 3   10      1333.46 1794.98 0.0103434       5000
worker_12 | g=2, diversidad=7.393445653903948, C1=1.2901013887213495, C2=1.439352851982275
worker_12 | 2   10      3300.02 1864.57 0.0127167       5000
worker_7  | g=6, diversidad=7.422299535918749, C1=1.3363160301652317, C2=1.1161569789061474
worker_7  | 6   10      2200.18 1087.31 0.0169056       4000
worker_9  | g=7, diversidad=8.535879711826714, C1=1.1515829943425442, C2=1.450989682215881
worker_9  | 7   10      1900.29 1807.72 0.0051023       5000
worker_9  | defaultdict(<class 'deap.tools.support.Logbook'>, {})
worker_9  | poblacion enviada...  0.005102301795863114
worker_9  | poblacion recibida...  PSO PSO-1
worker_9  | primero diversidad 9.650997591794262
worker_5  | g=5, diversidad=8.21077508854323, C1=1.6534413084667416, C2=1.917971933152776
worker_5  | 5   10      2466.8  1203.64 666.793         5000
worker_6  | g=4, diversidad=8.152957670735455, C1=1.7650075934620275, C2=1.1457884179990774
worker_6  | 4   10      2100.19 1626.49 0.00814566      5000
worker_10 | g=3, diversidad=4.915752023137911, C1=1.4286904502589053, C2=1.0679393188653727
worker_10 | 3   10      3266.8  1372.6  1666.81         5000
worker_14 | g=6, diversidad=5.808022015542624, C1=1.8155523771415925, C2=1.263025969030774
worker_14 | 6   10      2333.39 1897.31 0.10475         5000
worker_15 | g=0, diversidad=5.112540007098, C1=1.3028198520471252, C2=1.5296056735703265
worker_15 | gen evals   avg     std     min             max
worker_15 | 0   10      2700.01 1968.92 0.00624799      5000
worker_4  | g=6, diversidad=5.213791662554691, C1=1.5115507045391534, C2=1.3931995064044715
worker_4  | 6   10      2733.41 2189.82 0.046889        5000
worker_3  | g=5, diversidad=5.916736963425753, C1=1.5438952882135568, C2=1.0530426674159254
worker_3  | 5   10      2400.04 1331.64 0.0194302       4000
worker_11 | g=5, diversidad=7.085009629773002, C1=1.6451438970412395, C2=1.5637674325284587
worker_11 | 5   10      2933.42 1331.61 1333.47         5000
worker_1  | g=0, diversidad=14.997897187505785, C1=1.7530800362568972, C2=1.0467120517127408
worker_1  | gen evals   avg     std     min             max
worker_1  | 0   10      1366.69 1242.32 0.00624799      3333.36
worker_16 | g=5, diversidad=8.814824888653078, C1=1.1558677020489068, C2=1.6261082852728161
worker_16 | 5   10      2633.51 1516.22 0.17141         5000
worker_13 | g=4, diversidad=7.170252139508532, C1=1.5684763880189048, C2=1.1474062811740855
worker_13 | 4   10      2500.19 1536.59 0.0283876       5000
worker_12 | g=3, diversidad=6.486626480604352, C1=1.2901013887213495, C2=1.439352851982275
worker_12 | 3   10      2133.4  1627.51 0.0364921       5000
worker_9  | g=0, diversidad=7.459509858266623, C1=1.1515829943425442, C2=1.450989682215881
worker_9  | gen evals   avg     std     min             max
worker_9  | 0   10      1633.53 1120.24 0.0051023       3334.71
worker_6  | g=5, diversidad=8.290160972664683, C1=1.7650075934620275, C2=1.1457884179990774
worker_6  | 5   10      2534.5  1713.43 0.0179869       5000
worker_10 | g=4, diversidad=4.952381929613433, C1=1.4286904502589053, C2=1.0679393188653727
worker_10 | 4   10      3233.41 1693.44 0.0516991       5000
worker_5  | g=6, diversidad=8.50087236434715, C1=1.6534413084667416, C2=1.917971933152776
worker_5  | 6   10      2133.42 1880.86 0.0300686       5000
worker_2  | g=2, diversidad=7.144875230390204, C1=1.0736780803371588, C2=1.5757616217473887
worker_2  | 2   10      2766.93 1712.61 0.00910248      5000
worker_7  | g=7, diversidad=7.167762118697015, C1=1.3363160301652317, C2=1.1161569789061474
worker_7  | 7   10      1566.81 1706.48 0.1648          5000
worker_7  | defaultdict(<class 'deap.tools.support.Logbook'>, {})
worker_7  | poblacion enviada...  0.006247990342313892
worker_7  | poblacion recibida...  PSO PSO-14
worker_7  | primero diversidad 9.110411532215682
worker_1  | g=1, diversidad=12.270190623625446, C1=1.7530800362568972, C2=1.0467120517127408
worker_1  | 1   10      2566.81 1686.8  0.0121207       5000
worker_11 | g=6, diversidad=7.7300118666836175, C1=1.6451438970412395, C2=1.5637674325284587
worker_11 | 6   10      2633.44 1594.77 0.0486203       5000
worker_14 | g=7, diversidad=5.464751939624804, C1=1.8155523771415925, C2=1.263025969030774
worker_14 | 7   10      1566.78 1095.96 0.00520587      3333.35
worker_14 | defaultdict(<class 'deap.tools.support.Logbook'>, {})
worker_14 | poblacion enviada...  0.005205873724646406
worker_14 | poblacion recibida...  PSO PSO-6
worker_14 | primero diversidad 7.76075926215953
worker_15 | g=1, diversidad=5.780401377453462, C1=1.3028198520471252, C2=1.5296056735703265
worker_15 | 1   10      2233.63 1095.86 666.67          4000
worker_3  | g=6, diversidad=6.117697795998107, C1=1.5438952882135568, C2=1.0530426674159254
worker_3  | 6   10      1966.92 1464.07 0.0345703       5000
worker_4  | g=7, diversidad=4.606941823066878, C1=1.5115507045391534, C2=1.3931995064044715
worker_4  | 7   10      2062.69 1028.33 0.0324197       3333.37
worker_4  | defaultdict(<class 'deap.tools.support.Logbook'>, {})
worker_4  | poblacion enviada...  0.006247990342313892
worker_4  | poblacion recibida...  PSO PSO-8
worker_4  | primero diversidad 4.453362001161782
worker_16 | g=6, diversidad=8.408016547218159, C1=1.1558677020489068, C2=1.6261082852728161
worker_16 | 6   10      2666.87 1520.22 0.050479        5000
worker_13 | g=5, diversidad=7.667510775698917, C1=1.5684763880189048, C2=1.1474062811740855
worker_13 | 5   10      2433.4  1498.48 0.137087        5000
worker_9  | g=1, diversidad=6.67785117068206, C1=1.1515829943425442, C2=1.450989682215881
worker_9  | 1   10      3438.74 942.908 2333.38         5000
worker_5  | g=7, diversidad=7.395445979014523, C1=1.6534413084667416, C2=1.917971933152776
worker_5  | 7   10      3066.68 1280.62 1666.67         5000
worker_5  | defaultdict(<class 'deap.tools.support.Logbook'>, {})
worker_5  | poblacion enviada...  0.006512462957602179
worker_5  | poblacion recibida...  PSO PSO-12
worker_5  | primero diversidad 8.201345684857209
worker_6  | g=6, diversidad=7.1031174300256765, C1=1.7650075934620275, C2=1.1457884179990774
worker_6  | 6   10      2900.02 2076.57 0.0126569       5000
worker_12 | g=4, diversidad=6.772193320293762, C1=1.2901013887213495, C2=1.439352851982275
worker_12 | 4   10      1966.78 1251.2  0.00609259      4000
worker_1  | g=2, diversidad=9.030805205199208, C1=1.7530800362568972, C2=1.0467120517127408
worker_1  | 2   10      3333.35 1666.64 0.0966973       5000
worker_2  | g=3, diversidad=5.399743940297476, C1=1.0736780803371588, C2=1.5757616217473887
worker_2  | 3   10      2600.07 1133.29 1666.7          5000
worker_11 | g=7, diversidad=7.17897924340831, C1=1.6451438970412395, C2=1.5637674325284587
worker_11 | 7   10      2166.74 2242.21 0.0434093       5000
worker_11 | defaultdict(<class 'deap.tools.support.Logbook'>, {})
worker_11 | poblacion enviada...  0.006247990342313892
worker_11 | poblacion recibida...  PSO PSO-0
worker_11 | primero diversidad 6.726600572157231
worker_10 | g=5, diversidad=6.0124981241901265, C1=1.4286904502589053, C2=1.0679393188653727
worker_10 | 5   10      2733.39 1443.72 0.0280197       5000
worker_3  | g=7, diversidad=5.488909232543406, C1=1.5438952882135568, C2=1.0530426674159254
worker_3  | 7   10      2733.6  1890.39 0.0386682       5000
worker_3  | defaultdict(<class 'deap.tools.support.Logbook'>, {})
worker_3  | poblacion enviada...  0.006247990342313892
worker_3  | poblacion recibida...  PSO PSO-11
worker_3  | primero diversidad 5.958057701013359
worker_7  | g=0, diversidad=9.110411532215682, C1=1.3363160301652317, C2=1.1161569789061474
worker_7  | gen evals   avg     std     min             max
worker_7  | 0   10      566.82  1054.73 0.00624799      3333.42
worker_14 | g=0, diversidad=7.76075926215953, C1=1.8155523771415925, C2=1.263025969030774
worker_14 | gen evals   avg     std     min             max
worker_14 | 0   10      1233.38 1342.07 0.00520587      3333.38
worker_16 | g=7, diversidad=7.767725045108554, C1=1.1558677020489068, C2=1.6261082852728161
worker_16 | 7   10      2633.56 1728.38 0.0363464       5000
worker_16 | defaultdict(<class 'deap.tools.support.Logbook'>, {})
worker_16 | poblacion enviada...  0.006841774104429821
worker_16 | poblacion recibida...  PSO PSO-9
worker_16 | primero diversidad 8.09452764161151
worker_15 | g=2, diversidad=5.675856898336325, C1=1.3028198520471252, C2=1.5296056735703265
worker_15 | 2   10      1566.8  1192.94 0.0468334       3333.34
worker_9  | g=2, diversidad=5.640216448729793, C1=1.1515829943425442, C2=1.450989682215881
worker_9  | 2   10      3200.11 1521.62 0.0842321       5000
worker_1  | g=3, diversidad=8.369662281755971, C1=1.7530800362568972, C2=1.0467120517127408
worker_1  | 3   10      3133.45 2093.36 0.0165179       5000
worker_4  | g=0, diversidad=5.618891079259722, C1=1.5115507045391534, C2=1.3931995064044715
worker_4  | gen evals   avg     std     min             max
worker_4  | 0   10      1366.9  1345.43 0.00520587      4000
worker_12 | g=5, diversidad=5.431909513865281, C1=1.2901013887213495, C2=1.439352851982275
worker_12 | 5   10      2366.75 1464    0.0569762       5000
worker_13 | g=6, diversidad=8.71713517975937, C1=1.5684763880189048, C2=1.1474062811740855
worker_13 | 6   10      2633.38 1828.45 0.0420384       5000
worker_6  | g=7, diversidad=6.834035199389415, C1=1.7650075934620275, C2=1.1457884179990774
worker_6  | 7   10      3000.24 1414.26 0.0245312       5000
worker_6  | defaultdict(<class 'deap.tools.support.Logbook'>, {})
worker_6  | poblacion enviada...  0.006898872614479982
worker_6  | poblacion recibida...  PSO PSO-4
worker_6  | primero diversidad 7.891377529106175
worker_5  | g=0, diversidad=12.636889933689092, C1=1.6534413084667416, C2=1.917971933152776
worker_5  | gen evals   avg     std     min             max
worker_5  | 0   10      1800.89 1514.87 0.00624799      5000
worker_2  | g=4, diversidad=6.025741252106248, C1=1.0736780803371588, C2=1.5757616217473887
worker_2  | 4   10      1800.15 1687.88 0.00739917      5000
worker_10 | g=6, diversidad=5.843674220379191, C1=1.4286904502589053, C2=1.0679393188653727
worker_10 | 6   10      2966.74 1058.77 1666.68         5000
worker_3  | g=0, diversidad=5.958057701013359, C1=1.5438952882135568, C2=1.0530426674159254
worker_3  | gen evals   avg     std     min             max
worker_3  | 0   10      800.334 1056.54 0.00624799      3333.95
worker_9  | g=3, diversidad=4.549230956557319, C1=1.1515829943425442, C2=1.450989682215881
worker_9  | 3   10      3266.8  2004.41 0.0188322       5000
worker_11 | g=0, diversidad=7.140006113899503, C1=1.6451438970412395, C2=1.5637674325284587
worker_11 | gen evals   avg     std     min             max
worker_11 | 0   10      1300.16 1508.9  0.00520587      4000
worker_14 | g=1, diversidad=7.159688298986627, C1=1.8155523771415925, C2=1.263025969030774
worker_14 | 1   10      1875.73 1483.75 0.0153019       4000
worker_15 | g=3, diversidad=5.584508329528467, C1=1.3028198520471252, C2=1.5296056735703265
worker_15 | 3   10      1700.06 1353.55 0.0161989       4000
worker_7  | g=1, diversidad=8.384199381517345, C1=1.3363160301652317, C2=1.1161569789061474
worker_7  | 1   10      2966.68 1345.35 0.0510716       5000
worker_16 | g=0, diversidad=15.826384021814622, C1=1.1558677020489068, C2=1.6261082852728161
worker_16 | gen evals   avg     std     min             max
worker_16 | 0   10      2000.06 1659.98 0.00520587      5000
worker_1  | g=4, diversidad=8.85233486382304, C1=1.7530800362568972, C2=1.0467120517127408
worker_1  | 4   10      2666.7  1512.89 0.0093324       5000
worker_12 | g=6, diversidad=5.7990608415386244, C1=1.2901013887213495, C2=1.439352851982275
worker_12 | 6   10      2466.7  2001.09 0.0377077       5000
worker_13 | g=7, diversidad=8.761479682078951, C1=1.5684763880189048, C2=1.1474062811740855
worker_13 | 7   10      2533.47 1714.01 0.0516141       5000
worker_13 | defaultdict(<class 'deap.tools.support.Logbook'>, {})
worker_13 | poblacion enviada...  0.006247990342313892
worker_13 | poblacion recibida...  PSO PSO-15
worker_13 | primero diversidad 7.623545447719765
worker_4  | g=1, diversidad=5.424429039578328, C1=1.5115507045391534, C2=1.3931995064044715
worker_4  | 1   10      2800.03 1392.03 0.0108207       5000
