worker_6  | g=7, diversidad=4.865298885768565, C1=1.278473266894106, C2=1.524718860379394
worker_6  | 7   10      2100.12 1640.12 0.0870858       5000
worker_6  | defaultdict(<class 'deap.tools.support.Logbook'>, {})
worker_6  | poblacion enviada...  0.005363737622214521
worker_6  | poblacion recibida...  PSO PSO-10
worker_6  | primero diversidad 4.871044225946413
worker_14 | g=5, diversidad=6.109681813139359, C1=1.4583340632220643, C2=1.7463073024494027
worker_14 | 5   10      3500.31 1097.71 1667.89         5000
worker_2  | g=6, diversidad=5.724218870988241, C1=1.261936119618435, C2=1.1570004545186814
worker_2  | 6   10      2866.94 1499.59 0.0465802       5000
worker_4  | g=2, diversidad=4.5462301475588935, C1=1.9647299879875288, C2=1.563497339375534
worker_4  | 2   10      3533.42 1521.49 0.864008        5000
worker_9  | g=3, diversidad=4.617058967142256, C1=1.536101970948827, C2=1.47358328823639
worker_9  | 3   10      3666.71 1632.95 0.00965703      5000
worker_3  | g=0, diversidad=5.730344950751331, C1=1.7425850839819428, C2=1.559272730992605
worker_3  | gen evals   avg     std     min             max
worker_3  | 0   10      1766.89 1850.37 0.00440691      5000
worker_16 | g=2, diversidad=6.0330641185691904, C1=1.0516959247924764, C2=1.4692239306647397
worker_16 | 2   10      3384.32 1649.97 0.00379567      5000
worker_8  | g=7, diversidad=7.421979150675242, C1=1.2833203956013808, C2=1.0951934566355477
worker_8  | 7   10      2445.22 1519.64 0.779881        5000
worker_8  | defaultdict(<class 'deap.tools.support.Logbook'>, {})
worker_8  | poblacion enviada...  0.002278706426321196
worker_8  | poblacion recibida...  PSO PSO-5
worker_8  | primero diversidad 6.409011002520881
worker_10 | g=6, diversidad=6.2875060480733715, C1=1.6472727521161383, C2=1.0071258462968196
worker_10 | 6   10      3633.47 912.214 1666.68         5000
worker_7  | g=5, diversidad=7.8562817743682665, C1=1.586739118386575, C2=1.4453687251236613
worker_7  | 5   10      3200.06 1564.84 0.0803659       5000
worker_5  | g=6, diversidad=6.326510175306571, C1=1.9800988988399801, C2=1.0358594461633523
worker_5  | 6   10      3433.42 1520.5  0.0141474       5000
worker_15 | g=0, diversidad=10.744109600104688, C1=1.8106969635314276, C2=1.5343698649375266
worker_15 | gen evals   avg     std     min             max
worker_15 | 0   10      1600.02 1824.52 0.00440691      5000
worker_13 | g=3, diversidad=6.391229426124017, C1=1.9908218094941237, C2=1.1011898357956524
worker_13 | 3   10      3766.96 1220.19 668.302         5000
worker_14 | g=6, diversidad=5.774126215979715, C1=1.4583340632220643, C2=1.7463073024494027
worker_14 | 6   10      4400.28 951.727 2334.75         5000
worker_12 | g=3, diversidad=5.025345625802435, C1=1.493009511316647, C2=1.4913395135612624
worker_12 | 3   10      3133.47 1423.45 1334.51         5000
worker_16 | g=3, diversidad=5.207491927642795, C1=1.0516959247924764, C2=1.4692239306647397
worker_16 | 3   10      4333.96 815.735 3333.35         5000
worker_9  | g=4, diversidad=4.923787728947191, C1=1.536101970948827, C2=1.47358328823639
worker_9  | 4   10      3372.17 1682.8  0.188457        5000
worker_2  | g=7, diversidad=6.666073830225496, C1=1.261936119618435, C2=1.1570004545186814
worker_2  | 7   10      3800.27 653.007 3333.34         5000
worker_2  | defaultdict(<class 'deap.tools.support.Logbook'>, {})
worker_2  | poblacion enviada...  0.002278706426321196
worker_2  | poblacion recibida...  PSO PSO-4
worker_2  | primero diversidad 6.036042014309405
worker_6  | g=0, diversidad=10.311385953251289, C1=1.278473266894106, C2=1.524718860379394
worker_6  | gen evals   avg     std     min             max
worker_6  | 0   10      2200.29 1869.16 0.00476838      5000
worker_1  | g=2, diversidad=6.738775838193917, C1=1.6529056849923296, C2=1.3512167384658322
worker_1  | 2   10      2508.1  1381.33 0.00526033      5000
worker_13 | g=4, diversidad=6.771815326475422, C1=1.9908218094941237, C2=1.1011898357956524
worker_13 | 4   10      3908.09 1277.6  1666.67         5000
worker_10 | g=7, diversidad=5.7096572358904325, C1=1.6472727521161383, C2=1.0071258462968196
worker_10 | 7   10      2367.33 1260.24 0.431476        5000
worker_10 | defaultdict(<class 'deap.tools.support.Logbook'>, {})
worker_10 | poblacion enviada...  0.002278706426321196
worker_10 | poblacion recibida...  PSO PSO-3
worker_10 | primero diversidad 5.7256408053556
worker_8  | g=0, diversidad=6.409011002520881, C1=1.2833203956013808, C2=1.0951934566355477
worker_8  | gen evals   avg     std     min             max
worker_8  | 0   10      2233.36 2108.42 0.00227871      5000
worker_7  | g=6, diversidad=7.570132122327223, C1=1.586739118386575, C2=1.4453687251236613
worker_7  | 6   10      2967.18 1377.78 0.59482         5000
worker_4  | g=3, diversidad=4.864558621191246, C1=1.9647299879875288, C2=1.563497339375534
worker_4  | 3   10      2733.62 1774.99 0.920399        5000
worker_3  | g=1, diversidad=5.997830572806952, C1=1.7425850839819428, C2=1.559272730992605
worker_3  | 1   10      2600.17 1590.21 0.0290633       5000
worker_5  | g=7, diversidad=7.495280749584011, C1=1.9800988988399801, C2=1.0358594461633523
worker_5  | 7   10      3167.09 1107.81 1666.86         5000
worker_5  | defaultdict(<class 'deap.tools.support.Logbook'>, {})
worker_5  | poblacion enviada...  0.0045019560017296725
worker_5  | poblacion recibida...  PSO PSO-13
worker_5  | primero diversidad 7.515255989355541
worker_16 | g=4, diversidad=5.21984990691826, C1=1.0516959247924764, C2=1.4692239306647397
worker_16 | 4   10      3400.44 1836.49 0.0226902       5000
worker_15 | g=1, diversidad=9.11316936910405, C1=1.8106969635314276, C2=1.5343698649375266
worker_15 | 1   10      2100.13 1789.13 0.00548144      5000
worker_14 | g=7, diversidad=5.373844927995135, C1=1.4583340632220643, C2=1.7463073024494027
worker_14 | 7   10      3000.02 1837.86 0.035135        5000
worker_14 | defaultdict(<class 'deap.tools.support.Logbook'>, {})
worker_14 | poblacion enviada...  0.002278706426321196
worker_14 | poblacion recibida...  PSO PSO-1
worker_14 | primero diversidad 4.811007873932529
worker_1  | g=3, diversidad=6.761718261414202, C1=1.6529056849923296, C2=1.3512167384658322
worker_1  | 3   10      3800.28 1086.95 1668.19         5000
worker_9  | g=5, diversidad=5.32774749974813, C1=1.536101970948827, C2=1.47358328823639
worker_9  | 5   10      3466.88 1439.01 1666.67         5000
worker_8  | g=1, diversidad=6.641960783908806, C1=1.2833203956013808, C2=1.0951934566355477
worker_8  | 1   10      3333.52 1666.62 0.0162149       5000
worker_12 | g=4, diversidad=6.341336675476189, C1=1.493009511316647, C2=1.4913395135612624
worker_12 | 4   10      3566.78 1358.38 1666.82         5000
worker_13 | g=5, diversidad=6.055813019306263, C1=1.9908218094941237, C2=1.1011898357956524
worker_13 | 5   10      3400.26 1503.62 1.45992         5000
worker_2  | g=0, diversidad=6.036042014309405, C1=1.261936119618435, C2=1.1570004545186814
worker_2  | gen evals   avg     std     min             max
worker_2  | 0   10      2466.84 1995.54 0.00227871      5000
worker_7  | g=7, diversidad=6.857978558754172, C1=1.586739118386575, C2=1.4453687251236613
worker_7  | 7   10      3700.33 1642.41 0.16029         5000
worker_7  | defaultdict(<class 'deap.tools.support.Logbook'>, {})
worker_7  | poblacion enviada...  0.002278706426321196
worker_7  | poblacion recibida...  PSO PSO-14
worker_7  | primero diversidad 6.8207261979545795
worker_4  | g=4, diversidad=5.321486177571566, C1=1.9647299879875288, C2=1.563497339375534
worker_4  | 4   10      3367.19 1223.7  1666.68         5000
worker_3  | g=2, diversidad=4.593101435879626, C1=1.7425850839819428, C2=1.559272730992605
worker_3  | 2   10      3133.37 1713.95 0.13924         5000
worker_5  | g=0, diversidad=7.515255989355541, C1=1.9800988988399801, C2=1.0358594461633523
worker_5  | gen evals   avg     std     min             max
worker_5  | 0   10      2233.45 1885.98 0.00450196      5000
worker_10 | g=0, diversidad=5.7256408053556, C1=1.6472727521161383, C2=1.0071258462968196
worker_10 | gen evals   avg     std     min             max
worker_10 | 0   10      1533.35 1820.86 0.00227871      5000
worker_16 | g=5, diversidad=5.989802430440822, C1=1.0516959247924764, C2=1.4692239306647397
worker_16 | 5   10      3266.71 1388.81 666.755         5000
worker_6  | g=1, diversidad=7.734803988186729, C1=1.278473266894106, C2=1.524718860379394
worker_6  | 1   10      2400.22 1665.19 0.0665601       5000
worker_1  | g=4, diversidad=6.328188750713759, C1=1.6529056849923296, C2=1.3512167384658322
worker_1  | 4   10      3400.17 1678.45 0.0277031       5000
worker_12 | g=5, diversidad=6.0018139437380436, C1=1.493009511316647, C2=1.4913395135612624
worker_12 | 5   10      3966.84 1479.03 0.0347196       5000
worker_8  | g=2, diversidad=6.386518152663926, C1=1.2833203956013808, C2=1.0951934566355477
worker_8  | 2   10      3234.01 1591.83 0.0041328       5000
worker_14 | g=0, diversidad=4.811007873932529, C1=1.4583340632220643, C2=1.7463073024494027
worker_14 | gen evals   avg     std     min             max
worker_14 | 0   10      2066.79 1631.7  0.00227871      5000
worker_9  | g=6, diversidad=5.38244399627751, C1=1.536101970948827, C2=1.47358328823639
worker_9  | 6   10      3533.37 1326.62 1666.71         5000
worker_15 | g=2, diversidad=6.470530651550836, C1=1.8106969635314276, C2=1.5343698649375266
worker_15 | 2   10      2333.49 1054.08 0.00766381      4000
worker_2  | g=1, diversidad=6.9202695075164495, C1=1.261936119618435, C2=1.1570004545186814
worker_2  | 1   10      2867.05 1375.88 666.688         5000
worker_7  | g=0, diversidad=6.8207261979545795, C1=1.586739118386575, C2=1.4453687251236613
worker_7  | gen evals   avg     std     min             max
worker_7  | 0   10      2866.71 2098.69 0.00227871      5000
worker_4  | g=5, diversidad=6.1125915380792835, C1=1.9647299879875288, C2=1.563497339375534
worker_4  | 5   10      2536.83 1541.56 0.0239659       5000
worker_13 | g=6, diversidad=6.5351279054773554, C1=1.9908218094941237, C2=1.1011898357956524
worker_13 | 6   10      3033.5  1463.98 0.0615589       5000
worker_5  | g=1, diversidad=7.202629561165681, C1=1.9800988988399801, C2=1.0358594461633523
worker_5  | 1   10      3300.04 1702.58 0.125133        5000
worker_10 | g=1, diversidad=6.739636598959197, C1=1.6472727521161383, C2=1.0071258462968196
worker_10 | 1   10      2634.38 1721.5  0.151192        5000
worker_9  | g=7, diversidad=5.0100172354501105, C1=1.536101970948827, C2=1.47358328823639
worker_9  | 7   10      3800.23 1087.2  1666.67         5000
worker_9  | defaultdict(<class 'deap.tools.support.Logbook'>, {})
worker_9  | poblacion enviada...  0.002278706426321196
worker_9  | poblacion recibida...  PSO PSO-0
worker_9  | primero diversidad 3.4112059054112565
worker_12 | g=6, diversidad=5.952611651263029, C1=1.493009511316647, C2=1.4913395135612624
worker_12 | 6   10      3866.85 1076.93 1666.73         5000
worker_16 | g=6, diversidad=6.23833503134991, C1=1.0516959247924764, C2=1.4692239306647397
worker_16 | 6   10      3133.82 1203.66 666.766         5000
worker_8  | g=3, diversidad=5.248267905561075, C1=1.2833203956013808, C2=1.0951934566355477
worker_8  | 3   10      3633.36 1594.76 0.033172        5000
worker_3  | g=3, diversidad=4.750886816713503, C1=1.7425850839819428, C2=1.559272730992605
worker_3  | 3   10      2333.44 988.723 667.147         4000
worker_1  | g=5, diversidad=6.940306138459931, C1=1.6529056849923296, C2=1.3512167384658322
worker_1  | 5   10      3000.51 1800.46 4.20421         5000
worker_6  | g=2, diversidad=5.947728526675187, C1=1.278473266894106, C2=1.524718860379394
worker_6  | 2   10      3233.44 955.085 1666.83         5000
worker_14 | g=1, diversidad=5.935149286522301, C1=1.4583340632220643, C2=1.7463073024494027
worker_14 | 1   10      3233.76 1445.15 669.46          5000
worker_7  | g=1, diversidad=6.282472762925452, C1=1.586739118386575, C2=1.4453687251236613
worker_7  | 1   10      4433.54 830.132 2335.43         5000
worker_2  | g=2, diversidad=5.892396751177004, C1=1.261936119618435, C2=1.1570004545186814
worker_2  | 2   10      3266.68 1474.21 0.0630025       5000
worker_15 | g=3, diversidad=6.276412082579903, C1=1.8106969635314276, C2=1.5343698649375266
worker_15 | 3   10      1800.14 1359.73 0.0323441       5000
worker_12 | g=7, diversidad=6.347093493850667, C1=1.493009511316647, C2=1.4913395135612624
worker_12 | 7   10      3133.55 1808.64 0.0050381       5000
worker_12 | defaultdict(<class 'deap.tools.support.Logbook'>, {})
worker_12 | poblacion enviada...  0.002278706426321196
worker_12 | poblacion recibida...  PSO PSO-9
worker_12 | primero diversidad 5.673896023535816
worker_4  | g=6, diversidad=5.893764755242503, C1=1.9647299879875288, C2=1.563497339375534
worker_4  | 6   10      3035.38 1687.84 666.947         5000
worker_13 | g=7, diversidad=6.771911474846713, C1=1.9908218094941237, C2=1.1011898357956524
worker_13 | 7   10      3137.06 1780.86 0.0255819       5000
worker_13 | defaultdict(<class 'deap.tools.support.Logbook'>, {})
worker_13 | poblacion enviada...  0.002278706426321196
worker_13 | poblacion recibida...  PSO PSO-11
worker_13 | primero diversidad 6.148423415274629
worker_10 | g=2, diversidad=5.9019868669875475, C1=1.6472727521161383, C2=1.0071258462968196
worker_10 | 2   10      3466.85 968.18  2333.35         5000
worker_8  | g=4, diversidad=6.164599985543863, C1=1.2833203956013808, C2=1.0951934566355477
worker_8  | 4   10      3311.49 1412.75 1666.68         5000
worker_16 | g=7, diversidad=5.334075939123531, C1=1.0516959247924764, C2=1.4692239306647397
worker_16 | 7   10      2967.09 1635.69 666.773         5000
worker_16 | defaultdict(<class 'deap.tools.support.Logbook'>, {})
worker_16 | poblacion enviada...  0.002278706426321196
worker_16 | poblacion recibida...  PSO PSO-6
worker_16 | primero diversidad 5.827098047398761
worker_5  | g=2, diversidad=6.58093074459956, C1=1.9800988988399801, C2=1.0358594461633523
worker_5  | 2   10      2166.97 1500.17 0.0181674       5000
worker_9  | g=0, diversidad=3.4112059054112565, C1=1.536101970948827, C2=1.47358328823639
worker_9  | gen evals   avg     std     min             max
worker_9  | 0   10      1906.52 1959.94 0.00227871      5000
worker_6  | g=3, diversidad=4.7056267835431065, C1=1.278473266894106, C2=1.524718860379394
worker_6  | 3   10      4133.35 1056.17 1666.73         5000
worker_7  | g=2, diversidad=5.156918073071099, C1=1.586739118386575, C2=1.4453687251236613
worker_7  | 2   10      3500.28 1454.82 0.017231        5000
worker_14 | g=2, diversidad=5.235508503617881, C1=1.4583340632220643, C2=1.7463073024494027
worker_14 | 2   10      3400.4  1062.39 1666.72         5000
worker_3  | g=4, diversidad=5.444137603813402, C1=1.7425850839819428, C2=1.559272730992605
worker_3  | 4   10      2266.75 1526.01 0.0162772       5000
worker_1  | g=6, diversidad=7.744275605628878, C1=1.6529056849923296, C2=1.3512167384658322
worker_1  | 6   10      3066.71 1768.85 0.0649511       5000
worker_4  | g=7, diversidad=5.63305889932129, C1=1.9647299879875288, C2=1.563497339375534
worker_4  | 7   10      3466.68 1439.13 1666.67         5000
worker_4  | defaultdict(<class 'deap.tools.support.Logbook'>, {})
worker_4  | poblacion enviada...  0.002278706426321196
worker_4  | poblacion recibida...  PSO PSO-7
worker_4  | primero diversidad 3.9434836181216966
worker_9  | g=1, diversidad=5.013257180977664, C1=1.536101970948827, C2=1.47358328823639
worker_9  | 1   10      4333.34 1527.52 0.0173022       5000
worker_15 | g=4, diversidad=6.335885138281615, C1=1.8106969635314276, C2=1.5343698649375266
worker_15 | 4   10      2400.06 1083.19 0.0382356       3333.38
worker_2  | g=3, diversidad=5.49253411802504, C1=1.261936119618435, C2=1.1570004545186814
worker_2  | 3   10      3066.93 1496.67 0.00707722      5000
worker_10 | g=3, diversidad=5.678610738628499, C1=1.6472727521161383, C2=1.0071258462968196
worker_10 | 3   10      3040.27 1366.49 667.328         5000
worker_16 | g=0, diversidad=5.827098047398761, C1=1.0516959247924764, C2=1.4692239306647397
worker_16 | gen evals   avg     std     min             max
worker_16 | 0   10      2800.32 1536.32 0.00227871      5000
worker_8  | g=5, diversidad=6.84553906616917, C1=1.2833203956013808, C2=1.0951934566355477
worker_8  | 5   10      3766.88 1374.69 1333.47         5000
worker_13 | g=0, diversidad=6.148423415274629, C1=1.9908218094941237, C2=1.1011898357956524
worker_13 | gen evals   avg     std     min             max
worker_13 | 0   10      2100.01 1832.12 0.00227871      5000
worker_12 | g=0, diversidad=5.673896023535816, C1=1.493009511316647, C2=1.4913395135612624
worker_12 | gen evals   avg     std     min             max
worker_12 | 0   10      2100.03 1801.54 0.00227871      5000
worker_6  | g=4, diversidad=5.674224847571483, C1=1.278473266894106, C2=1.524718860379394
worker_6  | 4   10      2966.88 1828.43 0.0304251       5000
worker_5  | g=3, diversidad=7.312284055101132, C1=1.9800988988399801, C2=1.0358594461633523
worker_5  | 3   10      1133.55 1607.06 0.0225904       4000
worker_14 | g=3, diversidad=5.418837663114024, C1=1.4583340632220643, C2=1.7463073024494027
worker_14 | 3   10      3433.34 1527.88 666.669         5000
worker_1  | g=7, diversidad=6.637552513599413, C1=1.6529056849923296, C2=1.3512167384658322
worker_1  | 7   10      3034.64 1187.74 0.1009          5000
worker_1  | defaultdict(<class 'deap.tools.support.Logbook'>, {})
worker_1  | poblacion enviada...  0.002278706426321196
worker_1  | poblacion recibida...  PSO PSO-8
worker_1  | primero diversidad 6.033830659708421
worker_7  | g=3, diversidad=5.967400635076475, C1=1.586739118386575, C2=1.4453687251236613
worker_7  | 3   10      3400.25 963.677 1666.8          5000
worker_2  | g=4, diversidad=5.647267687886405, C1=1.261936119618435, C2=1.1570004545186814
worker_2  | 4   10      4172.34 1105.77 1720.92         5000
worker_3  | g=5, diversidad=5.593454480402507, C1=1.7425850839819428, C2=1.559272730992605
worker_3  | 5   10      2134.14 1557.61 0.0377999       5000
worker_4  | g=0, diversidad=3.9434836181216966, C1=1.9647299879875288, C2=1.563497339375534
worker_4  | gen evals   avg     std     min             max
worker_4  | 0   10      2233.53 1885.86 0.00227871      5000
worker_9  | g=2, diversidad=3.855261258132347, C1=1.536101970948827, C2=1.47358328823639
worker_9  | 2   10      3400.26 1190.69 1666.67         5000
worker_15 | g=5, diversidad=5.941631818151808, C1=1.8106969635314276, C2=1.5343698649375266
worker_15 | 5   10      3200.05 1240.01 1333.58         5000
worker_10 | g=4, diversidad=6.517755551690723, C1=1.6472727521161383, C2=1.0071258462968196
worker_10 | 4   10      3001.32 1445.38 0.0369566       5000
worker_13 | g=1, diversidad=6.894366639960053, C1=1.9908218094941237, C2=1.1011898357956524
worker_13 | 1   10      4100.04 1145.45 1666.85         5000
worker_8  | g=6, diversidad=6.1590035826727165, C1=1.2833203956013808, C2=1.0951934566355477
worker_8  | 6   10      3433.53 1556.57 0.00676196      5000
worker_16 | g=1, diversidad=5.974565236531599, C1=1.0516959247924764, C2=1.4692239306647397
worker_16 | 1   10      2866.95 1248.83 1666.67         5000
worker_14 | g=4, diversidad=6.412879304022914, C1=1.4583340632220643, C2=1.7463073024494027
worker_14 | 4   10      4133.34 1146.97 1666.7          5000
worker_12 | g=1, diversidad=6.108675245812223, C1=1.493009511316647, C2=1.4913395135612624
worker_12 | 1   10      3133.38 1620.66 0.0136243       5000
worker_7  | g=4, diversidad=7.506030319710907, C1=1.586739118386575, C2=1.4453687251236613
worker_7  | 4   10      4066.97 1083    1666.69         5000
worker_5  | g=4, diversidad=7.381497675865807, C1=1.9800988988399801, C2=1.0358594461633523
worker_5  | 4   10      2100.06 2092.54 0.019444        5000
worker_9  | g=3, diversidad=4.025754887320395, C1=1.536101970948827, C2=1.47358328823639
worker_9  | 3   10      4133.47 945.044 2333.34         5000
worker_1  | g=0, diversidad=6.033830659708421, C1=1.6529056849923296, C2=1.3512167384658322
worker_1  | gen evals   avg     std     min             max
worker_1  | 0   10      3100    2118.96 0.00227871      5000
worker_4  | g=1, diversidad=5.52470647429134, C1=1.9647299879875288, C2=1.563497339375534
worker_4  | 1   10      3467.04 1359.67 666.804         5000
worker_6  | g=5, diversidad=7.469085636390054, C1=1.278473266894106, C2=1.524718860379394
worker_6  | 5   10      1833.47 1634.64 0.100198        5000
worker_2  | g=5, diversidad=5.56267224038718, C1=1.261936119618435, C2=1.1570004545186814
worker_2  | 5   10      3108.74 1534.43 666.844         5000
worker_3  | g=6, diversidad=5.688423273917075, C1=1.7425850839819428, C2=1.559272730992605
worker_3  | 6   10      2366.8  1708.96 0.0397257       5000
worker_10 | g=5, diversidad=7.0367849692039375, C1=1.6472727521161383, C2=1.0071258462968196
worker_10 | 5   10      3266.72 1583.17 0.0375944       5000
worker_15 | g=6, diversidad=6.353856109855249, C1=1.8106969635314276, C2=1.5343698649375266
worker_15 | 6   10      2800.34 1802.23 0.200528        5000
worker_13 | g=2, diversidad=5.6204750026149926, C1=1.9908218094941237, C2=1.1011898357956524
worker_13 | 2   10      2633.58 1968.98 0.0062263       5000
worker_16 | g=2, diversidad=5.566601042358185, C1=1.0516959247924764, C2=1.4692239306647397
worker_16 | 2   10      3400.32 1072.77 1666.69         5000
worker_14 | g=5, diversidad=5.589030017963212, C1=1.4583340632220643, C2=1.7463073024494027
worker_14 | 5   10      3533.34 1484.73 666.669         5000
worker_7  | g=5, diversidad=6.906472237437156, C1=1.586739118386575, C2=1.4453687251236613
worker_7  | 5   10      3800.12 1239.87 1666.69         5000
worker_5  | g=5, diversidad=7.752470037369828, C1=1.9800988988399801, C2=1.0358594461633523
worker_5  | 5   10      3900.27 1598.85 0.0289946       5000
worker_8  | g=7, diversidad=6.124194032639519, C1=1.2833203956013808, C2=1.0951934566355477
worker_8  | 7   10      3333.4  1699.59 0.00829055      5000
worker_8  | defaultdict(<class 'deap.tools.support.Logbook'>, {})
worker_8  | poblacion enviada...  0.002278706426321196
worker_8  | poblacion recibida...  PSO PSO-5
worker_8  | primero diversidad 5.449772570691496
worker_4  | g=2, diversidad=4.4505687156799105, C1=1.9647299879875288, C2=1.563497339375534
worker_4  | 2   10      3400.34 1711.32 0.26603         5000
worker_12 | g=2, diversidad=5.1581711436596125, C1=1.493009511316647, C2=1.4913395135612624
worker_12 | 2   10      3233.86 1520.1  0.0149127       5000
worker_9  | g=4, diversidad=5.418760238739423, C1=1.536101970948827, C2=1.47358328823639
worker_9  | 4   10      3700.02 1079.6  1666.68         5000
worker_1  | g=1, diversidad=6.4906693467113, C1=1.6529056849923296, C2=1.3512167384658322
worker_1  | 1   10      2666.93 1043.63 666.757         4000
worker_2  | g=6, diversidad=6.292423213858386, C1=1.261936119618435, C2=1.1570004545186814
worker_2  | 6   10      3272.87 1678.95 666.668         5000
worker_13 | g=3, diversidad=6.868259347117706, C1=1.9908218094941237, C2=1.1011898357956524
worker_13 | 3   10      3134.4  967.99  1667.54         5000
worker_16 | g=3, diversidad=4.651348298895244, C1=1.0516959247924764, C2=1.4692239306647397
worker_16 | 3   10      3666.82 1452.9  1666.67         5000
worker_3  | g=7, diversidad=6.676231001171114, C1=1.7425850839819428, C2=1.559272730992605
worker_3  | 7   10      2368.16 1669.58 0.00403979      5000
worker_3  | defaultdict(<class 'deap.tools.support.Logbook'>, {})
worker_3  | poblacion enviada...  0.004039785072993029
worker_3  | poblacion recibida...  PSO PSO-12
worker_3  | primero diversidad 9.259529593379778
worker_6  | g=6, diversidad=7.166635044789475, C1=1.278473266894106, C2=1.524718860379394
worker_6  | 6   10      2400.04 1730.77 0.0127625       5000
worker_10 | g=6, diversidad=6.390309179253267, C1=1.6472727521161383, C2=1.0071258462968196
worker_10 | 6   10      3500.47 1578.84 1333.39         5000
worker_15 | g=7, diversidad=6.444169927891474, C1=1.8106969635314276, C2=1.5343698649375266
worker_15 | 7   10      2967.31 1628.73 0.0331852       5000
worker_15 | defaultdict(<class 'deap.tools.support.Logbook'>, {})
worker_15 | poblacion enviada...  0.004406906768495615
worker_15 | poblacion recibida...  PSO PSO-2
worker_15 | primero diversidad 6.010025180412015
worker_5  | g=6, diversidad=6.755586633088173, C1=1.9800988988399801, C2=1.0358594461633523
worker_5  | 6   10      3933.71 1561.9  0.0167433       5000
worker_14 | g=6, diversidad=5.8202632725460015, C1=1.4583340632220643, C2=1.7463073024494027
worker_14 | 6   10      3071.13 1482.43 0.0670597       5000
worker_9  | g=5, diversidad=4.540127052639243, C1=1.536101970948827, C2=1.47358328823639
worker_9  | 5   10      3567.14 1897.36 0.0124455       5000
worker_4  | g=3, diversidad=4.990762254014852, C1=1.9647299879875288, C2=1.563497339375534
worker_4  | 3   10      3367.47 1276.59 1666.67         5000
worker_12 | g=3, diversidad=5.215231262968145, C1=1.493009511316647, C2=1.4913395135612624
worker_12 | 3   10      3133.38 1543.42 0.0135193       5000
worker_7  | g=6, diversidad=6.561269938858569, C1=1.586739118386575, C2=1.4453687251236613
worker_7  | 6   10      3267.03 916.42  1666.99         5000
worker_8  | g=0, diversidad=5.449772570691496, C1=1.2833203956013808, C2=1.0951934566355477
worker_8  | gen evals   avg     std     min             max
worker_8  | 0   10      2500.11 1707.88 0.00227871      5000
worker_1  | g=2, diversidad=7.019506976580922, C1=1.6529056849923296, C2=1.3512167384658322
worker_1  | 2   10      3700.26 1393.65 1666.67         5000
worker_2  | g=7, diversidad=6.686612596938709, C1=1.261936119618435, C2=1.1570004545186814
worker_2  | 7   10      2635.53 1197.79 666.989         5000
worker_2  | defaultdict(<class 'deap.tools.support.Logbook'>, {})
worker_2  | poblacion enviada...  0.002278706426321196
worker_2  | poblacion recibida...  PSO PSO-4
worker_2  | primero diversidad 6.431976507934881
worker_16 | g=4, diversidad=5.026360601875656, C1=1.0516959247924764, C2=1.4692239306647397
worker_16 | 4   10      3466.72 1874.93 0.00721394      5000
worker_13 | g=4, diversidad=7.364832056832983, C1=1.9908218094941237, C2=1.1011898357956524
worker_13 | 4   10      3800.28 1221.91 1333.36         5000
worker_14 | g=7, diversidad=5.415358124750117, C1=1.4583340632220643, C2=1.7463073024494027
worker_14 | 7   10      3633.56 1508.81 0.00907436      5000
worker_14 | defaultdict(<class 'deap.tools.support.Logbook'>, {})
worker_14 | poblacion enviada...  0.002278706426321196
worker_14 | poblacion recibida...  PSO PSO-1
worker_14 | primero diversidad 5.910615614809538
worker_6  | g=7, diversidad=5.53935541414826, C1=1.278473266894106, C2=1.524718860379394
worker_6  | 7   10      2200.98 1752.68 0.00959431      5000
worker_6  | defaultdict(<class 'deap.tools.support.Logbook'>, {})
worker_6  | poblacion enviada...  0.004768375553176896
worker_6  | poblacion recibida...  PSO PSO-10
worker_6  | primero diversidad 5.321626225295697
worker_3  | g=0, diversidad=11.269374093784373, C1=1.7425850839819428, C2=1.559272730992605
worker_3  | gen evals   avg     std     min             max
worker_3  | 0   10      900.235 1476.13 0.00227871      4000
worker_10 | g=7, diversidad=6.277128434681061, C1=1.6472727521161383, C2=1.0071258462968196
worker_10 | 7   10      3533.38 1166.15 1333.44         5000
worker_10 | defaultdict(<class 'deap.tools.support.Logbook'>, {})
worker_10 | poblacion enviada...  0.002278706426321196
worker_10 | poblacion recibida...  PSO PSO-3
worker_10 | primero diversidad 6.997380464809193
worker_9  | g=6, diversidad=4.454585078734082, C1=1.536101970948827, C2=1.47358328823639
worker_9  | 6   10      2866.92 1857.04 0.0227121       5000
worker_4  | g=4, diversidad=4.7712443984303174, C1=1.9647299879875288, C2=1.563497339375534
worker_4  | 4   10      3200.27 1557.52 1333.48         5000
worker_5  | g=7, diversidad=6.039298218452975, C1=1.9800988988399801, C2=1.0358594461633523
worker_5  | 7   10      2033.37 1649.54 0.00732487      5000
worker_5  | defaultdict(<class 'deap.tools.support.Logbook'>, {})
worker_5  | poblacion enviada...  0.0045019560017296725
worker_5  | poblacion recibida...  PSO PSO-13
worker_5  | primero diversidad 5.704062806860186
worker_7  | g=7, diversidad=5.866374657460522, C1=1.586739118386575, C2=1.4453687251236613
worker_7  | 7   10      3200.7  669.268 1668.5          4000
worker_7  | defaultdict(<class 'deap.tools.support.Logbook'>, {})
worker_7  | poblacion enviada...  0.002278706426321196
worker_7  | poblacion recibida...  PSO PSO-14
worker_7  | primero diversidad 6.227036269633095
worker_15 | g=0, diversidad=6.010025180412015, C1=1.8106969635314276, C2=1.5343698649375266
worker_15 | gen evals   avg     std     min             max
worker_15 | 0   10      1700.13 1682.85 0.00440691      5000
worker_12 | g=4, diversidad=6.182187786776215, C1=1.493009511316647, C2=1.4913395135612624
worker_12 | 4   10      2867.19 1476.85 0.00253037      5000
worker_2  | g=0, diversidad=6.431976507934881, C1=1.261936119618435, C2=1.1570004545186814
worker_2  | gen evals   avg     std     min             max
worker_2  | 0   10      3166.73 2166.67 0.00227871      5000
worker_8  | g=1, diversidad=6.6262955769457905, C1=1.2833203956013808, C2=1.0951934566355477
worker_8  | 1   10      3400.27 489.861 2333.34         4000
worker_16 | g=5, diversidad=5.756816140820125, C1=1.0516959247924764, C2=1.4692239306647397
worker_16 | 5   10      3300.02 1573.72 666.668         5000
worker_1  | g=3, diversidad=5.15085192741443, C1=1.6529056849923296, C2=1.3512167384658322
worker_1  | 3   10      2766.72 1751.45 0.351923        5000
worker_13 | g=5, diversidad=6.6986012461026965, C1=1.9908218094941237, C2=1.1011898357956524
worker_13 | 5   10      3046.94 1428.66 1333.98         5000
worker_14 | g=0, diversidad=5.910615614809538, C1=1.4583340632220643, C2=1.7463073024494027
worker_14 | gen evals   avg     std     min             max
worker_14 | 0   10      2300.01 2073.37 0.00227871      5000
worker_9  | g=7, diversidad=4.706439367372211, C1=1.536101970948827, C2=1.47358328823639
worker_9  | 7   10      3033.71 1962.69 1.26629         5000
worker_9  | defaultdict(<class 'deap.tools.support.Logbook'>, {})
worker_9  | poblacion enviada...  0.002278706426321196
worker_9  | poblacion recibida...  PSO PSO-0
worker_9  | primero diversidad 5.086926994412954
worker_4  | g=5, diversidad=5.5502185179976244, C1=1.9647299879875288, C2=1.563497339375534
worker_4  | 5   10      3100.37 1265.32 666.812         5000
worker_10 | g=0, diversidad=6.997380464809193, C1=1.6472727521161383, C2=1.0071258462968196
worker_10 | gen evals   avg     std     min             max
worker_10 | 0   10      3066.83 2101.61 0.00227871      5000
worker_3  | g=1, diversidad=8.457152739986508, C1=1.7425850839819428, C2=1.559272730992605
worker_3  | 1   10      1566.79 1483.51 0.0168505       4000
worker_6  | g=0, diversidad=7.794249799004845, C1=1.278473266894106, C2=1.524718860379394
worker_6  | gen evals   avg     std     min             max
worker_6  | 0   10      1734.41 1678.88 0.00450196      5000
worker_12 | g=5, diversidad=5.743941764552905, C1=1.493009511316647, C2=1.4913395135612624
worker_12 | 5   10      3133.44 1543.3  667.526         5000
worker_8  | g=2, diversidad=6.251193659504405, C1=1.2833203956013808, C2=1.0951934566355477
worker_8  | 2   10      3267.22 916.384 1666.67         5000
worker_7  | g=0, diversidad=6.227036269633095, C1=1.586739118386575, C2=1.4453687251236613
worker_7  | gen evals   avg     std     min             max
worker_7  | 0   10      2133.49 2125.04 0.00227871      5000
worker_5  | g=0, diversidad=5.704062806860186, C1=1.9800988988399801, C2=1.0358594461633523
worker_5  | gen evals   avg     std     min             max
worker_5  | 0   10      966.789 1277.63 0.00450196      3333.56
worker_15 | g=1, diversidad=5.6780588171169875, C1=1.8106969635314276, C2=1.5343698649375266
worker_15 | 1   10      2666.72 1725.59 0.0340432       5000
worker_1  | g=4, diversidad=5.480890427422176, C1=1.6529056849923296, C2=1.3512167384658322
worker_1  | 4   10      3433.44 1633.22 0.0271227       5000
worker_2  | g=1, diversidad=7.524421974486111, C1=1.261936119618435, C2=1.1570004545186814
worker_2  | 1   10      3200.29 1146.97 1666.79         5000
worker_16 | g=6, diversidad=6.710536734491092, C1=1.0516959247924764, C2=1.4692239306647397
worker_16 | 6   10      2741.79 1549.32 0.0545114       5000
worker_14 | g=1, diversidad=5.954884858615758, C1=1.4583340632220643, C2=1.7463073024494027
worker_14 | 1   10      3067.18 1404.75 0.00825865      5000
worker_4  | g=6, diversidad=4.796827501819129, C1=1.9647299879875288, C2=1.563497339375534
worker_4  | 6   10      3233.34 1520.59 0.0538987       5000
worker_9  | g=0, diversidad=5.086926994412954, C1=1.536101970948827, C2=1.47358328823639
worker_9  | gen evals   avg     std     min             max
worker_9  | 0   10      2666.69 2011.08 0.00227871      5000
worker_13 | g=6, diversidad=7.401290409392013, C1=1.9908218094941237, C2=1.1011898357956524
worker_13 | 6   10      2100.11 1460.95 0.00993888      5000
worker_10 | g=1, diversidad=7.123918688145538, C1=1.6472727521161383, C2=1.0071258462968196
worker_10 | 1   10      3533.36 1521.68 0.0172207       5000
worker_14 | g=2, diversidad=5.642355382618713, C1=1.4583340632220643, C2=1.7463073024494027
worker_14 | 2   10      4566.8  683.696 3333.45         5000
worker_6  | g=1, diversidad=6.336558346979091, C1=1.278473266894106, C2=1.524718860379394
worker_6  | 1   10      2000.66 1633.06 0.042573        5000
worker_12 | g=6, diversidad=5.46205657952655, C1=1.493009511316647, C2=1.4913395135612624
worker_12 | 6   10      3634.02 1079.32 1666.67         5000
worker_3  | g=2, diversidad=6.225820230518794, C1=1.7425850839819428, C2=1.559272730992605
worker_3  | 2   10      2397.56 1756.62 0.0184387       5000
worker_8  | g=3, diversidad=4.8074231711997415, C1=1.2833203956013808, C2=1.0951934566355477
worker_8  | 3   10      3100.72 1307.74 1666.67         5000
worker_4  | g=7, diversidad=4.747885227334447, C1=1.9647299879875288, C2=1.563497339375534
worker_4  | 7   10      4067.11 974.801 2334.48         5000
worker_4  | defaultdict(<class 'deap.tools.support.Logbook'>, {})
worker_4  | poblacion enviada...  0.002278706426321196
worker_4  | poblacion recibida...  PSO PSO-7
worker_4  | primero diversidad 4.0351604484013786
worker_5  | g=1, diversidad=7.738245938705478, C1=1.9800988988399801, C2=1.0358594461633523
worker_5  | 1   10      2666.85 1879.71 0.0401565       5000
worker_9  | g=1, diversidad=5.974245187357412, C1=1.536101970948827, C2=1.47358328823639
worker_9  | 1   10      4233.88 788.896 3333.34         5000
worker_2  | g=2, diversidad=7.480650479525428, C1=1.261936119618435, C2=1.1570004545186814
worker_2  | 2   10      2970.07 1563.88 0.0646402       5000
worker_7  | g=1, diversidad=7.251808054489162, C1=1.586739118386575, C2=1.4453687251236613
worker_7  | 1   10      2733.4  986.51  666.82          4000
worker_15 | g=2, diversidad=4.608349073809484, C1=1.8106969635314276, C2=1.5343698649375266
worker_15 | 2   10      2233.55 1764.18 0.00965309      5000
worker_13 | g=7, diversidad=6.803054569479076, C1=1.9908218094941237, C2=1.1011898357956524
worker_13 | 7   10      3933.67 951.98  2333.34         5000
worker_13 | defaultdict(<class 'deap.tools.support.Logbook'>, {})
worker_13 | poblacion enviada...  0.002278706426321196
worker_13 | poblacion recibida...  PSO PSO-11
worker_13 | primero diversidad 7.082845407641252
worker_14 | g=3, diversidad=4.907820654722145, C1=1.4583340632220643, C2=1.7463073024494027
worker_14 | 3   10      3666.77 1794.96 0.00858871      5000
worker_1  | g=5, diversidad=5.296261853981681, C1=1.6529056849923296, C2=1.3512167384658322
worker_1  | 5   10      2866.72 1514.3  0.0140831       5000
worker_16 | g=7, diversidad=5.7872820577164354, C1=1.0516959247924764, C2=1.4692239306647397
worker_16 | 7   10      2367.06 1463.82 0.00300663      5000
worker_16 | defaultdict(<class 'deap.tools.support.Logbook'>, {})
worker_16 | poblacion enviada...  0.002278706426321196
worker_16 | poblacion recibida...  PSO PSO-6
worker_16 | primero diversidad 4.972033442978399
worker_10 | g=2, diversidad=6.367853125530914, C1=1.6472727521161383, C2=1.0071258462968196
worker_10 | 2   10      3400.78 1306.34 1666.67         5000
worker_3  | g=3, diversidad=6.758651728180514, C1=1.7425850839819428, C2=1.559272730992605
worker_3  | 3   10      3800.25 1484.3  667.99          5000
worker_12 | g=7, diversidad=5.067687774535509, C1=1.493009511316647, C2=1.4913395135612624
worker_12 | 7   10      3433.7  1238.21 1666.67         5000
worker_12 | defaultdict(<class 'deap.tools.support.Logbook'>, {})
worker_12 | poblacion enviada...  0.002278706426321196
worker_12 | poblacion recibida...  PSO PSO-9
worker_12 | primero diversidad 4.958307087069238
worker_6  | g=2, diversidad=4.913784383189234, C1=1.278473266894106, C2=1.524718860379394
worker_6  | 2   10      2600.19 1848.62 0.0285219       5000
worker_8  | g=4, diversidad=6.302377298530712, C1=1.2833203956013808, C2=1.0951934566355477
worker_8  | 4   10      3200.18 1292.68 666.917         5000
worker_4  | g=0, diversidad=4.0351604484013786, C1=1.9647299879875288, C2=1.563497339375534
worker_4  | gen evals   avg     std     min             max
worker_4  | 0   10      2067.1  1793.78 0.00227871      5000
worker_9  | g=2, diversidad=4.751929505777058, C1=1.536101970948827, C2=1.47358328823639
worker_9  | 2   10      3272.4  1537.26 0.0493882       5000
worker_14 | g=4, diversidad=6.096738862788579, C1=1.4583340632220643, C2=1.7463073024494027
worker_14 | 4   10      2900.38 1570.98 0.0141239       5000
worker_5  | g=2, diversidad=5.897641413925749, C1=1.9800988988399801, C2=1.0358594461633523
worker_5  | 2   10      2533.47 1499.53 0.113659        5000
worker_15 | g=3, diversidad=5.815903249883637, C1=1.8106969635314276, C2=1.5343698649375266
worker_15 | 3   10      3200.15 1599.89 666.933         5000
worker_7  | g=2, diversidad=7.290688397657247, C1=1.586739118386575, C2=1.4453687251236613
worker_7  | 2   10      3400.04 1451.43 0.00934996      5000
worker_2  | g=3, diversidad=6.101503094958123, C1=1.261936119618435, C2=1.1570004545186814
worker_2  | 3   10      3000.73 1903.15 0.116282        5000
worker_1  | g=6, diversidad=10.265394966566726, C1=1.6529056849923296, C2=1.3512167384658322
worker_1  | 6   10      3033.51 1772.97 0.00200611      5000
worker_10 | g=3, diversidad=6.4982771842026, C1=1.6472727521161383, C2=1.0071258462968196
worker_10 | 3   10      3800.08 1283.98 1667.14         5000
worker_13 | g=0, diversidad=7.082845407641252, C1=1.9908218094941237, C2=1.1011898357956524
worker_13 | gen evals   avg     std     min             max
worker_13 | 0   10      2733.79 1976.39 0.00227871      5000
worker_3  | g=4, diversidad=7.405463099615728, C1=1.7425850839819428, C2=1.559272730992605
worker_3  | 4   10      3966.82 1037.53 1666.69         5000
worker_4  | g=1, diversidad=5.174960826585413, C1=1.9647299879875288, C2=1.563497339375534
worker_4  | 1   10      4133.62 1055.98 1666.67         5000
worker_8  | g=5, diversidad=6.237056375858636, C1=1.2833203956013808, C2=1.0951934566355477
worker_8  | 5   10      4233.37 1513.25 0.0173113       5000
worker_16 | g=0, diversidad=4.972033442978399, C1=1.0516959247924764, C2=1.4692239306647397
worker_16 | gen evals   avg     std     min             max
worker_16 | 0   10      2766.67 1966.67 0.00227871      5000
worker_12 | g=0, diversidad=4.958307087069238, C1=1.493009511316647, C2=1.4913395135612624
worker_12 | gen evals   avg     std     min             max
worker_12 | 0   10      2333.74 2260.65 0.00227871      5000
worker_9  | g=3, diversidad=5.014516214914626, C1=1.536101970948827, C2=1.47358328823639
worker_9  | 3   10      3566.85 1308.48 1666.67         5000
worker_6  | g=3, diversidad=4.825977162336948, C1=1.278473266894106, C2=1.524718860379394
worker_6  | 3   10      3300.04 1178    1666.69         5000
worker_14 | g=5, diversidad=6.20676554415566, C1=1.4583340632220643, C2=1.7463073024494027
worker_14 | 5   10      3133.7  1351.34 1666.72         5000
worker_13 | g=1, diversidad=7.233902001487051, C1=1.9908218094941237, C2=1.1011898357956524
worker_13 | 1   10      3466.68 1620.68 0.0341533       5000
worker_7  | g=3, diversidad=6.268165041096664, C1=1.586739118386575, C2=1.4453687251236613
worker_7  | 3   10      2433.62 1193.09 0.0796095       4000
worker_4  | g=2, diversidad=4.478755827093886, C1=1.9647299879875288, C2=1.563497339375534
worker_4  | 2   10      3003.46 1466.04 0.00166858      5000
worker_2  | g=4, diversidad=6.494087311295097, C1=1.261936119618435, C2=1.1570004545186814
worker_2  | 4   10      3500.34 1408.27 0.0117184       5000
worker_5  | g=3, diversidad=6.321863056755813, C1=1.9800988988399801, C2=1.0358594461633523
worker_5  | 3   10      2300.46 1552.26 0.040086        5000
worker_1  | g=7, diversidad=8.283058284726966, C1=1.6529056849923296, C2=1.3512167384658322
worker_1  | 7   10      3300.1  1669.66 0.013697        5000
worker_1  | defaultdict(<class 'deap.tools.support.Logbook'>, {})
worker_1  | poblacion enviada...  0.0020061119193552426
worker_1  | poblacion recibida...  PSO PSO-8
worker_1  | primero diversidad 8.848672107500043
worker_10 | g=4, diversidad=6.575405666673442, C1=1.6472727521161383, C2=1.0071258462968196
worker_10 | 4   10      2933.66 1372.46 0.0320718       5000
worker_16 | g=1, diversidad=5.494550586555203, C1=1.0516959247924764, C2=1.4692239306647397
worker_16 | 1   10      3766.7  1430.18 666.668         5000
worker_8  | g=6, diversidad=5.276092495535691, C1=1.2833203956013808, C2=1.0951934566355477
worker_8  | 6   10      3342.32 1490.83 0.0245856       5000
worker_15 | g=4, diversidad=5.646985271284597, C1=1.8106969635314276, C2=1.5343698649375266
worker_15 | 4   10      2333.57 1482.96 1.67638         5000
worker_9  | g=4, diversidad=5.742754199474318, C1=1.536101970948827, C2=1.47358328823639
worker_9  | 4   10      3466.93 1777.35 0.0236524       5000
worker_3  | g=5, diversidad=7.801477825570816, C1=1.7425850839819428, C2=1.559272730992605
worker_3  | 5   10      2266.84 1496.69 0.00399647      5000
worker_12 | g=1, diversidad=5.773951622409879, C1=1.493009511316647, C2=1.4913395135612624
worker_12 | 1   10      2833.36 1600.32 0.058624        5000
worker_7  | g=4, diversidad=6.2653539262540345, C1=1.586739118386575, C2=1.4453687251236613
worker_7  | 4   10      4333.36 1105.48 1666.93         5000
worker_16 | g=2, diversidad=5.363805400539235, C1=1.0516959247924764, C2=1.4692239306647397
worker_16 | 2   10      3833.6  1674.65 1.27511         5000
worker_8  | g=7, diversidad=6.116066993967875, C1=1.2833203956013808, C2=1.0951934566355477
worker_8  | 7   10      4133.39 1056.06 1667.24         5000
worker_8  | defaultdict(<class 'deap.tools.support.Logbook'>, {})
worker_8  | poblacion enviada...  0.002278706426321196
worker_8  | poblacion recibida...  PSO PSO-5
worker_8  | primero diversidad 5.066484165944905
worker_6  | g=4, diversidad=5.451270424942476, C1=1.278473266894106, C2=1.524718860379394
worker_6  | 4   10      2600.09 1959.57 0.0129465       5000
worker_13 | g=2, diversidad=6.359003159079512, C1=1.9908218094941237, C2=1.1011898357956524
worker_13 | 2   10      2757    1724.01 0.0169436       5000
worker_4  | g=3, diversidad=4.7435961020521535, C1=1.9647299879875288, C2=1.563497339375534
worker_4  | 3   10      3200.14 1156.51 1666.69         5000
worker_14 | g=6, diversidad=7.154068724856223, C1=1.4583340632220643, C2=1.7463073024494027
worker_14 | 6   10      3106.56 1447.03 0.0283646       5000
worker_1  | g=0, diversidad=8.848672107500043, C1=1.6529056849923296, C2=1.3512167384658322
worker_1  | gen evals   avg     std     min             max
worker_1  | 0   10      2200.11 2119.76 0.00200611      5000
worker_10 | g=5, diversidad=7.4883560031947, C1=1.6472727521161383, C2=1.0071258462968196
worker_10 | 5   10      3733.46 1030.58 1666.72         5000
worker_2  | g=5, diversidad=6.320569434098257, C1=1.261936119618435, C2=1.1570004545186814
worker_2  | 5   10      1736.35 1436.64 0.0157791       5000
worker_5  | g=4, diversidad=7.0556986227095635, C1=1.9800988988399801, C2=1.0358594461633523
worker_5  | 4   10      3100.35 1033.29 667.076         4000
worker_9  | g=5, diversidad=5.426415028419739, C1=1.536101970948827, C2=1.47358328823639
worker_9  | 5   10      3333.45 942.689 1666.68         5000
worker_15 | g=5, diversidad=5.5379422363128095, C1=1.8106969635314276, C2=1.5343698649375266
worker_15 | 5   10      3266.71 1678.57 0.163867        5000
worker_7  | g=5, diversidad=6.368844607705931, C1=1.586739118386575, C2=1.4453687251236613
worker_7  | 5   10      3566.88 1505.87 0.0479869       5000
worker_16 | g=3, diversidad=4.128036100091687, C1=1.0516959247924764, C2=1.4692239306647397
worker_16 | 3   10      2864.3  2075.09 0.0108711       5000
worker_3  | g=6, diversidad=8.536138424509806, C1=1.7425850839819428, C2=1.559272730992605
worker_3  | 6   10      3000.21 1324.85 0.0314071       5000
worker_8  | g=0, diversidad=5.066484165944905, C1=1.2833203956013808, C2=1.0951934566355477
worker_8  | gen evals   avg     std     min             max
worker_8  | 0   10      3133.44 2166.42 0.00227871      5000
worker_12 | g=2, diversidad=5.266169504612017, C1=1.493009511316647, C2=1.4913395135612624
worker_12 | 2   10      2400.13 1743.48 0.0140707       5000
worker_14 | g=7, diversidad=6.144728662228396, C1=1.4583340632220643, C2=1.7463073024494027
worker_14 | 7   10      3068.12 1906.64 0.0576721       5000
worker_14 | defaultdict(<class 'deap.tools.support.Logbook'>, {})
worker_14 | poblacion enviada...  0.002278706426321196
worker_14 | poblacion recibida...  PSO PSO-1
worker_14 | primero diversidad 5.686239195674583
worker_4  | g=4, diversidad=5.280181248231742, C1=1.9647299879875288, C2=1.563497339375534
worker_4  | 4   10      2866.7  1921.78 0.00865044      5000
worker_1  | g=1, diversidad=8.405320356601324, C1=1.6529056849923296, C2=1.3512167384658322
worker_1  | 1   10      3466.79 1514.35 0.0698842       5000
worker_9  | g=6, diversidad=5.305315142509615, C1=1.536101970948827, C2=1.47358328823639
worker_9  | 6   10      3433.44 1666.77 1.10789         5000
worker_13 | g=3, diversidad=6.208751691741377, C1=1.9908218094941237, C2=1.1011898357956524
worker_13 | 3   10      3233.38 1238.66 666.762         5000
worker_2  | g=6, diversidad=6.7790444975687, C1=1.261936119618435, C2=1.1570004545186814
worker_2  | 6   10      2866.86 2140.51 0.190425        5000
worker_5  | g=5, diversidad=6.497666351105058, C1=1.9800988988399801, C2=1.0358594461633523
worker_5  | 5   10      2600.08 2037.37 0.0341231       5000
worker_10 | g=6, diversidad=7.912843944262951, C1=1.6472727521161383, C2=1.0071258462968196
worker_10 | 6   10      3800.14 1334.77 1668.08         5000
worker_16 | g=4, diversidad=5.847370723384336, C1=1.0516959247924764, C2=1.4692239306647397
worker_16 | 4   10      3733.35 1372.74 1666.68         5000
worker_6  | g=5, diversidad=6.14588477060006, C1=1.278473266894106, C2=1.524718860379394
worker_6  | 5   10      2700.05 1669.63 0.00476014      5000
worker_15 | g=6, diversidad=5.605647864356951, C1=1.8106969635314276, C2=1.5343698649375266
worker_15 | 6   10      3100.13 919.556 1666.7          5000
worker_7  | g=6, diversidad=6.843110672338717, C1=1.586739118386575, C2=1.4453687251236613
worker_7  | 6   10      2904.74 1550.89 0.0671231       5000
worker_3  | g=7, diversidad=8.105095340133651, C1=1.7425850839819428, C2=1.559272730992605
worker_3  | 7   10      3234.2  1065.19 1666.67         5000
worker_3  | defaultdict(<class 'deap.tools.support.Logbook'>, {})
worker_3  | poblacion enviada...  0.002278706426321196
worker_3  | poblacion recibida...  PSO PSO-12
worker_3  | primero diversidad 7.4964095864274904
worker_12 | g=3, diversidad=4.834946716135675, C1=1.493009511316647, C2=1.4913395135612624
worker_12 | 3   10      3067.06 1404.82 0.00928702      5000
worker_8  | g=1, diversidad=7.015527642734381, C1=1.2833203956013808, C2=1.0951934566355477
worker_8  | 1   10      3566.89 1299.94 666.732         5000
worker_4  | g=5, diversidad=4.832103777275134, C1=1.9647299879875288, C2=1.563497339375534
worker_4  | 5   10      3200.78 1788.7  7.67135         5000
worker_1  | g=2, diversidad=7.041486159308452, C1=1.6529056849923296, C2=1.3512167384658322
worker_1  | 2   10      3333.57 1290.83 1666.67         5000
worker_14 | g=0, diversidad=5.686239195674583, C1=1.4583340632220643, C2=1.7463073024494027
worker_14 | gen evals   avg     std     min             max
worker_14 | 0   10      2166.9  1833.32 0.00227871      5000
worker_13 | g=4, diversidad=7.394584078831169, C1=1.9908218094941237, C2=1.1011898357956524
worker_13 | 4   10      3366.75 1552.35 0.0667889       5000
worker_10 | g=7, diversidad=7.02413794303699, C1=1.6472727521161383, C2=1.0071258462968196
worker_10 | 7   10      3067.26 1589.7  0.388321        5000
worker_10 | defaultdict(<class 'deap.tools.support.Logbook'>, {})
worker_10 | poblacion enviada...  0.002278706426321196
worker_10 | poblacion recibida...  PSO PSO-3
worker_10 | primero diversidad 6.4122896800769915
worker_9  | g=7, diversidad=5.932144563901098, C1=1.536101970948827, C2=1.47358328823639
worker_9  | 7   10      3066.78 1443.64 666.734         5000
worker_9  | defaultdict(<class 'deap.tools.support.Logbook'>, {})
worker_9  | poblacion enviada...  0.002278706426321196
worker_9  | poblacion recibida...  PSO PSO-0
worker_9  | primero diversidad 5.463637146416002
worker_16 | g=5, diversidad=5.652880601550926, C1=1.0516959247924764, C2=1.4692239306647397
worker_16 | 5   10      2800.22 1667.83 0.229912        5000
worker_2  | g=7, diversidad=6.770597475793854, C1=1.261936119618435, C2=1.1570004545186814
worker_2  | 7   10      2100.09 1542.36 0.0122735       4000
worker_2  | defaultdict(<class 'deap.tools.support.Logbook'>, {})
worker_2  | poblacion enviada...  0.002278706426321196
