worker_5  | 2   10      2967.05 1827.88 0.272358        5000
worker_12 | g=7, diversidad=5.890994732746066, C1=1.207137914601553, C2=1.3845175213590561
worker_12 | 7   10      3433.38 1291.39 1666.68         5000
worker_12 | defaultdict(<class 'deap.tools.support.Logbook'>, {})
worker_12 | poblacion enviada...  0.005049246671432382
worker_12 | poblacion recibida...  PSO PSO-2
worker_12 | primero diversidad 4.491864499990919
worker_13 | g=3, diversidad=4.5552678307926975, C1=1.6650315825552244, C2=1.0919448405189658
worker_13 | 3   10      3200.24 1248.71 1666.68         5000
worker_8  | g=2, diversidad=4.765882727072246, C1=1.684984465319549, C2=1.4939405862203905
worker_8  | 2   10      2133.64 1087.17 0.0179143       3333.39
worker_10 | g=2, diversidad=6.286899477179115, C1=1.8430788120564778, C2=1.2234603159825947
worker_10 | 2   10      3233.48 1788.97 0.00689561      5000
worker_11 | g=5, diversidad=4.8740583219391995, C1=1.3038670896311912, C2=1.6280622064455215
worker_11 | 5   10      2766.95 1861.98 0.152944        5000
worker_15 | g=6, diversidad=4.99694186142884, C1=1.907154425139347, C2=1.9985326675292514
worker_15 | 6   10      2266.72 1768.84 0.02962         5000
worker_2  | g=6, diversidad=5.168499815061291, C1=1.9110983996142021, C2=1.135334773863779
worker_2  | 6   10      2803.41 1537.43 0.0154866       5000
worker_6  | g=1, diversidad=6.676132982810667, C1=1.0069264894383614, C2=1.8073302572459744
worker_6  | 1   10      3100.33 1570.77 0.110878        5000
worker_4  | g=3, diversidad=4.986618272765185, C1=1.0833086024777123, C2=1.873622583384102
worker_4  | 3   10      1733.42 1775.1  0.0235779       5000
worker_1  | g=4, diversidad=4.909416970367696, C1=1.7517242872795573, C2=1.5709950529925623
worker_1  | 4   10      2734.47 1208.61 667.947         5000
worker_14 | g=3, diversidad=4.43837797465118, C1=1.7109095915092412, C2=1.003293824233275
worker_14 | 3   10      3233.5  1591.83 0.0270178       5000
worker_3  | g=6, diversidad=4.654819834534138, C1=1.938117721810999, C2=1.4538602554973599
worker_3  | 6   10      2466.9  1415.64 0.0391699       5000
worker_16 | g=3, diversidad=5.466495254454012, C1=1.429581368827769, C2=1.6634184220381867
worker_16 | 3   10      2866.96 1499.47 0.178182        5000
worker_5  | g=3, diversidad=5.986408955742109, C1=1.5412837524165686, C2=1.299716121204
worker_5  | 3   10      3067.15 1755.75 1.8521          5000
worker_12 | g=0, diversidad=4.491864499990919, C1=1.207137914601553, C2=1.3845175213590561
worker_12 | gen evals   avg     std     min             max
worker_12 | 0   10      1400.17 1280.78 0.00504925      3334.24
worker_9  | g=4, diversidad=6.20580993623638, C1=1.9524525930563708, C2=1.0044856345063806
worker_9  | 4   10      2400.05 1496.63 0.0477445       5000
worker_8  | g=3, diversidad=4.808852888017068, C1=1.684984465319549, C2=1.4939405862203905
worker_8  | 3   10      2333.38 1699.66 0.0110722       5000
worker_2  | g=7, diversidad=5.178309605722607, C1=1.9110983996142021, C2=1.135334773863779
worker_2  | 7   10      3166.96 1572.32 0.0107349       5000
worker_2  | defaultdict(<class 'deap.tools.support.Logbook'>, {})
worker_2  | poblacion enviada...  0.005407111207165954
worker_2  | poblacion recibida...  PSO PSO-15
worker_2  | primero diversidad 4.330294645135349
worker_11 | g=6, diversidad=5.3839783482630725, C1=1.3038670896311912, C2=1.6280622064455215
worker_11 | 6   10      3033.51 1523.43 0.0389013       5000
worker_13 | g=4, diversidad=5.2284989574944065, C1=1.6650315825552244, C2=1.0919448405189658
worker_13 | 4   10      1700.12 1026.97 0.0173963       3334.06
worker_10 | g=3, diversidad=6.0540003565727645, C1=1.8430788120564778, C2=1.2234603159825947
worker_10 | 3   10      2333.63 1325.11 0.0189907       4000
worker_4  | g=4, diversidad=5.459277037384723, C1=1.0833086024777123, C2=1.873622583384102
worker_4  | 4   10      3083.75 1466.55 1666.69         5000
worker_1  | g=5, diversidad=4.982705449053585, C1=1.7517242872795573, C2=1.5709950529925623
worker_1  | 5   10      3067.06 1280.68 0.0939651       5000
worker_6  | g=2, diversidad=5.103009857448584, C1=1.0069264894383614, C2=1.8073302572459744
worker_6  | 2   10      3000.19 1795.05 0.0234251       5000
worker_14 | g=4, diversidad=4.957713810559291, C1=1.7109095915092412, C2=1.003293824233275
worker_14 | 4   10      3300.13 1608.52 0.105277        5000
worker_15 | g=7, diversidad=5.768395624542878, C1=1.907154425139347, C2=1.9985326675292514
worker_15 | 7   10      1700.05 1394.01 0.0162629       4000
worker_15 | defaultdict(<class 'deap.tools.support.Logbook'>, {})
worker_15 | poblacion enviada...  0.005407111207165954
worker_15 | poblacion recibida...  PSO PSO-9
worker_15 | primero diversidad 5.7088432995214085
worker_3  | g=7, diversidad=4.845536768376548, C1=1.938117721810999, C2=1.4538602554973599
worker_3  | 7   10      2866.94 1606.99 0.00724043      5000
worker_3  | defaultdict(<class 'deap.tools.support.Logbook'>, {})
worker_3  | poblacion enviada...  0.005049246671432382
worker_3  | poblacion recibida...  PSO PSO-10
worker_3  | primero diversidad 3.995428594388321
worker_12 | g=1, diversidad=6.547890963614164, C1=1.207137914601553, C2=1.3845175213590561
worker_12 | 1   10      3733.65 1245.32 1666.68         5000
worker_5  | g=4, diversidad=6.585258758090125, C1=1.5412837524165686, C2=1.299716121204
worker_5  | 4   10      3800.18 1557.66 0.0138069       5000
worker_16 | g=4, diversidad=6.1303426418656235, C1=1.429581368827769, C2=1.6634184220381867
worker_16 | 4   10      2066.93 1526.12 0.00933571      4000
worker_13 | g=5, diversidad=5.5656544667687795, C1=1.6650315825552244, C2=1.0919448405189658
worker_13 | 5   10      2966.7  1968.9  0.0151918       5000
worker_11 | g=7, diversidad=4.883098258127133, C1=1.3038670896311912, C2=1.6280622064455215
worker_11 | 7   10      2133.63 1447.06 0.0114923       3335.53
worker_11 | defaultdict(<class 'deap.tools.support.Logbook'>, {})
worker_11 | poblacion enviada...  0.005407111207165954
worker_11 | poblacion recibida...  PSO PSO-14
worker_11 | primero diversidad 4.660978489525396
worker_8  | g=4, diversidad=4.72320518932717, C1=1.684984465319549, C2=1.4939405862203905
worker_8  | 4   10      2133.52 1627.48 0.0136139       5000
worker_9  | g=5, diversidad=5.728489160942345, C1=1.9524525930563708, C2=1.0044856345063806
worker_9  | 5   10      1866.79 1400    0.0174287       3333.39
worker_10 | g=4, diversidad=6.421025120104819, C1=1.8430788120564778, C2=1.2234603159825947
worker_10 | 4   10      3300.23 1214.97 1666.68         5000
worker_6  | g=3, diversidad=5.186182246049126, C1=1.0069264894383614, C2=1.8073302572459744
worker_6  | 3   10      3008.49 1249.52 1666.69         5000
worker_12 | g=2, diversidad=6.3608359480655166, C1=1.207137914601553, C2=1.3845175213590561
worker_12 | 2   10      2501.2  2006.26 0.0401353       5000
worker_4  | g=5, diversidad=5.309824399230275, C1=1.0833086024777123, C2=1.873622583384102
worker_4  | 5   10      3100.09 1549.51 0.0652855       5000
worker_2  | g=0, diversidad=4.330294645135349, C1=1.9110983996142021, C2=1.135334773863779
worker_2  | gen evals   avg     std     min             max
worker_2  | 0   10      1433.54 1220.7  0.00540711      3333.38
worker_1  | g=6, diversidad=5.0490751256217195, C1=1.7517242872795573, C2=1.5709950529925623
worker_1  | 6   10      1700.41 1748.01 0.0202127       5000
worker_5  | g=5, diversidad=6.00237040041259, C1=1.5412837524165686, C2=1.299716121204
worker_5  | 5   10      3433.62 472.407 2333.87         4000
worker_15 | g=0, diversidad=5.933443062662809, C1=1.907154425139347, C2=1.9985326675292514
worker_15 | gen evals   avg     std     min             max
worker_15 | 0   10      1975.9  1817.26 0.00504925      5000
worker_14 | g=5, diversidad=4.56606047800382, C1=1.7109095915092412, C2=1.003293824233275
worker_14 | 5   10      2800.13 1950.32 0.160321        5000
worker_16 | g=5, diversidad=5.479329601668189, C1=1.429581368827769, C2=1.6634184220381867
worker_16 | 5   10      3000.06 1943.62 0.049878        5000
worker_3  | g=0, diversidad=3.995428594388321, C1=1.938117721810999, C2=1.4538602554973599
worker_3  | gen evals   avg     std     min             max
worker_3  | 0   10      1066.79 1162.44 0.00504925      3333.37
worker_8  | g=5, diversidad=4.324777483437909, C1=1.684984465319549, C2=1.4939405862203905
worker_8  | 5   10      2566.93 1513.21 0.0603733       5000
worker_11 | g=0, diversidad=4.660978489525396, C1=1.3038670896311912, C2=1.6280622064455215
worker_11 | gen evals   avg     std     min             max
worker_11 | 0   10      2500.04 1536.57 0.00540711      5000
worker_13 | g=6, diversidad=4.540793314133537, C1=1.6650315825552244, C2=1.0919448405189658
worker_13 | 6   10      3093.09 1218.43 263.614         5000
worker_9  | g=6, diversidad=5.272675059910758, C1=1.9524525930563708, C2=1.0044856345063806
worker_9  | 6   10      1900.18 1577.96 0.0143807       5000
worker_10 | g=5, diversidad=6.602022180816755, C1=1.8430788120564778, C2=1.2234603159825947
worker_10 | 5   10      3100.11 1174.18 1333.6          5000
worker_6  | g=4, diversidad=5.723792355894091, C1=1.0069264894383614, C2=1.8073302572459744
worker_6  | 4   10      2566.83 1751.5  0.11652         5000
worker_1  | g=7, diversidad=4.870361994891763, C1=1.7517242872795573, C2=1.5709950529925623
worker_1  | 7   10      2566.85 1751.4  0.0692701       5000
worker_1  | defaultdict(<class 'deap.tools.support.Logbook'>, {})
worker_1  | poblacion enviada...  0.005407111207165954
worker_1  | poblacion recibida...  PSO PSO-1
worker_1  | primero diversidad 4.625332571349557
worker_14 | g=6, diversidad=5.297583939227943, C1=1.7109095915092412, C2=1.003293824233275
worker_14 | 6   10      3166.92 1572.33 0.0466553       5000
worker_12 | g=3, diversidad=5.1728721291853255, C1=1.207137914601553, C2=1.3845175213590561
worker_12 | 3   10      2866.83 1634.26 0.0363653       5000
worker_2  | g=1, diversidad=5.616146367093335, C1=1.9110983996142021, C2=1.135334773863779
worker_2  | 1   10      2733.51 1569.03 0.00936746      5000
worker_15 | g=1, diversidad=5.660312296839319, C1=1.907154425139347, C2=1.9985326675292514
worker_15 | 1   10      3367.14 1715.58 0.00994437      5000
worker_4  | g=6, diversidad=5.034804531466129, C1=1.0833086024777123, C2=1.873622583384102
worker_4  | 6   10      1400.37 1191.21 0.00911373      3336.49
worker_3  | g=1, diversidad=4.723771011619013, C1=1.938117721810999, C2=1.4538602554973599
worker_3  | 1   10      3166.95 1536.34 666.694         5000
worker_5  | g=6, diversidad=5.58851455165471, C1=1.5412837524165686, C2=1.299716121204
worker_5  | 6   10      2567.15 1183.35 0.0138792       4000
worker_16 | g=6, diversidad=4.490312262646126, C1=1.429581368827769, C2=1.6634184220381867
worker_16 | 6   10      2366.73 1642.77 0.0713133       5000
worker_8  | g=6, diversidad=4.704405424802674, C1=1.684984465319549, C2=1.4939405862203905
worker_8  | 6   10      2200.17 1613.87 0.0317585       5000
worker_6  | g=5, diversidad=6.557051427192727, C1=1.0069264894383614, C2=1.8073302572459744
worker_6  | 5   10      3067.14 1404.64 0.0853707       5000
worker_13 | g=7, diversidad=4.474648795643039, C1=1.6650315825552244, C2=1.0919448405189658
worker_13 | 7   10      2733.41 1768.8  0.00905012      5000
worker_13 | defaultdict(<class 'deap.tools.support.Logbook'>, {})
worker_13 | poblacion enviada...  0.005049246671432382
worker_13 | poblacion recibida...  PSO PSO-5
worker_13 | primero diversidad 4.248096942568656
worker_11 | g=1, diversidad=6.3178596705107894, C1=1.3038670896311912, C2=1.6280622064455215
worker_11 | 1   10      3166.71 1558.12 0.00596811      5000
worker_10 | g=6, diversidad=6.447186077522786, C1=1.8430788120564778, C2=1.2234603159825947
worker_10 | 6   10      3102.31 1806.57 0.965051        5000
worker_9  | g=7, diversidad=5.541151565407142, C1=1.9524525930563708, C2=1.0044856345063806
worker_9  | 7   10      2700.04 1523.51 0.0183806       5000
worker_9  | defaultdict(<class 'deap.tools.support.Logbook'>, {})
worker_9  | poblacion enviada...  0.005049246671432382
worker_9  | poblacion recibida...  PSO PSO-13
worker_9  | primero diversidad 4.362604833052272
worker_15 | g=2, diversidad=5.249307362236859, C1=1.907154425139347, C2=1.9985326675292514
worker_15 | 2   10      3500.19 1166.44 1666.68         5000
worker_2  | g=2, diversidad=4.958530287270195, C1=1.9110983996142021, C2=1.135334773863779
worker_2  | 2   10      2900.29 1460.92 0.128985        5000
worker_3  | g=2, diversidad=3.854619205840143, C1=1.938117721810999, C2=1.4538602554973599
worker_3  | 2   10      2800.02 1641.13 0.00655173      5000
worker_4  | g=7, diversidad=5.668113052624522, C1=1.0833086024777123, C2=1.873622583384102
worker_4  | 7   10      2400.04 1685.21 0.0321011       5000
worker_4  | defaultdict(<class 'deap.tools.support.Logbook'>, {})
worker_4  | poblacion enviada...  0.005049246671432382
worker_4  | poblacion recibida...  PSO PSO-3
worker_4  | primero diversidad 5.712345900190242
worker_12 | g=4, diversidad=6.876760411427232, C1=1.207137914601553, C2=1.3845175213590561
worker_12 | 4   10      2600.16 1380.88 0.0372711       5000
worker_14 | g=7, diversidad=4.766754720687946, C1=1.7109095915092412, C2=1.003293824233275
worker_14 | 7   10      3033.36 1425.54 0.0408807       5000
worker_14 | defaultdict(<class 'deap.tools.support.Logbook'>, {})
worker_14 | poblacion enviada...  0.005049246671432382
worker_14 | poblacion recibida...  PSO PSO-11
worker_14 | primero diversidad 3.7861878584393525
worker_16 | g=7, diversidad=4.836228314214524, C1=1.429581368827769, C2=1.6634184220381867
worker_16 | 7   10      2966.78 1530.65 667.532         5000
worker_16 | defaultdict(<class 'deap.tools.support.Logbook'>, {})
worker_16 | poblacion enviada...  0.005049246671432382
worker_16 | poblacion recibida...  PSO PSO-12
worker_16 | primero diversidad 5.6387602809645045
worker_1  | g=0, diversidad=4.625332571349557, C1=1.7517242872795573, C2=1.5709950529925623
worker_1  | gen evals   avg     std     min             max
worker_1  | 0   10      1266.69 1190.71 0.00540711      3333.35
worker_8  | g=7, diversidad=4.622003763105417, C1=1.684984465319549, C2=1.4939405862203905
worker_8  | 7   10      2767.04 1382.71 0.0454945       5000
worker_8  | defaultdict(<class 'deap.tools.support.Logbook'>, {})
worker_8  | poblacion enviada...  0.005778309220733929
worker_8  | poblacion recibida...  PSO PSO-8
worker_8  | primero diversidad 5.0102157185781975
worker_5  | g=7, diversidad=6.337877009588233, C1=1.5412837524165686, C2=1.299716121204
worker_5  | 7   10      1866.81 1359.71 0.0183651       5000
worker_5  | defaultdict(<class 'deap.tools.support.Logbook'>, {})
worker_5  | poblacion enviada...  0.005049246671432382
worker_5  | poblacion recibida...  PSO PSO-6
worker_5  | primero diversidad 5.322788995430518
worker_11 | g=2, diversidad=6.0570572194503765, C1=1.3038670896311912, C2=1.6280622064455215
worker_11 | 2   10      3072.53 1192.13 0.0103078       5000
worker_6  | g=6, diversidad=6.7869211783033245, C1=1.0069264894383614, C2=1.8073302572459744
worker_6  | 6   10      2300.11 2120.95 0.0141565       5000
worker_13 | g=0, diversidad=4.248096942568656, C1=1.6650315825552244, C2=1.0919448405189658
worker_13 | gen evals   avg     std     min             max
worker_13 | 0   10      1566.68 1819.95 0.00504925      5000
worker_9  | g=0, diversidad=4.362604833052272, C1=1.9524525930563708, C2=1.0044856345063806
worker_9  | gen evals   avg     std     min             max
worker_9  | 0   10      2166.69 1979.06 0.00504925      5000
worker_10 | g=7, diversidad=6.810775272479475, C1=1.8430788120564778, C2=1.2234603159825947
worker_10 | 7   10      2800.08 1257.83 0.0903133       5000
worker_10 | defaultdict(<class 'deap.tools.support.Logbook'>, {})
worker_10 | poblacion enviada...  0.005049246671432382
worker_10 | poblacion recibida...  PSO PSO-7
worker_10 | primero diversidad 5.632610437810309
worker_2  | g=3, diversidad=4.758150019674813, C1=1.9110983996142021, C2=1.135334773863779
worker_2  | 3   10      2475.86 1663.79 0.0466175       5000
worker_4  | g=0, diversidad=5.712345900190242, C1=1.0833086024777123, C2=1.873622583384102
worker_4  | gen evals   avg     std     min             max
worker_4  | 0   10      2566.68 2044.23 0.00504925      5000
worker_14 | g=0, diversidad=3.7861878584393525, C1=1.7109095915092412, C2=1.003293824233275
worker_14 | gen evals   avg     std     min             max
worker_14 | 0   10      2066.86 1730.89 0.00504925      5000
worker_16 | g=0, diversidad=5.6387602809645045, C1=1.429581368827769, C2=1.6634184220381867
worker_16 | gen evals   avg     std     min             max
worker_16 | 0   10      2833.35 2114.76 0.00504925      5000
worker_15 | g=3, diversidad=5.8982861114488685, C1=1.907154425139347, C2=1.9985326675292514
worker_15 | 3   10      2533.64 1578.86 0.275409        5000
worker_12 | g=5, diversidad=6.423838454371184, C1=1.207137914601553, C2=1.3845175213590561
worker_12 | 5   10      3100.08 1745.12 0.0105284       5000
worker_3  | g=3, diversidad=4.213726750566241, C1=1.938117721810999, C2=1.4538602554973599
worker_3  | 3   10      1900.06 1174.25 0.0292254       3333.39
worker_1  | g=1, diversidad=5.234733613817118, C1=1.7517242872795573, C2=1.5709950529925623
worker_1  | 1   10      1866.97 1571.66 0.0942178       5000
worker_11 | g=3, diversidad=5.262707195364762, C1=1.3038670896311912, C2=1.6280622064455215
worker_11 | 3   10      3300.52 1494.01 0.0529162       5000
worker_8  | g=0, diversidad=7.567269028406604, C1=1.684984465319549, C2=1.4939405862203905
worker_8  | gen evals   avg     std     min             max
worker_8  | 0   10      2300.01 2073.38 0.00540711      5000
worker_4  | g=1, diversidad=5.658571575145642, C1=1.0833086024777123, C2=1.873622583384102
worker_4  | 1   10      2666.94 1999.99 0.0195141       5000
worker_5  | g=0, diversidad=5.322788995430518, C1=1.5412837524165686, C2=1.299716121204
worker_5  | gen evals   avg     std     min             max
worker_5  | 0   10      1933.44 1698.33 0.00504925      5000
worker_16 | g=1, diversidad=6.0828854251225595, C1=1.429581368827769, C2=1.6634184220381867
worker_16 | 1   10      3166.91 1572.32 0.0543174       5000
worker_2  | g=4, diversidad=5.174250644157622, C1=1.9110983996142021, C2=1.135334773863779
worker_2  | 4   10      3466.79 1613.7  1333.38         5000
worker_10 | g=0, diversidad=5.632610437810309, C1=1.8430788120564778, C2=1.2234603159825947
worker_10 | gen evals   avg     std     min             max
worker_10 | 0   10      2466.82 2055.87 0.00504925      5000
worker_13 | g=1, diversidad=5.814817697313722, C1=1.6650315825552244, C2=1.0919448405189658
worker_13 | 1   10      2933.52 1631.42 1.00915         5000
worker_6  | g=7, diversidad=6.148014068076715, C1=1.0069264894383614, C2=1.8073302572459744
worker_6  | 7   10      2355.61 1200.62 0.0385203       4000
worker_6  | defaultdict(<class 'deap.tools.support.Logbook'>, {})
worker_6  | poblacion enviada...  0.005049246671432382
worker_6  | poblacion recibida...  PSO PSO-0
worker_6  | primero diversidad 5.270484174334927
worker_12 | g=6, diversidad=5.61887298432293, C1=1.207137914601553, C2=1.3845175213590561
worker_12 | 6   10      3533.54 1117.5  1666.7          5000
worker_15 | g=4, diversidad=5.518202436722083, C1=1.907154425139347, C2=1.9985326675292514
worker_15 | 4   10      2966.81 1523.43 666.793         5000
worker_14 | g=1, diversidad=5.513080241248648, C1=1.7109095915092412, C2=1.003293824233275
worker_14 | 1   10      2200.26 1439.03 0.015427        5000
worker_1  | g=2, diversidad=4.908762184058875, C1=1.7517242872795573, C2=1.5709950529925623
worker_1  | 2   10      3233.59 1406.73 0.0600863       5000
worker_3  | g=4, diversidad=4.374193607231207, C1=1.938117721810999, C2=1.4538602554973599
worker_3  | 4   10      2633.6  2131.22 0.0718708       5000
worker_11 | g=4, diversidad=4.856206770964603, C1=1.3038670896311912, C2=1.6280622064455215
worker_11 | 4   10      2567.29 1903.2  0.0215821       5000
worker_8  | g=1, diversidad=6.7075655777807714, C1=1.684984465319549, C2=1.4939405862203905
worker_8  | 1   10      3267.17 1473.97 0.708614        5000
worker_2  | g=5, diversidad=5.455893892081281, C1=1.9110983996142021, C2=1.135334773863779
worker_2  | 5   10      3000.36 1794.95 0.0353453       5000
worker_4  | g=2, diversidad=5.09753998295797, C1=1.0833086024777123, C2=1.873622583384102
worker_4  | 2   10      2334.31 1700.21 0.0116607       5000
worker_13 | g=2, diversidad=6.067130149384216, C1=1.6650315825552244, C2=1.0919448405189658
worker_13 | 2   10      3233.35 1406.72 1666.67         5000
worker_10 | g=1, diversidad=6.409418289781971, C1=1.8430788120564778, C2=1.2234603159825947
worker_10 | 1   10      3166.69 1586.38 0.0505672       5000
worker_5  | g=1, diversidad=6.138432435340695, C1=1.5412837524165686, C2=1.299716121204
worker_5  | 1   10      3566.73 1626.41 667.21          5000
worker_16 | g=2, diversidad=5.256462324496955, C1=1.429581368827769, C2=1.6634184220381867
worker_16 | 2   10      2666.76 1527.41 0.471097        5000
worker_6  | g=0, diversidad=5.270484174334927, C1=1.0069264894383614, C2=1.8073302572459744
worker_6  | gen evals   avg     std     min             max
worker_6  | 0   10      1800.26 1874.94 0.00504925      5000
worker_15 | g=5, diversidad=5.4820284509548385, C1=1.907154425139347, C2=1.9985326675292514
worker_15 | 5   10      2733.77 1380.98 0.0176351       5000
worker_1  | g=3, diversidad=4.579862205173992, C1=1.7517242872795573, C2=1.5709950529925623
worker_1  | 3   10      3667.01 988.462 2333.38         5000
worker_12 | g=7, diversidad=6.490879802771675, C1=1.207137914601553, C2=1.3845175213590561
worker_12 | 7   10      2367    1766.39 0.00891788      5000
worker_12 | defaultdict(<class 'deap.tools.support.Logbook'>, {})
worker_12 | poblacion enviada...  0.005049246671432382
worker_12 | poblacion recibida...  PSO PSO-2
worker_12 | primero diversidad 6.5044306035742245
worker_3  | g=5, diversidad=4.317224718276887, C1=1.938117721810999, C2=1.4538602554973599
worker_3  | 5   10      2265.03 1143.61 0.0169738       4000
worker_11 | g=5, diversidad=5.328159189861334, C1=1.3038670896311912, C2=1.6280622064455215
worker_11 | 5   10      2566.8  1686.86 0.00920217      5000
worker_2  | g=6, diversidad=6.369559233480261, C1=1.9110983996142021, C2=1.135334773863779
worker_2  | 6   10      3133.38 1927.54 0.0244008       5000
worker_4  | g=3, diversidad=4.862016123940001, C1=1.0833086024777123, C2=1.873622583384102
worker_4  | 3   10      2667.65 1699.06 0.441843        5000
worker_14 | g=2, diversidad=5.98282589167457, C1=1.7109095915092412, C2=1.003293824233275
worker_14 | 2   10      2466.99 1477.13 666.756         5000
worker_8  | g=2, diversidad=5.233851132992604, C1=1.684984465319549, C2=1.4939405862203905
worker_8  | 2   10      2766.7  1725.92 0.0144601       5000
worker_13 | g=3, diversidad=4.440463211542834, C1=1.6650315825552244, C2=1.0919448405189658
worker_13 | 3   10      3566.87 1744.77 1.71054         5000
worker_10 | g=2, diversidad=5.734264108762689, C1=1.8430788120564778, C2=1.2234603159825947
worker_10 | 2   10      2634.86 1662.15 1.54842         5000
worker_5  | g=2, diversidad=4.849132289885992, C1=1.5412837524165686, C2=1.299716121204
worker_5  | 2   10      3166.68 1740.03 0.0925234       5000
worker_16 | g=3, diversidad=4.79099887203196, C1=1.429581368827769, C2=1.6634184220381867
worker_16 | 3   10      2066.77 1854.63 0.023967        5000
worker_6  | g=1, diversidad=6.131528775952058, C1=1.0069264894383614, C2=1.8073302572459744
worker_6  | 1   10      2233.61 1563.75 0.0393776       5000
worker_15 | g=6, diversidad=6.095655831032563, C1=1.907154425139347, C2=1.9985326675292514
worker_15 | 6   10      2533.39 1543.41 0.0841881       5000
worker_11 | g=6, diversidad=6.076351232523738, C1=1.3038670896311912, C2=1.6280622064455215
worker_11 | 6   10      2133.74 1284.39 0.0230644       3335.24
worker_1  | g=4, diversidad=5.720250296801381, C1=1.7517242872795573, C2=1.5709950529925623
worker_1  | 4   10      2433.37 1960.98 0.0363704       5000
worker_14 | g=3, diversidad=4.623929498291574, C1=1.7109095915092412, C2=1.003293824233275
worker_14 | 3   10      3066.68 1756.25 0.0556257       5000
worker_13 | g=4, diversidad=4.371067119654877, C1=1.6650315825552244, C2=1.0919448405189658
worker_13 | 4   10      3405.21 1218.16 1666.73         5000
worker_12 | g=0, diversidad=6.5044306035742245, C1=1.207137914601553, C2=1.3845175213590561
worker_12 | gen evals   avg     std     min             max
worker_12 | 0   10      1488.35 1711.21 0.00504925      5000
worker_4  | g=4, diversidad=4.835952546861919, C1=1.0833086024777123, C2=1.873622583384102
worker_4  | 4   10      2867.12 1641.23 0.0227133       5000
worker_3  | g=6, diversidad=4.541258926291174, C1=1.938117721810999, C2=1.4538602554973599
worker_3  | 6   10      1233.44 830.702 0.0124857       2333.4
worker_8  | g=3, diversidad=5.890282969140073, C1=1.684984465319549, C2=1.4939405862203905
worker_8  | 3   10      2833.53 1301.66 0.430276        5000
worker_2  | g=7, diversidad=5.667913363784955, C1=1.9110983996142021, C2=1.135334773863779
worker_2  | 7   10      2034.39 1809.9  0.00957296      5000
worker_2  | defaultdict(<class 'deap.tools.support.Logbook'>, {})
worker_2  | poblacion enviada...  0.005407111207165954
worker_2  | poblacion recibida...  PSO PSO-15
worker_2  | primero diversidad 4.596593163016741
worker_5  | g=3, diversidad=5.280831647457937, C1=1.5412837524165686, C2=1.299716121204
worker_5  | 3   10      3000.26 1795.07 0.0259292       5000
worker_16 | g=4, diversidad=5.919646189940959, C1=1.429581368827769, C2=1.6634184220381867
worker_16 | 4   10      3400.05 1711.34 0.0311684       5000
worker_10 | g=3, diversidad=5.79056044259407, C1=1.8430788120564778, C2=1.2234603159825947
worker_10 | 3   10      1966.89 1393.88 0.00966027      5000
worker_6  | g=2, diversidad=4.8932087590357956, C1=1.0069264894383614, C2=1.8073302572459744
worker_6  | 2   10      2600.81 1380.27 0.0381429       5000
worker_15 | g=7, diversidad=6.026722028061824, C1=1.907154425139347, C2=1.9985326675292514
worker_15 | 7   10      2500.15 1343.64 0.0352551       5000
worker_15 | defaultdict(<class 'deap.tools.support.Logbook'>, {})
worker_15 | poblacion enviada...  0.005049246671432382
worker_15 | poblacion recibida...  PSO PSO-9
worker_15 | primero diversidad 4.393214912700314
worker_11 | g=7, diversidad=5.061757152176874, C1=1.3038670896311912, C2=1.6280622064455215
worker_11 | 7   10      1333.95 1453.22 0.0107587       3335.03
worker_11 | defaultdict(<class 'deap.tools.support.Logbook'>, {})
worker_11 | poblacion enviada...  0.005407111207165954
worker_11 | poblacion recibida...  PSO PSO-14
worker_11 | primero diversidad 3.757659589677118
worker_1  | g=5, diversidad=5.991281935105243, C1=1.7517242872795573, C2=1.5709950529925623
worker_1  | 5   10      2800.05 1492.19 0.0332067       5000
worker_2  | g=0, diversidad=4.596593163016741, C1=1.9110983996142021, C2=1.135334773863779
worker_2  | gen evals   avg     std     min             max
worker_2  | 0   10      2733.57 1737.25 0.00540711      5000
worker_13 | g=5, diversidad=5.237145607102715, C1=1.6650315825552244, C2=1.0919448405189658
worker_13 | 5   10      3133.46 1771.26 0.173488        5000
worker_4  | g=5, diversidad=5.273684263986672, C1=1.0833086024777123, C2=1.873622583384102
worker_4  | 5   10      2533.35 2034.14 0.0160098       5000
worker_14 | g=4, diversidad=5.309447951229259, C1=1.7109095915092412, C2=1.003293824233275
worker_14 | 4   10      2566.7  1838.15 0.0613282       5000
worker_12 | g=1, diversidad=7.136556942892392, C1=1.207137914601553, C2=1.3845175213590561
worker_12 | 1   10      2900.28 1732.17 0.10797         5000
worker_8  | g=4, diversidad=6.254016249873459, C1=1.684984465319549, C2=1.4939405862203905
worker_8  | 4   10      2633.58 1369.72 1.27354         5000
worker_3  | g=7, diversidad=4.904288779282797, C1=1.938117721810999, C2=1.4538602554973599
worker_3  | 7   10      2100.04 1211.5  0.0504556       4000
worker_3  | defaultdict(<class 'deap.tools.support.Logbook'>, {})
worker_3  | poblacion enviada...  0.005049246671432382
worker_3  | poblacion recibida...  PSO PSO-10
worker_3  | primero diversidad 4.248172970769769
worker_16 | g=5, diversidad=5.826690997699538, C1=1.429581368827769, C2=1.6634184220381867
worker_16 | 5   10      2856.61 1660.14 0.0107055       5000
worker_5  | g=4, diversidad=6.250116481399695, C1=1.5412837524165686, C2=1.299716121204
worker_5  | 4   10      2666.85 1598.41 0.628652        5000
worker_15 | g=0, diversidad=4.393214912700314, C1=1.907154425139347, C2=1.9985326675292514
worker_15 | gen evals   avg     std     min             max
worker_15 | 0   10      2500.01 2006.93 0.00504925      5000
worker_6  | g=3, diversidad=4.513997310250907, C1=1.0069264894383614, C2=1.8073302572459744
worker_6  | 3   10      2700.04 822.587 1666.68         4000
worker_10 | g=4, diversidad=6.1740757046262775, C1=1.8430788120564778, C2=1.2234603159825947
worker_10 | 4   10      2400.78 2184.14 0.251762        5000
worker_1  | g=6, diversidad=5.69670431582807, C1=1.7517242872795573, C2=1.5709950529925623
worker_1  | 6   10      2733.43 1569.09 0.0349188       5000
worker_11 | g=0, diversidad=3.757659589677118, C1=1.3038670896311912, C2=1.6280622064455215
worker_11 | gen evals   avg     std     min             max
worker_11 | 0   10      2733.44 1569.16 0.00540711      5000
worker_2  | g=1, diversidad=6.559111786267612, C1=1.9110983996142021, C2=1.135334773863779
worker_2  | 1   10      3166.89 1572.35 0.0214405       5000
worker_13 | g=6, diversidad=6.392537694640627, C1=1.6650315825552244, C2=1.0919448405189658
worker_13 | 6   10      2966.97 1828.27 0.0358713       5000
worker_14 | g=5, diversidad=5.094962363375469, C1=1.7109095915092412, C2=1.003293824233275
worker_14 | 5   10      3100.02 1776.68 0.0151016       5000
worker_4  | g=6, diversidad=5.67040255722915, C1=1.0833086024777123, C2=1.873622583384102
worker_4  | 6   10      2400.24 1685.18 0.0275707       5000
worker_16 | g=6, diversidad=5.31267721615885, C1=1.429581368827769, C2=1.6634184220381867
worker_16 | 6   10      2800.18 1950.39 0.0502954       5000
worker_8  | g=5, diversidad=5.8273393258920585, C1=1.684984465319549, C2=1.4939405862203905
worker_8  | 5   10      3221.02 1457.49 0.152599        5000
worker_12 | g=2, diversidad=6.897956626561207, C1=1.207137914601553, C2=1.3845175213590561
worker_12 | 2   10      3000.19 1625.92 0.0905743       5000
worker_3  | g=0, diversidad=4.248172970769769, C1=1.938117721810999, C2=1.4538602554973599
worker_3  | gen evals   avg     std     min             max
worker_3  | 0   10      2200.01 1898.54 0.00504925      5000
worker_15 | g=1, diversidad=5.738844140000654, C1=1.907154425139347, C2=1.9985326675292514
worker_15 | 1   10      3900.25 1291    1666.94         5000
worker_5  | g=5, diversidad=5.791575036892927, C1=1.5412837524165686, C2=1.299716121204
worker_5  | 5   10      2500.03 1701.3  0.0153682       5000
worker_6  | g=4, diversidad=5.6972658826766, C1=1.0069264894383614, C2=1.8073302572459744
worker_6  | 4   10      3033.51 1695.92 0.214096        5000
worker_10 | g=5, diversidad=6.486352291071416, C1=1.8430788120564778, C2=1.2234603159825947
worker_10 | 5   10      2700.38 1760.18 0.132629        5000
worker_2  | g=2, diversidad=6.516778011374314, C1=1.9110983996142021, C2=1.135334773863779
worker_2  | 2   10      2633.47 1516.21 0.0604319       5000
worker_11 | g=1, diversidad=5.360880895854287, C1=1.3038670896311912, C2=1.6280622064455215
worker_11 | 1   10      2133.83 1521.69 0.0363382       5000
worker_13 | g=7, diversidad=6.333451256392743, C1=1.6650315825552244, C2=1.0919448405189658
worker_13 | 7   10      2566.75 1085.8  0.0147613       3333.62
worker_13 | defaultdict(<class 'deap.tools.support.Logbook'>, {})
worker_13 | poblacion enviada...  0.005049246671432382
worker_13 | poblacion recibida...  PSO PSO-5
worker_13 | primero diversidad 4.696387968328791
worker_1  | g=7, diversidad=5.069911694194695, C1=1.7517242872795573, C2=1.5709950529925623
worker_1  | 7   10      2966.88 1494    0.162088        5000
worker_1  | defaultdict(<class 'deap.tools.support.Logbook'>, {})
worker_1  | poblacion enviada...  0.005407111207165954
worker_1  | poblacion recibida...  PSO PSO-1
worker_1  | primero diversidad 5.181084428940957
worker_14 | g=6, diversidad=5.361659450676959, C1=1.7109095915092412, C2=1.003293824233275
worker_14 | 6   10      2173.23 1831.61 0.0486379       5000
worker_4  | g=7, diversidad=5.72268195215671, C1=1.0833086024777123, C2=1.873622583384102
worker_4  | 7   10      2900.31 1801.51 0.0360102       5000
worker_4  | defaultdict(<class 'deap.tools.support.Logbook'>, {})
worker_4  | poblacion enviada...  0.005049246671432382
worker_4  | poblacion recibida...  PSO PSO-3
worker_4  | primero diversidad 4.514480757164428
worker_16 | g=7, diversidad=4.9608565305463195, C1=1.429581368827769, C2=1.6634184220381867
worker_16 | 7   10      2633.86 1486.55 0.0146125       5000
worker_16 | defaultdict(<class 'deap.tools.support.Logbook'>, {})
worker_16 | poblacion enviada...  0.005049246671432382
worker_16 | poblacion recibida...  PSO PSO-12
worker_16 | primero diversidad 4.03061859989349
worker_12 | g=3, diversidad=5.210191925253136, C1=1.207137914601553, C2=1.3845175213590561
worker_12 | 3   10      3533.4  1586.01 0.110651        5000
worker_8  | g=6, diversidad=5.773159903564575, C1=1.684984465319549, C2=1.4939405862203905
worker_8  | 6   10      2466.76 2055.81 0.0208055       5000
worker_3  | g=1, diversidad=4.8744405638849315, C1=1.938117721810999, C2=1.4538602554973599
worker_3  | 1   10      2533.65 1694.27 0.0551672       5000
worker_5  | g=6, diversidad=6.518797315979924, C1=1.5412837524165686, C2=1.299716121204
worker_5  | 6   10      3733.36 1631.6  0.0548861       5000
worker_15 | g=2, diversidad=5.524276715994488, C1=1.907154425139347, C2=1.9985326675292514
worker_15 | 2   10      2866.96 1667.83 0.00990874      5000
worker_10 | g=6, diversidad=6.827477239595369, C1=1.8430788120564778, C2=1.2234603159825947
worker_10 | 6   10      3300.09 1463.88 667.309         5000
worker_2  | g=3, diversidad=5.019100714788331, C1=1.9110983996142021, C2=1.135334773863779
worker_2  | 3   10      3433.38 919.52  1666.75         5000
worker_11 | g=2, diversidad=5.63917536121589, C1=1.3038670896311912, C2=1.6280622064455215
worker_11 | 2   10      2867.34 1423.34 0.0219057       5000
worker_1  | g=0, diversidad=5.5564583357877675, C1=1.7517242872795573, C2=1.5709950529925623
worker_1  | gen evals   avg     std     min             max
worker_1  | 0   10      2333.37 1855.92 0.00504925      5000
worker_14 | g=7, diversidad=5.046670934859127, C1=1.7109095915092412, C2=1.003293824233275
worker_14 | 7   10      3000.16 1795.08 0.00827441      5000
worker_14 | defaultdict(<class 'deap.tools.support.Logbook'>, {})
worker_14 | poblacion enviada...  0.005049246671432382
worker_14 | poblacion recibida...  PSO PSO-11
worker_14 | primero diversidad 4.824815140155083
worker_13 | g=0, diversidad=4.696387968328791, C1=1.6650315825552244, C2=1.0919448405189658
worker_13 | gen evals   avg     std     min             max
worker_13 | 0   10      2533.35 1613.83 0.00504925      5000
worker_6  | g=5, diversidad=5.359817376091483, C1=1.0069264894383614, C2=1.8073302572459744
worker_6  | 5   10      2633.47 1537.92 0.191875        5000
worker_8  | g=7, diversidad=5.19445687192769, C1=1.684984465319549, C2=1.4939405862203905
worker_8  | 7   10      2900.07 1460.95 0.0822122       5000
worker_8  | defaultdict(<class 'deap.tools.support.Logbook'>, {})
worker_8  | poblacion enviada...  0.005407111207165954
worker_8  | poblacion recibida...  PSO PSO-8
worker_8  | primero diversidad 4.4337277947584095
worker_4  | g=0, diversidad=4.514480757164428, C1=1.0833086024777123, C2=1.873622583384102
worker_4  | gen evals   avg     std     min             max
worker_4  | 0   10      1900.02 1807.7  0.00504925      5000
worker_16 | g=0, diversidad=4.03061859989349, C1=1.429581368827769, C2=1.6634184220381867
worker_16 | gen evals   avg     std     min             max
worker_16 | 0   10      1400.24 1280.7  0.00504925      3333.35
worker_12 | g=4, diversidad=5.861909889354523, C1=1.207137914601553, C2=1.3845175213590561
worker_12 | 4   10      2933.48 1730.61 0.0873775       5000
worker_3  | g=2, diversidad=4.6169443266428525, C1=1.938117721810999, C2=1.4538602554973599
worker_3  | 2   10      1866.85 1694.25 0.00749494      5000
worker_15 | g=3, diversidad=6.368173708004965, C1=1.907154425139347, C2=1.9985326675292514
worker_15 | 3   10      2266.72 1799.99 0.015892        5000
worker_14 | g=0, diversidad=4.824815140155083, C1=1.7109095915092412, C2=1.003293824233275
worker_14 | gen evals   avg     std     min             max
worker_14 | 0   10      2000.25 1943.54 0.00504925      5000
worker_11 | g=3, diversidad=4.524747357612067, C1=1.3038670896311912, C2=1.6280622064455215
worker_11 | 3   10      3100.02 1549.53 0.0264651       5000
worker_5  | g=7, diversidad=5.9932808065768715, C1=1.5412837524165686, C2=1.299716121204
worker_5  | 7   10      2466.72 1927.53 0.0153519       5000
worker_5  | defaultdict(<class 'deap.tools.support.Logbook'>, {})
worker_5  | poblacion enviada...  0.005049246671432382
worker_5  | poblacion recibida...  PSO PSO-6
worker_5  | primero diversidad 4.282105080249117
worker_13 | g=1, diversidad=5.993585598596579, C1=1.6650315825552244, C2=1.0919448405189658
worker_13 | 1   10      2600.06 1866.63 0.0354419       5000
worker_1  | g=1, diversidad=5.710472720733628, C1=1.7517242872795573, C2=1.5709950529925623
worker_1  | 1   10      2666.78 1757.52 0.0525025       5000
worker_4  | g=1, diversidad=5.855535366022795, C1=1.0833086024777123, C2=1.873622583384102
worker_4  | 1   10      3200.15 1599.93 666.703         5000
worker_2  | g=4, diversidad=5.0081781213737635, C1=1.9110983996142021, C2=1.135334773863779
worker_2  | 4   10      2500.12 1707.69 0.142253        5000
worker_16 | g=1, diversidad=5.125900785622247, C1=1.429581368827769, C2=1.6634184220381867
worker_16 | 1   10      3166.81 1739.97 0.115505        5000
worker_6  | g=6, diversidad=6.01885531442676, C1=1.0069264894383614, C2=1.8073302572459744
worker_6  | 6   10      2100.06 1211.5  0.0174545       4000
worker_8  | g=0, diversidad=5.157579524476596, C1=1.684984465319549, C2=1.4939405862203905
worker_8  | gen evals   avg     std     min             max
worker_8  | 0   10      1600.28 1489.25 0.00504925      4000
worker_3  | g=3, diversidad=4.591785008358531, C1=1.938117721810999, C2=1.4538602554973599
worker_3  | 3   10      2866.96 1301.25 666.696         5000
worker_12 | g=5, diversidad=6.8552966192168725, C1=1.207137914601553, C2=1.3845175213590561
worker_12 | 5   10      2633.35 1911.65 0.00755698      5000
worker_10 | g=7, diversidad=6.033235139879736, C1=1.8430788120564778, C2=1.2234603159825947
worker_10 | 7   10      2266.71 1890.31 0.0106749       5000
worker_10 | defaultdict(<class 'deap.tools.support.Logbook'>, {})
worker_10 | poblacion enviada...  0.005049246671432382
worker_10 | poblacion recibida...  PSO PSO-7
worker_10 | primero diversidad 4.98970741010506
worker_11 | g=4, diversidad=4.5577026807772985, C1=1.3038670896311912, C2=1.6280622064455215
worker_11 | 4   10      2466.91 1056.34 0.038593        3334.52
worker_15 | g=4, diversidad=5.5276072679075225, C1=1.907154425139347, C2=1.9985326675292514
worker_15 | 4   10      2967.03 1702.2  1.73864         5000
worker_5  | g=0, diversidad=4.282105080249117, C1=1.5412837524165686, C2=1.299716121204
worker_5  | gen evals   avg     std     min             max
worker_5  | 0   10      2066.68 2210.07 0.00504925      5000
worker_13 | g=2, diversidad=5.793763070753814, C1=1.6650315825552244, C2=1.0919448405189658
worker_13 | 2   10      3200.1  1292.67 1666.7          5000
worker_14 | g=1, diversidad=5.615558483412341, C1=1.7109095915092412, C2=1.003293824233275
worker_14 | 1   10      3166.72 1600.31 0.0133919       5000
worker_4  | g=2, diversidad=5.173385505916019, C1=1.0833086024777123, C2=1.873622583384102
worker_4  | 2   10      3057.96 1003.74 1666.69         5000
worker_1  | g=2, diversidad=5.308450027163341, C1=1.7517242872795573, C2=1.5709950529925623
worker_1  | 2   10      2600.11 1781.31 0.0335765       5000
worker_16 | g=2, diversidad=4.634870096407047, C1=1.429581368827769, C2=1.6634184220381867
worker_16 | 2   10      3233.72 1325.07 1666.78         5000
worker_2  | g=5, diversidad=5.4451039282044285, C1=1.9110983996142021, C2=1.135334773863779
worker_2  | 5   10      3033.6  1991.15 0.319088        5000
worker_3  | g=4, diversidad=3.8373863773049535, C1=1.938117721810999, C2=1.4538602554973599
worker_3  | 4   10      2500.25 1536.7  0.00843367      5000
worker_6  | g=7, diversidad=5.6086853029547585, C1=1.0069264894383614, C2=1.8073302572459744
worker_6  | 7   10      2633.87 1911.8  0.0205481       5000
worker_6  | defaultdict(<class 'deap.tools.support.Logbook'>, {})
worker_6  | poblacion enviada...  0.005049246671432382
worker_6  | poblacion recibida...  PSO PSO-0
worker_6  | primero diversidad 4.66365596734655
worker_8  | g=1, diversidad=5.623459659583744, C1=1.684984465319549, C2=1.4939405862203905
worker_8  | 1   10      2966.73 1417.68 666.978         5000
worker_12 | g=6, diversidad=7.036078902090621, C1=1.207137914601553, C2=1.3845175213590561
worker_12 | 6   10      2334    1300.05 0.0267976       3337.67
worker_10 | g=0, diversidad=4.98970741010506, C1=1.8430788120564778, C2=1.2234603159825947
worker_10 | gen evals   avg     std     min             max
worker_10 | 0   10      2400.04 1998.9  0.00504925      5000
worker_11 | g=5, diversidad=4.9261307698800305, C1=1.3038670896311912, C2=1.6280622064455215
worker_11 | 5   10      2866.87 1117.52 666.753         5000
worker_13 | g=3, diversidad=4.523459045925232, C1=1.6650315825552244, C2=1.0919448405189658
worker_13 | 3   10      2933.49 1511.35 0.00828979      5000
worker_15 | g=5, diversidad=5.588362449173924, C1=1.907154425139347, C2=1.9985326675292514
worker_15 | 5   10      3333.49 1483.15 0.11881         5000
worker_4  | g=3, diversidad=4.740930248180007, C1=1.0833086024777123, C2=1.873622583384102
worker_4  | 3   10      2567.02 1398.77 0.038474        5000
worker_5  | g=1, diversidad=6.785423704295702, C1=1.5412837524165686, C2=1.299716121204
worker_5  | 1   10      1438.94 1167.6  0.0778305       3333.39
worker_16 | g=3, diversidad=4.639990254916774, C1=1.429581368827769, C2=1.6634184220381867
worker_16 | 3   10      2840.51 2009.18 0.0146926       5000
worker_14 | g=2, diversidad=5.758942180349211, C1=1.7109095915092412, C2=1.003293824233275
worker_14 | 2   10      2266.78 1428.2  0.481818        5000
worker_3  | g=5, diversidad=4.734251389756887, C1=1.938117721810999, C2=1.4538602554973599
worker_3  | 5   10      2968.51 946.883 1666.68         5000
worker_8  | g=2, diversidad=5.30941054448497, C1=1.684984465319549, C2=1.4939405862203905
worker_8  | 2   10      3200.02 1694.42 0.0303681       5000
worker_1  | g=3, diversidad=5.233036641697377, C1=1.7517242872795573, C2=1.5709950529925623
worker_1  | 3   10      1200.06 1257.86 0.0125307       4000
worker_6  | g=0, diversidad=4.66365596734655, C1=1.0069264894383614, C2=1.8073302572459744
worker_6  | gen evals   avg     std     min             max
worker_6  | 0   10      1533.48 1727.03 0.00504925      5000
worker_2  | g=6, diversidad=5.298597776903234, C1=1.9110983996142021, C2=1.135334773863779
worker_2  | 6   10      1800.31 1185.03 0.0124172       4000
worker_12 | g=7, diversidad=6.3924553648451345, C1=1.207137914601553, C2=1.3845175213590561
worker_12 | 7   10      3166.68 1714.3  0.0595742       5000
worker_12 | defaultdict(<class 'deap.tools.support.Logbook'>, {})
worker_12 | poblacion enviada...  0.005049246671432382
worker_12 | poblacion recibida...  PSO PSO-2
worker_12 | primero diversidad 4.586600238498534
worker_10 | g=1, diversidad=7.110525746368832, C1=1.8430788120564778, C2=1.2234603159825947
worker_10 | 1   10      2700.22 1702.57 0.01201         5000
worker_11 | g=6, diversidad=5.017500653596399, C1=1.3038670896311912, C2=1.6280622064455215
worker_11 | 6   10      2400.03 1314.86 0.0229551       5000
worker_13 | g=4, diversidad=4.977258345236094, C1=1.6650315825552244, C2=1.0919448405189658
worker_13 | 4   10      3033.42 1629.12 0.503352        5000
worker_15 | g=6, diversidad=5.819240813874067, C1=1.907154425139347, C2=1.9985326675292514
worker_15 | 6   10      3333.4  1490.69 0.032171        5000
worker_5  | g=2, diversidad=6.945280646468104, C1=1.5412837524165686, C2=1.299716121204
worker_5  | 2   10      2833.36 1833.3  0.108777        5000
worker_4  | g=4, diversidad=5.607832564033511, C1=1.0833086024777123, C2=1.873622583384102
worker_4  | 4   10      3133.59 1681.28 0.032258        5000
worker_8  | g=3, diversidad=4.9176040730584045, C1=1.684984465319549, C2=1.4939405862203905
worker_8  | 3   10      2666.73 1699.64 0.0139063       5000
worker_1  | g=4, diversidad=5.452928730723033, C1=1.7517242872795573, C2=1.5709950529925623
worker_1  | 4   10      2966.95 1669.66 0.0172098       5000
worker_14 | g=3, diversidad=5.53905136644731, C1=1.7109095915092412, C2=1.003293824233275
worker_14 | 3   10      2341.46 1451.06 0.0201434       4000
worker_6  | g=1, diversidad=6.353521511399944, C1=1.0069264894383614, C2=1.8073302572459744
worker_6  | 1   10      2366.85 1803.92 0.00825367      5000
worker_2  | g=7, diversidad=5.598675788717757, C1=1.9110983996142021, C2=1.135334773863779
worker_2  | 7   10      3600.06 1093.35 1666.74         5000
worker_2  | defaultdict(<class 'deap.tools.support.Logbook'>, {})
worker_2  | poblacion enviada...  0.005407111207165954
worker_2  | poblacion recibida...  PSO PSO-15
worker_2  | primero diversidad 3.9786754055540934
worker_16 | g=4, diversidad=5.105876932005534, C1=1.429581368827769, C2=1.6634184220381867
worker_16 | 4   10      2200.36 1681.04 0.0313786       5000
worker_3  | g=6, diversidad=4.422622054458938, C1=1.938117721810999, C2=1.4538602554973599
worker_3  | 6   10      2233.62 1490.71 0.127915        5000
worker_11 | g=7, diversidad=4.843849449993143, C1=1.3038670896311912, C2=1.6280622064455215
worker_11 | 7   10      3500.02 2034.4  0.0290081       5000
worker_11 | defaultdict(<class 'deap.tools.support.Logbook'>, {})
worker_11 | poblacion enviada...  0.005407111207165954
worker_11 | poblacion recibida...  PSO PSO-14
worker_11 | primero diversidad 3.6728824257601875
worker_10 | g=2, diversidad=6.36033191893813, C1=1.8430788120564778, C2=1.2234603159825947
worker_10 | 2   10      3866.94 1076.55 1668.93         5000
worker_13 | g=5, diversidad=6.191820025709981, C1=1.6650315825552244, C2=1.0919448405189658
worker_13 | 5   10      2900.16 1534.93 0.86071         5000
worker_12 | g=0, diversidad=4.586600238498534, C1=1.207137914601553, C2=1.3845175213590561
worker_12 | gen evals   avg     std     min             max
worker_12 | 0   10      1633.39 2008.04 0.00504925      5000
worker_15 | g=7, diversidad=5.807671583596877, C1=1.907154425139347, C2=1.9985326675292514
worker_15 | 7   10      2600.19 1818.42 0.0108753       5000
worker_15 | defaultdict(<class 'deap.tools.support.Logbook'>, {})
worker_15 | poblacion enviada...  0.005049246671432382
worker_15 | poblacion recibida...  PSO PSO-9
worker_15 | primero diversidad 5.1610496305060645
worker_5  | g=3, diversidad=6.314111407094069, C1=1.5412837524165686, C2=1.299716121204
worker_5  | 3   10      2900.52 1738.47 0.0160353       5000
worker_4  | g=5, diversidad=5.639626301168308, C1=1.0833086024777123, C2=1.873622583384102
worker_4  | 5   10      2466.72 1826.93 0.017144        5000
worker_6  | g=2, diversidad=5.775548359103775, C1=1.0069264894383614, C2=1.8073302572459744
worker_6  | 2   10      3066.72 1756.22 0.0408321       5000
worker_14 | g=4, diversidad=5.848580873298202, C1=1.7109095915092412, C2=1.003293824233275
worker_14 | 4   10      2366.75 1917.47 0.0292196       5000
worker_1  | g=5, diversidad=4.812166261694763, C1=1.7517242872795573, C2=1.5709950529925623
worker_1  | 5   10      2833.35 1733.63 0.00764173      5000
worker_8  | g=4, diversidad=5.682048768103432, C1=1.684984465319549, C2=1.4939405862203905
worker_8  | 4   10      2233.56 1563.92 0.0354216       5000
worker_3  | g=7, diversidad=4.87243302328721, C1=1.938117721810999, C2=1.4538602554973599
worker_3  | 7   10      2166.91 1978.81 0.00866738      5000
worker_3  | defaultdict(<class 'deap.tools.support.Logbook'>, {})
worker_3  | poblacion enviada...  0.005049246671432382
worker_3  | poblacion recibida...  PSO PSO-10
worker_3  | primero diversidad 3.6096838522992853
worker_11 | g=0, diversidad=3.6728824257601875, C1=1.3038670896311912, C2=1.6280622064455215
worker_11 | gen evals   avg     std     min             max
worker_11 | 0   10      2333.49 1856    0.00540711      5000
worker_2  | g=0, diversidad=3.9786754055540934, C1=1.9110983996142021, C2=1.135334773863779
worker_2  | gen evals   avg     std     min             max
worker_2  | 0   10      2033.39 1471.59 0.00540711      4000
worker_16 | g=5, diversidad=4.739794795719844, C1=1.429581368827769, C2=1.6634184220381867
worker_16 | 5   10      2500.07 1967.77 0.00895976      5000
worker_10 | g=3, diversidad=5.503015818650829, C1=1.8430788120564778, C2=1.2234603159825947
worker_10 | 3   10      3766.68 1164.75 1666.7          5000
worker_15 | g=0, diversidad=5.1610496305060645, C1=1.907154425139347, C2=1.9985326675292514
worker_15 | gen evals   avg     std     min             max
worker_15 | 0   10      3200    1857.11 0.00504925      5000
worker_4  | g=6, diversidad=5.468976300185611, C1=1.0833086024777123, C2=1.873622583384102
worker_4  | 6   10      3233.5  1938.18 0.00908165      5000
worker_12 | g=1, diversidad=6.210399171199184, C1=1.207137914601553, C2=1.3845175213590561
worker_12 | 1   10      3300.16 1803.87 0.0297885       5000
