worker_1  | g=0, diversidad=4.261737336121946, C1=1.7530800362568972, C2=1.0467120517127408
worker_1  | gen evals   avg     std     min             max
worker_1  | 0   10      2033.4  1834.55 0.00386972      5000
worker_15 | g=7, diversidad=5.96879172785432, C1=1.3028198520471252, C2=1.5296056735703265
worker_15 | 7   10      2033.48 1149.35 0.0580589       3333.6
worker_15 | defaultdict(<class 'deap.tools.support.Logbook'>, {})
worker_15 | poblacion enviada...  0.004879691181204421
worker_15 | poblacion recibida...  PSO PSO-5
worker_15 | primero diversidad 5.416679816968827
worker_9  | g=3, diversidad=4.175743805572127, C1=1.1515829943425442, C2=1.450989682215881
worker_9  | 3   10      2500.11 2006.87 0.00855117      5000
worker_2  | g=1, diversidad=5.552483528382567, C1=1.0736780803371588, C2=1.5757616217473887
worker_2  | 1   10      2166.72 1627.88 0.00863437      5000
worker_14 | g=5, diversidad=5.057164294754488, C1=1.8155523771415925, C2=1.263025969030774
worker_14 | 5   10      2200.13 1814.8  0.00517687      5000
worker_16 | g=3, diversidad=5.073942956939561, C1=1.1558677020489068, C2=1.6261082852728161
worker_16 | 3   10      2407.62 1654.54 0.0294686       5000
worker_3  | g=5, diversidad=5.661479612970787, C1=1.5438952882135568, C2=1.0530426674159254
worker_3  | 5   10      1633.46 1642.89 0.0263593       5000
worker_10 | g=5, diversidad=5.464469833184325, C1=1.4286904502589053, C2=1.0679393188653727
worker_10 | 5   10      2700.14 1004.82 667.265         4000
worker_11 | g=2, diversidad=6.988657321305135, C1=1.6451438970412395, C2=1.5637674325284587
worker_11 | 2   10      2100.1  1491    0.016954        5000
worker_4  | g=3, diversidad=5.240988484560123, C1=1.5115507045391534, C2=1.3931995064044715
worker_4  | 3   10      2466.72 1667.98 0.042369        5000
worker_5  | g=5, diversidad=5.014819205378198, C1=1.6534413084667416, C2=1.917971933152776
worker_5  | 5   10      3100.12 1646.76 666.983         5000
worker_1  | g=1, diversidad=5.40134537962009, C1=1.7530800362568972, C2=1.0467120517127408
worker_1  | 1   10      3433.37 1850.19 0.0995774       5000
worker_13 | g=3, diversidad=4.240522025440707, C1=1.5684763880189048, C2=1.1474062811740855
worker_13 | 3   10      2633.37 1486.55 0.334266        5000
worker_12 | g=2, diversidad=5.604138239639027, C1=1.2901013887213495, C2=1.439352851982275
worker_12 | 2   10      1575.67 1316.04 0.141828        3334.87
worker_2  | g=2, diversidad=4.550295140359969, C1=1.0736780803371588, C2=1.5757616217473887
worker_2  | 2   10      3233.38 1693.42 0.0820358       5000
worker_7  | g=7, diversidad=5.548293492159932, C1=1.3363160301652317, C2=1.1161569789061474
worker_7  | 7   10      1533.56 1408.04 0.0299245       3334.22
worker_7  | defaultdict(<class 'deap.tools.support.Logbook'>, {})
worker_7  | poblacion enviada...  0.005205873724646406
worker_7  | poblacion recibida...  PSO PSO-14
worker_7  | primero diversidad 7.6893825830149085
worker_6  | g=4, diversidad=7.372608883315751, C1=1.7650075934620275, C2=1.1457884179990774
worker_6  | 4   10      2666.75 1591.64 0.0421576       5000
worker_9  | g=4, diversidad=6.125264462046882, C1=1.1515829943425442, C2=1.450989682215881
worker_9  | 4   10      3133.41 1739.66 0.0201103       5000
worker_3  | g=6, diversidad=5.185546981961981, C1=1.5438952882135568, C2=1.0530426674159254
worker_3  | 6   10      2866.73 1571.96 0.0533392       5000
worker_15 | g=0, diversidad=5.416679816968827, C1=1.3028198520471252, C2=1.5296056735703265
worker_15 | gen evals   avg     std     min             max
worker_15 | 0   10      2167.03 1447.1  0.00487969      5000
worker_4  | g=4, diversidad=5.418724885220097, C1=1.5115507045391534, C2=1.3931995064044715
worker_4  | 4   10      2633.46 1791.57 0.00609753      5000
worker_16 | g=4, diversidad=6.574189746310027, C1=1.1558677020489068, C2=1.6261082852728161
worker_16 | 4   10      2766.7  1751.49 0.0879928       5000
worker_10 | g=6, diversidad=5.634049833791092, C1=1.4286904502589053, C2=1.0679393188653727
worker_10 | 6   10      1733.4  1504.04 0.0398459       5000
worker_14 | g=6, diversidad=5.41642970353695, C1=1.8155523771415925, C2=1.263025969030774
worker_14 | 6   10      1766.77 1745.08 0.0534515       5000
worker_11 | g=3, diversidad=6.648261207499729, C1=1.6451438970412395, C2=1.5637674325284587
worker_11 | 3   10      1767.02 1325.54 0.0267156       4000
worker_5  | g=6, diversidad=4.923442699715042, C1=1.6534413084667416, C2=1.917971933152776
worker_5  | 6   10      2533.8  1415.63 666.801         5000
worker_1  | g=2, diversidad=4.850912802864616, C1=1.7530800362568972, C2=1.0467120517127408
worker_1  | 2   10      2533.45 1351.46 0.320579        5000
worker_12 | g=3, diversidad=4.839720948592511, C1=1.2901013887213495, C2=1.439352851982275
worker_12 | 3   10      2633.34 1822.38 0.0074645       5000
worker_9  | g=5, diversidad=5.702578905711658, C1=1.1515829943425442, C2=1.450989682215881
worker_9  | 5   10      2733.47 2031.99 0.00573839      5000
worker_13 | g=4, diversidad=5.181125043074004, C1=1.5684763880189048, C2=1.1474062811740855
worker_13 | 4   10      2466.85 1726.97 0.0351719       5000
worker_15 | g=1, diversidad=6.588108073645451, C1=1.3028198520471252, C2=1.5296056735703265
worker_15 | 1   10      3300.08 1425.54 1666.67         5000
worker_3  | g=7, diversidad=4.787200151538578, C1=1.5438952882135568, C2=1.0530426674159254
worker_3  | 7   10      2700.12 1635.99 0.00693772      5000
worker_3  | defaultdict(<class 'deap.tools.support.Logbook'>, {})
worker_3  | poblacion enviada...  0.004879691181204421
worker_7  | g=0, diversidad=7.6893825830149085, C1=1.3363160301652317, C2=1.1161569789061474
worker_7  | gen evals   avg     std     min             max
worker_7  | 0   10      2566.72 1406.75 0.00520587      5000
worker_6  | g=5, diversidad=6.682782965068522, C1=1.7650075934620275, C2=1.1457884179990774
worker_6  | 5   10      2700.2  1516.08 667.009         5000
worker_4  | g=5, diversidad=5.939600558334478, C1=1.5115507045391534, C2=1.3931995064044715
worker_4  | 5   10      2100.06 1920.9  0.00763918      5000
worker_10 | g=7, diversidad=5.985293970153441, C1=1.4286904502589053, C2=1.0679393188653727
worker_10 | 7   10      3033.43 1320.3  666.888         5000
worker_10 | defaultdict(<class 'deap.tools.support.Logbook'>, {})
worker_10 | poblacion enviada...  0.003836925698220745
worker_2  | g=3, diversidad=3.848182314903436, C1=1.0736780803371588, C2=1.5757616217473887
worker_2  | 3   10      2633.6  1369.49 2.10366         5000
worker_14 | g=7, diversidad=4.771798310140599, C1=1.8155523771415925, C2=1.263025969030774
worker_14 | 7   10      2300.12 1656.24 0.0667078       5000
worker_14 | defaultdict(<class 'deap.tools.support.Logbook'>, {})
worker_14 | poblacion enviada...  0.005176873094362721
worker_12 | g=4, diversidad=5.025338916875222, C1=1.2901013887213495, C2=1.439352851982275
worker_12 | 4   10      3233.63 1520.48 1666.67         5000
worker_5  | g=7, diversidad=4.501862852850431, C1=1.6534413084667416, C2=1.917971933152776
worker_5  | 7   10      2466.73 1765.03 0.229892        5000
worker_5  | defaultdict(<class 'deap.tools.support.Logbook'>, {})
worker_5  | poblacion enviada...  0.004879691181204421
worker_1  | g=3, diversidad=4.8988219741859504, C1=1.7530800362568972, C2=1.0467120517127408
worker_1  | 3   10      2966.71 1566.62 0.093841        5000
worker_11 | g=4, diversidad=6.0065809075490755, C1=1.6451438970412395, C2=1.5637674325284587
worker_11 | 4   10      2300.09 1566.62 0.0613341       5000
worker_16 | g=5, diversidad=7.0752004109619735, C1=1.1558677020489068, C2=1.6261082852728161
worker_16 | 5   10      1800.05 1571.96 0.0112359       4000
worker_9  | g=6, diversidad=5.289785818308164, C1=1.1515829943425442, C2=1.450989682215881
worker_9  | 6   10      2366.72 1888.21 0.00879345      5000
worker_13 | g=5, diversidad=5.781967856733403, C1=1.5684763880189048, C2=1.1474062811740855
worker_13 | 5   10      2233.38 1598.95 0.00334975      5000
worker_15 | g=2, diversidad=5.596125069218664, C1=1.3028198520471252, C2=1.5296056735703265
worker_15 | 2   10      2700.15 1728.3  0.0371503       5000
worker_6  | g=6, diversidad=5.953783166066956, C1=1.7650075934620275, C2=1.1457884179990774
worker_6  | 6   10      2200.11 1814.72 0.00955239      5000
worker_12 | g=5, diversidad=4.971402854082032, C1=1.2901013887213495, C2=1.439352851982275
worker_12 | 5   10      3066.86 1590.08 0.0442507       5000
worker_4  | g=6, diversidad=11.009915044590462, C1=1.5115507045391534, C2=1.3931995064044715
worker_4  | 6   10      2366.7  1573.75 0.00245206      5000
worker_7  | g=1, diversidad=7.943403099880842, C1=1.3363160301652317, C2=1.1161569789061474
worker_7  | 1   10      2133.44 1647.88 0.018167        4000
worker_11 | g=5, diversidad=6.758826077004384, C1=1.6451438970412395, C2=1.5637674325284587
worker_11 | 5   10      2633.41 1822.4  0.0125394       5000
worker_1  | g=4, diversidad=4.7411077102784525, C1=1.7530800362568972, C2=1.0467120517127408
worker_1  | 4   10      2833.38 1648.18 0.215391        5000
worker_2  | g=4, diversidad=4.191798451671632, C1=1.0736780803371588, C2=1.5757616217473887
worker_2  | 4   10      2466.93 1166.11 666.704         5000
worker_13 | g=6, diversidad=5.197940559985502, C1=1.5684763880189048, C2=1.1474062811740855
worker_13 | 6   10      2567.32 1584.73 0.0105201       5000
worker_16 | g=6, diversidad=6.461369876859873, C1=1.1558677020489068, C2=1.6261082852728161
worker_16 | 6   10      3100.07 1542.33 0.0191314       5000
worker_9  | g=7, diversidad=5.230013461465478, C1=1.1515829943425442, C2=1.450989682215881
worker_9  | 7   10      1866.74 858.943 0.0354139       3333.35
worker_9  | defaultdict(<class 'deap.tools.support.Logbook'>, {})
worker_9  | poblacion enviada...  0.003869718137349525
worker_6  | g=7, diversidad=6.264319248040301, C1=1.7650075934620275, C2=1.1457884179990774
worker_6  | 7   10      2800.23 1771.34 0.0712042       5000
worker_6  | defaultdict(<class 'deap.tools.support.Logbook'>, {})
worker_6  | poblacion enviada...  0.003869718137349525
worker_15 | g=3, diversidad=4.639909400543495, C1=1.3028198520471252, C2=1.5296056735703265
worker_15 | 3   10      2700.05 2182.97 0.0177238       5000
worker_12 | g=6, diversidad=5.364935427725653, C1=1.2901013887213495, C2=1.439352851982275
worker_12 | 6   10      2633.48 1728.34 0.0310064       5000
worker_4  | g=7, diversidad=8.292131655349412, C1=1.5115507045391534, C2=1.3931995064044715
worker_4  | 7   10      2700.19 1530.75 0.251768        5000
worker_4  | defaultdict(<class 'deap.tools.support.Logbook'>, {})
worker_4  | poblacion enviada...  0.0024520606833203485
worker_7  | g=2, diversidad=8.334642835825836, C1=1.3363160301652317, C2=1.1161569789061474
worker_7  | 2   10      2367.06 1463.57 0.868341        5000
worker_13 | g=7, diversidad=5.138337751644604, C1=1.5684763880189048, C2=1.1474062811740855
worker_13 | 7   10      3566.71 1390.79 1666.68         5000
worker_13 | defaultdict(<class 'deap.tools.support.Logbook'>, {})
worker_13 | poblacion enviada...  0.003349750095268328
worker_2  | g=5, diversidad=4.680501806322846, C1=1.0736780803371588, C2=1.5757616217473887
worker_2  | 5   10      2333.37 1994.4  0.0324348       5000
worker_1  | g=5, diversidad=4.824280671081882, C1=1.7530800362568972, C2=1.0467120517127408
worker_1  | 5   10      2566.73 1174.27 0.00695471      4000
worker_11 | g=6, diversidad=6.69859500330126, C1=1.6451438970412395, C2=1.5637674325284587
worker_11 | 6   10      2666.71 1744.8  0.0248345       5000
worker_16 | g=7, diversidad=5.750698017367525, C1=1.1558677020489068, C2=1.6261082852728161
worker_16 | 7   10      2433.69 1075.43 0.0275337       3334.49
worker_16 | defaultdict(<class 'deap.tools.support.Logbook'>, {})
worker_16 | poblacion enviada...  0.004879691181204421
worker_15 | g=4, diversidad=5.731037590109788, C1=1.3028198520471252, C2=1.5296056735703265
worker_15 | 4   10      2300.32 1656.25 0.0268558       5000
worker_12 | g=7, diversidad=5.5891005572646915, C1=1.2901013887213495, C2=1.439352851982275
worker_12 | 7   10      2533.4  1674.62 0.0149813       5000
worker_12 | defaultdict(<class 'deap.tools.support.Logbook'>, {})
worker_12 | poblacion enviada...  0.005205873724646406
worker_7  | g=3, diversidad=6.59800223743798, C1=1.3363160301652317, C2=1.1161569789061474
worker_7  | 3   10      1633.54 1946.17 0.0138872       5000
worker_1  | g=6, diversidad=5.726129067398596, C1=1.7530800362568972, C2=1.0467120517127408
worker_1  | 6   10      2100.18 1862.28 0.016383        5000
worker_11 | g=7, diversidad=5.787846846069931, C1=1.6451438970412395, C2=1.5637674325284587
worker_11 | 7   10      2766.71 1795.32 0.0238878       5000
worker_11 | defaultdict(<class 'deap.tools.support.Logbook'>, {})
worker_11 | poblacion enviada...  0.005205873724646406
worker_2  | g=6, diversidad=4.468054185692276, C1=1.0736780803371588, C2=1.5757616217473887
worker_2  | 6   10      2266.78 1604.12 0.0193253       5000
worker_15 | g=5, diversidad=5.171018745898078, C1=1.3028198520471252, C2=1.5296056735703265
worker_15 | 5   10      2033.56 1864.67 0.0325405       5000
worker_7  | g=4, diversidad=5.700313316787098, C1=1.3363160301652317, C2=1.1161569789061474
worker_7  | 4   10      2000.06 1282.33 0.0348217       4000
worker_1  | g=7, diversidad=5.194700061611443, C1=1.7530800362568972, C2=1.0467120517127408
worker_1  | 7   10      2433.54 1879.98 0.0293732       5000
worker_1  | defaultdict(<class 'deap.tools.support.Logbook'>, {})
worker_1  | poblacion enviada...  0.003869718137349525
worker_15 | g=6, diversidad=5.281575983823893, C1=1.3028198520471252, C2=1.5296056735703265
worker_15 | 6   10      2333.52 1855.99 0.0150126       5000
worker_2  | g=7, diversidad=3.794994248746566, C1=1.0736780803371588, C2=1.5757616217473887
worker_2  | 7   10      2366.68 1864.57 0.00576156      5000
worker_2  | defaultdict(<class 'deap.tools.support.Logbook'>, {})
worker_2  | poblacion enviada...  0.003869718137349525
worker_7  | g=5, diversidad=6.000114093614448, C1=1.3363160301652317, C2=1.1161569789061474
worker_7  | 5   10      2933.4  1793.74 666.807         5000
worker_15 | g=7, diversidad=5.563933828581509, C1=1.3028198520471252, C2=1.5296056735703265
worker_15 | 7   10      2540.17 1161.29 666.829         5000
worker_15 | defaultdict(<class 'deap.tools.support.Logbook'>, {})
worker_15 | poblacion enviada...  0.004879691181204421
worker_7  | g=6, diversidad=4.879343768896317, C1=1.3363160301652317, C2=1.1161569789061474
worker_7  | 6   10      2100.08 1825.97 0.00801227      5000
worker_7  | g=7, diversidad=5.86631183515802, C1=1.3363160301652317, C2=1.1161569789061474
worker_7  | 7   10      2166.74 1293.11 0.0472982       4000
worker_7  | defaultdict(<class 'deap.tools.support.Logbook'>, {})
worker_7  | poblacion enviada...  0.005205873724646406
