
************+ experimento 3 heterogeneos

worker_11 | setup: redis alive
worker_2  | setup: redis alive
worker_6  | poblacion recibida...  PSO PSO-0
worker_1  | poblacion recibida...  PSO PSO-1
worker_12 | poblacion recibida...  PSO PSO-2
worker_4  | poblacion recibida...  PSO PSO-3
worker_7  | poblacion recibida...  PSO PSO-4
worker_13 | poblacion recibida...  PSO PSO-5
worker_5  | poblacion recibida...  PSO PSO-6
worker_10 | poblacion recibida...  PSO PSO-7
worker_8  | poblacion recibida...  PSO PSO-8
worker_15 | poblacion recibida...  PSO PSO-9
worker_3  | poblacion recibida...  PSO PSO-10
worker_14 | poblacion recibida...  PSO PSO-11
worker_16 | poblacion recibida...  PSO PSO-12
worker_9  | poblacion recibida...  PSO PSO-13
worker_11 | poblacion recibida...  PSO PSO-14
worker_2  | poblacion recibida...  PSO PSO-15
worker_6  | primero diversidad 14.17983283508394
worker_15 | primero diversidad 13.234216670893044
worker_7  | primero diversidad 13.464157385953438
worker_14 | primero diversidad 12.90071058343481
worker_8  | primero diversidad 16.073731317589036
worker_12 | primero diversidad 16.26770114586783
worker_1  | primero diversidad 12.983962524901344
worker_10 | primero diversidad 14.991771698229556
worker_11 | primero diversidad 15.32376502987398
worker_3  | primero diversidad 12.313213732753285
worker_9  | primero diversidad 15.624069074155084
worker_4  | primero diversidad 13.927480528911449
worker_5  | primero diversidad 12.70492130938936
worker_13 | primero diversidad 14.072628711821084
worker_2  | primero diversidad 14.019761814032854
worker_16 | primero diversidad 14.475952790423532
worker_2  | g=0, diversidad=14.019761814032854, C1=1.9110983996142021, C2=1.135334773863779
worker_2  | gen evals   avg     std     min             max
worker_2  | 0   10      3700.02 1642.8  0.0575433       5000
worker_8  | g=0, diversidad=13.361935342148273, C1=1.684984465319549, C2=1.4939405862203905
worker_8  | gen evals   avg     std     min             max
worker_8  | 0   10      2967.06 2029.76 0.351559        5000
worker_1  | g=0, diversidad=12.974711673715682, C1=1.7517242872795573, C2=1.5709950529925623
worker_1  | gen evals   avg     std     min             max
worker_1  | 0   10      2866.93 1564.87 0.174029        5000
worker_4  | g=0, diversidad=13.19662187080003, C1=1.0833086024777123, C2=1.873622583384102
worker_4  | gen evals   avg     std     min             max
worker_4  | 0   10      3400.2  1685.16 0.182199        5000
worker_14 | g=0, diversidad=12.776304854946492, C1=1.7109095915092412, C2=1.003293824233275
worker_14 | gen evals   avg     std     min             max
worker_14 | 0   10      2966.78 1779.12 0.0530865       5000
worker_13 | g=0, diversidad=13.867569031724862, C1=1.6650315825552244, C2=1.0919448405189658
worker_13 | gen evals   avg     std     min             max
worker_13 | 0   10      2635.65 1278.6  0.134376        4000
worker_10 | g=0, diversidad=14.558726579409859, C1=1.8430788120564778, C2=1.2234603159825947
worker_10 | gen evals   avg     std     min     max
worker_10 | 0   10      3200.59 1564.87 1333.56 5000
worker_11 | g=0, diversidad=14.122737613997092, C1=1.3038670896311912, C2=1.6280622064455215
worker_11 | gen evals   avg     std     min             max
worker_11 | 0   10      3066.75 1227.37 0.171648        4000
worker_15 | g=0, diversidad=11.760705899316873, C1=1.907154425139347, C2=1.9985326675292514
worker_15 | gen evals   avg     std     min     max
worker_15 | 0   10      3733.33 1083.2  2000    5000
worker_7  | g=0, diversidad=13.464157385953438, C1=1.5730674978778325, C2=1.3225364790724718
worker_7  | gen evals   avg     std     min             max
worker_7  | 0   10      2789.55 1747.09 0.172721        5000
worker_6  | g=0, diversidad=13.944014216094542, C1=1.0069264894383614, C2=1.8073302572459744
worker_6  | gen evals   avg     std     min     max
worker_6  | 0   10      3000.51 1413.71 667.057 5000
worker_5  | g=0, diversidad=13.355834665275923, C1=1.5412837524165686, C2=1.299716121204
worker_5  | gen evals   avg     std     min     max
worker_5  | 0   10      2734.35 891.983 1333.51 4000
worker_9  | g=0, diversidad=13.873276011039836, C1=1.9524525930563708, C2=1.0044856345063806
worker_9  | gen evals   avg     std     min             max
worker_9  | 0   10      2966.76 1810.07 0.0347604       5000
worker_12 | g=0, diversidad=13.765092069431638, C1=1.207137914601553, C2=1.3845175213590561
worker_12 | gen evals   avg     std     min     max
worker_12 | 0   10      3166.92 1359.94 667.071 5000
worker_3  | g=0, diversidad=15.604518885023282, C1=1.938117721810999, C2=1.4538602554973599
worker_3  | gen evals   avg     std     min     max
worker_3  | 0   10      2766.86 1033.24 1333.51 5000
worker_2  | g=1, diversidad=11.207098124812598, C1=1.9110983996142021, C2=1.135334773863779
worker_2  | 1   10      3833.39 1067.15 1666.73         5000
worker_16 | g=0, diversidad=15.11904798622524, C1=1.429581368827769, C2=1.6634184220381867
worker_16 | gen evals   avg     std     min     max
worker_16 | 0   10      3000.07 942.821 1666.74 5000
worker_14 | g=1, diversidad=10.208691848179928, C1=1.7109095915092412, C2=1.003293824233275
worker_14 | 1   10      4100.02 1145.49 1666.71         5000
worker_10 | g=1, diversidad=11.534199515015509, C1=1.8430788120564778, C2=1.2234603159825947
worker_10 | 1   10      3100.15 1619.56 0.032512        5000
worker_4  | g=1, diversidad=9.114468290688702, C1=1.0833086024777123, C2=1.873622583384102
worker_4  | 1   10      2866.85 1438.96 0.613586        5000
worker_15 | g=1, diversidad=10.576166821091405, C1=1.907154425139347, C2=1.9985326675292514
worker_15 | 1   10      3333.47 1819.47 0.0277431       5000
worker_1  | g=1, diversidad=11.761726670863899, C1=1.7517242872795573, C2=1.5709950529925623
worker_1  | 1   10      2066.81 1658.59 0.0622711       5000
worker_3  | g=1, diversidad=11.86759519741506, C1=1.938117721810999, C2=1.4538602554973599
worker_3  | 1   10      3166.86 1454.8  0.11683 5000
worker_13 | g=1, diversidad=10.906044768886863, C1=1.6650315825552244, C2=1.0919448405189658
worker_13 | 1   10      2834.24 1350.97 1333.46         5000
worker_7  | g=1, diversidad=12.612453602389953, C1=1.5730674978778325, C2=1.3225364790724718
worker_7  | 1   10      2800.09 1726.85 0.0929689       5000
worker_12 | g=1, diversidad=10.847080429363714, C1=1.207137914601553, C2=1.3845175213590561
worker_12 | 1   10      3433.57 1075.34 2000    5000
worker_5  | g=1, diversidad=9.483174730096287, C1=1.5412837524165686, C2=1.299716121204
worker_5  | 1   10      2866.88 1777.33 0.0695011       5000
worker_8  | g=1, diversidad=9.988372243506937, C1=1.684984465319549, C2=1.4939405862203905
worker_8  | 1   10      2533.65 1667.64 1.53474         5000
worker_2  | g=2, diversidad=11.00814341762619, C1=1.9110983996142021, C2=1.135334773863779
worker_2  | 2   10      1933.5  1678.67 0.0154117       5000
worker_6  | g=1, diversidad=10.648464194535666, C1=1.0069264894383614, C2=1.8073302572459744
worker_6  | 1   10      3366.67 862.159 1666.71 4000
worker_11 | g=1, diversidad=10.614490287621626, C1=1.3038670896311912, C2=1.6280622064455215
worker_11 | 1   10      3000.19 1053.94 1666.7          5000
worker_9  | g=1, diversidad=11.403569355155177, C1=1.9524525930563708, C2=1.0044856345063806
worker_9  | 1   10      3033.42 1580.66 667.362         5000
worker_14 | g=2, diversidad=7.589730283850115, C1=1.7109095915092412, C2=1.003293824233275
worker_14 | 2   10      2033.53 1715.57 0.0101672       5000
worker_16 | g=1, diversidad=12.789505567107518, C1=1.429581368827769, C2=1.6634184220381867
worker_16 | 1   10      1733.85 1280.46 0.558715        5000
worker_1  | g=2, diversidad=8.535599070816634, C1=1.7517242872795573, C2=1.5709950529925623
worker_1  | 2   10      1800.03 1961.85 0.0121186       5000
worker_4  | g=2, diversidad=6.593567144736098, C1=1.0833086024777123, C2=1.873622583384102
worker_4  | 2   10      2567.17 1374.47 666.822         5000
worker_10 | g=2, diversidad=9.540663110801429, C1=1.8430788120564778, C2=1.2234603159825947
worker_10 | 2   10      2152.4  1553.85 0.0131534       4000
worker_13 | g=2, diversidad=7.4313824728786555, C1=1.6650315825552244, C2=1.0919448405189658
worker_13 | 2   10      2467.52 1317.77 0.505472        4000
worker_7  | g=2, diversidad=9.205165306949164, C1=1.5730674978778325, C2=1.3225364790724718
worker_7  | 2   10      900.266 1316.92 0.0184741       3333.58
worker_15 | g=2, diversidad=8.013988860366316, C1=1.907154425139347, C2=1.9985326675292514
worker_15 | 2   10      2066.99 1263.13 0.0348628       4000
worker_3  | g=2, diversidad=9.104570823848835, C1=1.938117721810999, C2=1.4538602554973599
worker_3  | 2   10      2466.84 1739.57 0.1189  5000
worker_12 | g=2, diversidad=7.53210964485992, C1=1.207137914601553, C2=1.3845175213590561
worker_12 | 2   10      3700    1268.86 2000    5000
worker_2  | g=3, diversidad=9.159931448686695, C1=1.9110983996142021, C2=1.135334773863779
worker_2  | 3   10      2533.42 1240.03 0.302296        4000
worker_5  | g=2, diversidad=8.308400521419705, C1=1.5412837524165686, C2=1.299716121204
worker_5  | 2   10      3000.19 1333.18 667.037         5000
worker_6  | g=2, diversidad=7.195222874550192, C1=1.0069264894383614, C2=1.8073302572459744
worker_6  | 2   10      2866.84 1550.47 667.078 5000
worker_11 | g=2, diversidad=7.235241009866581, C1=1.3038670896311912, C2=1.6280622064455215
worker_11 | 2   10      2600.61 1236    668.274         5000
worker_14 | g=3, diversidad=7.123471738063756, C1=1.7109095915092412, C2=1.003293824233275
worker_14 | 3   10      2200.1  1275.4  0.0326916       5000
worker_8  | g=2, diversidad=6.627072068628641, C1=1.684984465319549, C2=1.4939405862203905
worker_8  | 2   10      2366.91 874.889 666.889         4000
worker_16 | g=2, diversidad=10.048033752393941, C1=1.429581368827769, C2=1.6634184220381867
worker_16 | 2   10      1933.74 963.641 667.173         3333.93
worker_9  | g=2, diversidad=7.940057335384773, C1=1.9524525930563708, C2=1.0044856345063806
worker_9  | 2   10      1900.17 1325.34 0.096952        5000
worker_1  | g=3, diversidad=7.721185862707084, C1=1.7517242872795573, C2=1.5709950529925623
worker_1  | 3   10      1900.7  1666.49 0.0200453       5000
worker_15 | g=3, diversidad=6.4680198835538745, C1=1.907154425139347, C2=1.9985326675292514
worker_15 | 3   10      2633.48 1968.9  0.0843102       5000
worker_7  | g=3, diversidad=7.955128530363385, C1=1.5730674978778325, C2=1.3225364790724718
worker_7  | 3   10      1700.1  1656.24 0.0287418       5000
worker_10 | g=3, diversidad=8.602017851232473, C1=1.8430788120564778, C2=1.2234603159825947
worker_10 | 3   10      2800.52 1239.83 1333.62         5000
worker_13 | g=3, diversidad=6.1283543839041466, C1=1.6650315825552244, C2=1.0919448405189658
worker_13 | 3   10      2766.9  1646.8  666.745         5000
worker_4  | g=3, diversidad=5.719419972472226, C1=1.0833086024777123, C2=1.873622583384102
worker_4  | 3   10      2066.98 1227.45 0.30986         4000
worker_3  | g=3, diversidad=9.342081648266806, C1=1.938117721810999, C2=1.4538602554973599
worker_3  | 3   10      3066.85 1561.96 0.0635566       5000
worker_2  | g=4, diversidad=7.418005896049416, C1=1.9110983996142021, C2=1.135334773863779
worker_2  | 4   10      1900.31 1770.16 0.0276177       5000
worker_11 | g=3, diversidad=5.768259530763484, C1=1.3038670896311912, C2=1.6280622064455215
worker_11 | 3   10      3466.87 1212.62 1334.32         5000
worker_14 | g=4, diversidad=7.12021197864155, C1=1.7109095915092412, C2=1.003293824233275
worker_14 | 4   10      1700.19 1552.27 0.0987962       5000
worker_1  | g=4, diversidad=6.745949488698644, C1=1.7517242872795573, C2=1.5709950529925623
worker_1  | 4   10      3100.47 2011.32 0.00896273      5000
worker_5  | g=3, diversidad=8.370346494412829, C1=1.5412837524165686, C2=1.299716121204
worker_5  | 3   10      2200.19 1521.62 0.0422179       5000
worker_15 | g=4, diversidad=6.161944541596903, C1=1.907154425139347, C2=1.9985326675292514
worker_15 | 4   10      3367.03 1456.38 0.0864875       5000
worker_6  | g=3, diversidad=8.54892327970617, C1=1.0069264894383614, C2=1.8073302572459744
worker_6  | 3   10      2666.99 1519.95 1.58094 5000
worker_12 | g=3, diversidad=6.073829695542452, C1=1.207137914601553, C2=1.3845175213590561
worker_12 | 3   10      2433.58 730.853 1333.78 3333.5
worker_16 | g=3, diversidad=6.459304211782532, C1=1.429581368827769, C2=1.6634184220381867
worker_16 | 3   10      2000.18 1843.77 0.00953605      5000
worker_8  | g=3, diversidad=8.276243829636332, C1=1.684984465319549, C2=1.4939405862203905
worker_8  | 3   10      1800.1  1266.59 0.0761409       4000
worker_7  | g=4, diversidad=6.542162063742547, C1=1.5730674978778325, C2=1.3225364790724718
worker_7  | 4   10      1681.35 1765.61 0.0192627       5000
worker_10 | g=4, diversidad=7.611640715844994, C1=1.8430788120564778, C2=1.2234603159825947
worker_10 | 4   10      2333.56 1744.63 0.0172663       5000
worker_9  | g=3, diversidad=7.053869345481427, C1=1.9524525930563708, C2=1.0044856345063806
worker_9  | 3   10      2100.18 1570.86 0.0525636       5000
worker_13 | g=4, diversidad=6.378770039426548, C1=1.6650315825552244, C2=1.0919448405189658
worker_13 | 4   10      2733.71 1793.49 666.816         5000
worker_4  | g=4, diversidad=8.4251679372138, C1=1.0833086024777123, C2=1.873622583384102
worker_4  | 4   10      1933.49 1388.83 0.0625442       5000
worker_3  | g=4, diversidad=8.175105136992922, C1=1.938117721810999, C2=1.4538602554973599
worker_3  | 4   10      2366.93 1448.71 0.0312841       5000
worker_2  | g=5, diversidad=6.618416453982105, C1=1.9110983996142021, C2=1.135334773863779
worker_2  | 5   10      2466.73 1845.05 0.0314704       5000
worker_1  | g=5, diversidad=6.638345864936803, C1=1.7517242872795573, C2=1.5709950529925623
worker_1  | 5   10      1867.02 1408.14 0.0294553       4000
worker_14 | g=5, diversidad=7.335807283910449, C1=1.7109095915092412, C2=1.003293824233275
worker_14 | 5   10      2567.02 1265.13 666.717         5000
worker_11 | g=4, diversidad=5.436952152316859, C1=1.3038670896311912, C2=1.6280622064455215
worker_11 | 4   10      2700.32 1251.12 0.547204        5000
worker_15 | g=5, diversidad=9.029463707929592, C1=1.907154425139347, C2=1.9985326675292514
worker_15 | 5   10      2300.09 1709.05 0.0266833       5000
worker_7  | g=5, diversidad=7.07595261002824, C1=1.5730674978778325, C2=1.3225364790724718
worker_7  | 5   10      1233.68 1422.6  0.0180612       4000
worker_5  | g=4, diversidad=8.532345202664077, C1=1.5412837524165686, C2=1.299716121204
worker_5  | 4   10      2000.22 1445.16 0.12639         5000
worker_16 | g=4, diversidad=6.6184124349574756, C1=1.429581368827769, C2=1.6634184220381867
worker_16 | 4   10      2733.46 853.573 667.49          4000
worker_6  | g=4, diversidad=8.45319485379679, C1=1.0069264894383614, C2=1.8073302572459744
worker_6  | 4   10      2233.64 1135.5  0.923665        4000
worker_9  | g=4, diversidad=8.396448609325128, C1=1.9524525930563708, C2=1.0044856345063806
worker_9  | 4   10      2966.77 1662.86 0.737738        5000
worker_12 | g=4, diversidad=7.2338012997666485, C1=1.207137914601553, C2=1.3845175213590561
worker_12 | 4   10      2666.83 1125.32 667.039 4000
worker_10 | g=5, diversidad=7.946043676168623, C1=1.8430788120564778, C2=1.2234603159825947
worker_10 | 5   10      3033.36 1494.04 0.0652563       5000
worker_8  | g=4, diversidad=7.632760237664197, C1=1.684984465319549, C2=1.4939405862203905
worker_8  | 4   10      1900.19 1406.62 0.0702002       5000
worker_13 | g=5, diversidad=6.700444390354203, C1=1.6650315825552244, C2=1.0919448405189658
worker_13 | 5   10      2866.98 1359.62 666.799         5000
worker_14 | g=6, diversidad=7.689551598834067, C1=1.7109095915092412, C2=1.003293824233275
worker_14 | 6   10      2766.99 1333.81 0.123007        5000
worker_2  | g=6, diversidad=6.970189320210144, C1=1.9110983996142021, C2=1.135334773863779
worker_2  | 6   10      3100.05 1342.01 1666.78         5000
worker_11 | g=5, diversidad=7.484593880965568, C1=1.3038670896311912, C2=1.6280622064455215
worker_11 | 5   10      2500.09 1933.58 0.00927038      5000
worker_4  | g=5, diversidad=6.342420143616105, C1=1.0833086024777123, C2=1.873622583384102
worker_4  | 5   10      2400.14 771.616 1666.7          4000
worker_1  | g=6, diversidad=6.495393296290029, C1=1.7517242872795573, C2=1.5709950529925623
worker_1  | 6   10      2100.08 1398.76 0.0384059       5000
worker_15 | g=6, diversidad=8.332380279559622, C1=1.907154425139347, C2=1.9985326675292514
worker_15 | 6   10      2066.73 1787.57 0.0224966       5000
worker_3  | g=5, diversidad=7.401184767100233, C1=1.938117721810999, C2=1.4538602554973599
worker_3  | 5   10      1533.61 1359.76 0.0226031       4000
worker_5  | g=5, diversidad=7.707260535927002, C1=1.5412837524165686, C2=1.299716121204
worker_5  | 5   10      1934.1  1396.83 0.0523778       3335.83
worker_7  | g=6, diversidad=6.918492730399381, C1=1.5730674978778325, C2=1.3225364790724718
worker_7  | 6   10      1500.37 1327.06 0.0311776       3333.54
worker_6  | g=5, diversidad=7.235598374311353, C1=1.0069264894383614, C2=1.8073302572459744
worker_6  | 5   10      2367.14 982.419 666.931         4000
worker_9  | g=5, diversidad=8.683796534506925, C1=1.9524525930563708, C2=1.0044856345063806
worker_9  | 5   10      1866.88 1107.54 0.284364        3333.59
worker_8  | g=5, diversidad=7.672843840333264, C1=1.684984465319549, C2=1.4939405862203905
worker_8  | 5   10      2000.24 1483.27 0.165748        4000
worker_12 | g=5, diversidad=7.621725134583438, C1=1.207137914601553, C2=1.3845175213590561
worker_12 | 5   10      3400.23 1254.1  1334.31 5000
worker_16 | g=5, diversidad=5.934353628139502, C1=1.429581368827769, C2=1.6634184220381867
worker_16 | 5   10      3066.75 1227.39 1333.46         5000
worker_10 | g=6, diversidad=8.239584710158534, C1=1.8430788120564778, C2=1.2234603159825947
worker_10 | 6   10      1868.18 1416.94 0.142984        4000
worker_13 | g=6, diversidad=6.925811164800708, C1=1.6650315825552244, C2=1.0919448405189658
worker_13 | 6   10      2900.19 1453.29 0.22542         5000
worker_14 | g=7, diversidad=6.899235093848805, C1=1.7109095915092412, C2=1.003293824233275
worker_14 | 7   10      2533.92 1640.8  0.103258        5000
worker_14 | defaultdict(<class 'deap.tools.support.Logbook'>, {})
worker_14 | poblacion enviada...  0.01016719848154765
worker_14 | poblacion recibida...  PSO PSO-11
worker_14 | primero diversidad 5.890252189202568
worker_2  | g=7, diversidad=6.555718574340937, C1=1.9110983996142021, C2=1.135334773863779
worker_2  | 7   10      1966.7  1251.21 0.0154536       4000
worker_2  | defaultdict(<class 'deap.tools.support.Logbook'>, {})
worker_2  | poblacion enviada...  0.015411737033587872
worker_2  | poblacion recibida...  PSO PSO-15
worker_2  | primero diversidad 6.68567910638198
worker_11 | g=6, diversidad=7.349166079647501, C1=1.3038670896311912, C2=1.6280622064455215
worker_11 | 6   10      2733.49 2053.55 0.0450112       5000
worker_1  | g=7, diversidad=6.800046449598465, C1=1.7517242872795573, C2=1.5709950529925623
worker_1  | 7   10      1433.56 1719.4  0.0234387       5000
worker_1  | defaultdict(<class 'deap.tools.support.Logbook'>, {})
worker_1  | poblacion enviada...  0.008962725827650883
worker_1  | poblacion recibida...  PSO PSO-1
worker_1  | primero diversidad 5.4973509368298865
worker_15 | g=7, diversidad=6.81243391870667, C1=1.907154425139347, C2=1.9985326675292514
worker_15 | 7   10      1100.24 1406.77 0.0441711       3334.28
worker_15 | defaultdict(<class 'deap.tools.support.Logbook'>, {})
worker_15 | poblacion enviada...  0.02249657801635156
worker_15 | poblacion recibida...  PSO PSO-9
worker_15 | primero diversidad 7.18393313398795
worker_3  | g=6, diversidad=9.004451304892042, C1=1.938117721810999, C2=1.4538602554973599
worker_3  | 6   10      2266.93 1890.18 0.0164672       5000
worker_4  | g=6, diversidad=5.116682033116382, C1=1.0833086024777123, C2=1.873622583384102
worker_4  | 6   10      2000.31 1807.16 0.297273        5000
worker_7  | g=7, diversidad=5.801338025704572, C1=1.5730674978778325, C2=1.3225364790724718
worker_7  | 7   10      1300.21 1425.43 0.0298911       4000
worker_7  | defaultdict(<class 'deap.tools.support.Logbook'>, {})
worker_7  | poblacion enviada...  0.018061201209210006
worker_7  | poblacion recibida...  PSO PSO-4
worker_7  | primero diversidad 7.264363475620012
worker_8  | g=6, diversidad=8.764420550952632, C1=1.684984465319549, C2=1.4939405862203905
worker_8  | 6   10      1775.35 1688.45 0.0461913       5000
worker_5  | g=6, diversidad=6.341924552772562, C1=1.5412837524165686, C2=1.299716121204
worker_5  | 6   10      2467.02 1391.91 0.351751        4000
worker_13 | g=7, diversidad=6.615627819101966, C1=1.6650315825552244, C2=1.0919448405189658
worker_13 | 7   10      3733.47 1093.22 1667.05         5000
worker_13 | defaultdict(<class 'deap.tools.support.Logbook'>, {})
worker_13 | poblacion enviada...  0.13437606904680524
worker_13 | poblacion recibida...  PSO PSO-5
worker_13 | primero diversidad 7.072434840845016
worker_9  | g=6, diversidad=8.44197352893596, C1=1.9524525930563708, C2=1.0044856345063806
worker_9  | 6   10      2233.53 1520.56 0.206793        5000
worker_14 | g=0, diversidad=5.890252189202568, C1=1.7109095915092412, C2=1.003293824233275
worker_14 | gen evals   avg     std     min             max
worker_14 | 0   10      2166.79 1522.1  0.0101672       4000
worker_16 | g=6, diversidad=6.596070079536232, C1=1.429581368827769, C2=1.6634184220381867
worker_16 | 6   10      2766.85 1666.95 0.0635165       5000
worker_11 | g=7, diversidad=6.855589775018276, C1=1.3038670896311912, C2=1.6280622064455215
worker_11 | 7   10      2966.85 1294.89 0.0828153       5000
worker_11 | defaultdict(<class 'deap.tools.support.Logbook'>, {})
worker_11 | poblacion enviada...  0.009270376053891317
worker_11 | poblacion recibida...  PSO PSO-14
worker_11 | primero diversidad 7.010476183554815
worker_12 | g=6, diversidad=6.81390871830712, C1=1.207137914601553, C2=1.3845175213590561
worker_12 | 6   10      2500.31 1359.91 667.079 5000
worker_10 | g=7, diversidad=8.128836991132271, C1=1.8430788120564778, C2=1.2234603159825947
worker_10 | 7   10      1633.63 1629.19 0.0136509       5000
worker_10 | defaultdict(<class 'deap.tools.support.Logbook'>, {})
worker_10 | poblacion enviada...  0.013153382581157886
worker_10 | poblacion recibida...  PSO PSO-7
worker_10 | primero diversidad 8.196026047397128
worker_1  | g=0, diversidad=5.4973509368298865, C1=1.7517242872795573, C2=1.5709950529925623
worker_1  | gen evals   avg     std     min             max
worker_1  | 0   10      1400.15 1878.46 0.00896273      5000
worker_15 | g=0, diversidad=12.122074981472307, C1=1.907154425139347, C2=1.9985326675292514
worker_15 | gen evals   avg     std     min             max
worker_15 | 0   10      2266.68 2059.11 0.0101672       5000
worker_6  | g=6, diversidad=6.273629112459203, C1=1.0069264894383614, C2=1.8073302572459744
worker_6  | 6   10      1900.27 894.661 1.62782         3000
worker_2  | g=0, diversidad=6.68567910638198, C1=1.9110983996142021, C2=1.135334773863779
worker_2  | gen evals   avg     std     min             max
worker_2  | 0   10      1700.03 1530.78 0.0154117       4000
worker_3  | g=7, diversidad=7.333609731658983, C1=1.938117721810999, C2=1.4538602554973599
worker_3  | 7   10      2600.14 1597.09 0.0165844       5000
worker_3  | defaultdict(<class 'deap.tools.support.Logbook'>, {})
worker_3  | poblacion enviada...  0.016467176736205163
worker_3  | poblacion recibida...  PSO PSO-10
worker_3  | primero diversidad 7.475548013557743
worker_4  | g=7, diversidad=5.867338216424807, C1=1.0833086024777123, C2=1.873622583384102
worker_4  | 7   10      2766.78 1350.17 0.408618        5000
worker_4  | defaultdict(<class 'deap.tools.support.Logbook'>, {})
worker_4  | poblacion enviada...  0.06254423457908552
worker_4  | poblacion recibida...  PSO PSO-3
worker_4  | primero diversidad 7.317657854894543
worker_8  | g=7, diversidad=8.020084831032872, C1=1.684984465319549, C2=1.4939405862203905
worker_8  | 7   10      1691.28 1446.68 0.0116709       5000
worker_8  | defaultdict(<class 'deap.tools.support.Logbook'>, {})
worker_8  | poblacion enviada...  0.011670945735682612
worker_8  | poblacion recibida...  PSO PSO-8
worker_8  | primero diversidad 8.952856574999995
worker_14 | g=1, diversidad=6.396907211302306, C1=1.7109095915092412, C2=1.003293824233275
worker_14 | 1   10      3233.38 1498.51 0.0414052       5000
worker_7  | g=0, diversidad=12.657076858148335, C1=1.5730674978778325, C2=1.3225364790724718
worker_7  | gen evals   avg     std     min             max
worker_7  | 0   10      933.434 1019.83 0.00896273      3000
worker_9  | g=7, diversidad=8.08059888765156, C1=1.9524525930563708, C2=1.0044856345063806
worker_9  | 7   10      1700.29 1682.73 0.0240825       5000
worker_9  | defaultdict(<class 'deap.tools.support.Logbook'>, {})
worker_9  | poblacion enviada...  0.024082474640689647
worker_9  | poblacion recibida...  PSO PSO-13
worker_9  | primero diversidad 9.656352905915796
worker_16 | g=7, diversidad=7.3198010753648735, C1=1.429581368827769, C2=1.6634184220381867
worker_16 | 7   10      2000.32 1659.74 0.144712        5000
worker_16 | defaultdict(<class 'deap.tools.support.Logbook'>, {})
worker_16 | poblacion enviada...  0.00953604894655283
worker_16 | poblacion recibida...  PSO PSO-12
worker_16 | primero diversidad 7.468864536907989
worker_13 | g=0, diversidad=11.381153071357074, C1=1.6650315825552244, C2=1.0919448405189658
worker_13 | gen evals   avg     std     min             max
worker_13 | 0   10      2133.49 1915.91 0.00896273      5000
worker_11 | g=0, diversidad=7.010476183554815, C1=1.3038670896311912, C2=1.6280622064455215
worker_11 | gen evals   avg     std     min             max
worker_11 | 0   10      2166.83 1733.6  0.00927038      5000
worker_1  | g=1, diversidad=5.253917881048712, C1=1.7517242872795573, C2=1.5709950529925623
worker_1  | 1   10      2833.5  1318.66 1666.67         5000
worker_10 | g=0, diversidad=11.828354790502129, C1=1.8430788120564778, C2=1.2234603159825947
worker_10 | gen evals   avg     std     min             max
worker_10 | 0   10      2000.21 1692.96 0.0101672       4000
worker_15 | g=1, diversidad=9.038775267180304, C1=1.907154425139347, C2=1.9985326675292514
worker_15 | 1   10      2833.53 1301.63 0.33291         4000
worker_12 | g=7, diversidad=7.1281206943791595, C1=1.207137914601553, C2=1.3845175213590561
worker_12 | 7   10      2967.24 1241.98 1333.55 5000
worker_12 | defaultdict(<class 'deap.tools.support.Logbook'>, {})
worker_12 | poblacion enviada...  667.0390460142119
worker_5  | g=7, diversidad=7.29895247986971, C1=1.5412837524165686, C2=1.299716121204
worker_5  | 7   10      2233.68 1192.81 667.265         5000
worker_5  | defaultdict(<class 'deap.tools.support.Logbook'>, {})
worker_5  | poblacion enviada...  0.04221793207855393
worker_12 | poblacion recibida...  PSO PSO-2
worker_12 | primero diversidad 8.682686473690046
worker_5  | poblacion recibida...  PSO PSO-6
worker_5  | primero diversidad 8.574857659194333
worker_2  | g=1, diversidad=7.077479988560088, C1=1.9110983996142021, C2=1.135334773863779
worker_2  | 1   10      2303.99 1599.5  0.0204356       5000
worker_3  | g=0, diversidad=13.824576746756817, C1=1.938117721810999, C2=1.4538602554973599
worker_3  | gen evals   avg     std     min             max
worker_3  | 0   10      1333.46 1390.41 0.0101672       4000
worker_8  | g=0, diversidad=14.91695246617527, C1=1.684984465319549, C2=1.4939405862203905
worker_8  | gen evals   avg     std     min             max
worker_8  | 0   10      2266.68 1970.89 0.0101672       5000
worker_6  | g=7, diversidad=7.101070363376083, C1=1.0069264894383614, C2=1.8073302572459744
worker_6  | 7   10      2033.65 899.778 667.055         3333.49
worker_6  | defaultdict(<class 'deap.tools.support.Logbook'>, {})
worker_6  | poblacion enviada...  0.9236647272768698
worker_6  | poblacion recibida...  PSO PSO-0
worker_6  | primero diversidad 9.604749471473529
worker_7  | g=1, diversidad=10.434495741863277, C1=1.5730674978778325, C2=1.3225364790724718
worker_7  | 1   10      1400.2  1554.89 0.0134957       4000
worker_4  | g=0, diversidad=11.526844306850103, C1=1.0833086024777123, C2=1.873622583384102
worker_4  | gen evals   avg     std     min             max
worker_4  | 0   10      1566.87 1666.91 0.0131534       5000
worker_9  | g=0, diversidad=13.43106989034244, C1=1.9524525930563708, C2=1.0044856345063806
worker_9  | gen evals   avg     std     min             max
worker_9  | 0   10      2000.13 1873.71 0.00896273      5000
worker_1  | g=2, diversidad=4.189721859744972, C1=1.7517242872795573, C2=1.5709950529925623
worker_1  | 2   10      2633.5  1822.16 0.027031        5000
worker_14 | g=2, diversidad=5.540772610509685, C1=1.7109095915092412, C2=1.003293824233275
worker_14 | 2   10      2233.54 1125.88 667.116         5000
worker_13 | g=1, diversidad=9.272834024725066, C1=1.6650315825552244, C2=1.0919448405189658
worker_13 | 1   10      2300.29 1486.47 0.338305        5000
worker_16 | g=0, diversidad=12.800770787083675, C1=1.429581368827769, C2=1.6634184220381867
worker_16 | gen evals   avg     std     min             max
worker_16 | 0   10      1900.04 1193.02 0.00927038      3333.35
worker_15 | g=2, diversidad=7.225161561111828, C1=1.907154425139347, C2=1.9985326675292514
worker_15 | 2   10      2500.09 2050.67 0.0205432       5000
worker_11 | g=1, diversidad=7.331711904812373, C1=1.3038670896311912, C2=1.6280622064455215
worker_11 | 1   10      1800.13 1156.65 0.0722011       3333.85
worker_10 | g=1, diversidad=9.788997929356618, C1=1.8430788120564778, C2=1.2234603159825947
worker_10 | 1   10      2866.76 1137.2  1333.43         5000
worker_2  | g=2, diversidad=6.198288641884523, C1=1.9110983996142021, C2=1.135334773863779
worker_2  | 2   10      2333.6  1807.14 0.0332819       5000
worker_5  | g=0, diversidad=13.112528149227963, C1=1.5412837524165686, C2=1.299716121204
worker_5  | gen evals   avg     std     min             max
worker_5  | 0   10      1866.86 1423.63 0.00953605      3333.54
worker_12 | g=0, diversidad=17.287744996264266, C1=1.207137914601553, C2=1.3845175213590561
worker_12 | gen evals   avg     std     min             max
worker_12 | 0   10      1566.97 1325.29 0.00896273      4000
worker_6  | g=0, diversidad=17.379072097516275, C1=1.0069264894383614, C2=1.8073302572459744
worker_6  | gen evals   avg     std     min             max
worker_6  | 0   10      1666.94 1349.73 0.0101672       3333.57
worker_8  | g=1, diversidad=11.35977849630572, C1=1.684984465319549, C2=1.4939405862203905
worker_8  | 1   10      2700.08 1277.53 0.0959568       4000
worker_1  | g=3, diversidad=4.739898441444933, C1=1.7517242872795573, C2=1.5709950529925623
worker_1  | 3   10      2433.37 1299.99 0.0150846       5000
worker_7  | g=2, diversidad=7.265921733648591, C1=1.5730674978778325, C2=1.3225364790724718
worker_7  | 2   10      533.718 635.827 0.0454535       1666.77
worker_14 | g=3, diversidad=5.194617181772404, C1=1.7109095915092412, C2=1.003293824233275
worker_14 | 3   10      2900.15 1406.69 0.0241696       5000
worker_3  | g=1, diversidad=10.555832125471621, C1=1.938117721810999, C2=1.4538602554973599
worker_3  | 1   10      1833.5  1108.01 0.0293046       3333.85
worker_11 | g=2, diversidad=5.882260078747347, C1=1.3038670896311912, C2=1.6280622064455215
worker_11 | 2   10      2800.57 1536.28 0.06501         5000
worker_9  | g=1, diversidad=10.570955854910462, C1=1.9524525930563708, C2=1.0044856345063806
worker_9  | 1   10      1700.14 1559.52 0.0234619       5000
worker_16 | g=1, diversidad=9.12456973378277, C1=1.429581368827769, C2=1.6634184220381867
worker_16 | 1   10      1867.06 1586.07 0.0278845       5000
worker_10 | g=2, diversidad=7.0688061167585285, C1=1.8430788120564778, C2=1.2234603159825947
worker_10 | 2   10      2633.36 2024.55 0.0272514       5000
worker_4  | g=1, diversidad=8.183951648768156, C1=1.0833086024777123, C2=1.873622583384102
worker_4  | 1   10      1700.69 1370.04 0.0195502       5000
worker_5  | g=1, diversidad=9.793063642040424, C1=1.5412837524165686, C2=1.299716121204
worker_5  | 1   10      3067.06 1993.07 0.0452531       5000
worker_2  | g=3, diversidad=4.897462886459883, C1=1.9110983996142021, C2=1.135334773863779
worker_2  | 3   10      1467.59 1868.34 0.042975        5000
worker_15 | g=3, diversidad=5.952259919853529, C1=1.907154425139347, C2=1.9985326675292514
worker_15 | 3   10      2433.42 1838.14 0.0364093       5000
worker_13 | g=2, diversidad=7.194108643412065, C1=1.6650315825552244, C2=1.0919448405189658
worker_13 | 2   10      1800.16 1156.7  0.0100437       4000
worker_14 | g=4, diversidad=5.568999720319213, C1=1.7109095915092412, C2=1.003293824233275
worker_14 | 4   10      2833.58 1301.51 1666.74         5000
worker_1  | g=4, diversidad=5.426545946242749, C1=1.7517242872795573, C2=1.5709950529925623
worker_1  | 4   10      2533.9  1266.43 0.177229        5000
worker_7  | g=3, diversidad=6.758792646086094, C1=1.5730674978778325, C2=1.3225364790724718
worker_7  | 3   10      1868.1  2070.75 0.00714713      5000
worker_12 | g=1, diversidad=12.69200060024916, C1=1.207137914601553, C2=1.3845175213590561
worker_12 | 1   10      2200.19 1578.97 0.158654        4000
worker_16 | g=2, diversidad=6.257886224460621, C1=1.429581368827769, C2=1.6634184220381867
worker_16 | 2   10      2466.79 1733.32 0.00907259      5000
worker_3  | g=2, diversidad=6.840779520425035, C1=1.938117721810999, C2=1.4538602554973599
worker_3  | 2   10      2000.09 1626.13 0.0383426       5000
worker_2  | g=4, diversidad=9.437504147220094, C1=1.9110983996142021, C2=1.135334773863779
worker_2  | 4   10      2311.32 1552.87 0.00993348      5000
worker_9  | g=2, diversidad=8.023628972407764, C1=1.9524525930563708, C2=1.0044856345063806
worker_9  | 2   10      2233.46 1612.75 0.046342        5000
worker_8  | g=2, diversidad=7.612406913775231, C1=1.684984465319549, C2=1.4939405862203905
worker_8  | 2   10      1466.73 1492.16 0.0192131       4000
worker_11 | g=3, diversidad=4.448581739499523, C1=1.3038670896311912, C2=1.6280622064455215
worker_11 | 3   10      1866.77 1375.93 0.0110925       5000
worker_13 | g=3, diversidad=6.092111804630762, C1=1.6650315825552244, C2=1.0919448405189658
worker_13 | 3   10      2433.74 1891.64 0.0199273       5000
worker_4  | g=2, diversidad=7.826189613084383, C1=1.0833086024777123, C2=1.873622583384102
worker_4  | 2   10      2666.69 1527.51 0.00989847      5000
worker_5  | g=2, diversidad=6.9690131141249685, C1=1.5412837524165686, C2=1.299716121204
worker_5  | 2   10      1666.8  1977.55 0.0170783       5000
worker_6  | g=1, diversidad=12.737223313003048, C1=1.0069264894383614, C2=1.8073302572459744
worker_6  | 1   10      2333.57 918.725 667.671         4000
worker_15 | g=4, diversidad=8.108887074880295, C1=1.907154425139347, C2=1.9985326675292514
worker_15 | 4   10      1400.09 1123.48 0.00948545      3000
worker_10 | g=3, diversidad=7.177564879714949, C1=1.8430788120564778, C2=1.2234603159825947
worker_10 | 3   10      2634.45 1700.93 10.6479         5000
worker_7  | g=4, diversidad=6.721984171527695, C1=1.5730674978778325, C2=1.3225364790724718
worker_7  | 4   10      3000.46 1943.32 0.0408649       5000
worker_1  | g=5, diversidad=5.676881109100913, C1=1.7517242872795573, C2=1.5709950529925623
worker_1  | 5   10      2400.13 1987.64 0.0424615       5000
worker_3  | g=3, diversidad=5.747289408978155, C1=1.938117721810999, C2=1.4538602554973599
worker_3  | 3   10      2100.13 1570.86 0.0217349       4000
worker_14 | g=5, diversidad=4.931695346742619, C1=1.7109095915092412, C2=1.003293824233275
worker_14 | 5   10      1804.15 1212.52 0.0101965       3333.65
worker_2  | g=5, diversidad=8.279831728033447, C1=1.9110983996142021, C2=1.135334773863779
worker_2  | 5   10      2433.39 1542.35 0.0302533       5000
worker_13 | g=4, diversidad=6.199650262099248, C1=1.6650315825552244, C2=1.0919448405189658
worker_13 | 4   10      2633.51 1822.22 0.3278          5000
worker_9  | g=3, diversidad=7.7967779505766455, C1=1.9524525930563708, C2=1.0044856345063806
worker_9  | 3   10      2533.4  1674.64 0.00584791      5000
worker_12 | g=2, diversidad=8.424756973150341, C1=1.207137914601553, C2=1.3845175213590561
worker_12 | 2   10      1733.46 1236.41 0.0189717       4000
worker_8  | g=3, diversidad=6.398161615500987, C1=1.684984465319549, C2=1.4939405862203905
worker_8  | 3   10      2333.84 1725.4  0.0327697       5000
worker_4  | g=3, diversidad=5.9602557608631255, C1=1.0833086024777123, C2=1.873622583384102
worker_4  | 3   10      2100.72 1605.84 0.0305102       5000
worker_11 | g=4, diversidad=5.675627115284971, C1=1.3038670896311912, C2=1.6280622064455215
worker_11 | 4   10      2133.42 1707.47 0.0336953       5000
worker_16 | g=3, diversidad=6.091522533236833, C1=1.429581368827769, C2=1.6634184220381867
worker_16 | 3   10      2200.12 1484.75 0.0420373       4000
worker_7  | g=5, diversidad=5.75937545272511, C1=1.5730674978778325, C2=1.3225364790724718
worker_7  | 5   10      2666.83 1527.52 0.0683505       5000
worker_5  | g=3, diversidad=6.808839205186693, C1=1.5412837524165686, C2=1.299716121204
worker_5  | 3   10      2466.75 1627.48 0.0950695       5000
worker_10 | g=4, diversidad=6.752435378332004, C1=1.8430788120564778, C2=1.2234603159825947
worker_10 | 4   10      2606.16 1648.53 0.107507        5000
worker_15 | g=5, diversidad=8.075028272829318, C1=1.907154425139347, C2=1.9985326675292514
worker_15 | 5   10      2500.22 1550.77 0.0678336       5000
worker_6  | g=2, diversidad=8.305201594736854, C1=1.0069264894383614, C2=1.8073302572459744
worker_6  | 2   10      2967.01 1187.18 1333.35         5000
worker_13 | g=5, diversidad=5.99111476546058, C1=1.6650315825552244, C2=1.0919448405189658
worker_13 | 5   10      2800.04 2217.07 0.0170402       5000
worker_1  | g=6, diversidad=5.270319371138042, C1=1.7517242872795573, C2=1.5709950529925623
worker_1  | 6   10      1900.08 1476.07 0.0185167       5000
worker_2  | g=6, diversidad=6.968894920226086, C1=1.9110983996142021, C2=1.135334773863779
worker_2  | 6   10      2700.05 1559.51 0.0744215       5000
worker_3  | g=4, diversidad=6.613798373434192, C1=1.938117721810999, C2=1.4538602554973599
worker_3  | 4   10      1900.18 1256.65 0.0383403       3334.59
worker_12 | g=3, diversidad=7.327763982879483, C1=1.207137914601553, C2=1.3845175213590561
worker_12 | 3   10      3600.1  1518.72 0.0418437       5000
worker_14 | g=6, diversidad=5.295417030200649, C1=1.7109095915092412, C2=1.003293824233275
worker_14 | 6   10      1466.74 1107.59 0.0158079       3333.52
worker_4  | g=4, diversidad=6.003502251006899, C1=1.0833086024777123, C2=1.873622583384102
worker_4  | 4   10      2700.14 1734.85 0.0356728       5000
worker_9  | g=4, diversidad=8.892662112915374, C1=1.9524525930563708, C2=1.0044856345063806
worker_9  | 4   10      2166.91 1266.99 0.174255        5000
worker_7  | g=6, diversidad=6.212261592107208, C1=1.5730674978778325, C2=1.3225364790724718
worker_7  | 6   10      3333.36 1043.48 1666.7          5000
worker_15 | g=6, diversidad=7.102727773803972, C1=1.907154425139347, C2=1.9985326675292514
worker_15 | 6   10      2766.81 1738.77 0.0652762       5000
worker_16 | g=4, diversidad=6.240936618213619, C1=1.429581368827769, C2=1.6634184220381867
worker_16 | 4   10      1600.17 1830.51 0.0319763       5000
worker_8  | g=4, diversidad=6.469782052334083, C1=1.684984465319549, C2=1.4939405862203905
worker_8  | 4   10      2600.04 1297.83 666.749         5000
worker_11 | g=5, diversidad=5.387563656178032, C1=1.3038670896311912, C2=1.6280622064455215
worker_11 | 5   10      1833.63 1359.94 0.0949783       5000
worker_6  | g=3, diversidad=5.919978224261613, C1=1.0069264894383614, C2=1.8073302572459744
worker_6  | 3   10      2400.03 1907.85 0.032288        5000
worker_5  | g=4, diversidad=7.153653294749248, C1=1.5412837524165686, C2=1.299716121204
worker_5  | 4   10      2366.7  1353.59 0.030353        5000
worker_10 | g=5, diversidad=7.801640900956873, C1=1.8430788120564778, C2=1.2234603159825947
worker_10 | 5   10      2033.44 1440.99 0.0988132       5000
worker_2  | g=7, diversidad=7.691864061353125, C1=1.9110983996142021, C2=1.135334773863779
worker_2  | 7   10      2900.37 1291.49 666.671         5000
worker_2  | defaultdict(<class 'deap.tools.support.Logbook'>, {})
worker_2  | poblacion enviada...  0.009933477850435728
worker_2  | poblacion recibida...  PSO PSO-15
worker_2  | primero diversidad 7.204354301826962
worker_13 | g=6, diversidad=6.610871055325847, C1=1.6650315825552244, C2=1.0919448405189658
worker_13 | 6   10      2233.42 1274.06 0.0557605       4000
worker_1  | g=7, diversidad=4.732096244842415, C1=1.7517242872795573, C2=1.5709950529925623
worker_1  | 7   10      1711.75 1820.99 0.0407857       5000
worker_1  | defaultdict(<class 'deap.tools.support.Logbook'>, {})
worker_1  | poblacion enviada...  0.008962725827650883
worker_1  | poblacion recibida...  PSO PSO-1
worker_1  | primero diversidad 6.117367281363803
worker_3  | g=5, diversidad=7.033682319077546, C1=1.938117721810999, C2=1.4538602554973599
worker_3  | 5   10      2100.25 2092.34 0.0301001       5000
worker_12 | g=4, diversidad=9.475662558205265, C1=1.207137914601553, C2=1.3845175213590561
worker_12 | 4   10      2770.93 1630.58 0.0720767       5000
worker_9  | g=5, diversidad=10.07397699853644, C1=1.9524525930563708, C2=1.0044856345063806
worker_9  | 5   10      2166.79 1499.92 0.133545        5000
worker_7  | g=7, diversidad=6.550446295796164, C1=1.5730674978778325, C2=1.3225364790724718
worker_7  | 7   10      2900.01 1612.79 0.0208962       5000
worker_7  | defaultdict(<class 'deap.tools.support.Logbook'>, {})
worker_7  | poblacion enviada...  0.007147132823835785
worker_7  | poblacion recibida...  PSO PSO-4
worker_7  | primero diversidad 6.824293920271667
worker_16 | g=5, diversidad=6.17179941435674, C1=1.429581368827769, C2=1.6634184220381867
worker_16 | 5   10      1833.6  1892.82 0.0134889       5000
worker_4  | g=5, diversidad=6.903237734932256, C1=1.0833086024777123, C2=1.873622583384102
worker_4  | 5   10      1966.87 1409.86 0.0538114       4000
worker_15 | g=7, diversidad=7.732533946820263, C1=1.907154425139347, C2=1.9985326675292514
worker_15 | 7   10      3133.73 1359.55 1334.21         5000
worker_15 | defaultdict(<class 'deap.tools.support.Logbook'>, {})
worker_15 | poblacion enviada...  0.009485447569665845
worker_15 | poblacion recibida...  PSO PSO-9
worker_15 | primero diversidad 8.031563719693942
worker_14 | g=7, diversidad=5.661753001439782, C1=1.7109095915092412, C2=1.003293824233275
worker_14 | 7   10      1933.6  1339.99 0.398334        4000
worker_14 | defaultdict(<class 'deap.tools.support.Logbook'>, {})
worker_14 | poblacion enviada...  0.01016719848154765
worker_14 | poblacion recibida...  PSO PSO-11
worker_14 | primero diversidad 4.889935316804439
worker_8  | g=5, diversidad=7.311440428752702, C1=1.684984465319549, C2=1.4939405862203905
worker_8  | 5   10      2400.21 1339.79 0.987436        5000
worker_6  | g=4, diversidad=6.962830971429494, C1=1.0069264894383614, C2=1.8073302572459744
worker_6  | 4   10      2366.95 1268.9  666.679         5000
worker_5  | g=5, diversidad=5.545605316839662, C1=1.5412837524165686, C2=1.299716121204
worker_5  | 5   10      2300.05 1328.72 0.0306003       4000
worker_11 | g=6, diversidad=6.359659669753252, C1=1.3038670896311912, C2=1.6280622064455215
worker_11 | 6   10      1700.71 993.315 2.49593         4000
worker_13 | g=7, diversidad=5.7617582575142094, C1=1.6650315825552244, C2=1.0919448405189658
worker_13 | 7   10      1800.4  1477.53 0.0589787       4000
worker_13 | defaultdict(<class 'deap.tools.support.Logbook'>, {})
worker_13 | poblacion enviada...  0.008962725827650883
worker_13 | poblacion recibida...  PSO PSO-5
worker_13 | primero diversidad 4.337582885294873
worker_2  | g=0, diversidad=12.343807746249977, C1=1.9110983996142021, C2=1.135334773863779
worker_2  | gen evals   avg     std     min             max
worker_2  | 0   10      1700.01 1682.92 0.00896273      5000
worker_10 | g=6, diversidad=8.717194333213724, C1=1.8430788120564778, C2=1.2234603159825947
worker_10 | 6   10      1500.38 687.393 0.258626        2335.38
worker_9  | g=6, diversidad=9.833617005436006, C1=1.9524525930563708, C2=1.0044856345063806
worker_9  | 6   10      1900.35 1505.83 0.0383847       5000
worker_1  | g=0, diversidad=6.117367281363803, C1=1.7517242872795573, C2=1.5709950529925623
worker_1  | gen evals   avg     std     min             max
worker_1  | 0   10      1733.39 1323.29 0.00896273      3333.35
worker_3  | g=6, diversidad=6.399914792450848, C1=1.938117721810999, C2=1.4538602554973599
worker_3  | 6   10      1567.06 1542.5  0.0352724       4000
worker_7  | g=0, diversidad=6.824293920271667, C1=1.5730674978778325, C2=1.3225364790724718
worker_7  | gen evals   avg     std     min             max
worker_7  | 0   10      2433.35 2165.64 0.00714713      5000
worker_4  | g=6, diversidad=6.771468888295497, C1=1.0833086024777123, C2=1.873622583384102
worker_4  | 6   10      2166.91 1572.32 0.0334098       5000
worker_16 | g=6, diversidad=6.224192967732343, C1=1.429581368827769, C2=1.6634184220381867
worker_16 | 6   10      2433.44 1873.99 0.0416208       5000
worker_15 | g=0, diversidad=10.641162287432119, C1=1.907154425139347, C2=1.9985326675292514
worker_15 | gen evals   avg     std     min             max
worker_15 | 0   10      1733.36 1998.88 0.00896273      5000
worker_12 | g=5, diversidad=9.396533474838556, C1=1.207137914601553, C2=1.3845175213590561
worker_12 | 5   10      2600.18 1263.14 0.0129162       5000
worker_8  | g=6, diversidad=7.471988241335977, C1=1.684984465319549, C2=1.4939405862203905
worker_8  | 6   10      1533.6  1733.45 0.0458281       5000
worker_14 | g=0, diversidad=11.854666269166175, C1=1.7109095915092412, C2=1.003293824233275
worker_14 | gen evals   avg     std     min             max
worker_14 | 0   10      1433.54 1563.86 0.00927038      4000
worker_11 | g=7, diversidad=5.301515654694681, C1=1.3038670896311912, C2=1.6280622064455215
worker_11 | 7   10      2966.9  1494.06 0.175492        5000
worker_11 | defaultdict(<class 'deap.tools.support.Logbook'>, {})
worker_11 | poblacion enviada...  0.009270376053891317
worker_11 | poblacion recibida...  PSO PSO-14
worker_11 | primero diversidad 6.055445388118032
worker_13 | g=0, diversidad=4.337582885294873, C1=1.6650315825552244, C2=1.0919448405189658
worker_13 | gen evals   avg     std     min             max
worker_13 | 0   10      1566.7  1483.6  0.00896273      4000
worker_5  | g=6, diversidad=6.891154878655452, C1=1.5412837524165686, C2=1.299716121204
worker_5  | 6   10      2666.83 1374.37 0.0621749       4000
worker_9  | g=7, diversidad=8.978477312210332, C1=1.9524525930563708, C2=1.0044856345063806
worker_9  | 7   10      2600.06 1737.19 0.0145793       5000
worker_9  | defaultdict(<class 'deap.tools.support.Logbook'>, {})
worker_9  | poblacion enviada...  0.005847908674827442
worker_9  | poblacion recibida...  PSO PSO-13
worker_9  | primero diversidad 7.17666624309422
worker_2  | g=1, diversidad=9.056433628481773, C1=1.9110983996142021, C2=1.135334773863779
worker_2  | 1   10      2300.86 1187.14 666.695         5000
worker_6  | g=5, diversidad=6.963399347225488, C1=1.0069264894383614, C2=1.8073302572459744
worker_6  | 5   10      2733.45 1280.6  0.0477698       5000
worker_1  | g=1, diversidad=5.560909233094974, C1=1.7517242872795573, C2=1.5709950529925623
worker_1  | 1   10      2533.45 1499.58 0.0328791       5000
worker_7  | g=1, diversidad=6.5814889734247215, C1=1.5730674978778325, C2=1.3225364790724718
worker_7  | 1   10      2367.12 1463.89 0.0297304       5000
worker_3  | g=7, diversidad=6.051256010997234, C1=1.938117721810999, C2=1.4538602554973599
worker_3  | 7   10      2400.08 1428.28 0.0487207       4000
worker_3  | defaultdict(<class 'deap.tools.support.Logbook'>, {})
worker_3  | poblacion enviada...  0.01016719848154765
worker_3  | poblacion recibida...  PSO PSO-10
worker_3  | primero diversidad 6.455113104035557
worker_10 | g=7, diversidad=7.454459538306114, C1=1.8430788120564778, C2=1.2234603159825947
worker_10 | 7   10      1233.66 1563.8  0.0152272       5000
worker_10 | defaultdict(<class 'deap.tools.support.Logbook'>, {})
worker_10 | poblacion enviada...  0.01016719848154765
worker_10 | poblacion recibida...  PSO PSO-7
worker_10 | primero diversidad 7.257716557544461
worker_15 | g=1, diversidad=7.825036742358766, C1=1.907154425139347, C2=1.9985326675292514
worker_15 | 1   10      2600.09 1314.75 0.60917         5000
worker_4  | g=7, diversidad=7.126270193881929, C1=1.0833086024777123, C2=1.873622583384102
worker_4  | 7   10      2133.38 1707.47 0.0467571       5000
worker_4  | defaultdict(<class 'deap.tools.support.Logbook'>, {})
worker_4  | poblacion enviada...  0.009898472959186869
worker_4  | poblacion recibida...  PSO PSO-3
worker_4  | primero diversidad 7.7423526550795225
worker_8  | g=7, diversidad=6.947988382465679, C1=1.684984465319549, C2=1.4939405862203905
worker_8  | 7   10      3066.7  1965.22 0.0109589       5000
worker_8  | defaultdict(<class 'deap.tools.support.Logbook'>, {})
worker_8  | poblacion enviada...  0.01016719848154765
worker_8  | poblacion recibida...  PSO PSO-8
worker_8  | primero diversidad 6.250142597134252
worker_16 | g=7, diversidad=5.187946486750497, C1=1.429581368827769, C2=1.6634184220381867
worker_16 | 7   10      1966.72 1409.84 0.0311767       4000
worker_16 | defaultdict(<class 'deap.tools.support.Logbook'>, {})
worker_16 | poblacion enviada...  0.009072593422420257
worker_16 | poblacion recibida...  PSO PSO-12
worker_16 | primero diversidad 6.108931120672839
worker_12 | g=6, diversidad=9.432423603398913, C1=1.207137914601553, C2=1.3845175213590561
worker_12 | 6   10      2933.46 975.16  1666.81         4000
