worker_2  | poblacion recibida...  PSO PSO-4
worker_2  | primero diversidad 6.099940502385695
worker_5  | g=6, diversidad=7.448597108206732, C1=1.9800988988399801, C2=1.0358594461633523
worker_5  | 6   10      2238.35 1588.52 0.00737746      4000
worker_12 | g=4, diversidad=5.105892528075128, C1=1.493009511316647, C2=1.4913395135612624
worker_12 | 4   10      3633.45 1615.46 0.0354753       5000
worker_7  | g=7, diversidad=6.902036913157314, C1=1.586739118386575, C2=1.4453687251236613
worker_7  | 7   10      3333.67 1144.88 1666.84         5000
worker_7  | defaultdict(<class 'deap.tools.support.Logbook'>, {})
worker_7  | poblacion enviada...  0.002278706426321196
worker_7  | poblacion recibida...  PSO PSO-14
worker_7  | primero diversidad 6.458080314821474
worker_4  | g=6, diversidad=5.248900022424738, C1=1.9647299879875288, C2=1.563497339375534
worker_4  | 6   10      3533.44 1399.97 0.0826544       5000
worker_1  | g=3, diversidad=6.055328319452986, C1=1.6529056849923296, C2=1.3512167384658322
worker_1  | 3   10      3466.7  1579.02 0.0232428       5000
worker_6  | g=6, diversidad=6.110094463393255, C1=1.278473266894106, C2=1.524718860379394
worker_6  | 6   10      2627.35 1638.43 0.0197941       5000
worker_15 | g=7, diversidad=5.223718392036397, C1=1.8106969635314276, C2=1.5343698649375266
worker_15 | 7   10      2600.79 1271.32 667.028         5000
worker_15 | defaultdict(<class 'deap.tools.support.Logbook'>, {})
worker_15 | poblacion enviada...  0.004406906768495615
worker_15 | poblacion recibida...  PSO PSO-2
worker_15 | primero diversidad 5.867649032261269
worker_8  | g=2, diversidad=7.109604548985112, C1=1.2833203956013808, C2=1.0951934566355477
worker_8  | 2   10      3301.08 1259.35 1667.9          5000
worker_3  | g=0, diversidad=12.570119164083001, C1=1.7425850839819428, C2=1.559272730992605
worker_3  | gen evals   avg     std     min             max
worker_3  | 0   10      1800.41 1962.17 0.00200611      5000
worker_13 | g=5, diversidad=7.940635091588431, C1=1.9908218094941237, C2=1.1011898357956524
worker_13 | 5   10      3266.78 1576.14 0.0164324       5000
worker_14 | g=1, diversidad=5.966667309803235, C1=1.4583340632220643, C2=1.7463073024494027
worker_14 | 1   10      2300.24 1587.79 0.00975414      5000
worker_16 | g=6, diversidad=5.341791158846121, C1=1.0516959247924764, C2=1.4692239306647397
worker_16 | 6   10      4266.68 646.344 3333.34         5000
worker_9  | g=0, diversidad=10.511645002813223, C1=1.536101970948827, C2=1.47358328823639
worker_9  | gen evals   avg     std     min             max
worker_9  | 0   10      2466.89 1827    0.00200611      5000
worker_10 | g=0, diversidad=6.4122896800769915, C1=1.6472727521161383, C2=1.0071258462968196
worker_10 | gen evals   avg     std     min             max
worker_10 | 0   10      1966.68 1985.78 0.00227871      5000
worker_4  | g=7, diversidad=4.761000205316032, C1=1.9647299879875288, C2=1.563497339375534
worker_4  | 7   10      3633.61 1393.97 0.0111915       5000
worker_4  | defaultdict(<class 'deap.tools.support.Logbook'>, {})
worker_4  | poblacion enviada...  0.0016685838296422127
worker_4  | poblacion recibida...  PSO PSO-7
worker_4  | primero diversidad 3.734433791745435
worker_8  | g=3, diversidad=6.035083784290098, C1=1.2833203956013808, C2=1.0951934566355477
worker_8  | 3   10      4242.04 970.401 2333.34         5000
worker_12 | g=5, diversidad=5.781231910396745, C1=1.493009511316647, C2=1.4913395135612624
worker_12 | 5   10      3033.93 1232.8  1333.57         5000
worker_1  | g=4, diversidad=7.685008669634906, C1=1.6529056849923296, C2=1.3512167384658322
worker_1  | 4   10      3233.67 1325.01 1666.69         5000
worker_2  | g=0, diversidad=10.14373738801711, C1=1.261936119618435, C2=1.1570004545186814
worker_2  | gen evals   avg     std     min             max
worker_2  | 0   10      1933.59 1806.12 0.00200611      5000
worker_14 | g=2, diversidad=5.818434785255178, C1=1.4583340632220643, C2=1.7463073024494027
worker_14 | 2   10      4400.01 1496.65 0.0548197       5000
worker_7  | g=0, diversidad=11.180566535461345, C1=1.586739118386575, C2=1.4453687251236613
worker_7  | gen evals   avg     std     min             max
worker_7  | 0   10      2533.48 1869.1  0.00200611      5000
worker_3  | g=1, diversidad=9.202809731363773, C1=1.7425850839819428, C2=1.559272730992605
worker_3  | 1   10      3500.09 1529.32 0.0166819       5000
worker_16 | g=7, diversidad=5.732321212498716, C1=1.0516959247924764, C2=1.4692239306647397
worker_16 | 7   10      3333.45 1290.91 1666.67         5000
worker_16 | defaultdict(<class 'deap.tools.support.Logbook'>, {})
worker_16 | poblacion enviada...  0.002278706426321196
worker_16 | poblacion recibida...  PSO PSO-6
worker_16 | primero diversidad 5.491345928182176
worker_6  | g=7, diversidad=5.5409632548909, C1=1.278473266894106, C2=1.524718860379394
worker_6  | 7   10      2266.7  1890.31 0.0178125       5000
worker_6  | defaultdict(<class 'deap.tools.support.Logbook'>, {})
worker_6  | poblacion enviada...  0.0045019560017296725
worker_6  | poblacion recibida...  PSO PSO-10
worker_6  | primero diversidad 6.3956007693869195
worker_5  | g=7, diversidad=6.853099659394973, C1=1.9800988988399801, C2=1.0358594461633523
worker_5  | 7   10      1200.37 1384.05 0.0092353       3334.47
worker_5  | defaultdict(<class 'deap.tools.support.Logbook'>, {})
worker_5  | poblacion enviada...  0.0045019560017296725
worker_5  | poblacion recibida...  PSO PSO-13
worker_5  | primero diversidad 7.010071720469259
worker_13 | g=6, diversidad=8.163217967369897, C1=1.9908218094941237, C2=1.1011898357956524
worker_13 | 6   10      3167.17 1318.26 1666.67         5000
worker_15 | g=0, diversidad=11.805235565059292, C1=1.8106969635314276, C2=1.5343698649375266
worker_15 | gen evals   avg     std     min             max
worker_15 | 0   10      2037.11 1809.35 0.00227871      5000
worker_10 | g=1, diversidad=7.4707211680382475, C1=1.6472727521161383, C2=1.0071258462968196
worker_10 | 1   10      2667.05 1527.27 0.0422145       5000
worker_14 | g=3, diversidad=5.086228621526441, C1=1.4583340632220643, C2=1.7463073024494027
worker_14 | 3   10      4000.42 1333.11 1666.67         5000
worker_9  | g=1, diversidad=8.578483658159548, C1=1.536101970948827, C2=1.47358328823639
worker_9  | 1   10      3500.07 1002.7  1666.78         5000
worker_8  | g=4, diversidad=6.064815809349229, C1=1.2833203956013808, C2=1.0951934566355477
worker_8  | 4   10      2400.65 1780.81 0.00473316      5000
worker_1  | g=5, diversidad=6.993371567677122, C1=1.6529056849923296, C2=1.3512167384658322
worker_1  | 5   10      3033.45 1846.45 0.890433        5000
worker_12 | g=6, diversidad=5.827037578714809, C1=1.493009511316647, C2=1.4913395135612624
worker_12 | 6   10      2533.83 1771.4  0.0489453       5000
worker_3  | g=2, diversidad=6.675709715718236, C1=1.7425850839819428, C2=1.559272730992605
worker_3  | 2   10      3756.39 1208.53 1669.34         5000
worker_4  | g=0, diversidad=3.734433791745435, C1=1.9647299879875288, C2=1.563497339375534
worker_4  | gen evals   avg     std     min             max
worker_4  | 0   10      2366.84 1828.52 0.00166858      5000
worker_7  | g=1, diversidad=8.178186949678429, C1=1.586739118386575, C2=1.4453687251236613
worker_7  | 1   10      2700.22 1456.27 0.0419          5000
worker_2  | g=1, diversidad=7.577919011504482, C1=1.261936119618435, C2=1.1570004545186814
worker_2  | 1   10      3300.18 1149.2  1666.9          5000
worker_16 | g=0, diversidad=10.430017916514526, C1=1.0516959247924764, C2=1.4692239306647397
worker_16 | gen evals   avg     std     min             max
worker_16 | 0   10      2300.12 1876.46 0.00200611      5000
worker_15 | g=1, diversidad=8.793987597417564, C1=1.8106969635314276, C2=1.5343698649375266
worker_15 | 1   10      3267.02 1348.17 0.00946462      5000
worker_13 | g=7, diversidad=6.7626340765417305, C1=1.9908218094941237, C2=1.1011898357956524
worker_13 | 7   10      2766.69 1673.62 0.17689         5000
worker_13 | defaultdict(<class 'deap.tools.support.Logbook'>, {})
worker_13 | poblacion enviada...  0.002278706426321196
worker_13 | poblacion recibida...  PSO PSO-11
worker_13 | primero diversidad 6.086937030314312
worker_6  | g=0, diversidad=9.559862463334843, C1=1.278473266894106, C2=1.524718860379394
worker_6  | gen evals   avg     std     min             max
worker_6  | 0   10      1600.02 1638.43 0.00440691      5000
worker_5  | g=0, diversidad=8.383559305807134, C1=1.9800988988399801, C2=1.0358594461633523
worker_5  | gen evals   avg     std     min             max
worker_5  | 0   10      2033.37 1676.3  0.00166858      5000
worker_10 | g=2, diversidad=7.176201027591317, C1=1.6472727521161383, C2=1.0071258462968196
worker_10 | 2   10      3600.51 1280.12 1333.34         5000
worker_9  | g=2, diversidad=6.02820171865325, C1=1.536101970948827, C2=1.47358328823639
worker_9  | 2   10      3866.99 1230.52 1667.58         5000
worker_14 | g=4, diversidad=6.46797583812599, C1=1.4583340632220643, C2=1.7463073024494027
worker_14 | 4   10      3533.4  1446.78 0.0116492       5000
worker_4  | g=1, diversidad=5.067499152222361, C1=1.9647299879875288, C2=1.563497339375534
worker_4  | 1   10      3700.37 1393.93 0.0325757       5000
worker_12 | g=7, diversidad=5.69566133020719, C1=1.493009511316647, C2=1.4913395135612624
worker_12 | 7   10      3067.25 1755.92 0.0699885       5000
worker_12 | defaultdict(<class 'deap.tools.support.Logbook'>, {})
worker_12 | poblacion enviada...  0.002278706426321196
worker_12 | poblacion recibida...  PSO PSO-9
worker_12 | primero diversidad 6.401944707242395
worker_1  | g=6, diversidad=7.190008763906134, C1=1.6529056849923296, C2=1.3512167384658322
worker_1  | 6   10      3533.36 1240.04 1666.68         5000
worker_8  | g=5, diversidad=6.413070775935687, C1=1.2833203956013808, C2=1.0951934566355477
worker_8  | 5   10      2333.51 1879.78 0.01388         5000
worker_2  | g=2, diversidad=5.824157232599205, C1=1.261936119618435, C2=1.1570004545186814
worker_2  | 2   10      3366.99 1689.22 667.506         5000
worker_7  | g=2, diversidad=6.2894007340139755, C1=1.586739118386575, C2=1.4453687251236613
worker_7  | 2   10      3600.35 1412.47 667.205         5000
worker_3  | g=3, diversidad=6.932874434849244, C1=1.7425850839819428, C2=1.559272730992605
worker_3  | 3   10      2766.71 1453.34 0.00898908      5000
worker_5  | g=1, diversidad=8.246763755020677, C1=1.9800988988399801, C2=1.0358594461633523
worker_5  | 1   10      3700.35 1425.36 1333.55         5000
worker_9  | g=3, diversidad=5.215112365677107, C1=1.536101970948827, C2=1.47358328823639
worker_9  | 3   10      4200.01 1284.08 1666.67         5000
worker_10 | g=3, diversidad=5.490821924048184, C1=1.6472727521161383, C2=1.0071258462968196
worker_10 | 3   10      3066.75 1280.63 1666.67         5000
worker_16 | g=1, diversidad=7.72147353585625, C1=1.0516959247924764, C2=1.4692239306647397
worker_16 | 1   10      3234.03 1308.51 666.936         5000
worker_15 | g=2, diversidad=6.491726621692598, C1=1.8106969635314276, C2=1.5343698649375266
worker_15 | 2   10      3000.34 1366.23 666.701         5000
worker_4  | g=2, diversidad=3.9198938054650867, C1=1.9647299879875288, C2=1.563497339375534
worker_4  | 2   10      3233.64 1849.69 0.0282767       5000
worker_14 | g=5, diversidad=7.004463688510641, C1=1.4583340632220643, C2=1.7463073024494027
worker_14 | 5   10      3633.46 1303.35 1333.59         5000
worker_6  | g=1, diversidad=8.123363991169246, C1=1.278473266894106, C2=1.524718860379394
worker_6  | 1   10      3000.12 1125.34 1666.67         5000
worker_13 | g=0, diversidad=6.389666460634995, C1=1.9908218094941237, C2=1.1011898357956524
worker_13 | gen evals   avg     std     min             max
worker_13 | 0   10      2034.01 1923.67 0.00166858      5000
worker_7  | g=3, diversidad=6.138347117252484, C1=1.586739118386575, C2=1.4453687251236613
worker_7  | 3   10      3933.52 1254.22 1333.36         5000
worker_2  | g=3, diversidad=5.181742102428268, C1=1.261936119618435, C2=1.1570004545186814
worker_2  | 3   10      3100.41 1125.78 667.778         5000
worker_1  | g=7, diversidad=7.511803648841786, C1=1.6529056849923296, C2=1.3512167384658322
worker_1  | 7   10      3766.75 1075.44 1666.69         5000
worker_1  | defaultdict(<class 'deap.tools.support.Logbook'>, {})
worker_1  | poblacion enviada...  0.0020061119193552426
worker_1  | poblacion recibida...  PSO PSO-8
worker_1  | primero diversidad 6.292774613694444
worker_12 | g=0, diversidad=6.401944707242395, C1=1.493009511316647, C2=1.4913395135612624
worker_12 | gen evals   avg     std     min             max
worker_12 | 0   10      2333.43 1849.81 0.00227871      5000
worker_8  | g=6, diversidad=6.774762914764826, C1=1.2833203956013808, C2=1.0951934566355477
worker_8  | 6   10      2733.47 1890.35 0.0115058       5000
worker_3  | g=4, diversidad=7.446832398165102, C1=1.7425850839819428, C2=1.559272730992605
worker_3  | 4   10      3200.1  1634.22 0.447218        5000
worker_4  | g=3, diversidad=4.3277342701539645, C1=1.9647299879875288, C2=1.563497339375534
worker_4  | 3   10      3833.69 1301.21 1666.68         5000
worker_15 | g=3, diversidad=7.202919752541727, C1=1.8106969635314276, C2=1.5343698649375266
worker_15 | 3   10      3733.57 1631.57 0.028702        5000
worker_16 | g=2, diversidad=5.835298474458048, C1=1.0516959247924764, C2=1.4692239306647397
worker_16 | 2   10      3800.2  990.975 1666.67         5000
worker_5  | g=2, diversidad=6.535115401243527, C1=1.9800988988399801, C2=1.0358594461633523
worker_5  | 2   10      3367.09 1615.48 0.0643315       5000
worker_10 | g=4, diversidad=6.385378420847024, C1=1.6472727521161383, C2=1.0071258462968196
worker_10 | 4   10      3366.81 1224.12 1666.68         5000
worker_9  | g=4, diversidad=6.184315079113344, C1=1.536101970948827, C2=1.47358328823639
worker_9  | 4   10      3533.34 1185.08 1666.69         5000
worker_14 | g=6, diversidad=6.675779593114386, C1=1.4583340632220643, C2=1.7463073024494027
worker_14 | 6   10      3819.29 1038.5  2333.36         5000
worker_13 | g=1, diversidad=6.794046402955726, C1=1.9908218094941237, C2=1.1011898357956524
worker_13 | 1   10      3833.4  1002.66 1667.19         5000
worker_6  | g=2, diversidad=5.524384661770906, C1=1.278473266894106, C2=1.524718860379394
worker_6  | 2   10      3033.48 1523.54 0.0156725       5000
worker_2  | g=4, diversidad=7.016469410633695, C1=1.261936119618435, C2=1.1570004545186814
worker_2  | 4   10      3966.73 1440.97 666.938         5000
worker_12 | g=1, diversidad=5.84454747138226, C1=1.493009511316647, C2=1.4913395135612624
worker_12 | 1   10      3369.33 1361.72 0.0164999       5000
worker_1  | g=0, diversidad=6.292774613694444, C1=1.6529056849923296, C2=1.3512167384658322
worker_1  | gen evals   avg     std     min             max
worker_1  | 0   10      2566.88 1903.59 0.00200611      5000
worker_3  | g=5, diversidad=7.109738268706563, C1=1.7425850839819428, C2=1.559272730992605
worker_3  | 5   10      3100.16 1782.96 0.00734078      5000
worker_4  | g=4, diversidad=4.625555242554219, C1=1.9647299879875288, C2=1.563497339375534
worker_4  | 4   10      3866.67 1477.23 666.675         5000
worker_8  | g=7, diversidad=5.752118153657519, C1=1.2833203956013808, C2=1.0951934566355477
worker_8  | 7   10      2966.94 1494.05 0.0123624       5000
worker_8  | defaultdict(<class 'deap.tools.support.Logbook'>, {})
worker_8  | poblacion enviada...  0.002278706426321196
worker_8  | poblacion recibida...  PSO PSO-5
worker_8  | primero diversidad 6.311851212042649
worker_9  | g=5, diversidad=6.717165040097523, C1=1.536101970948827, C2=1.47358328823639
worker_9  | 5   10      4066.83 785.833 3333.33         5000
worker_16 | g=3, diversidad=5.769430522066092, C1=1.0516959247924764, C2=1.4692239306647397
worker_16 | 3   10      3700.16 1259.82 1667.13         5000
worker_14 | g=7, diversidad=5.541695681699728, C1=1.4583340632220643, C2=1.7463073024494027
worker_14 | 7   10      3967.09 1037.37 1666.67         5000
worker_14 | defaultdict(<class 'deap.tools.support.Logbook'>, {})
worker_14 | poblacion enviada...  0.002278706426321196
worker_14 | poblacion recibida...  PSO PSO-1
worker_14 | primero diversidad 4.470485233540144
worker_5  | g=3, diversidad=7.272624623118807, C1=1.9800988988399801, C2=1.0358594461633523
worker_5  | 3   10      3666.68 1632.98 0.0193271       5000
worker_10 | g=5, diversidad=7.436456888268368, C1=1.6472727521161383, C2=1.0071258462968196
worker_10 | 5   10      3166.73 1739.94 0.584349        5000
worker_15 | g=4, diversidad=7.46266787959076, C1=1.8106969635314276, C2=1.5343698649375266
worker_15 | 4   10      2800.24 1326.73 666.668         5000
worker_2  | g=5, diversidad=7.511934266668355, C1=1.261936119618435, C2=1.1570004545186814
worker_2  | 5   10      3566.88 1174.21 1666.67         5000
worker_1  | g=1, diversidad=6.942644056104999, C1=1.6529056849923296, C2=1.3512167384658322
worker_1  | 1   10      3536.18 1096.97 1666.67         5000
worker_12 | g=2, diversidad=5.061691696897518, C1=1.493009511316647, C2=1.4913395135612624
worker_12 | 2   10      2800.48 1462.21 0.0427158       5000
worker_4  | g=5, diversidad=4.85814621339797, C1=1.9647299879875288, C2=1.563497339375534
worker_4  | 5   10      3533.59 1367.75 1666.67         5000
worker_6  | g=3, diversidad=4.689158084915542, C1=1.278473266894106, C2=1.524718860379394
worker_6  | 3   10      2000.08 1366.24 0.00500088      4000
worker_3  | g=6, diversidad=7.998745557161947, C1=1.7425850839819428, C2=1.559272730992605
worker_3  | 6   10      3500.16 1343.68 666.687         5000
worker_5  | g=4, diversidad=7.556731383822154, C1=1.9800988988399801, C2=1.0358594461633523
worker_5  | 4   10      2967.27 1601.67 0.12247         5000
worker_10 | g=6, diversidad=7.457489923193291, C1=1.6472727521161383, C2=1.0071258462968196
worker_10 | 6   10      3233.53 1909.31 0.00742253      5000
worker_8  | g=0, diversidad=11.207009182499796, C1=1.2833203956013808, C2=1.0951934566355477
worker_8  | gen evals   avg     std     min             max
worker_8  | 0   10      2400.19 1749.87 0.00200611      5000
worker_9  | g=6, diversidad=6.965676091126367, C1=1.536101970948827, C2=1.47358328823639
worker_9  | 6   10      3566.67 1044.03 1666.69         5000
worker_14 | g=0, diversidad=4.470485233540144, C1=1.4583340632220643, C2=1.7463073024494027
worker_14 | gen evals   avg     std     min             max
worker_14 | 0   10      2333.78 1856.14 0.00227871      5000
worker_16 | g=4, diversidad=6.493046441749125, C1=1.0516959247924764, C2=1.4692239306647397
worker_16 | 4   10      2967.18 1168.49 1333.37         5000
worker_15 | g=5, diversidad=8.16702977379554, C1=1.8106969635314276, C2=1.5343698649375266
worker_15 | 5   10      3366.83 1478.99 667.261         5000
worker_2  | g=6, diversidad=6.8037677732790165, C1=1.261936119618435, C2=1.1570004545186814
worker_2  | 6   10      3000.15 1619.15 0.52912         5000
worker_4  | g=6, diversidad=4.1690575648553425, C1=1.9647299879875288, C2=1.563497339375534
worker_4  | 6   10      3600.02 928.547 1666.71         5000
worker_12 | g=3, diversidad=5.15546395234836, C1=1.493009511316647, C2=1.4913395135612624
worker_12 | 3   10      3533.57 1439.06 1333.59         5000
worker_3  | g=7, diversidad=7.328132133542123, C1=1.7425850839819428, C2=1.559272730992605
worker_3  | 7   10      3700.19 1311.85 1666.67         5000
worker_3  | defaultdict(<class 'deap.tools.support.Logbook'>, {})
worker_3  | poblacion enviada...  0.0020061119193552426
worker_3  | poblacion recibida...  PSO PSO-12
worker_3  | primero diversidad 7.002147707666933
worker_15 | g=6, diversidad=7.264992042283073, C1=1.8106969635314276, C2=1.5343698649375266
worker_15 | 6   10      4233.97 1084.6  1670.8          5000
worker_6  | g=4, diversidad=6.027563708618586, C1=1.278473266894106, C2=1.524718860379394
worker_6  | 4   10      2466.92 1634.39 0.166543        5000
worker_16 | g=5, diversidad=7.436101717778996, C1=1.0516959247924764, C2=1.4692239306647397
worker_16 | 5   10      3636.7  1078.71 1666.7          5000
worker_9  | g=7, diversidad=7.076972855170364, C1=1.536101970948827, C2=1.47358328823639
worker_9  | 7   10      3804.54 1144.98 1668.17         5000
worker_9  | defaultdict(<class 'deap.tools.support.Logbook'>, {})
worker_9  | poblacion enviada...  0.0020061119193552426
worker_9  | poblacion recibida...  PSO PSO-0
worker_9  | primero diversidad 5.8261496449332775
worker_5  | g=5, diversidad=6.715486111255192, C1=1.9800988988399801, C2=1.0358594461633523
worker_5  | 5   10      2866.93 1739.65 0.0380027       5000
worker_1  | g=2, diversidad=6.111185333292717, C1=1.6529056849923296, C2=1.3512167384658322
worker_1  | 2   10      2566.88 1468.4  666.713         5000
worker_14 | g=1, diversidad=5.59146503021068, C1=1.4583340632220643, C2=1.7463073024494027
worker_14 | 1   10      3666.7  1085.24 1333.38         5000
worker_8  | g=1, diversidad=8.904894610364366, C1=1.2833203956013808, C2=1.0951934566355477
worker_8  | 1   10      3033.48 1369.75 667.622         5000
worker_10 | g=7, diversidad=7.851408790173667, C1=1.6472727521161383, C2=1.0071258462968196
worker_10 | 7   10      3233.61 1155.19 1666.71         5000
worker_10 | defaultdict(<class 'deap.tools.support.Logbook'>, {})
worker_10 | poblacion enviada...  0.002278706426321196
worker_10 | poblacion recibida...  PSO PSO-3
worker_10 | primero diversidad 5.907804484313521
worker_2  | g=7, diversidad=6.5602463545953436, C1=1.261936119618435, C2=1.1570004545186814
worker_2  | 7   10      3700.04 1501.46 1333.37         5000
worker_2  | defaultdict(<class 'deap.tools.support.Logbook'>, {})
worker_2  | poblacion enviada...  0.0020061119193552426
worker_2  | poblacion recibida...  PSO PSO-4
worker_2  | primero diversidad 7.8540791976034665
worker_4  | g=7, diversidad=4.293917164993441, C1=1.9647299879875288, C2=1.563497339375534
worker_4  | 7   10      3634.39 1079.27 1666.71         5000
worker_4  | defaultdict(<class 'deap.tools.support.Logbook'>, {})
worker_4  | poblacion enviada...  0.0016685838296422127
worker_4  | poblacion recibida...  PSO PSO-7
worker_4  | primero diversidad 6.070758548830058
worker_15 | g=7, diversidad=6.5921040234918795, C1=1.8106969635314276, C2=1.5343698649375266
worker_15 | 7   10      3933.34 986.572 2000            5000
worker_15 | defaultdict(<class 'deap.tools.support.Logbook'>, {})
worker_15 | poblacion enviada...  0.002278706426321196
worker_15 | poblacion recibida...  PSO PSO-2
worker_15 | primero diversidad 6.483275726259576
worker_12 | g=4, diversidad=5.23323665833874, C1=1.493009511316647, C2=1.4913395135612624
worker_12 | 4   10      3370.01 1541.71 1333.34         5000
worker_9  | g=0, diversidad=5.8261496449332775, C1=1.536101970948827, C2=1.47358328823639
worker_9  | gen evals   avg     std     min             max
worker_9  | 0   10      2900.2  2005.87 0.00200611      5000
worker_3  | g=0, diversidad=7.002147707666933, C1=1.7425850839819428, C2=1.559272730992605
worker_3  | gen evals   avg     std     min             max
worker_3  | 0   10      2200.2  1808.71 0.00200611      5000
worker_1  | g=3, diversidad=6.5943325371685635, C1=1.6529056849923296, C2=1.3512167384658322
worker_1  | 3   10      3366.89 1079.3  1666.69         5000
worker_8  | g=2, diversidad=7.459344720243775, C1=1.2833203956013808, C2=1.0951934566355477
worker_8  | 2   10      3467.3  1086.55 1666.67         5000
worker_5  | g=6, diversidad=6.84867761102458, C1=1.9800988988399801, C2=1.0358594461633523
worker_5  | 6   10      3000.02 1324.96 0.0472005       5000
worker_16 | g=6, diversidad=7.859207756909265, C1=1.0516959247924764, C2=1.4692239306647397
worker_16 | 6   10      2966.69 1566.64 0.11005         5000
worker_14 | g=2, diversidad=4.711581784919875, C1=1.4583340632220643, C2=1.7463073024494027
worker_14 | 2   10      2600.57 1787.37 0.0321663       5000
worker_6  | g=5, diversidad=5.85877795942832, C1=1.278473266894106, C2=1.524718860379394
worker_6  | 5   10      3033.85 1232.86 1667.78         5000
worker_2  | g=0, diversidad=10.75611214692821, C1=1.261936119618435, C2=1.1570004545186814
worker_2  | gen evals   avg     std     min             max
worker_2  | 0   10      2833.47 2114.65 0.00166858      5000
worker_10 | g=0, diversidad=6.395536246905011, C1=1.6472727521161383, C2=1.0071258462968196
worker_10 | gen evals   avg     std     min             max
worker_10 | 0   10      1766.92 2196.05 0.00166858      5000
worker_4  | g=0, diversidad=6.070758548830058, C1=1.9647299879875288, C2=1.563497339375534
worker_4  | gen evals   avg     std     min             max
worker_4  | 0   10      2534.27 1978.38 0.00166858      5000
worker_8  | g=3, diversidad=6.438695052879908, C1=1.2833203956013808, C2=1.0951934566355477
worker_8  | 3   10      4333.47 1105.33 1667.19         5000
worker_9  | g=1, diversidad=6.045060649088177, C1=1.536101970948827, C2=1.47358328823639
worker_9  | 1   10      3600.12 1030.61 1666.67         5000
worker_15 | g=0, diversidad=6.42109801718102, C1=1.8106969635314276, C2=1.5343698649375266
worker_15 | gen evals   avg     std     min             max
worker_15 | 0   10      2866.67 2135.41 0.00166858      5000
worker_3  | g=1, diversidad=6.330244824204257, C1=1.7425850839819428, C2=1.559272730992605
worker_3  | 1   10      3800.04 1446.77 0.211222        5000
worker_12 | g=5, diversidad=6.024266375550331, C1=1.493009511316647, C2=1.4913395135612624
worker_12 | 5   10      3100.19 1155.06 1666.67         5000
worker_14 | g=3, diversidad=5.575846759568589, C1=1.4583340632220643, C2=1.7463073024494027
worker_14 | 3   10      4166.69 1536.57 0.0335226       5000
worker_5  | g=7, diversidad=7.384365815345459, C1=1.9800988988399801, C2=1.0358594461633523
worker_5  | 7   10      3633.57 1463.7  1666.67         5000
worker_5  | defaultdict(<class 'deap.tools.support.Logbook'>, {})
worker_5  | poblacion enviada...  0.0016685838296422127
worker_5  | poblacion recibida...  PSO PSO-13
worker_5  | primero diversidad 6.488517107351477
worker_16 | g=7, diversidad=7.733598502487974, C1=1.0516959247924764, C2=1.4692239306647397
worker_16 | 7   10      3967.03 1187.21 1666.7          5000
worker_16 | defaultdict(<class 'deap.tools.support.Logbook'>, {})
worker_16 | poblacion enviada...  0.0020061119193552426
worker_16 | poblacion recibida...  PSO PSO-6
worker_16 | primero diversidad 6.061295242892075
worker_1  | g=4, diversidad=6.637221440119158, C1=1.6529056849923296, C2=1.3512167384658322
worker_1  | 4   10      3433.39 1174.22 1666.68         5000
worker_6  | g=6, diversidad=5.0784739085935335, C1=1.278473266894106, C2=1.524718860379394
worker_6  | 6   10      2866.71 1375.99 0.00906498      5000
worker_2  | g=1, diversidad=8.793551491990058, C1=1.261936119618435, C2=1.1570004545186814
worker_2  | 1   10      3133.46 1077.04 1666.67         5000
worker_10 | g=1, diversidad=7.625609071552271, C1=1.6472727521161383, C2=1.0071258462968196
worker_10 | 1   10      3533.35 1536.23 0.00705017      5000
worker_9  | g=2, diversidad=5.3242563645633485, C1=1.536101970948827, C2=1.47358328823639
worker_9  | 2   10      3400.04 1925.23 0.0215747       5000
worker_15 | g=1, diversidad=5.901551995458755, C1=1.8106969635314276, C2=1.5343698649375266
worker_15 | 1   10      3800.62 1283.85 666.749         5000
worker_8  | g=4, diversidad=7.054964742911568, C1=1.2833203956013808, C2=1.0951934566355477
worker_8  | 4   10      3866.77 635.872 3333.34         5000
worker_3  | g=2, diversidad=4.706626258551173, C1=1.7425850839819428, C2=1.559272730992605
worker_3  | 2   10      3433.56 1238.7  1666.67         5000
worker_4  | g=1, diversidad=6.394696093840643, C1=1.9647299879875288, C2=1.563497339375534
worker_4  | 1   10      2721    1517.82 0.0351759       5000
worker_14 | g=4, diversidad=4.733509025548004, C1=1.4583340632220643, C2=1.7463073024494027
worker_14 | 4   10      3433.48 1527.86 666.69          5000
worker_12 | g=6, diversidad=6.078565214487349, C1=1.493009511316647, C2=1.4913395135612624
worker_12 | 6   10      4033.33 1129.89 2000            5000
worker_1  | g=5, diversidad=5.9557787442025845, C1=1.6529056849923296, C2=1.3512167384658322
worker_1  | 5   10      3233.35 1406.72 1666.67         5000
worker_5  | g=0, diversidad=6.488517107351477, C1=1.9800988988399801, C2=1.0358594461633523
worker_5  | gen evals   avg     std     min             max
worker_5  | 0   10      2666.67 2000    0.00166858      5000
worker_6  | g=7, diversidad=4.764633018348667, C1=1.278473266894106, C2=1.524718860379394
worker_6  | 7   10      3666.68 1795.05 0.0070392       5000
worker_6  | defaultdict(<class 'deap.tools.support.Logbook'>, {})
worker_6  | poblacion enviada...  0.004406906768495615
worker_6  | poblacion recibida...  PSO PSO-10
worker_6  | primero diversidad 5.9874972888843185
redis_1   | 1:M 13 Jun 2023 18:28:21.072 * 100 changes in 300 seconds. Saving...
redis_1   | 1:M 13 Jun 2023 18:28:21.074 * Background saving started by pid 17
redis_1   | 17:C 13 Jun 2023 18:28:21.078 * DB saved on disk
redis_1   | 17:C 13 Jun 2023 18:28:21.078 * Fork CoW for RDB: current 0 MB, peak 0 MB, average 0 MB
redis_1   | 1:M 13 Jun 2023 18:28:21.181 * Background saving terminated with success
worker_16 | g=0, diversidad=9.529233983444978, C1=1.0516959247924764, C2=1.4692239306647397
worker_16 | gen evals   avg     std     min             max
worker_16 | 0   10      2933.9  2026.6  0.00166858      5000
worker_9  | g=3, diversidad=4.566477396959486, C1=1.536101970948827, C2=1.47358328823639
worker_9  | 3   10      4066.87 1083.06 1666.7          5000
worker_2  | g=2, diversidad=6.6677566568984155, C1=1.261936119618435, C2=1.1570004545186814
worker_2  | 2   10      3966.76 1187.32 1666.68         5000
worker_10 | g=2, diversidad=6.374008787354814, C1=1.6472727521161383, C2=1.0071258462968196
worker_10 | 2   10      3266.83 1576.21 0.0109166       5000
worker_15 | g=2, diversidad=4.6441637684869, C1=1.8106969635314276, C2=1.5343698649375266
worker_15 | 2   10      3533.43 1146.95 1666.68         5000
worker_4  | g=2, diversidad=5.958982900778926, C1=1.9647299879875288, C2=1.563497339375534
worker_4  | 2   10      4200.13 1076.93 2333.34         5000
worker_8  | g=5, diversidad=8.695713719342876, C1=1.2833203956013808, C2=1.0951934566355477
worker_8  | 5   10      3500.02 1634.67 0.0809274       5000
worker_1  | g=6, diversidad=6.3784847198333985, C1=1.6529056849923296, C2=1.3512167384658322
worker_1  | 6   10      3900.02 1291.4  1666.72         5000
worker_14 | g=5, diversidad=5.713633911708334, C1=1.4583340632220643, C2=1.7463073024494027
worker_14 | 5   10      3933.34 1339.97 1666.7          5000
worker_12 | g=7, diversidad=4.657054709880478, C1=1.493009511316647, C2=1.4913395135612624
worker_12 | 7   10      3833.45 1002.71 1666.68         5000
worker_12 | defaultdict(<class 'deap.tools.support.Logbook'>, {})
worker_12 | poblacion enviada...  0.002278706426321196
worker_12 | poblacion recibida...  PSO PSO-9
worker_12 | primero diversidad 5.883302671940878
worker_16 | g=1, diversidad=7.457848076942077, C1=1.0516959247924764, C2=1.4692239306647397
worker_16 | 1   10      3766.81 1570.87 0.0150755       5000
worker_9  | g=4, diversidad=5.1002596653910945, C1=1.536101970948827, C2=1.47358328823639
worker_9  | 4   10      3966.67 1479.11 0.0228393       5000
worker_3  | g=3, diversidad=5.217935520933454, C1=1.7425850839819428, C2=1.559272730992605
worker_3  | 3   10      2400.04 1404.73 0.00679008      5000
worker_5  | g=1, diversidad=7.5236843462276495, C1=1.9800988988399801, C2=1.0358594461633523
worker_5  | 1   10      3133.38 1185.06 1666.67         5000
worker_10 | g=3, diversidad=5.525809747773753, C1=1.6472727521161383, C2=1.0071258462968196
worker_10 | 3   10      3767.03 775.11  2333.34         5000
worker_6  | g=0, diversidad=16.593746578320903, C1=1.278473266894106, C2=1.524718860379394
worker_6  | gen evals   avg     std     min             max
worker_6  | 0   10      2466.67 1995.55 0.00200611      5000
worker_2  | g=3, diversidad=5.473260501678582, C1=1.261936119618435, C2=1.1570004545186814
worker_2  | 3   10      3166.79 1166.68 1666.67         5000
worker_4  | g=3, diversidad=4.960483845185201, C1=1.9647299879875288, C2=1.563497339375534
worker_4  | 3   10      3733.34 1372.75 1666.67         5000
worker_15 | g=3, diversidad=5.928682912499825, C1=1.8106969635314276, C2=1.5343698649375266
worker_15 | 3   10      3300.02 1464    0.0141041       5000
worker_1  | g=7, diversidad=5.886167023844718, C1=1.6529056849923296, C2=1.3512167384658322
worker_1  | 7   10      3333.8  1666.15 0.940516        5000
worker_1  | defaultdict(<class 'deap.tools.support.Logbook'>, {})
worker_1  | poblacion enviada...  0.0020061119193552426
worker_1  | poblacion recibida...  PSO PSO-8
worker_1  | primero diversidad 6.364519504812817
worker_14 | g=6, diversidad=5.6101332420962216, C1=1.4583340632220643, C2=1.7463073024494027
worker_14 | 6   10      2800.39 1921.9  0.0105024       5000
worker_8  | g=6, diversidad=8.688761249750987, C1=1.2833203956013808, C2=1.0951934566355477
worker_8  | 6   10      2766.85 1732.26 0.06175         5000
worker_12 | g=0, diversidad=5.883302671940878, C1=1.493009511316647, C2=1.4913395135612624
worker_12 | gen evals   avg     std     min             max
worker_12 | 0   10      2700.29 2024.47 0.00227871      5000
worker_16 | g=2, diversidad=5.218800178424446, C1=1.0516959247924764, C2=1.4692239306647397
worker_16 | 2   10      4033.34 690.406 3333.34         5000
worker_5  | g=2, diversidad=8.222093831081162, C1=1.9800988988399801, C2=1.0358594461633523
worker_5  | 2   10      4066.67 1356.46 666.667         5000
worker_9  | g=5, diversidad=5.302889308397153, C1=1.536101970948827, C2=1.47358328823639
worker_9  | 5   10      3500.28 1844.93 2.44004         5000
worker_6  | g=1, diversidad=12.513824523391596, C1=1.278473266894106, C2=1.524718860379394
worker_6  | 1   10      3566.84 1174    1666.91         5000
worker_3  | g=4, diversidad=6.521473759126655, C1=1.7425850839819428, C2=1.559272730992605
worker_3  | 4   10      3285.76 1220.75 0.040841        5000
worker_14 | g=7, diversidad=5.793863563549401, C1=1.4583340632220643, C2=1.7463073024494027
worker_14 | 7   10      3833.35 1674.96 0.0381276       5000
worker_14 | defaultdict(<class 'deap.tools.support.Logbook'>, {})
worker_14 | poblacion enviada...  0.002278706426321196
worker_14 | poblacion recibida...  PSO PSO-1
worker_14 | primero diversidad 6.02096818428662
worker_10 | g=4, diversidad=6.434808555208441, C1=1.6472727521161383, C2=1.0071258462968196
worker_10 | 4   10      3200.24 1564.79 0.0150098       5000
worker_4  | g=4, diversidad=5.4472277341585205, C1=1.9647299879875288, C2=1.563497339375534
worker_4  | 4   10      3403.61 957.578 1701.34         5000
worker_15 | g=4, diversidad=6.435243454205045, C1=1.8106969635314276, C2=1.5343698649375266
worker_15 | 4   10      3533.37 921.341 1666.68         5000
worker_1  | g=0, diversidad=9.091734264257012, C1=1.6529056849923296, C2=1.3512167384658322
worker_1  | gen evals   avg     std     min             max
worker_1  | 0   10      2333.8  2134.23 0.00166858      5000
worker_2  | g=4, diversidad=6.622495393474662, C1=1.261936119618435, C2=1.1570004545186814
worker_2  | 4   10      3500.05 1477.58 0.0945061       5000
worker_16 | g=3, diversidad=4.827225430966538, C1=1.0516959247924764, C2=1.4692239306647397
worker_16 | 3   10      4071.84 1218.21 1711.55         5000
worker_5  | g=3, diversidad=5.947539790288792, C1=1.9800988988399801, C2=1.0358594461633523
worker_5  | 3   10      3167.21 1166.74 0.00560429      5000
worker_3  | g=5, diversidad=6.069993113913414, C1=1.7425850839819428, C2=1.559272730992605
worker_3  | 5   10      3667.26 1632.87 0.00666854      5000
worker_8  | g=7, diversidad=8.317101896007363, C1=1.2833203956013808, C2=1.0951934566355477
worker_8  | 7   10      3266.68 1749.91 0.0163981       5000
worker_8  | defaultdict(<class 'deap.tools.support.Logbook'>, {})
worker_8  | poblacion enviada...  0.0020061119193552426
worker_8  | poblacion recibida...  PSO PSO-5
worker_8  | primero diversidad 8.485337261826693
worker_12 | g=1, diversidad=6.369995421978528, C1=1.493009511316647, C2=1.4913395135612624
worker_12 | 1   10      2700.23 1734.91 0.0248286       5000
worker_9  | g=6, diversidad=5.456153687080775, C1=1.536101970948827, C2=1.47358328823639
worker_9  | 6   10      3800.03 1557.76 0.0027877       5000
worker_6  | g=2, diversidad=8.168894231524717, C1=1.278473266894106, C2=1.524718860379394
worker_6  | 2   10      3533.4  1627.5  0.0190347       5000
worker_4  | g=5, diversidad=5.292136801679996, C1=1.9647299879875288, C2=1.563497339375534
worker_4  | 5   10      3400.01 1678.61 0.0397949       5000
worker_1  | g=1, diversidad=7.7061468595292615, C1=1.6529056849923296, C2=1.3512167384658322
worker_1  | 1   10      3833.63 1067.05 1666.67         5000
worker_10 | g=5, diversidad=6.307839927727624, C1=1.6472727521161383, C2=1.0071258462968196
worker_10 | 5   10      3833.4  1157.02 1666.72         5000
worker_15 | g=5, diversidad=5.237942475506917, C1=1.8106969635314276, C2=1.5343698649375266
worker_15 | 5   10      3496.47 1439.12 0.0118613       5000
worker_16 | g=4, diversidad=6.53167694785801, C1=1.0516959247924764, C2=1.4692239306647397
worker_16 | 4   10      4206.94 694.064 3333.41         5000
worker_2  | g=5, diversidad=7.89479939698954, C1=1.261936119618435, C2=1.1570004545186814
worker_2  | 5   10      3200.05 1248.96 1666.67         5000
worker_5  | g=4, diversidad=6.028184634312553, C1=1.9800988988399801, C2=1.0358594461633523
worker_5  | 4   10      2966.68 1566.65 0.0580601       5000
worker_12 | g=2, diversidad=6.415957785740056, C1=1.493009511316647, C2=1.4913395135612624
worker_12 | 2   10      3335.2  1576.05 0.0294879       5000
worker_14 | g=0, diversidad=10.885926656946655, C1=1.4583340632220643, C2=1.7463073024494027
worker_14 | gen evals   avg     std     min             max
worker_14 | 0   10      1701.98 1651.3  0.00200611      5000
worker_9  | g=7, diversidad=4.8969132437189495, C1=1.536101970948827, C2=1.47358328823639
worker_9  | 7   10      4033.33 1015.98 1666.67         5000
worker_9  | defaultdict(<class 'deap.tools.support.Logbook'>, {})
worker_9  | poblacion enviada...  0.0020061119193552426
worker_9  | poblacion recibida...  PSO PSO-0
worker_9  | primero diversidad 5.094722701159861
worker_3  | g=6, diversidad=5.772032034887553, C1=1.7425850839819428, C2=1.559272730992605
worker_3  | 6   10      3333.55 1556.11 0.730804        5000
worker_1  | g=2, diversidad=5.447565425253309, C1=1.6529056849923296, C2=1.3512167384658322
worker_1  | 2   10      3733.66 1450.98 1666.67         5000
worker_6  | g=3, diversidad=6.016059437318403, C1=1.278473266894106, C2=1.524718860379394
worker_6  | 3   10      3869.32 1030.18 2026.51         5000
worker_15 | g=6, diversidad=4.936561464285451, C1=1.8106969635314276, C2=1.5343698649375266
worker_15 | 6   10      4066.67 785.983 3333.33         5000
worker_8  | g=0, diversidad=8.485337261826693, C1=1.2833203956013808, C2=1.0951934566355477
worker_8  | gen evals   avg     std     min             max
worker_8  | 0   10      1700.22 1840.51 0.00200611      5000
worker_10 | g=6, diversidad=7.332603082817861, C1=1.6472727521161383, C2=1.0071258462968196
worker_10 | 6   10      3367.18 1615.53 0.00296367      5000
worker_5  | g=5, diversidad=6.745864393063267, C1=1.9800988988399801, C2=1.0358594461633523
worker_5  | 5   10      3966.81 1545.15 0.148788        5000
worker_16 | g=5, diversidad=6.712419365529472, C1=1.0516959247924764, C2=1.4692239306647397
worker_16 | 5   10      2933.43 1227.49 1666.67         5000
worker_4  | g=6, diversidad=5.711558737682455, C1=1.9647299879875288, C2=1.563497339375534
worker_4  | 6   10      3466.8  1239.95 1333.35         5000
worker_2  | g=6, diversidad=8.495886096250393, C1=1.261936119618435, C2=1.1570004545186814
worker_2  | 6   10      2633.5  1471.5  0.0510005       5000
worker_12 | g=3, diversidad=5.297327058987046, C1=1.493009511316647, C2=1.4913395135612624
worker_12 | 3   10      3300.21 1119.85 1666.68         5000
worker_14 | g=1, diversidad=7.016501453951547, C1=1.4583340632220643, C2=1.7463073024494027
worker_14 | 1   10      3140.64 1213.57 1666.73         5000
worker_9  | g=0, diversidad=5.094722701159861, C1=1.536101970948827, C2=1.47358328823639
worker_9  | gen evals   avg     std     min             max
worker_9  | 0   10      2733.34 2031.97 0.00200611      5000
worker_3  | g=7, diversidad=5.620045653207514, C1=1.7425850839819428, C2=1.559272730992605
worker_3  | 7   10      3700.03 1260.03 1666.68         5000
worker_3  | defaultdict(<class 'deap.tools.support.Logbook'>, {})
worker_3  | poblacion enviada...  0.0020061119193552426
worker_3  | poblacion recibida...  PSO PSO-12
worker_3  | primero diversidad 6.418761230222301
worker_1  | g=3, diversidad=5.718010545483944, C1=1.6529056849923296, C2=1.3512167384658322
worker_1  | 3   10      3766.84 1299.81 1666.67         5000
worker_8  | g=1, diversidad=8.407079346893564, C1=1.2833203956013808, C2=1.0951934566355477
worker_8  | 1   10      3400.77 1072.21 1667.52         5000
worker_15 | g=7, diversidad=4.897444544045204, C1=1.8106969635314276, C2=1.5343698649375266
worker_15 | 7   10      3171.05 1478.14 0.079498        5000
worker_15 | defaultdict(<class 'deap.tools.support.Logbook'>, {})
worker_15 | poblacion enviada...  0.0016685838296422127
worker_15 | poblacion recibida...  PSO PSO-2
worker_15 | primero diversidad 5.736028799161929
worker_6  | g=4, diversidad=6.793979415014903, C1=1.278473266894106, C2=1.524718860379394
worker_6  | 4   10      3133.49 845.801 1666.68         5000
worker_16 | g=6, diversidad=6.273663415720306, C1=1.0516959247924764, C2=1.4692239306647397
worker_16 | 6   10      3671.52 1086.77 1714.29         5000
worker_10 | g=7, diversidad=7.171774807350258, C1=1.6472727521161383, C2=1.0071258462968196
worker_10 | 7   10      3233.35 1520.58 1666.67         5000
worker_10 | defaultdict(<class 'deap.tools.support.Logbook'>, {})
worker_10 | poblacion enviada...  0.0016685838296422127
worker_10 | poblacion recibida...  PSO PSO-3
worker_10 | primero diversidad 6.429908449843937
worker_12 | g=4, diversidad=5.4774276596747224, C1=1.493009511316647, C2=1.4913395135612624
worker_12 | 4   10      3694.9  1765.44 0.00565824      5000
worker_2  | g=7, diversidad=7.033432575452438, C1=1.261936119618435, C2=1.1570004545186814
worker_2  | 7   10      4100.13 789.387 3000            5000
worker_2  | defaultdict(<class 'deap.tools.support.Logbook'>, {})
worker_2  | poblacion enviada...  0.0016685838296422127
worker_2  | poblacion recibida...  PSO PSO-4
worker_2  | primero diversidad 6.552762552593682
worker_4  | g=7, diversidad=5.734136731700077, C1=1.9647299879875288, C2=1.563497339375534
worker_4  | 7   10      2819.27 1636.45 0.13056         5000
worker_4  | defaultdict(<class 'deap.tools.support.Logbook'>, {})
worker_4  | poblacion enviada...  0.0016685838296422127
worker_4  | poblacion recibida...  PSO PSO-7
worker_4  | primero diversidad 5.176176486826666
worker_14 | g=2, diversidad=5.423861617529664, C1=1.4583340632220643, C2=1.7463073024494027
worker_14 | 2   10      3709.16 1302.62 1666.68         5000
worker_5  | g=6, diversidad=7.917619126730118, C1=1.9800988988399801, C2=1.0358594461633523
worker_5  | 6   10      2300.28 1369.79 0.47965         5000
worker_9  | g=1, diversidad=6.522214295133827, C1=1.536101970948827, C2=1.47358328823639
worker_9  | 1   10      3376.86 433.487 2333.36         4000
worker_1  | g=4, diversidad=6.5793051185572216, C1=1.6529056849923296, C2=1.3512167384658322
worker_1  | 4   10      3267.02 1575.98 0.278513        5000
worker_15 | g=0, diversidad=5.736028799161929, C1=1.8106969635314276, C2=1.5343698649375266
worker_15 | gen evals   avg     std     min             max
worker_15 | 0   10      2666.93 1856.02 0.00166858      5000
worker_3  | g=0, diversidad=8.622560658776601, C1=1.7425850839819428, C2=1.559272730992605
worker_3  | gen evals   avg     std     min             max
worker_3  | 0   10      2166.71 1887.09 0.00166858      5000
worker_12 | g=5, diversidad=5.8255495277268095, C1=1.493009511316647, C2=1.4913395135612624
worker_12 | 5   10      3900.12 1202.21 1666.67         5000
worker_16 | g=7, diversidad=5.5404837726084155, C1=1.0516959247924764, C2=1.4692239306647397
worker_16 | 7   10      3766.7  894.996 2333.65         5000
worker_16 | defaultdict(<class 'deap.tools.support.Logbook'>, {})
worker_16 | poblacion enviada...  0.0016685838296422127
worker_16 | poblacion recibida...  PSO PSO-6
worker_16 | primero diversidad 5.605828202964703
worker_8  | g=2, diversidad=7.655849258396461, C1=1.2833203956013808, C2=1.0951934566355477
worker_8  | 2   10      3300.31 982.339 1667.79         5000
worker_6  | g=5, diversidad=7.844262451430637, C1=1.278473266894106, C2=1.524718860379394
worker_6  | 5   10      2574.27 1388.74 667.992         5000
worker_10 | g=0, diversidad=6.429908449843937, C1=1.6472727521161383, C2=1.0071258462968196
worker_10 | gen evals   avg     std     min             max
worker_10 | 0   10      2966.74 2078.74 0.00166858      5000
worker_2  | g=0, diversidad=6.552762552593682, C1=1.261936119618435, C2=1.1570004545186814
worker_2  | gen evals   avg     std     min             max
worker_2  | 0   10      3300    2193.17 0.00166858      5000
worker_14 | g=3, diversidad=6.169491375300941, C1=1.4583340632220643, C2=1.7463073024494027
worker_14 | 3   10      4100.1  789.418 3000            5000
worker_9  | g=2, diversidad=6.307686476194442, C1=1.536101970948827, C2=1.47358328823639
worker_9  | 2   10      3966.68 1037.61 1666.69         5000
worker_4  | g=0, diversidad=5.176176486826666, C1=1.9647299879875288, C2=1.563497339375534
worker_4  | gen evals   avg     std     min             max
worker_4  | 0   10      2133.39 1790.09 0.00166858      5000
worker_5  | g=7, diversidad=8.181827972427007, C1=1.9800988988399801, C2=1.0358594461633523
worker_5  | 7   10      3966.7  887.546 2000            5000
worker_5  | defaultdict(<class 'deap.tools.support.Logbook'>, {})
worker_5  | poblacion enviada...  0.0016685838296422127
worker_5  | poblacion recibida...  PSO PSO-13
worker_5  | primero diversidad 4.968992340955343
worker_1  | g=5, diversidad=7.278603248030111, C1=1.6529056849923296, C2=1.3512167384658322
worker_1  | 5   10      2966.8  1494.07 0.0711418       5000
worker_10 | g=1, diversidad=7.461305563468934, C1=1.6472727521161383, C2=1.0071258462968196
worker_10 | 1   10      4066.68 1314.85 1666.67         5000
worker_3  | g=1, diversidad=7.383913194951992, C1=1.7425850839819428, C2=1.559272730992605
worker_3  | 1   10      3100.13 1653.55 0.0152956       5000
worker_12 | g=6, diversidad=6.182944060103639, C1=1.493009511316647, C2=1.4913395135612624
worker_12 | 6   10      3400.16 1678.57 0.144234        5000
worker_14 | g=4, diversidad=7.4460424484944, C1=1.4583340632220643, C2=1.7463073024494027
worker_14 | 4   10      3900.39 1291.25 1666.68         5000
worker_6  | g=6, diversidad=8.19069544385626, C1=1.278473266894106, C2=1.524718860379394
worker_6  | 6   10      3470.3  1230.15 1666.67         5000
worker_8  | g=3, diversidad=5.245314475383016, C1=1.2833203956013808, C2=1.0951934566355477
worker_8  | 3   10      3300.12 1642.76 0.0313522       5000
worker_15 | g=1, diversidad=5.827869992671024, C1=1.8106969635314276, C2=1.5343698649375266
worker_15 | 1   10      3733.34 1404.75 0.0113659       5000
worker_9  | g=3, diversidad=4.694779933063761, C1=1.536101970948827, C2=1.47358328823639
worker_9  | 3   10      3733.35 1372.74 1666.67         5000
worker_16 | g=0, diversidad=5.605828202964703, C1=1.0516959247924764, C2=1.4692239306647397
worker_16 | gen evals   avg     std     min             max
worker_16 | 0   10      2538.43 1835.32 0.00166858      5000
worker_2  | g=1, diversidad=6.428546519717242, C1=1.261936119618435, C2=1.1570004545186814
worker_2  | 1   10      3133.41 1221.96 1666.67         5000
worker_4  | g=1, diversidad=5.91889471334039, C1=1.9647299879875288, C2=1.563497339375534
worker_4  | 1   10      3633.34 1580.78 0.0103496       5000
worker_10 | g=2, diversidad=6.327774315116699, C1=1.6472727521161383, C2=1.0071258462968196
worker_10 | 2   10      3866.99 1230.73 1666.68         5000
worker_1  | g=6, diversidad=7.157374705562926, C1=1.6529056849923296, C2=1.3512167384658322
worker_1  | 6   10      3667.08 1021.84 2000            5000
worker_3  | g=2, diversidad=5.51101363301209, C1=1.7425850839819428, C2=1.559272730992605
worker_3  | 2   10      3967.22 1187.06 1666.67         5000
worker_12 | g=7, diversidad=6.526774227994232, C1=1.493009511316647, C2=1.4913395135612624
worker_12 | 7   10      3042.18 1918.66 0.0169744       5000
worker_12 | defaultdict(<class 'deap.tools.support.Logbook'>, {})
worker_12 | poblacion enviada...  0.002278706426321196
worker_12 | poblacion recibida...  PSO PSO-9
worker_12 | primero diversidad 5.302437214779487
worker_6  | g=7, diversidad=8.049151561387346, C1=1.278473266894106, C2=1.524718860379394
worker_6  | 7   10      3942.45 1258.99 667.183         5000
worker_6  | defaultdict(<class 'deap.tools.support.Logbook'>, {})
worker_6  | poblacion enviada...  0.0020061119193552426
worker_6  | poblacion recibida...  PSO PSO-10
worker_6  | primero diversidad 7.475324011274222
worker_5  | g=0, diversidad=4.968992340955343, C1=1.9800988988399801, C2=1.0358594461633523
worker_5  | gen evals   avg     std     min             max
worker_5  | 0   10      2133.41 1726.97 0.00166858      5000
worker_16 | g=1, diversidad=5.601799721253292, C1=1.0516959247924764, C2=1.4692239306647397
worker_16 | 1   10      3733.54 1152.66 1666.7          5000
worker_9  | g=4, diversidad=5.313719168640834, C1=1.536101970948827, C2=1.47358328823639
worker_9  | 4   10      3800.03 1557.75 0.0136645       5000
worker_8  | g=4, diversidad=7.229604622232293, C1=1.2833203956013808, C2=1.0951934566355477
worker_8  | 4   10      4000.03 930.91  2333.49         5000
