worker_6  | g=0, diversidad=7.75229138836079, C1=1.0740825018090407, C2=1.1839667667678335
worker_6  | gen evals   avg     std     min             max
worker_6  | 0   10      2466.7  1886.79 0.00295102      5000
worker_14 | g=2, diversidad=5.850247451283181, C1=1.6295324388597012, C2=1.7497851362670889
worker_14 | 2   10      3300.04 737.07  2333.35         5000
worker_16 | g=3, diversidad=5.032107076211867, C1=1.8814061764927186, C2=1.8918791760146643
worker_16 | 3   10      3100.24 1265.34 1333.67         5000
worker_3  | g=2, diversidad=5.089524416230813, C1=1.606264906630175, C2=1.238719960176915
worker_3  | 2   10      3066.69 1658.63 0.0707611       5000
worker_7  | g=4, diversidad=7.270511416831005, C1=1.438177556207917, C2=1.8584198393509963
worker_7  | 4   10      3066.99 1280.29 1666.69         5000
worker_9  | g=1, diversidad=5.891701028493927, C1=1.5197137766872286, C2=1.6113166660202995
worker_9  | 1   10      2366.69 1120.01 666.669         4000
worker_5  | g=3, diversidad=5.473781067190455, C1=1.4451573634397925, C2=1.652498790802236
worker_5  | 3   10      2800.02 1950.48 0.00427272      5000
worker_1  | g=0, diversidad=6.450733662718735, C1=1.557807462715763, C2=1.7474213236445741
worker_1  | gen evals   avg     std     min             max
worker_1  | 0   10      2466.7  2028.67 0.00393278      5000
worker_15 | g=3, diversidad=4.847379571277756, C1=1.7271826135985369, C2=1.5927193654197849
worker_15 | 3   10      3233.84 1592.01 0.0335467       5000
worker_2  | g=1, diversidad=13.928085393693957, C1=1.111420571361883, C2=1.0251930506849456
worker_2  | 1   10      2233.8  1886.17 0.00952628      5000
worker_12 | g=3, diversidad=5.480220874899456, C1=1.8989935789055492, C2=1.753257735417952
worker_12 | 3   10      3333.36 1825.71 0.0135771       5000
worker_4  | g=5, diversidad=5.111596447570864, C1=1.6523973744450218, C2=1.8433597543190645
worker_4  | 5   10      2067.01 1072.98 0.0562714       3335.06
worker_11 | g=6, diversidad=7.62128976953997, C1=1.3218320856639956, C2=1.2313405971448534
worker_11 | 6   10      2900.02 1640.12 0.0131792       5000
worker_13 | g=5, diversidad=6.655732550326872, C1=1.0506172041987447, C2=1.1833936041116422
worker_13 | 5   10      3233.35 1358.49 666.719         5000
worker_10 | g=7, diversidad=5.607814722583037, C1=1.090247090879127, C2=1.9850249010739445
worker_10 | 7   10      3267.12 1428.25 666.768         5000
worker_10 | defaultdict(<class 'deap.tools.support.Logbook'>, {})
worker_10 | poblacion enviada...  0.0029510230470672586
worker_10 | poblacion recibida...  PSO PSO-13
worker_10 | primero diversidad 5.059886503682317
worker_6  | g=1, diversidad=7.437359617329657, C1=1.0740825018090407, C2=1.1839667667678335
worker_6  | 1   10      2567.21 1932.13 0.0530662       5000
worker_14 | g=3, diversidad=6.082827528361565, C1=1.6295324388597012, C2=1.7497851362670889
worker_14 | 3   10      3233.81 1174.24 1333.67         5000
worker_3  | g=3, diversidad=4.975591031520174, C1=1.606264906630175, C2=1.238719960176915
worker_3  | 3   10      2597.01 1702.6  0.149857        5000
worker_16 | g=4, diversidad=5.877242751885458, C1=1.8814061764927186, C2=1.8918791760146643
worker_16 | 4   10      2633.51 1320.38 0.0203258       5000
worker_7  | g=5, diversidad=7.981773531504211, C1=1.438177556207917, C2=1.8584198393509963
worker_7  | 5   10      2467.08 1827.13 0.00727135      5000
worker_5  | g=4, diversidad=5.6151094982234, C1=1.4451573634397925, C2=1.652498790802236
worker_5  | 4   10      2966.72 1669.67 0.00836334      5000
worker_12 | g=4, diversidad=5.316423861666403, C1=1.8989935789055492, C2=1.753257735417952
worker_12 | 4   10      3000.07 1452.96 0.0282978       5000
worker_9  | g=2, diversidad=6.127236537756988, C1=1.5197137766872286, C2=1.6113166660202995
worker_9  | 2   10      2600.28 1435.89 666.685         5000
worker_6  | g=2, diversidad=7.882619673769036, C1=1.0740825018090407, C2=1.1839667667678335
worker_6  | 2   10      3500.18 1166.5  1666.68         5000
worker_2  | g=2, diversidad=10.475762249359581, C1=1.111420571361883, C2=1.0251930506849456
worker_2  | 2   10      2766.71 1453.29 0.292616        5000
worker_10 | g=0, diversidad=5.059886503682317, C1=1.090247090879127, C2=1.9850249010739445
worker_10 | gen evals   avg     std     min             max
worker_10 | 0   10      2566.79 1903.55 0.00295102      5000
worker_15 | g=4, diversidad=5.606275211869308, C1=1.7271826135985369, C2=1.5927193654197849
worker_15 | 4   10      1966.84 1608.72 0.0222521       5000
worker_4  | g=6, diversidad=5.094618478390155, C1=1.6523973744450218, C2=1.8433597543190645
worker_4  | 6   10      3100.06 1505.88 666.758         5000
worker_11 | g=7, diversidad=7.954385446184836, C1=1.3218320856639956, C2=1.2313405971448534
worker_11 | 7   10      2967.19 1486.7  0.0433961       5000
worker_11 | defaultdict(<class 'deap.tools.support.Logbook'>, {})
worker_11 | poblacion enviada...  0.0045447851442189345
worker_11 | poblacion recibida...  PSO PSO-6
worker_11 | primero diversidad 5.137774246649185
worker_1  | g=1, diversidad=7.089093630725934, C1=1.557807462715763, C2=1.7474213236445741
worker_1  | 1   10      2433.44 1570.88 0.0167895       5000
worker_13 | g=6, diversidad=7.231167328694677, C1=1.0506172041987447, C2=1.1833936041116422
worker_13 | 6   10      2340.92 796.766 1666.67         4000
worker_7  | g=6, diversidad=8.605592534426396, C1=1.438177556207917, C2=1.8584198393509963
worker_7  | 6   10      3133.54 1808.53 0.0276744       5000
worker_16 | g=5, diversidad=5.682395852129013, C1=1.8814061764927186, C2=1.8918791760146643
worker_16 | 5   10      2133.37 1593.03 0.0235608       4000
worker_14 | g=4, diversidad=7.307181960954804, C1=1.6295324388597012, C2=1.7497851362670889
worker_14 | 4   10      1666.73 1398.39 0.014092        5000
worker_5  | g=5, diversidad=5.4360564513720915, C1=1.4451573634397925, C2=1.652498790802236
worker_5  | 5   10      3366.86 1682.9  0.0669806       5000
worker_3  | g=4, diversidad=6.121172434755977, C1=1.606264906630175, C2=1.238719960176915
worker_3  | 4   10      2433.47 1505.84 0.0431939       5000
worker_12 | g=5, diversidad=5.946829243888541, C1=1.8989935789055492, C2=1.753257735417952
worker_12 | 5   10      2400.07 1749.89 0.0342143       5000
worker_6  | g=3, diversidad=5.458235893692194, C1=1.0740825018090407, C2=1.1839667667678335
worker_6  | 3   10      2900.1  1460.98 0.0669504       5000
worker_10 | g=1, diversidad=6.124729171169623, C1=1.090247090879127, C2=1.9850249010739445
worker_10 | 1   10      3533.55 1536.2  0.0111495       5000
worker_9  | g=3, diversidad=6.020275771130236, C1=1.5197137766872286, C2=1.6113166660202995
worker_9  | 3   10      3066.81 1280.63 1666.67         5000
worker_2  | g=3, diversidad=7.4064163789364645, C1=1.111420571361883, C2=1.0251930506849456
worker_2  | 3   10      3433.51 1366.44 666.731         5000
worker_11 | g=0, diversidad=5.137774246649185, C1=1.3218320856639956, C2=1.2313405971448534
worker_11 | gen evals   avg     std     min             max
worker_11 | 0   10      2566.68 1989.14 0.00454479      5000
worker_4  | g=7, diversidad=4.475583434793127, C1=1.6523973744450218, C2=1.8433597543190645
worker_4  | 7   10      2600.04 1271.88 0.171773        5000
worker_4  | defaultdict(<class 'deap.tools.support.Logbook'>, {})
worker_4  | poblacion enviada...  0.003932779897664018
worker_4  | poblacion recibida...  PSO PSO-10
worker_4  | primero diversidad 5.745340110267691
worker_15 | g=5, diversidad=5.190453781516748, C1=1.7271826135985369, C2=1.5927193654197849
worker_15 | 5   10      2716.55 1523.89 0.0215174       5000
worker_1  | g=2, diversidad=6.891551794468323, C1=1.557807462715763, C2=1.7474213236445741
worker_1  | 2   10      2966.68 1448.74 0.0162037       5000
worker_16 | g=6, diversidad=5.920910757585366, C1=1.8814061764927186, C2=1.8918791760146643
worker_16 | 6   10      2833.57 1066.95 1666.67         5000
worker_7  | g=7, diversidad=8.559162870059067, C1=1.438177556207917, C2=1.8584198393509963
worker_7  | 7   10      2839.03 1495.7  0.00953969      5000
worker_7  | defaultdict(<class 'deap.tools.support.Logbook'>, {})
worker_7  | poblacion enviada...  0.0036310670176005633
worker_7  | poblacion recibida...  PSO PSO-9
worker_7  | primero diversidad 8.356653362192551
worker_3  | g=5, diversidad=5.918985775041677, C1=1.606264906630175, C2=1.238719960176915
worker_3  | 5   10      3467.07 1477.1  666.761         5000
worker_13 | g=7, diversidad=7.97191876360697, C1=1.0506172041987447, C2=1.1833936041116422
worker_13 | 7   10      1866.87 1230.93 0.0298207       4000
worker_13 | defaultdict(<class 'deap.tools.support.Logbook'>, {})
worker_13 | poblacion enviada...  0.0036310670176005633
worker_13 | poblacion recibida...  PSO PSO-14
worker_13 | primero diversidad 6.8031284333633355
worker_5  | g=6, diversidad=6.802400416922891, C1=1.4451573634397925, C2=1.652498790802236
worker_5  | 6   10      2966.85 1486.5  0.636887        5000
worker_14 | g=5, diversidad=7.904812241600076, C1=1.6295324388597012, C2=1.7497851362670889
worker_14 | 5   10      2200.15 1431.31 0.0867862       5000
worker_9  | g=4, diversidad=6.220182169555591, C1=1.5197137766872286, C2=1.6113166660202995
worker_9  | 4   10      3233.41 1938.11 0.0231395       5000
worker_10 | g=2, diversidad=5.8442196762532195, C1=1.090247090879127, C2=1.9850249010739445
worker_10 | 2   10      2801.7  1424.19 0.0630366       5000
worker_2  | g=4, diversidad=8.532325282489188, C1=1.111420571361883, C2=1.0251930506849456
worker_2  | 4   10      3637.03 1893.06 0.37677         5000
worker_12 | g=6, diversidad=6.30705471905015, C1=1.8989935789055492, C2=1.753257735417952
worker_12 | 6   10      2700.73 1662.54 0.0243292       5000
worker_6  | g=4, diversidad=6.456349759288805, C1=1.0740825018090407, C2=1.1839667667678335
worker_6  | 4   10      3000.46 1264.83 0.688976        5000
worker_15 | g=6, diversidad=5.14225174157178, C1=1.7271826135985369, C2=1.5927193654197849
worker_15 | 6   10      2900.19 1535    0.00659942      5000
worker_11 | g=1, diversidad=6.623528108437655, C1=1.3218320856639956, C2=1.2313405971448534
worker_11 | 1   10      2867.34 1383.6  0.0186041       5000
worker_1  | g=3, diversidad=6.650738938096749, C1=1.557807462715763, C2=1.7474213236445741
worker_1  | 3   10      2067.21 1451.76 0.00857375      3335.15
worker_4  | g=0, diversidad=7.055024510642509, C1=1.6523973744450218, C2=1.8433597543190645
worker_4  | gen evals   avg     std     min             max
worker_4  | 0   10      1400.03 1280.63 0.00363107      3333.34
worker_13 | g=0, diversidad=6.8031284333633355, C1=1.0506172041987447, C2=1.1833936041116422
worker_13 | gen evals   avg     std     min             max
worker_13 | 0   10      1667.16 1972.25 0.00363107      5000
worker_7  | g=0, diversidad=8.356653362192551, C1=1.438177556207917, C2=1.8584198393509963
worker_7  | gen evals   avg     std     min             max
worker_7  | 0   10      1733.37 1836.67 0.00363107      5000
worker_2  | g=5, diversidad=9.505019780655516, C1=1.111420571361883, C2=1.0251930506849456
worker_2  | 5   10      3567.27 1505.77 0.236691        5000
worker_9  | g=5, diversidad=5.565521557917208, C1=1.5197137766872286, C2=1.6113166660202995
worker_9  | 5   10      2700    1702.61 0.0289941       5000
worker_16 | g=7, diversidad=6.695577907428905, C1=1.8814061764927186, C2=1.8918791760146643
worker_16 | 7   10      3066.79 1540.45 0.00346398      5000
worker_16 | defaultdict(<class 'deap.tools.support.Logbook'>, {})
worker_16 | poblacion enviada...  0.0034639795880161196
worker_16 | poblacion recibida...  PSO PSO-15
worker_16 | primero diversidad 7.246695806179021
worker_3  | g=6, diversidad=6.064037810192552, C1=1.606264906630175, C2=1.238719960176915
worker_3  | 6   10      3366.69 1311.89 0.0944939       5000
worker_14 | g=6, diversidad=7.0785236919860575, C1=1.6295324388597012, C2=1.7497851362670889
worker_14 | 6   10      2767.21 1719.63 0.0164465       5000
worker_6  | g=5, diversidad=6.875164331686092, C1=1.0740825018090407, C2=1.1839667667678335
worker_6  | 5   10      2733.77 1830.15 0.0446976       5000
worker_5  | g=7, diversidad=6.742786847627835, C1=1.4451573634397925, C2=1.652498790802236
worker_5  | 7   10      2233.52 1938.06 0.0158688       5000
worker_5  | defaultdict(<class 'deap.tools.support.Logbook'>, {})
worker_5  | poblacion enviada...  0.003932779897664018
worker_5  | poblacion recibida...  PSO PSO-4
worker_5  | primero diversidad 5.986932828970783
worker_15 | g=7, diversidad=4.803620350924371, C1=1.7271826135985369, C2=1.5927193654197849
worker_15 | 7   10      2573.9  1394.47 0.0275523       5000
worker_15 | defaultdict(<class 'deap.tools.support.Logbook'>, {})
worker_15 | poblacion enviada...  0.003932779897664018
worker_15 | poblacion recibida...  PSO PSO-3
worker_15 | primero diversidad 4.663986416627924
worker_10 | g=3, diversidad=5.123555162137763, C1=1.090247090879127, C2=1.9850249010739445
worker_10 | 3   10      2533.5  1066.65 0.0417272       3333.48
worker_12 | g=7, diversidad=6.2799938120013605, C1=1.8989935789055492, C2=1.753257735417952
worker_12 | 7   10      3233.61 1475.82 0.0103906       5000
worker_12 | defaultdict(<class 'deap.tools.support.Logbook'>, {})
worker_12 | poblacion enviada...  0.003932779897664018
worker_12 | poblacion recibida...  PSO PSO-1
worker_12 | primero diversidad 5.051990908136395
worker_11 | g=2, diversidad=5.815871516950231, C1=1.3218320856639956, C2=1.2313405971448534
worker_11 | 2   10      3134.54 1777.11 0.0238377       5000
worker_1  | g=4, diversidad=6.684990216671306, C1=1.557807462715763, C2=1.7474213236445741
worker_1  | 4   10      3100.05 966.619 1666.76         5000
worker_4  | g=1, diversidad=6.153753646835132, C1=1.6523973744450218, C2=1.8433597543190645
worker_4  | 1   10      2833.35 1674.97 0.00995588      5000
worker_2  | g=6, diversidad=10.067439854926764, C1=1.111420571361883, C2=1.0251930506849456
worker_2  | 6   10      2800.4  1462.24 0.0121768       5000
worker_13 | g=1, diversidad=6.562825115636605, C1=1.0506172041987447, C2=1.1833936041116422
worker_13 | 1   10      2700.37 1493.99 666.713         5000
worker_7  | g=1, diversidad=7.412568630159525, C1=1.438177556207917, C2=1.8584198393509963
worker_7  | 1   10      3133.35 1892.66 0.0421725       5000
worker_14 | g=7, diversidad=6.442924968716823, C1=1.6295324388597012, C2=1.7497851362670889
worker_14 | 7   10      2967.31 1940.07 0.0166584       5000
worker_14 | defaultdict(<class 'deap.tools.support.Logbook'>, {})
worker_14 | poblacion enviada...  0.0029510230470672586
worker_14 | poblacion recibida...  PSO PSO-11
worker_14 | primero diversidad 7.5202097257282166
worker_9  | g=6, diversidad=6.216060266813212, C1=1.5197137766872286, C2=1.6113166660202995
worker_9  | 6   10      2700.41 1377.67 667.34          5000
worker_15 | g=0, diversidad=5.913992720091342, C1=1.7271826135985369, C2=1.5927193654197849
worker_15 | gen evals   avg     std     min             max
worker_15 | 0   10      2566.67 2251.17 0.00295102      5000
worker_10 | g=4, diversidad=5.179612944302465, C1=1.090247090879127, C2=1.9850249010739445
worker_10 | 4   10      2903.14 1255.95 6.25871         5000
worker_3  | g=7, diversidad=6.656372933425657, C1=1.606264906630175, C2=1.238719960176915
worker_3  | 7   10      1500.12 1572.32 0.0317086       5000
worker_3  | defaultdict(<class 'deap.tools.support.Logbook'>, {})
worker_3  | poblacion enviada...  0.003932779897664018
worker_3  | poblacion recibida...  PSO PSO-8
worker_3  | primero diversidad 5.752123259676742
worker_5  | g=0, diversidad=7.394012780786529, C1=1.4451573634397925, C2=1.652498790802236
worker_5  | gen evals   avg     std     min             max
worker_5  | 0   10      2700.17 1766.62 0.00363107      5000
worker_6  | g=6, diversidad=6.611482238017371, C1=1.0740825018090407, C2=1.1839667667678335
worker_6  | 6   10      2772.25 2083.45 0.0462465       5000
worker_11 | g=3, diversidad=4.4537386426922225, C1=1.3218320856639956, C2=1.2313405971448534
worker_11 | 3   10      3037.7  1605.9  0.0118772       5000
worker_16 | g=0, diversidad=7.670786726546683, C1=1.8814061764927186, C2=1.8918791760146643
worker_16 | gen evals   avg     std     min             max
worker_16 | 0   10      1400.04 1297.87 0.00295102      4000
worker_12 | g=0, diversidad=5.051990908136395, C1=1.8989935789055492, C2=1.753257735417952
worker_12 | gen evals   avg     std     min             max
worker_12 | 0   10      2100.25 1770.48 0.00393278      5000
worker_4  | g=2, diversidad=5.210537245335094, C1=1.6523973744450218, C2=1.8433597543190645
worker_4  | 2   10      2833.35 1674.97 0.00539669      5000
worker_1  | g=5, diversidad=7.477594377679851, C1=1.557807462715763, C2=1.7474213236445741
worker_1  | 5   10      2433.74 1274.04 0.0069728       5000
worker_7  | g=2, diversidad=4.761612776052231, C1=1.438177556207917, C2=1.8584198393509963
worker_7  | 2   10      2900.44 1801.64 0.0110031       5000
worker_14 | g=0, diversidad=7.5202097257282166, C1=1.6295324388597012, C2=1.7497851362670889
worker_14 | gen evals   avg     std     min             max
worker_14 | 0   10      2800.04 2217.11 0.00295102      5000
worker_2  | g=7, diversidad=10.996826224857106, C1=1.111420571361883, C2=1.0251930506849456
worker_2  | 7   10      2633.71 1911.72 0.0948416       5000
worker_2  | defaultdict(<class 'deap.tools.support.Logbook'>, {})
worker_2  | poblacion enviada...  0.0036310670176005633
worker_2  | poblacion recibida...  PSO PSO-7
worker_2  | primero diversidad 9.879501901036521
worker_13 | g=2, diversidad=5.575662302992352, C1=1.0506172041987447, C2=1.1833936041116422
worker_13 | 2   10      2317.11 1326.11 0.121174        5000
worker_9  | g=7, diversidad=6.191009431466911, C1=1.5197137766872286, C2=1.6113166660202995
worker_9  | 7   10      3266.85 1314.78 667.051         5000
worker_9  | defaultdict(<class 'deap.tools.support.Logbook'>, {})
worker_9  | poblacion enviada...  0.0029510230470672586
worker_9  | poblacion recibida...  PSO PSO-2
worker_9  | primero diversidad 6.560032177562137
worker_15 | g=1, diversidad=5.343900565729698, C1=1.7271826135985369, C2=1.5927193654197849
worker_15 | 1   10      2467.21 748.419 1666.7          3336.18
worker_3  | g=0, diversidad=6.988856828109644, C1=1.606264906630175, C2=1.238719960176915
worker_3  | gen evals   avg     std     min             max
worker_3  | 0   10      1467.22 1507.43 0.00295102      4000
worker_10 | g=5, diversidad=5.425173763717421, C1=1.090247090879127, C2=1.9850249010739445
worker_10 | 5   10      2900.05 1527.86 0.0172997       5000
worker_6  | g=7, diversidad=6.738848061817033, C1=1.0740825018090407, C2=1.1839667667678335
worker_6  | 7   10      2533.68 1868.7  0.254924        5000
worker_6  | defaultdict(<class 'deap.tools.support.Logbook'>, {})
worker_6  | poblacion enviada...  0.0029510230470672586
worker_6  | poblacion recibida...  PSO PSO-12
worker_6  | primero diversidad 6.4213537704530586
worker_16 | g=1, diversidad=6.29230051372981, C1=1.8814061764927186, C2=1.8918791760146643
worker_16 | 1   10      2900.14 1891.72 0.0192626       5000
worker_5  | g=1, diversidad=6.364348227551194, C1=1.4451573634397925, C2=1.652498790802236
worker_5  | 1   10      2933.69 742.529 1666.67         4000
worker_11 | g=4, diversidad=5.421874687417846, C1=1.3218320856639956, C2=1.2313405971448534
worker_11 | 4   10      3033.59 1516.21 0.149468        5000
worker_12 | g=1, diversidad=6.475027531716107, C1=1.8989935789055492, C2=1.753257735417952
worker_12 | 1   10      2600.15 1356.52 0.0263325       5000
worker_4  | g=3, diversidad=4.591491092700391, C1=1.6523973744450218, C2=1.8433597543190645
worker_4  | 3   10      2733.48 1830.61 0.00558303      5000
worker_14 | g=1, diversidad=7.141442102374349, C1=1.6295324388597012, C2=1.7497851362670889
worker_14 | 1   10      2866.69 2114.48 0.0372487       5000
worker_13 | g=3, diversidad=4.038036008685645, C1=1.0506172041987447, C2=1.1833936041116422
worker_13 | 3   10      3700.33 1129.57 2333.35         5000
worker_7  | g=3, diversidad=4.955980903870783, C1=1.438177556207917, C2=1.8584198393509963
worker_7  | 3   10      2633.57 1370    0.0187793       5000
worker_1  | g=6, diversidad=6.5938029867435155, C1=1.557807462715763, C2=1.7474213236445741
worker_1  | 6   10      2700.15 1369.82 0.0532427       5000
worker_2  | g=0, diversidad=9.879501901036521, C1=1.111420571361883, C2=1.0251930506849456
worker_2  | gen evals   avg     std     min             max
worker_2  | 0   10      1564.02 1460.14 0.00363107      5000
worker_9  | g=0, diversidad=6.560032177562137, C1=1.5197137766872286, C2=1.6113166660202995
worker_9  | gen evals   avg     std     min             max
worker_9  | 0   10      1800.03 1783.87 0.00295102      5000
worker_15 | g=2, diversidad=4.4742869341952245, C1=1.7271826135985369, C2=1.5927193654197849
worker_15 | 2   10      3200.01 1733.32 0.0451661       5000
worker_3  | g=1, diversidad=7.1320517376528665, C1=1.606264906630175, C2=1.238719960176915
worker_3  | 1   10      2700.17 2057.18 0.0607235       5000
worker_10 | g=6, diversidad=5.511301528069742, C1=1.090247090879127, C2=1.9850249010739445
worker_10 | 6   10      3366.96 1587.62 666.831         5000
worker_16 | g=2, diversidad=4.4830619826569595, C1=1.8814061764927186, C2=1.8918791760146643
worker_16 | 2   10      2733.47 1297.76 1666.68         5000
worker_5  | g=2, diversidad=6.024386758041028, C1=1.4451573634397925, C2=1.652498790802236
worker_5  | 2   10      3700.06 1508.83 0.0150847       5000
worker_6  | g=0, diversidad=6.4213537704530586, C1=1.0740825018090407, C2=1.1839667667678335
worker_6  | gen evals   avg     std     min             max
worker_6  | 0   10      1800.27 1392.27 0.00295102      3334.48
worker_14 | g=2, diversidad=5.463782770695083, C1=1.6295324388597012, C2=1.7497851362670889
worker_14 | 2   10      3934.14 951.686 2333.34         5000
worker_11 | g=5, diversidad=5.251142225909647, C1=1.3218320856639956, C2=1.2313405971448534
worker_11 | 5   10      2066.8  1525.95 0.0230527       4000
worker_12 | g=2, diversidad=6.11709097178131, C1=1.8989935789055492, C2=1.753257735417952
worker_12 | 2   10      2500.05 1376.37 0.0485606       5000
worker_13 | g=4, diversidad=4.826392593452937, C1=1.0506172041987447, C2=1.1833936041116422
worker_13 | 4   10      2688.66 1688.17 0.0100504       5000
worker_4  | g=4, diversidad=6.049605024828352, C1=1.6523973744450218, C2=1.8433597543190645
worker_4  | 4   10      2566.69 1660.3  0.0124149       5000
worker_7  | g=4, diversidad=5.539237737502104, C1=1.438177556207917, C2=1.8584198393509963
worker_7  | 4   10      2533.47 1578.98 0.0056258       5000
worker_1  | g=7, diversidad=6.800373183055386, C1=1.557807462715763, C2=1.7474213236445741
worker_1  | 7   10      2666.71 1855.89 0.0539496       5000
worker_1  | defaultdict(<class 'deap.tools.support.Logbook'>, {})
worker_1  | poblacion enviada...  0.003932779897664018
worker_1  | poblacion recibida...  PSO PSO-5
worker_1  | primero diversidad 7.038526064396805
worker_2  | g=1, diversidad=8.90786504509343, C1=1.111420571361883, C2=1.0251930506849456
worker_2  | 1   10      2900.48 1570.95 0.249308        5000
worker_9  | g=1, diversidad=7.6946301152705585, C1=1.5197137766872286, C2=1.6113166660202995
worker_9  | 1   10      3433.86 1519.99 0.0177411       5000
worker_15 | g=3, diversidad=4.313503528444204, C1=1.7271826135985369, C2=1.5927193654197849
worker_15 | 3   10      2866.83 1606.87 0.021966        5000
worker_10 | g=7, diversidad=5.840833111511394, C1=1.090247090879127, C2=1.9850249010739445
worker_10 | 7   10      3033.52 1523.55 0.0140182       5000
worker_10 | defaultdict(<class 'deap.tools.support.Logbook'>, {})
worker_10 | poblacion enviada...  0.0029510230470672586
worker_10 | poblacion recibida...  PSO PSO-13
worker_10 | primero diversidad 4.235802722473856
worker_6  | g=1, diversidad=7.212110411334199, C1=1.0740825018090407, C2=1.1839667667678335
worker_6  | 1   10      3567.12 1577.88 0.0585257       5000
worker_3  | g=2, diversidad=5.860176404922706, C1=1.606264906630175, C2=1.238719960176915
worker_3  | 2   10      3033.37 1785.4  0.0594217       5000
worker_16 | g=3, diversidad=5.070380973614938, C1=1.8814061764927186, C2=1.8918791760146643
worker_16 | 3   10      2400.24 1685.33 0.0075671       5000
worker_12 | g=3, diversidad=5.627545957207545, C1=1.8989935789055492, C2=1.753257735417952
worker_12 | 3   10      2567.56 1751.23 0.0102364       5000
worker_13 | g=5, diversidad=5.400584629228393, C1=1.0506172041987447, C2=1.1833936041116422
worker_13 | 5   10      3315.68 1643.69 0.0618337       5000
worker_11 | g=6, diversidad=4.955738198566201, C1=1.3218320856639956, C2=1.2313405971448534
worker_11 | 6   10      3066.84 1590.25 0.0595754       5000
worker_14 | g=3, diversidad=5.79971871102766, C1=1.6295324388597012, C2=1.7497851362670889
worker_14 | 3   10      2733.48 1297.91 0.00689171      5000
worker_5  | g=3, diversidad=6.182769889364447, C1=1.4451573634397925, C2=1.652498790802236
worker_5  | 3   10      3533.4  1326.56 1666.79         5000
worker_4  | g=5, diversidad=5.797120790050643, C1=1.6523973744450218, C2=1.8433597543190645
worker_4  | 5   10      2600.27 1511.26 0.0538069       5000
worker_2  | g=2, diversidad=8.213693319272728, C1=1.111420571361883, C2=1.0251930506849456
worker_2  | 2   10      2867.05 1733.41 0.0138461       5000
worker_1  | g=0, diversidad=7.038526064396805, C1=1.557807462715763, C2=1.7474213236445741
worker_1  | gen evals   avg     std     min             max
worker_1  | 0   10      2233.46 1825.99 0.00393278      5000
worker_15 | g=4, diversidad=5.500915044960177, C1=1.7271826135985369, C2=1.5927193654197849
worker_15 | 4   10      2740.5  1491.69 0.0216867       5000
worker_7  | g=5, diversidad=5.091072590345205, C1=1.438177556207917, C2=1.8584198393509963
worker_7  | 5   10      3000.35 1229.31 1333.5          5000
worker_6  | g=2, diversidad=6.289950923170235, C1=1.0740825018090407, C2=1.1839667667678335
worker_6  | 2   10      2600.23 1737.26 0.0128743       5000
worker_9  | g=2, diversidad=5.971396709937467, C1=1.5197137766872286, C2=1.6113166660202995
worker_9  | 2   10      2166.85 1454.88 0.0115491       5000
worker_16 | g=4, diversidad=6.032902432686122, C1=1.8814061764927186, C2=1.8918791760146643
worker_16 | 4   10      3166.91 1688.18 0.00862479      5000
worker_3  | g=3, diversidad=5.139276125157179, C1=1.606264906630175, C2=1.238719960176915
worker_3  | 3   10      2600.18 1443.65 0.0395168       5000
worker_10 | g=0, diversidad=4.235802722473856, C1=1.090247090879127, C2=1.9850249010739445
worker_10 | gen evals   avg     std     min             max
worker_10 | 0   10      1800.07 1620.69 0.00295102      5000
worker_4  | g=6, diversidad=5.495289275815246, C1=1.6523973744450218, C2=1.8433597543190645
worker_4  | 6   10      3400.49 1306.29 1666.68         5000
worker_14 | g=4, diversidad=6.470700954655458, C1=1.6295324388597012, C2=1.7497851362670889
worker_14 | 4   10      2467.12 1667.99 0.0895661       5000
worker_12 | g=4, diversidad=4.6664451748539655, C1=1.8989935789055492, C2=1.753257735417952
worker_12 | 4   10      2833.34 991.623 1666.67         5000
worker_13 | g=6, diversidad=5.839180226505199, C1=1.0506172041987447, C2=1.1833936041116422
worker_13 | 6   10      2333.35 1757.51 0.0136585       5000
worker_11 | g=7, diversidad=5.342901856553315, C1=1.3218320856639956, C2=1.2313405971448534
worker_11 | 7   10      1967.55 1394.68 0.0231418       3340.26
worker_11 | defaultdict(<class 'deap.tools.support.Logbook'>, {})
worker_11 | poblacion enviada...  0.0045447851442189345
worker_11 | poblacion recibida...  PSO PSO-6
worker_11 | primero diversidad 5.702254575144611
worker_5  | g=4, diversidad=6.616391438704768, C1=1.4451573634397925, C2=1.652498790802236
worker_5  | 4   10      2800.2  1777.65 0.00572616      5000
worker_15 | g=5, diversidad=5.126588273664208, C1=1.7271826135985369, C2=1.5927193654197849
worker_15 | 5   10      2666.69 1527.53 0.0079484       5000
worker_1  | g=1, diversidad=7.636782172750957, C1=1.557807462715763, C2=1.7474213236445741
worker_1  | 1   10      2900.17 1460.91 0.0186309       5000
worker_6  | g=3, diversidad=3.860287922331124, C1=1.0740825018090407, C2=1.1839667667678335
worker_6  | 3   10      3133.83 1507.06 0.0138603       5000
worker_2  | g=3, diversidad=5.861199538466412, C1=1.111420571361883, C2=1.0251930506849456
worker_2  | 3   10      2766.78 1498.43 0.114212        5000
worker_7  | g=6, diversidad=5.992537138812889, C1=1.438177556207917, C2=1.8584198393509963
worker_7  | 6   10      2700.05 1594.75 0.0406307       5000
worker_16 | g=5, diversidad=5.828999010171533, C1=1.8814061764927186, C2=1.8918791760146643
worker_16 | 5   10      3233.51 2206.05 0.0758674       5000
worker_9  | g=3, diversidad=6.367048030657491, C1=1.5197137766872286, C2=1.6113166660202995
worker_9  | 3   10      1866.77 1407.92 0.0324318       4000
worker_3  | g=4, diversidad=5.885226156171655, C1=1.606264906630175, C2=1.238719960176915
worker_3  | 4   10      3133.36 2034.13 0.0101538       5000
worker_12 | g=5, diversidad=5.29680289578438, C1=1.8989935789055492, C2=1.753257735417952
worker_12 | 5   10      3133.38 1613.8  0.0249063       5000
worker_14 | g=5, diversidad=6.205011933193733, C1=1.6295324388597012, C2=1.7497851362670889
worker_14 | 5   10      2233.48 1972.16 0.0322828       5000
worker_10 | g=1, diversidad=5.9478453021540965, C1=1.090247090879127, C2=1.9850249010739445
worker_10 | 1   10      2100.24 1577.93 0.0147892       5000
worker_13 | g=7, diversidad=6.439440755872513, C1=1.0506172041987447, C2=1.1833936041116422
worker_13 | 7   10      2266.74 2133.26 0.0129098       5000
worker_13 | defaultdict(<class 'deap.tools.support.Logbook'>, {})
worker_13 | poblacion enviada...  0.0036310670176005633
worker_13 | poblacion recibida...  PSO PSO-14
worker_13 | primero diversidad 5.324181274719969
worker_4  | g=7, diversidad=5.155321268406755, C1=1.6523973744450218, C2=1.8433597543190645
worker_4  | 7   10      2201.07 1309.34 0.185134        5000
worker_4  | defaultdict(<class 'deap.tools.support.Logbook'>, {})
worker_4  | poblacion enviada...  0.0036310670176005633
worker_4  | poblacion recibida...  PSO PSO-10
worker_4  | primero diversidad 5.204566490784857
worker_5  | g=5, diversidad=6.771961085314678, C1=1.4451573634397925, C2=1.652498790802236
worker_5  | 5   10      2766.82 1535    666.837         5000
worker_6  | g=4, diversidad=6.3687151539089815, C1=1.0740825018090407, C2=1.1839667667678335
worker_6  | 4   10      3600.1  1404.73 0.0192821       5000
worker_11 | g=0, diversidad=19.100959343200167, C1=1.3218320856639956, C2=1.2313405971448534
worker_11 | gen evals   avg     std     min             max
worker_11 | 0   10      2000.11 1632.97 0.00295102      5000
worker_2  | g=4, diversidad=6.154083581328033, C1=1.111420571361883, C2=1.0251930506849456
worker_2  | 4   10      3300.02 1538.03 0.0348473       5000
worker_15 | g=6, diversidad=4.646356146065926, C1=1.7271826135985369, C2=1.5927193654197849
worker_15 | 6   10      2566.78 1316.93 0.184897        4000
worker_1  | g=2, diversidad=6.526847564855538, C1=1.557807462715763, C2=1.7474213236445741
worker_1  | 2   10      3133.34 1713.99 0.00419248      5000
worker_7  | g=7, diversidad=5.465217533692072, C1=1.438177556207917, C2=1.8584198393509963
worker_7  | 7   10      2033.37 1649.57 0.00877568      5000
worker_7  | defaultdict(<class 'deap.tools.support.Logbook'>, {})
worker_7  | poblacion enviada...  0.0036310670176005633
worker_7  | poblacion recibida...  PSO PSO-9
worker_7  | primero diversidad 6.929260865347279
worker_16 | g=6, diversidad=5.237616564425942, C1=1.8814061764927186, C2=1.8918791760146643
worker_16 | 6   10      1566.93 1592.17 0.00804641      5000
worker_12 | g=6, diversidad=5.554938979668556, C1=1.8989935789055492, C2=1.753257735417952
worker_12 | 6   10      3500.24 1499.69 666.949         5000
worker_14 | g=6, diversidad=5.6499415171513085, C1=1.6295324388597012, C2=1.7497851362670889
worker_14 | 6   10      3100.12 1183.56 1666.7          5000
worker_9  | g=4, diversidad=7.154160561669446, C1=1.5197137766872286, C2=1.6113166660202995
worker_9  | 4   10      2300.11 1479.06 0.0201061       5000
worker_3  | g=5, diversidad=6.092676621905055, C1=1.606264906630175, C2=1.238719960176915
worker_3  | 5   10      2333.36 2113.43 0.00609265      5000
worker_10 | g=2, diversidad=5.12415968892331, C1=1.090247090879127, C2=1.9850249010739445
worker_10 | 2   10      2467.37 1667.32 0.0119025       5000
worker_5  | g=6, diversidad=6.388074804449871, C1=1.4451573634397925, C2=1.652498790802236
worker_5  | 6   10      2801.15 1342.89 0.0726964       5000
worker_6  | g=5, diversidad=7.032526044711095, C1=1.0740825018090407, C2=1.1839667667678335
worker_6  | 5   10      3633.56 1259.8  1666.69         5000
worker_4  | g=0, diversidad=5.204566490784857, C1=1.6523973744450218, C2=1.8433597543190645
worker_4  | gen evals   avg     std     min             max
worker_4  | 0   10      2466.71 2023.19 0.00363107      5000
worker_13 | g=0, diversidad=7.83982565554874, C1=1.0506172041987447, C2=1.1833936041116422
worker_13 | gen evals   avg     std     min             max
worker_13 | 0   10      2100.26 1770.54 0.00295102      5000
worker_15 | g=7, diversidad=4.9400218523740556, C1=1.7271826135985369, C2=1.5927193654197849
worker_15 | 7   10      3766.8  1505.79 0.00971759      5000
worker_15 | defaultdict(<class 'deap.tools.support.Logbook'>, {})
worker_15 | poblacion enviada...  0.0029510230470672586
worker_15 | poblacion recibida...  PSO PSO-3
worker_15 | primero diversidad 7.3457589311485965
worker_1  | g=3, diversidad=5.163160823613971, C1=1.557807462715763, C2=1.7474213236445741
worker_1  | 3   10      2433.67 1183.55 0.0175532       4000
worker_2  | g=5, diversidad=7.337483746003474, C1=1.111420571361883, C2=1.0251930506849456
worker_2  | 5   10      2201.54 1647.38 0.0467932       5000
worker_14 | g=7, diversidad=5.614430885421885, C1=1.6295324388597012, C2=1.7497851362670889
worker_14 | 7   10      4000.01 1527.52 0.0127878       5000
worker_14 | defaultdict(<class 'deap.tools.support.Logbook'>, {})
worker_14 | poblacion enviada...  0.0029510230470672586
worker_14 | poblacion recibida...  PSO PSO-11
worker_14 | primero diversidad 5.773626846354006
worker_11 | g=1, diversidad=15.279713441943066, C1=1.3218320856639956, C2=1.2313405971448534
worker_11 | 1   10      3266.79 1428.03 1.0481          5000
worker_12 | g=7, diversidad=6.301922200589203, C1=1.8989935789055492, C2=1.753257735417952
worker_12 | 7   10      3066.86 1518.77 666.715         5000
worker_12 | defaultdict(<class 'deap.tools.support.Logbook'>, {})
worker_12 | poblacion enviada...  0.003932779897664018
worker_12 | poblacion recibida...  PSO PSO-1
worker_12 | primero diversidad 6.091382611658526
worker_16 | g=7, diversidad=5.937990629480408, C1=1.8814061764927186, C2=1.8918791760146643
worker_16 | 7   10      3092.98 1411.74 0.0784894       5000
worker_16 | defaultdict(<class 'deap.tools.support.Logbook'>, {})
worker_16 | poblacion enviada...  0.0029510230470672586
worker_16 | poblacion recibida...  PSO PSO-15
worker_16 | primero diversidad 4.6959909770700685
worker_7  | g=0, diversidad=6.929260865347279, C1=1.438177556207917, C2=1.8584198393509963
worker_7  | gen evals   avg     std     min             max
worker_7  | 0   10      2400.02 2174.59 0.00363107      5000
worker_9  | g=5, diversidad=5.850847631936871, C1=1.5197137766872286, C2=1.6113166660202995
worker_9  | 5   10      3166.71 1740.01 0.013872        5000
worker_6  | g=6, diversidad=6.882446135365244, C1=1.0740825018090407, C2=1.1839667667678335
worker_6  | 6   10      2800.55 1640.96 0.00356962      5000
worker_10 | g=3, diversidad=4.2958251254845665, C1=1.090247090879127, C2=1.9850249010739445
worker_10 | 3   10      2933.35 1113.54 1666.68         5000
worker_5  | g=7, diversidad=6.0075178488754, C1=1.4451573634397925, C2=1.652498790802236
worker_5  | 7   10      3866.77 968.219 2333.48         5000
worker_5  | defaultdict(<class 'deap.tools.support.Logbook'>, {})
worker_5  | poblacion enviada...  0.0036310670176005633
worker_5  | poblacion recibida...  PSO PSO-4
worker_5  | primero diversidad 5.414643063753006
worker_3  | g=6, diversidad=5.529534685978574, C1=1.606264906630175, C2=1.238719960176915
worker_3  | 6   10      2266.79 1671.91 0.0354405       5000
worker_4  | g=1, diversidad=5.472776947353545, C1=1.6523973744450218, C2=1.8433597543190645
worker_4  | 1   10      2666.82 1527.52 0.123749        5000
worker_13 | g=1, diversidad=6.550793834483991, C1=1.0506172041987447, C2=1.1833936041116422
worker_13 | 1   10      3233.74 1174.22 1333.68         5000
worker_1  | g=4, diversidad=6.344830783619948, C1=1.557807462715763, C2=1.7474213236445741
worker_1  | 4   10      3800.17 1146.68 1668.12         5000
worker_15 | g=0, diversidad=7.3457589311485965, C1=1.7271826135985369, C2=1.5927193654197849
worker_15 | gen evals   avg     std     min             max
worker_15 | 0   10      1800.01 1514.37 0.00295102      4000
worker_14 | g=0, diversidad=5.773626846354006, C1=1.6295324388597012, C2=1.7497851362670889
worker_14 | gen evals   avg     std     min             max
worker_14 | 0   10      2400.06 1749.9  0.00295102      5000
worker_12 | g=0, diversidad=6.091382611658526, C1=1.8989935789055492, C2=1.753257735417952
worker_12 | gen evals   avg     std     min             max
worker_12 | 0   10      2200.16 1827.04 0.00393278      5000
worker_11 | g=2, diversidad=11.31843320167149, C1=1.3218320856639956, C2=1.2313405971448534
worker_11 | 2   10      3100.05 1316.96 666.739         5000
worker_16 | g=0, diversidad=4.6959909770700685, C1=1.8814061764927186, C2=1.8918791760146643
worker_16 | gen evals   avg     std     min             max
worker_16 | 0   10      1866.69 1407.92 0.00295102      4000
worker_9  | g=6, diversidad=6.502700505474362, C1=1.5197137766872286, C2=1.6113166660202995
worker_9  | 6   10      3766.83 1390.76 0.111691        5000
worker_10 | g=4, diversidad=5.776481039407297, C1=1.090247090879127, C2=1.9850249010739445
worker_10 | 4   10      3572.78 1673.16 4.17318         5000
worker_4  | g=2, diversidad=4.246645516363767, C1=1.6523973744450218, C2=1.8433597543190645
worker_4  | 2   10      3566.8  1390.8  1666.67         5000
worker_2  | g=6, diversidad=7.557021761994085, C1=1.111420571361883, C2=1.0251930506849456
worker_2  | 6   10      2833.42 1600.26 666.921         5000
worker_7  | g=1, diversidad=7.786975649278659, C1=1.438177556207917, C2=1.8584198393509963
worker_7  | 1   10      2533.44 1647.77 0.587134        5000
worker_5  | g=0, diversidad=7.239163163004684, C1=1.4451573634397925, C2=1.652498790802236
worker_5  | gen evals   avg     std     min             max
worker_5  | 0   10      2300.06 1785.43 0.00295102      5000
worker_1  | g=5, diversidad=6.042538650995735, C1=1.557807462715763, C2=1.7474213236445741
worker_1  | 5   10      3466.84 1231.03 1666.77         5000
worker_6  | g=7, diversidad=7.965682641285146, C1=1.0740825018090407, C2=1.1839667667678335
worker_6  | 7   10      2833.42 1600.27 0.162551        5000
worker_6  | defaultdict(<class 'deap.tools.support.Logbook'>, {})
worker_6  | poblacion enviada...  0.0029510230470672586
worker_6  | poblacion recibida...  PSO PSO-12
worker_6  | primero diversidad 5.752984371479473
worker_3  | g=7, diversidad=5.434570286041185, C1=1.606264906630175, C2=1.238719960176915
worker_3  | 7   10      2200.19 1543.43 0.0197475       5000
worker_3  | defaultdict(<class 'deap.tools.support.Logbook'>, {})
worker_3  | poblacion enviada...  0.0029510230470672586
worker_3  | poblacion recibida...  PSO PSO-8
worker_3  | primero diversidad 3.921588407915267
worker_13 | g=2, diversidad=5.511190806578615, C1=1.0506172041987447, C2=1.1833936041116422
worker_13 | 2   10      3466.81 1107.52 1666.75         5000
worker_14 | g=1, diversidad=5.861064084971106, C1=1.6295324388597012, C2=1.7497851362670889
worker_14 | 1   10      2867.43 956.063 1666.75         5000
worker_12 | g=1, diversidad=6.110156521497915, C1=1.8989935789055492, C2=1.753257735417952
worker_12 | 1   10      3466.69 1845.1  0.0121143       5000
worker_15 | g=1, diversidad=7.584949431740008, C1=1.7271826135985369, C2=1.5927193654197849
worker_15 | 1   10      2901.05 1730.76 9.30887         5000
worker_9  | g=7, diversidad=5.852525578344131, C1=1.5197137766872286, C2=1.6113166660202995
worker_9  | 7   10      2966.74 1888.19 0.0723166       5000
worker_9  | defaultdict(<class 'deap.tools.support.Logbook'>, {})
worker_9  | poblacion enviada...  0.0029510230470672586
worker_9  | poblacion recibida...  PSO PSO-2
worker_9  | primero diversidad 4.890429785829449
worker_16 | g=1, diversidad=5.152143110702827, C1=1.8814061764927186, C2=1.8918791760146643
worker_16 | 1   10      3000.04 1145.03 666.677         5000
worker_10 | g=5, diversidad=5.017866517224291, C1=1.090247090879127, C2=1.9850249010739445
worker_10 | 5   10      3166.82 1607.07 0.0213623       5000
worker_7  | g=2, diversidad=7.056719746168154, C1=1.438177556207917, C2=1.8584198393509963
worker_7  | 2   10      3633.34 1311.9  1666.69         5000
worker_4  | g=3, diversidad=4.742177812051096, C1=1.6523973744450218, C2=1.8433597543190645
worker_4  | 3   10      3300.16 1864.31 0.0122133       5000
worker_2  | g=7, diversidad=6.951737447574201, C1=1.111420571361883, C2=1.0251930506849456
worker_2  | 7   10      2700.48 1417.84 0.0116427       5000
worker_2  | defaultdict(<class 'deap.tools.support.Logbook'>, {})
worker_2  | poblacion enviada...  0.0036310670176005633
worker_2  | poblacion recibida...  PSO PSO-7
worker_2  | primero diversidad 5.550550023132585
worker_11 | g=3, diversidad=9.234860451659198, C1=1.3218320856639956, C2=1.2313405971448534
worker_11 | 3   10      2100.21 1011.49 1334.08         5000
worker_1  | g=6, diversidad=7.0781449807382835, C1=1.557807462715763, C2=1.7474213236445741
worker_1  | 6   10      3700.02 1760.34 0.0996002       5000
worker_5  | g=1, diversidad=6.459174423170585, C1=1.4451573634397925, C2=1.652498790802236
worker_5  | 1   10      2900.07 1949.62 0.036541        5000
worker_13 | g=3, diversidad=4.539790667829663, C1=1.0506172041987447, C2=1.1833936041116422
worker_13 | 3   10      2700.33 1828.57 0.0714199       5000
worker_14 | g=2, diversidad=4.911267058513602, C1=1.6295324388597012, C2=1.7497851362670889
worker_14 | 2   10      3133.48 1927.58 0.0327327       5000
worker_3  | g=0, diversidad=3.921588407915267, C1=1.606264906630175, C2=1.238719960176915
worker_3  | gen evals   avg     std     min             max
worker_3  | 0   10      1966.84 1900.12 0.00295102      5000
worker_6  | g=0, diversidad=5.752984371479473, C1=1.0740825018090407, C2=1.1839667667678335
worker_6  | gen evals   avg     std     min             max
worker_6  | 0   10      1866.72 1720.47 0.00295102      5000
worker_12 | g=2, diversidad=5.413330195603102, C1=1.8989935789055492, C2=1.753257735417952
worker_12 | 2   10      3066.81 1245.45 1666.67         5000
worker_4  | g=4, diversidad=4.884234917739961, C1=1.6523973744450218, C2=1.8433597543190645
worker_4  | 4   10      3166.69 1572.31 0.0779081       5000
worker_16 | g=2, diversidad=4.644606309829463, C1=1.8814061764927186, C2=1.8918791760146643
worker_16 | 2   10      3300.06 1425.49 1666.7          5000
worker_10 | g=6, diversidad=5.062773938108602, C1=1.090247090879127, C2=1.9850249010739445
worker_10 | 6   10      2733.37 1604.12 0.20983         5000
worker_15 | g=2, diversidad=6.487667629396412, C1=1.7271826135985369, C2=1.5927193654197849
worker_15 | 2   10      3066.7  1372.71 0.189307        5000
worker_9  | g=0, diversidad=4.890429785829449, C1=1.5197137766872286, C2=1.6113166660202995
worker_9  | gen evals   avg     std     min             max
worker_9  | 0   10      1000.06 1527.53 0.00295102      5000
worker_7  | g=3, diversidad=4.915889847247646, C1=1.438177556207917, C2=1.8584198393509963
worker_7  | 3   10      1900.37 1578.27 0.0139348       5000
worker_11 | g=4, diversidad=7.995553416303532, C1=1.3218320856639956, C2=1.2313405971448534
worker_11 | 4   10      3366.74 1277.52 1666.78         5000
worker_2  | g=0, diversidad=5.550550023132585, C1=1.111420571361883, C2=1.0251930506849456
worker_2  | gen evals   avg     std     min             max
worker_2  | 0   10      1533.6  1627.82 0.00363107      4000
worker_1  | g=7, diversidad=7.243662498953347, C1=1.557807462715763, C2=1.7474213236445741
worker_1  | 7   10      3234.98 1992.08 0.0357294       5000
worker_1  | defaultdict(<class 'deap.tools.support.Logbook'>, {})
worker_1  | poblacion enviada...  0.003932779897664018
worker_1  | poblacion recibida...  PSO PSO-5
worker_1  | primero diversidad 5.739817314860627
worker_14 | g=3, diversidad=5.349028873875417, C1=1.6295324388597012, C2=1.7497851362670889
worker_14 | 3   10      3342.72 1291.28 1666.68         5000
worker_13 | g=4, diversidad=6.0305274013592385, C1=1.0506172041987447, C2=1.1833936041116422
worker_13 | 4   10      3000.07 1659.91 0.320917        5000
worker_3  | g=1, diversidad=5.62315169673526, C1=1.606264906630175, C2=1.238719960176915
worker_3  | 1   10      2533.6  1745.95 0.0586723       5000
worker_5  | g=2, diversidad=4.683824785961786, C1=1.4451573634397925, C2=1.652498790802236
worker_5  | 2   10      3166.8  1376.24 1666.67         5000
worker_6  | g=1, diversidad=6.936788456605822, C1=1.0740825018090407, C2=1.1839667667678335
worker_6  | 1   10      3229.94 1137.77 1666.7          5000
worker_12 | g=3, diversidad=5.494085077197609, C1=1.8989935789055492, C2=1.753257735417952
worker_12 | 3   10      2933.85 1596.81 666.674         5000
worker_10 | g=7, diversidad=5.231045415693701, C1=1.090247090879127, C2=1.9850249010739445
worker_10 | 7   10      3200.53 1248.5  1666.68         5000
worker_10 | defaultdict(<class 'deap.tools.support.Logbook'>, {})
worker_10 | poblacion enviada...  0.0029510230470672586
worker_10 | poblacion recibida...  PSO PSO-13
worker_10 | primero diversidad 3.5493809210562186
worker_9  | g=1, diversidad=5.518099487315761, C1=1.5197137766872286, C2=1.6113166660202995
worker_9  | 1   10      2733.62 1890.16 0.0152791       5000
worker_4  | g=5, diversidad=5.441312949533292, C1=1.6523973744450218, C2=1.8433597543190645
worker_4  | 5   10      3400.07 1711.31 667.175         5000
worker_7  | g=4, diversidad=5.771154584062316, C1=1.438177556207917, C2=1.8584198393509963
worker_7  | 4   10      3200.21 1661.09 667.175         5000
worker_16 | g=3, diversidad=4.423780008886615, C1=1.8814061764927186, C2=1.8918791760146643
worker_16 | 3   10      2200.1  1550.6  0.113583        5000
worker_15 | g=3, diversidad=5.182690749459285, C1=1.7271826135985369, C2=1.5927193654197849
worker_15 | 3   10      1966.77 1985.69 0.00942727      5000
worker_1  | g=0, diversidad=5.739817314860627, C1=1.557807462715763, C2=1.7474213236445741
worker_1  | gen evals   avg     std     min             max
worker_1  | 0   10      1900.13 2092.63 0.00393278      5000
worker_2  | g=1, diversidad=7.067752860050423, C1=1.111420571361883, C2=1.0251930506849456
worker_2  | 1   10      2067.98 1372.41 0.143853        5000
worker_3  | g=2, diversidad=4.8843003130304234, C1=1.606264906630175, C2=1.238719960176915
worker_3  | 2   10      2466.69 1886.77 0.0507627       5000
worker_11 | g=5, diversidad=7.853837698182285, C1=1.3218320856639956, C2=1.2313405971448534
worker_11 | 5   10      2066.96 1645.14 0.00509362      5000
worker_5  | g=3, diversidad=4.905045665053324, C1=1.4451573634397925, C2=1.652498790802236
worker_5  | 3   10      3033.63 1791.51 0.0150861       5000
worker_6  | g=2, diversidad=6.747890674154966, C1=1.0740825018090407, C2=1.1839667667678335
worker_6  | 2   10      3168.66 1098.22 1666.71         5000
worker_14 | g=4, diversidad=5.8453377594496185, C1=1.6295324388597012, C2=1.7497851362670889
worker_14 | 4   10      2440.56 1394.68 68.568          5000
worker_13 | g=5, diversidad=6.874487041712751, C1=1.0506172041987447, C2=1.1833936041116422
worker_13 | 5   10      1300.2  1205.97 0.0303488       3333.36
worker_9  | g=2, diversidad=4.541183683368215, C1=1.5197137766872286, C2=1.6113166660202995
worker_9  | 2   10      2600.35 1518.85 0.0223747       5000
worker_10 | g=0, diversidad=3.5493809210562186, C1=1.090247090879127, C2=1.9850249010739445
worker_10 | gen evals   avg     std     min             max
worker_10 | 0   10      1800.23 1869.19 0.00295102      5000
worker_12 | g=4, diversidad=5.760086576104201, C1=1.8989935789055492, C2=1.753257735417952
worker_12 | 4   10      3000.06 1054.04 1666.67         5000
worker_7  | g=5, diversidad=5.765559961751173, C1=1.438177556207917, C2=1.8584198393509963
worker_7  | 5   10      2334.19 1333.2  0.456972        5000
worker_15 | g=4, diversidad=5.964534023994933, C1=1.7271826135985369, C2=1.5927193654197849
worker_15 | 4   10      2300.04 1840.56 0.0186444       5000
worker_4  | g=6, diversidad=5.406934396119192, C1=1.6523973744450218, C2=1.8433597543190645
worker_4  | 6   10      2866.72 1375.95 1333.4          5000
worker_16 | g=4, diversidad=5.564300909223691, C1=1.8814061764927186, C2=1.8918791760146643
worker_16 | 4   10      2866.7  1334.99 0.0121789       5000
worker_2  | g=2, diversidad=7.518968024574312, C1=1.111420571361883, C2=1.0251930506849456
worker_2  | 2   10      2800.47 1383.83 668.505         5000
worker_1  | g=1, diversidad=6.342511828902384, C1=1.557807462715763, C2=1.7474213236445741
worker_1  | 1   10      3800.08 1146.93 1666.75         5000
worker_3  | g=3, diversidad=4.605156149944633, C1=1.606264906630175, C2=1.238719960176915
worker_3  | 3   10      2606.31 1493.09 0.127279        5000
worker_11 | g=6, diversidad=8.193460906059665, C1=1.3218320856639956, C2=1.2313405971448534
worker_11 | 6   10      2533.37 1808.61 0.0256726       5000
worker_5  | g=4, diversidad=6.086744022661816, C1=1.4451573634397925, C2=1.652498790802236
worker_5  | 4   10      3233.41 1584.95 0.0477159       5000
worker_9  | g=3, diversidad=5.106161254498606, C1=1.5197137766872286, C2=1.6113166660202995
