worker_1  | g=6, diversidad=5.932474560539476, C1=1.557807462715763, C2=1.7474213236445741
worker_1  | 6   10      2250.58 1511.01 0.0490371       5000
worker_10 | g=4, diversidad=6.621125296190736, C1=1.090247090879127, C2=1.9850249010739445
worker_10 | 4   10      2066.79 1451.41 0.0320626       5000
worker_2  | g=7, diversidad=8.22217132354469, C1=1.111420571361883, C2=1.0251930506849456
worker_2  | 7   10      3033.4  1876.41 0.17077         5000
worker_2  | defaultdict(<class 'deap.tools.support.Logbook'>, {})
worker_2  | poblacion enviada...  0.004831691939547205
worker_2  | poblacion recibida...  PSO PSO-7
worker_2  | primero diversidad 6.204148284466243
worker_4  | g=3, diversidad=7.001126335690557, C1=1.6523973744450218, C2=1.8433597543190645
worker_4  | 3   10      2166.72 1335.43 0.0205709       4000
worker_5  | g=2, diversidad=7.6903509531167655, C1=1.4451573634397925, C2=1.652498790802236
worker_5  | 2   10      2466.7  1521.67 0.0330322       5000
worker_14 | g=1, diversidad=11.335705181093283, C1=1.6295324388597012, C2=1.7497851362670889
worker_14 | 1   10      3100.64 1475.69 0.168198        5000
worker_15 | g=0, diversidad=6.244336755306942, C1=1.7271826135985369, C2=1.5927193654197849
worker_15 | gen evals   avg     std     min             max
worker_15 | 0   10      1833.73 1893.27 0.00393278      5000
worker_9  | g=7, diversidad=6.670058457012177, C1=1.5197137766872286, C2=1.6113166660202995
worker_9  | 7   10      2600.37 1396.61 0.046329        5000
worker_9  | defaultdict(<class 'deap.tools.support.Logbook'>, {})
worker_9  | poblacion enviada...  0.003932779897664018
worker_9  | poblacion recibida...  PSO PSO-2
worker_9  | primero diversidad 6.004447077853719
worker_6  | g=7, diversidad=7.036670286837016, C1=1.0740825018090407, C2=1.1839667667678335
worker_6  | 7   10      2400.13 1190.62 1333.44         5000
worker_6  | defaultdict(<class 'deap.tools.support.Logbook'>, {})
worker_6  | poblacion enviada...  0.004831691939547205
worker_6  | poblacion recibida...  PSO PSO-12
worker_6  | primero diversidad 8.096562784018682
worker_7  | g=3, diversidad=5.399854484127977, C1=1.438177556207917, C2=1.8584198393509963
worker_7  | 3   10      2133.53 1726.83 0.0185563       5000
worker_16 | g=1, diversidad=14.084988399044345, C1=1.8814061764927186, C2=1.8918791760146643
worker_16 | 1   10      3500.03 1572.3  1666.68         5000
worker_12 | g=1, diversidad=9.535696658081928, C1=1.8989935789055492, C2=1.753257735417952
worker_12 | 1   10      3012.18 1786.39 0.0495792       5000
worker_3  | g=2, diversidad=8.458061393350183, C1=1.606264906630175, C2=1.238719960176915
worker_3  | 2   10      2567.25 1534.19 0.0395794       5000
worker_13 | g=3, diversidad=6.018705529915456, C1=1.0506172041987447, C2=1.1833936041116422
worker_13 | 3   10      1800.53 1318.19 0.0194821       5000
worker_5  | g=3, diversidad=6.416994293693834, C1=1.4451573634397925, C2=1.652498790802236
worker_5  | 3   10      3633.44 1394.01 0.0179948       5000
worker_4  | g=4, diversidad=5.927245624055841, C1=1.6523973744450218, C2=1.8433597543190645
worker_4  | 4   10      2900.04 1460.95 0.0407353       5000
worker_1  | g=7, diversidad=6.099156364253123, C1=1.557807462715763, C2=1.7474213236445741
worker_1  | 7   10      2140.41 1721.26 0.016365        5000
worker_1  | defaultdict(<class 'deap.tools.support.Logbook'>, {})
worker_1  | poblacion enviada...  0.0066641925929908676
worker_1  | poblacion recibida...  PSO PSO-5
worker_1  | primero diversidad 6.5574912999710335
worker_10 | g=5, diversidad=6.4475862124935714, C1=1.090247090879127, C2=1.9850249010739445
worker_10 | 5   10      2133.49 1627.62 0.0285413       5000
worker_11 | g=4, diversidad=5.951823201873198, C1=1.3218320856639956, C2=1.2313405971448534
worker_11 | 4   10      2500.06 1301.68 0.00869632      5000
worker_2  | g=0, diversidad=16.538626690348885, C1=1.111420571361883, C2=1.0251930506849456
worker_2  | gen evals   avg     std     min             max
worker_2  | 0   10      1966.69 1840.59 0.00454479      5000
worker_14 | g=2, diversidad=7.674730969265955, C1=1.6295324388597012, C2=1.7497851362670889
worker_14 | 2   10      2033.72 1676.22 0.00363107      5000
worker_15 | g=1, diversidad=5.4055458320323915, C1=1.7271826135985369, C2=1.5927193654197849
worker_15 | 1   10      2766.73 1706.47 0.147521        5000
worker_9  | g=0, diversidad=6.004447077853719, C1=1.5197137766872286, C2=1.6113166660202995
worker_9  | gen evals   avg     std     min             max
worker_9  | 0   10      1933.55 1658.69 0.00393278      5000
worker_12 | g=2, diversidad=7.234202365601918, C1=1.8989935789055492, C2=1.753257735417952
worker_12 | 2   10      2507.89 1420.08 0.0115039       5000
worker_6  | g=0, diversidad=17.4028931635275, C1=1.0740825018090407, C2=1.1839667667678335
worker_6  | gen evals   avg     std     min             max
worker_6  | 0   10      1266.83 1404.68 0.00454479      3333.34
worker_16 | g=2, diversidad=10.030661360868045, C1=1.8814061764927186, C2=1.8918791760146643
worker_16 | 2   10      3012.06 1250.75 1666.67         5000
worker_7  | g=4, diversidad=6.0580067362670125, C1=1.438177556207917, C2=1.8584198393509963
worker_7  | 4   10      2366.99 1601.59 0.0295948       5000
worker_4  | g=5, diversidad=6.272301502350503, C1=1.6523973744450218, C2=1.8433597543190645
worker_4  | 5   10      3333.4  1666.61 0.0074632       5000
worker_13 | g=4, diversidad=6.864459905375479, C1=1.0506172041987447, C2=1.1833936041116422
worker_13 | 4   10      2066.9  1998.74 0.0437812       5000
worker_3  | g=3, diversidad=6.903716674426834, C1=1.606264906630175, C2=1.238719960176915
worker_3  | 3   10      2167.15 1627.48 0.0161016       5000
worker_2  | g=1, diversidad=13.852955201017197, C1=1.111420571361883, C2=1.0251930506849456
worker_2  | 1   10      3167.08 2033.79 0.0132062       5000
worker_15 | g=2, diversidad=4.750748627169446, C1=1.7271826135985369, C2=1.5927193654197849
worker_15 | 2   10      3466.69 1783.86 0.0274119       5000
worker_10 | g=6, diversidad=6.431683617472791, C1=1.090247090879127, C2=1.9850249010739445
worker_10 | 6   10      2766.88 1738.67 0.0520244       5000
worker_5  | g=4, diversidad=7.437753249773224, C1=1.4451573634397925, C2=1.652498790802236
worker_5  | 4   10      2133.75 1275.64 0.0108413       3335.17
worker_11 | g=5, diversidad=6.317623794221463, C1=1.3218320856639956, C2=1.2313405971448534
worker_11 | 5   10      2794.83 1588.88 0.0749709       5000
worker_14 | g=3, diversidad=6.7981704958486935, C1=1.6295324388597012, C2=1.7497851362670889
worker_14 | 3   10      2300.4  1840.36 0.0178967       5000
worker_1  | g=0, diversidad=15.476783816661996, C1=1.557807462715763, C2=1.7474213236445741
worker_1  | gen evals   avg     std     min             max
worker_1  | 0   10      1233.37 1325.4  0.00393278      3333.35
worker_9  | g=1, diversidad=6.51687470595191, C1=1.5197137766872286, C2=1.6113166660202995
worker_9  | 1   10      2600.07 1227.39 667.147         5000
worker_12 | g=3, diversidad=6.1691544685265765, C1=1.8989935789055492, C2=1.753257735417952
worker_12 | 3   10      2300.48 1990.98 0.0361342       5000
worker_16 | g=3, diversidad=9.18779024552632, C1=1.8814061764927186, C2=1.8918791760146643
worker_16 | 3   10      3066.87 1691.6  0.0378545       5000
worker_6  | g=1, diversidad=13.828296562368141, C1=1.0740825018090407, C2=1.1839667667678335
worker_6  | 1   10      2533.54 1384.01 0.0670564       5000
worker_3  | g=4, diversidad=7.05582345934994, C1=1.606264906630175, C2=1.238719960176915
worker_3  | 4   10      2633.49 1242.26 0.119404        4000
worker_7  | g=5, diversidad=6.3478406705305215, C1=1.438177556207917, C2=1.8584198393509963
worker_7  | 5   10      2466.78 1733.36 0.00562518      5000
worker_2  | g=2, diversidad=10.251508996589568, C1=1.111420571361883, C2=1.0251930506849456
worker_2  | 2   10      2400.52 1781.14 0.0321328       5000
worker_13 | g=5, diversidad=8.509537937655303, C1=1.0506172041987447, C2=1.1833936041116422
worker_13 | 5   10      2766.7  1903.47 0.0230773       5000
worker_4  | g=6, diversidad=6.99099206068475, C1=1.6523973744450218, C2=1.8433597543190645
worker_4  | 6   10      2800.14 1462.1  0.175826        5000
worker_15 | g=3, diversidad=5.212872740761025, C1=1.7271826135985369, C2=1.5927193654197849
worker_15 | 3   10      2567    1686.76 0.0469728       5000
worker_11 | g=6, diversidad=6.673639640525012, C1=1.3218320856639956, C2=1.2313405971448534
worker_11 | 6   10      3133.45 1309.67 1666.67         5000
worker_10 | g=7, diversidad=5.744440958590458, C1=1.090247090879127, C2=1.9850249010739445
worker_10 | 7   10      2333.86 1659.7  0.0381482       5000
worker_10 | defaultdict(<class 'deap.tools.support.Logbook'>, {})
worker_10 | poblacion enviada...  0.004831691939547205
worker_10 | poblacion recibida...  PSO PSO-13
worker_10 | primero diversidad 6.716496120172222
worker_14 | g=4, diversidad=6.881220319705833, C1=1.6295324388597012, C2=1.7497851362670889
worker_14 | 4   10      3033.41 1401.98 0.0290384       5000
worker_1  | g=1, diversidad=11.781360675826305, C1=1.557807462715763, C2=1.7474213236445741
worker_1  | 1   10      3133.95 1571.63 0.0470164       5000
worker_5  | g=5, diversidad=8.745173409412276, C1=1.4451573634397925, C2=1.652498790802236
worker_5  | 5   10      2500.47 1627.85 1.16205         5000
worker_16 | g=4, diversidad=9.90710294905057, C1=1.8814061764927186, C2=1.8918791760146643
worker_16 | 4   10      2008.82 1245.13 0.00976965      3333.36
worker_9  | g=2, diversidad=5.931948291143085, C1=1.5197137766872286, C2=1.6113166660202995
worker_9  | 2   10      1566.87 1757.97 0.0138955       5000
worker_12 | g=4, diversidad=6.883258559405713, C1=1.8989935789055492, C2=1.753257735417952
worker_12 | 4   10      1968.19 1509.93 0.140476        5000
worker_6  | g=2, diversidad=10.228381341742228, C1=1.0740825018090407, C2=1.1839667667678335
worker_6  | 2   10      2767.05 1247.61 0.076912        5000
worker_7  | g=6, diversidad=7.332334799797515, C1=1.438177556207917, C2=1.8584198393509963
worker_7  | 6   10      2966.77 1378    0.0791996       5000
worker_15 | g=4, diversidad=6.093341493435558, C1=1.7271826135985369, C2=1.5927193654197849
worker_15 | 4   10      2466.99 1694.28 0.0583688       5000
worker_3  | g=5, diversidad=7.12240235530282, C1=1.606264906630175, C2=1.238719960176915
worker_3  | 5   10      2700.05 1974.52 0.0141206       5000
worker_2  | g=3, diversidad=6.761820042495176, C1=1.111420571361883, C2=1.0251930506849456
worker_2  | 3   10      2637.49 1758.01 0.0499618       5000
worker_10 | g=0, diversidad=6.716496120172222, C1=1.090247090879127, C2=1.9850249010739445
worker_10 | gen evals   avg     std     min             max
worker_10 | 0   10      2233.47 1826.03 0.00483169      5000
worker_13 | g=6, diversidad=7.896526094419279, C1=1.0506172041987447, C2=1.1833936041116422
worker_13 | 6   10      2133.39 1627.51 0.100942        5000
worker_4  | g=7, diversidad=7.120405215940192, C1=1.6523973744450218, C2=1.8433597543190645
worker_4  | 7   10      2466.71 1733.31 0.0410622       5000
worker_4  | defaultdict(<class 'deap.tools.support.Logbook'>, {})
worker_4  | poblacion enviada...  0.003932779897664018
worker_4  | poblacion recibida...  PSO PSO-10
worker_4  | primero diversidad 6.339739753832098
worker_11 | g=7, diversidad=5.999702948578946, C1=1.3218320856639956, C2=1.2313405971448534
worker_11 | 7   10      2633.43 1149.32 1666.68         5000
worker_11 | defaultdict(<class 'deap.tools.support.Logbook'>, {})
worker_11 | poblacion enviada...  0.004831691939547205
worker_11 | poblacion recibida...  PSO PSO-6
worker_11 | primero diversidad 4.9405494536568835
worker_5  | g=6, diversidad=7.958608157129256, C1=1.4451573634397925, C2=1.652498790802236
worker_5  | 6   10      3200.18 1415.74 666.896         5000
worker_16 | g=5, diversidad=9.538896605247592, C1=1.8814061764927186, C2=1.8918791760146643
worker_16 | 5   10      3333.52 1666.62 0.175518        5000
worker_14 | g=5, diversidad=6.728933527318367, C1=1.6295324388597012, C2=1.7497851362670889
worker_14 | 5   10      2766.87 1570.7  0.00969536      5000
worker_1  | g=2, diversidad=7.589776958915011, C1=1.557807462715763, C2=1.7474213236445741
worker_1  | 2   10      2641.64 1632.95 0.0606892       5000
worker_9  | g=3, diversidad=5.285174787479014, C1=1.5197137766872286, C2=1.6113166660202995
worker_9  | 3   10      2966.73 2002.44 0.0308245       5000
worker_3  | g=6, diversidad=7.642622657881791, C1=1.606264906630175, C2=1.238719960176915
worker_3  | 6   10      2966.81 1766.55 0.0560534       5000
worker_12 | g=5, diversidad=7.638116038061166, C1=1.8989935789055492, C2=1.753257735417952
worker_12 | 5   10      2300.18 1311.99 0.0852299       5000
worker_6  | g=3, diversidad=6.976457732654833, C1=1.0740825018090407, C2=1.1839667667678335
worker_6  | 3   10      3200.03 1593.01 0.0260397       5000
worker_11 | g=0, diversidad=4.9405494536568835, C1=1.3218320856639956, C2=1.2313405971448534
worker_11 | gen evals   avg     std     min             max
worker_11 | 0   10      2166.73 1979.07 0.00483169      5000
worker_10 | g=1, diversidad=6.887795625816407, C1=1.090247090879127, C2=1.9850249010739445
worker_10 | 1   10      3033.67 1728.33 0.0113019       5000
worker_7  | g=7, diversidad=7.260909112733501, C1=1.438177556207917, C2=1.8584198393509963
worker_7  | 7   10      1767.04 1324.94 0.084112        3333.35
worker_7  | defaultdict(<class 'deap.tools.support.Logbook'>, {})
worker_7  | poblacion enviada...  0.0045447851442189345
worker_7  | poblacion recibida...  PSO PSO-9
worker_7  | primero diversidad 8.69571185651409
worker_15 | g=5, diversidad=4.710872240650564, C1=1.7271826135985369, C2=1.5927193654197849
worker_15 | 5   10      1766.79 1445.63 0.0136662       5000
worker_5  | g=7, diversidad=6.405612732387075, C1=1.4451573634397925, C2=1.652498790802236
worker_5  | 7   10      2266.8  1948.26 0.0175048       5000
worker_5  | defaultdict(<class 'deap.tools.support.Logbook'>, {})
worker_5  | poblacion enviada...  0.003932779897664018
worker_5  | poblacion recibida...  PSO PSO-4
worker_5  | primero diversidad 8.39829812321146
worker_13 | g=7, diversidad=7.633124636700282, C1=1.0506172041987447, C2=1.1833936041116422
worker_13 | 7   10      2466.98 1491.9  1.41169         5000
worker_13 | defaultdict(<class 'deap.tools.support.Logbook'>, {})
worker_13 | poblacion enviada...  0.0045447851442189345
worker_13 | poblacion recibida...  PSO PSO-14
worker_13 | primero diversidad 8.478353734681743
worker_4  | g=0, diversidad=6.339739753832098, C1=1.6523973744450218, C2=1.8433597543190645
worker_4  | gen evals   avg     std     min             max
worker_4  | 0   10      1133.4  1056.25 0.00393278      3333.55
worker_2  | g=4, diversidad=6.656736072278752, C1=1.111420571361883, C2=1.0251930506849456
worker_2  | 4   10      2033.38 1580.76 0.0110156       5000
worker_9  | g=4, diversidad=7.321851266020912, C1=1.5197137766872286, C2=1.6113166660202995
worker_9  | 4   10      3400.04 1678.59 0.00295102      5000
worker_1  | g=3, diversidad=8.523063367638292, C1=1.557807462715763, C2=1.7474213236445741
worker_1  | 3   10      1966.82 1682.95 0.00966219      5000
worker_16 | g=6, diversidad=8.621644828501832, C1=1.8814061764927186, C2=1.8918791760146643
worker_16 | 6   10      1300.21 1159.01 0.00776124      4000
worker_14 | g=6, diversidad=7.425350444467673, C1=1.6295324388597012, C2=1.7497851362670889
worker_14 | 6   10      2533.5  871.817 1333.38         4000
worker_3  | g=7, diversidad=7.598696556482693, C1=1.606264906630175, C2=1.238719960176915
worker_3  | 7   10      2600.53 1322.92 666.677         5000
worker_3  | defaultdict(<class 'deap.tools.support.Logbook'>, {})
worker_3  | poblacion enviada...  0.004831691939547205
worker_3  | poblacion recibida...  PSO PSO-8
worker_3  | primero diversidad 7.650633668922254
worker_6  | g=4, diversidad=9.06184970986245, C1=1.0740825018090407, C2=1.1839667667678335
worker_6  | 4   10      3266.86 1314.72 667.193         5000
worker_11 | g=1, diversidad=6.083373746091859, C1=1.3218320856639956, C2=1.2313405971448534
worker_11 | 1   10      3000.24 1943.65 0.0611683       5000
worker_12 | g=6, diversidad=7.52222115218993, C1=1.8989935789055492, C2=1.753257735417952
worker_12 | 6   10      2066.75 1907.83 0.0407313       5000
worker_10 | g=2, diversidad=5.796325241119917, C1=1.090247090879127, C2=1.9850249010739445
worker_10 | 2   10      3066.94 1518.53 667.715         5000
worker_15 | g=6, diversidad=5.49045838638855, C1=1.7271826135985369, C2=1.5927193654197849
worker_15 | 6   10      3133.37 1927.55 0.0360696       5000
worker_13 | g=0, diversidad=8.478353734681743, C1=1.0506172041987447, C2=1.1833936041116422
worker_13 | gen evals   avg     std     min             max
worker_13 | 0   10      1733.35 2064.51 0.00454479      5000
worker_4  | g=1, diversidad=6.859314034751147, C1=1.6523973744450218, C2=1.8433597543190645
worker_4  | 1   10      2800.04 1641.1  0.157202        5000
worker_2  | g=5, diversidad=8.138154403974859, C1=1.111420571361883, C2=1.0251930506849456
worker_2  | 5   10      2973.66 1918.84 0.0304067       5000
worker_7  | g=0, diversidad=8.69571185651409, C1=1.438177556207917, C2=1.8584198393509963
worker_7  | gen evals   avg     std     min             max
worker_7  | 0   10      2033.42 1834.58 0.00454479      5000
worker_9  | g=5, diversidad=6.833621412766419, C1=1.5197137766872286, C2=1.6113166660202995
worker_9  | 5   10      2900.05 2005.81 0.0136          5000
worker_5  | g=0, diversidad=8.39829812321146, C1=1.4451573634397925, C2=1.652498790802236
worker_5  | gen evals   avg     std     min             max
worker_5  | 0   10      1400.33 1482.12 0.00393278      3336.15
worker_1  | g=4, diversidad=8.916662582820518, C1=1.557807462715763, C2=1.7474213236445741
worker_1  | 4   10      3433.42 1095.83 1666.69         5000
worker_16 | g=7, diversidad=8.912410388208466, C1=1.8814061764927186, C2=1.8918791760146643
worker_16 | 7   10      2853.47 1456.82 0.149557        5000
worker_16 | defaultdict(<class 'deap.tools.support.Logbook'>, {})
worker_16 | poblacion enviada...  0.0045447851442189345
worker_16 | poblacion recibida...  PSO PSO-15
worker_16 | primero diversidad 8.739940676285341
worker_14 | g=7, diversidad=6.07035597515745, C1=1.6295324388597012, C2=1.7497851362670889
worker_14 | 7   10      2066.91 1451.29 0.0647107       5000
worker_14 | defaultdict(<class 'deap.tools.support.Logbook'>, {})
worker_14 | poblacion enviada...  0.0036310670176005633
worker_14 | poblacion recibida...  PSO PSO-11
worker_14 | primero diversidad 6.10204345703655
worker_3  | g=0, diversidad=7.650633668922254, C1=1.606264906630175, C2=1.238719960176915
worker_3  | gen evals   avg     std     min             max
worker_3  | 0   10      1566.71 1693.44 0.00483169      5000
worker_12 | g=7, diversidad=6.92636002743224, C1=1.8989935789055492, C2=1.753257735417952
worker_12 | 7   10      3506.45 1571.75 0.00977536      5000
worker_12 | defaultdict(<class 'deap.tools.support.Logbook'>, {})
worker_12 | poblacion enviada...  0.003932779897664018
worker_12 | poblacion recibida...  PSO PSO-1
worker_12 | primero diversidad 4.677054300099527
worker_13 | g=1, diversidad=7.600679180500402, C1=1.0506172041987447, C2=1.1833936041116422
worker_13 | 1   10      3034.01 1728.14 0.00640452      5000
worker_6  | g=5, diversidad=10.476102143982992, C1=1.0740825018090407, C2=1.1839667667678335
worker_6  | 5   10      2667.81 1262.88 9.82164         5000
worker_11 | g=2, diversidad=5.524585093124592, C1=1.3218320856639956, C2=1.2313405971448534
worker_11 | 2   10      3100.27 1183.69 1666.69         5000
worker_15 | g=7, diversidad=4.928282518067513, C1=1.7271826135985369, C2=1.5927193654197849
worker_15 | 7   10      2133.83 1687.64 0.00911741      5000
worker_15 | defaultdict(<class 'deap.tools.support.Logbook'>, {})
worker_15 | poblacion enviada...  0.003932779897664018
worker_15 | poblacion recibida...  PSO PSO-3
worker_15 | primero diversidad 5.655244163798039
worker_10 | g=3, diversidad=5.714281968735082, C1=1.090247090879127, C2=1.9850249010739445
worker_10 | 3   10      2766.75 1738.74 0.0199664       5000
worker_2  | g=6, diversidad=8.387529308727519, C1=1.111420571361883, C2=1.0251930506849456
worker_2  | 6   10      1966.74 1840.53 0.00535162      5000
worker_7  | g=1, diversidad=7.75065228345262, C1=1.438177556207917, C2=1.8584198393509963
worker_7  | 1   10      3033.71 1727.93 2.74676         5000
worker_9  | g=6, diversidad=6.511256842343275, C1=1.5197137766872286, C2=1.6113166660202995
worker_9  | 6   10      3033.36 1852.61 0.0271052       5000
worker_4  | g=2, diversidad=4.543337815736727, C1=1.6523973744450218, C2=1.8433597543190645
worker_4  | 2   10      2833.38 1204.14 1666.67         5000
worker_1  | g=5, diversidad=8.633140633417167, C1=1.557807462715763, C2=1.7474213236445741
worker_1  | 5   10      2866.77 1733.26 0.0571263       5000
worker_5  | g=1, diversidad=7.598853346916531, C1=1.4451573634397925, C2=1.652498790802236
worker_5  | 1   10      2866.9  1275.48 0.00520889      5000
worker_16 | g=0, diversidad=14.004464525855761, C1=1.8814061764927186, C2=1.8918791760146643
worker_16 | gen evals   avg     std     min             max
worker_16 | 0   10      1736.86 1678.82 0.00393278      5000
worker_14 | g=0, diversidad=6.10204345703655, C1=1.6295324388597012, C2=1.7497851362670889
worker_14 | gen evals   avg     std     min             max
worker_14 | 0   10      2400.09 1902.09 0.00363107      5000
worker_12 | g=0, diversidad=4.677054300099527, C1=1.8989935789055492, C2=1.753257735417952
worker_12 | gen evals   avg     std     min             max
worker_12 | 0   10      2300.01 2152.25 0.00393278      5000
worker_3  | g=1, diversidad=6.9055629338994375, C1=1.606264906630175, C2=1.238719960176915
worker_3  | 1   10      3000.03 1725.6  0.0138252       5000
worker_11 | g=3, diversidad=4.681010047578502, C1=1.3218320856639956, C2=1.2313405971448534
worker_11 | 3   10      2533.38 2166.36 0.017402        5000
worker_6  | g=6, diversidad=10.51912827126435, C1=1.0740825018090407, C2=1.1839667667678335
worker_6  | 6   10      3000.12 1897.34 0.0357928       5000
worker_7  | g=2, diversidad=6.123658136930005, C1=1.438177556207917, C2=1.8584198393509963
worker_7  | 2   10      3176.37 1877.26 1.22603         5000
worker_10 | g=4, diversidad=6.13177024146662, C1=1.090247090879127, C2=1.9850249010739445
worker_10 | 4   10      2633.68 1991.43 0.0333578       5000
worker_15 | g=0, diversidad=5.655244163798039, C1=1.7271826135985369, C2=1.5927193654197849
worker_15 | gen evals   avg     std     min             max
worker_15 | 0   10      1166.69 1301.7  0.00393278      3333.34
worker_2  | g=7, diversidad=7.409593470449336, C1=1.111420571361883, C2=1.0251930506849456
worker_2  | 7   10      2612.61 1412    666.718         5000
worker_2  | defaultdict(<class 'deap.tools.support.Logbook'>, {})
worker_2  | poblacion enviada...  0.0045447851442189345
worker_2  | poblacion recibida...  PSO PSO-7
worker_2  | primero diversidad 7.38308893289678
worker_9  | g=7, diversidad=6.467450993796028, C1=1.5197137766872286, C2=1.6113166660202995
worker_9  | 7   10      1967.23 1426.01 0.0659736       3335.42
worker_9  | defaultdict(<class 'deap.tools.support.Logbook'>, {})
worker_9  | poblacion enviada...  0.0029510230470672586
worker_9  | poblacion recibida...  PSO PSO-2
worker_9  | primero diversidad 7.12949999213014
worker_4  | g=3, diversidad=5.496891746959154, C1=1.6523973744450218, C2=1.8433597543190645
worker_4  | 3   10      2566.97 1316.96 0.0123415       5000
worker_13 | g=2, diversidad=6.062031388207169, C1=1.0506172041987447, C2=1.1833936041116422
worker_13 | 2   10      1700.34 1224.49 0.013508        3335.08
worker_1  | g=6, diversidad=10.169901526277656, C1=1.557807462715763, C2=1.7474213236445741
worker_1  | 6   10      2800.09 1667.91 0.33713         5000
worker_16 | g=1, diversidad=11.553053237013623, C1=1.8814061764927186, C2=1.8918791760146643
worker_16 | 1   10      2666.89 1527.46 0.0687749       5000
worker_5  | g=2, diversidad=6.641117938141906, C1=1.4451573634397925, C2=1.652498790802236
worker_5  | 2   10      3066.76 1289.26 1333.36         5000
worker_14 | g=1, diversidad=5.9365297472725, C1=1.6295324388597012, C2=1.7497851362670889
worker_14 | 1   10      2800.1  1536.16 0.0405341       5000
worker_6  | g=7, diversidad=10.033563342955603, C1=1.0740825018090407, C2=1.1839667667678335
worker_6  | 7   10      4034.24 821.828 3000            5000
worker_6  | defaultdict(<class 'deap.tools.support.Logbook'>, {})
worker_6  | poblacion enviada...  0.0045447851442189345
worker_6  | poblacion recibida...  PSO PSO-12
worker_6  | primero diversidad 11.184422197721794
worker_3  | g=2, diversidad=5.398878347932365, C1=1.606264906630175, C2=1.238719960176915
worker_3  | 2   10      2633.53 1048.34 0.0460174       3334.55
worker_12 | g=1, diversidad=5.4714867582603794, C1=1.8989935789055492, C2=1.753257735417952
worker_12 | 1   10      3100.08 1680.15 0.0198631       5000
worker_13 | g=3, diversidad=4.494554457292199, C1=1.0506172041987447, C2=1.1833936041116422
worker_13 | 3   10      2833.44 1978.99 0.00564747      5000
worker_2  | g=0, diversidad=7.38308893289678, C1=1.111420571361883, C2=1.0251930506849456
worker_2  | gen evals   avg     std     min             max
worker_2  | 0   10      2133.34 2256.84 0.00454479      5000
worker_15 | g=1, diversidad=6.066475927919398, C1=1.7271826135985369, C2=1.5927193654197849
worker_15 | 1   10      2900.62 1453.41 0.0467921       5000
worker_10 | g=5, diversidad=5.485337573227865, C1=1.090247090879127, C2=1.9850249010739445
worker_10 | 5   10      2900.03 1274.08 1666.68         5000
worker_11 | g=4, diversidad=5.076432895017031, C1=1.3218320856639956, C2=1.2313405971448534
worker_11 | 4   10      1933.38 1245.41 0.015353        4000
worker_7  | g=3, diversidad=5.227268867173311, C1=1.438177556207917, C2=1.8584198393509963
worker_7  | 3   10      2967.03 1629.05 0.0715631       5000
worker_4  | g=4, diversidad=6.357952272993062, C1=1.6523973744450218, C2=1.8433597543190645
worker_4  | 4   10      1800.15 2012.05 0.0112906       5000
worker_9  | g=0, diversidad=7.12949999213014, C1=1.5197137766872286, C2=1.6113166660202995
worker_9  | gen evals   avg     std     min             max
worker_9  | 0   10      1566.71 1693.45 0.00295102      5000
worker_16 | g=2, diversidad=7.861056070334918, C1=1.8814061764927186, C2=1.8918791760146643
worker_16 | 2   10      2633.62 1822.2  0.0152597       5000
worker_14 | g=2, diversidad=5.4043945092251215, C1=1.6295324388597012, C2=1.7497851362670889
worker_14 | 2   10      2633.64 1286.31 0.0132325       5000
worker_1  | g=7, diversidad=8.523013712468622, C1=1.557807462715763, C2=1.7474213236445741
worker_1  | 7   10      2333.74 1591.85 0.0236629       5000
worker_1  | defaultdict(<class 'deap.tools.support.Logbook'>, {})
worker_1  | poblacion enviada...  0.003932779897664018
worker_1  | poblacion recibida...  PSO PSO-5
worker_1  | primero diversidad 5.968729910637299
worker_13 | g=4, diversidad=5.6282386653561165, C1=1.0506172041987447, C2=1.1833936041116422
worker_13 | 4   10      3333.64 1666.35 0.0505778       5000
worker_5  | g=3, diversidad=5.789056375024034, C1=1.4451573634397925, C2=1.652498790802236
worker_5  | 3   10      2533.53 1391.92 666.928         5000
worker_6  | g=0, diversidad=13.808905997733522, C1=1.0740825018090407, C2=1.1839667667678335
worker_6  | gen evals   avg     std     min             max
worker_6  | 0   10      2333.44 1867.91 0.00393278      5000
worker_12 | g=2, diversidad=5.383465976647666, C1=1.8989935789055492, C2=1.753257735417952
worker_12 | 2   10      2866.94 1674.54 0.0403286       5000
worker_3  | g=3, diversidad=4.783352579165633, C1=1.606264906630175, C2=1.238719960176915
worker_3  | 3   10      2866.73 1301.24 0.0928989       5000
worker_7  | g=4, diversidad=5.577631133663045, C1=1.438177556207917, C2=1.8584198393509963
worker_7  | 4   10      3401.03 1610.08 0.0425805       5000
worker_11 | g=5, diversidad=5.24063073942322, C1=1.3218320856639956, C2=1.2313405971448534
worker_11 | 5   10      1734.65 2063.42 0.0106279       5000
worker_4  | g=5, diversidad=6.352496852592642, C1=1.6523973744450218, C2=1.8433597543190645
worker_4  | 5   10      2533.48 1739.75 0.0495754       5000
worker_15 | g=2, diversidad=4.623003146041388, C1=1.7271826135985369, C2=1.5927193654197849
worker_15 | 2   10      2968.09 1827.4  0.0130308       5000
worker_9  | g=1, diversidad=6.892296225927804, C1=1.5197137766872286, C2=1.6113166660202995
worker_9  | 1   10      3066.95 2127.76 0.031245        5000
worker_10 | g=6, diversidad=6.0981215048683595, C1=1.090247090879127, C2=1.9850249010739445
worker_10 | 6   10      2666.8  1556.36 0.129015        5000
worker_2  | g=1, diversidad=8.509871975003707, C1=1.111420571361883, C2=1.0251930506849456
worker_2  | 1   10      2067.48 1631.37 0.0140115       5000
worker_1  | g=0, diversidad=5.968729910637299, C1=1.557807462715763, C2=1.7474213236445741
worker_1  | gen evals   avg     std     min             max
worker_1  | 0   10      2500.52 1863.17 0.00393278      5000
worker_14 | g=3, diversidad=5.286650090446719, C1=1.6295324388597012, C2=1.7497851362670889
worker_14 | 3   10      2700.12 1635.92 0.0428866       5000
worker_13 | g=5, diversidad=5.939878777622136, C1=1.0506172041987447, C2=1.1833936041116422
worker_13 | 5   10      3133.35 1771.36 0.0125048       5000
worker_16 | g=3, diversidad=7.810949435609869, C1=1.8814061764927186, C2=1.8918791760146643
worker_16 | 3   10      2433.71 1476.23 0.0116934       5000
worker_6  | g=1, diversidad=11.82782285059668, C1=1.0740825018090407, C2=1.1839667667678335
worker_6  | 1   10      2933.63 1297.87 666.714         5000
worker_12 | g=3, diversidad=5.246086452319877, C1=1.8989935789055492, C2=1.753257735417952
worker_12 | 3   10      2400.07 2069.86 0.0143143       5000
worker_5  | g=4, diversidad=6.015912562680304, C1=1.4451573634397925, C2=1.652498790802236
worker_5  | 4   10      2833.45 1529.18 666.676         5000
worker_7  | g=5, diversidad=5.59591209599923, C1=1.438177556207917, C2=1.8584198393509963
worker_7  | 5   10      2667    1855.74 0.00775314      5000
worker_10 | g=7, diversidad=5.7062784606606405, C1=1.090247090879127, C2=1.9850249010739445
worker_10 | 7   10      3733.63 1730.41 0.0292802       5000
worker_10 | defaultdict(<class 'deap.tools.support.Logbook'>, {})
worker_10 | poblacion enviada...  0.004831691939547205
worker_10 | poblacion recibida...  PSO PSO-13
worker_10 | primero diversidad 4.382724122345886
worker_11 | g=6, diversidad=4.649675413010729, C1=1.3218320856639956, C2=1.2313405971448534
worker_11 | 6   10      2500.02 2140.85 0.00490158      5000
worker_3  | g=4, diversidad=5.70485931621648, C1=1.606264906630175, C2=1.238719960176915
worker_3  | 4   10      2403.5  1630.81 0.00910375      5000
worker_9  | g=2, diversidad=4.974557216431312, C1=1.5197137766872286, C2=1.6113166660202995
worker_9  | 2   10      2300.52 1876.26 0.032651        5000
worker_15 | g=3, diversidad=5.907417956213805, C1=1.7271826135985369, C2=1.5927193654197849
worker_15 | 3   10      2833.38 1565.19 0.0459803       5000
worker_2  | g=2, diversidad=8.309727037542325, C1=1.111420571361883, C2=1.0251930506849456
worker_2  | 2   10      3566.87 1612.71 666.69          5000
worker_4  | g=6, diversidad=5.566979098434731, C1=1.6523973744450218, C2=1.8433597543190645
worker_4  | 6   10      1733.4  1306.38 0.02958         3333.42
worker_13 | g=6, diversidad=5.959911936701883, C1=1.0506172041987447, C2=1.1833936041116422
worker_13 | 6   10      2900.3  2139.66 0.00661471      5000
worker_1  | g=1, diversidad=7.2667452213419885, C1=1.557807462715763, C2=1.7474213236445741
worker_1  | 1   10      2433.37 1520.57 0.0227038       5000
worker_14 | g=4, diversidad=6.247831131094395, C1=1.6295324388597012, C2=1.7497851362670889
worker_14 | 4   10      2733.39 1730.7  0.0259024       5000
worker_16 | g=4, diversidad=7.743964324915203, C1=1.8814061764927186, C2=1.8918791760146643
worker_16 | 4   10      2967.07 1206.02 1666.67         5000
worker_12 | g=4, diversidad=5.216929879962512, C1=1.8989935789055492, C2=1.753257735417952
worker_12 | 4   10      2067.03 1730.75 0.0171954       5000
worker_6  | g=2, diversidad=8.737929970266407, C1=1.0740825018090407, C2=1.1839667667678335
worker_6  | 2   10      3766.67 895.043 2333.36         5000
worker_11 | g=7, diversidad=4.83240429798676, C1=1.3218320856639956, C2=1.2313405971448534
worker_11 | 7   10      3100.14 1430.23 0.0222528       5000
worker_11 | defaultdict(<class 'deap.tools.support.Logbook'>, {})
worker_11 | poblacion enviada...  0.004831691939547205
worker_11 | poblacion recibida...  PSO PSO-6
worker_11 | primero diversidad 6.575530376565653
worker_10 | g=0, diversidad=6.258865413410849, C1=1.090247090879127, C2=1.9850249010739445
worker_10 | gen evals   avg     std     min             max
worker_10 | 0   10      2400.01 2174.6  0.00295102      5000
worker_15 | g=4, diversidad=6.415289234062318, C1=1.7271826135985369, C2=1.5927193654197849
worker_15 | 4   10      2733.5  2031.99 0.0136221       5000
worker_7  | g=6, diversidad=6.075598942394066, C1=1.438177556207917, C2=1.8584198393509963
worker_7  | 6   10      3366.85 1846.4  666.709         5000
worker_5  | g=5, diversidad=6.485706772864391, C1=1.4451573634397925, C2=1.652498790802236
worker_5  | 5   10      2366.73 1601.71 0.0387338       5000
worker_9  | g=3, diversidad=5.630954036031056, C1=1.5197137766872286, C2=1.6113166660202995
worker_9  | 3   10      2700.02 1968.92 0.00689957      5000
worker_4  | g=7, diversidad=5.3455663486126594, C1=1.6523973744450218, C2=1.8433597543190645
worker_4  | 7   10      3066.7  2128.08 0.00962799      5000
worker_4  | defaultdict(<class 'deap.tools.support.Logbook'>, {})
worker_4  | poblacion enviada...  0.003932779897664018
worker_4  | poblacion recibida...  PSO PSO-10
worker_4  | primero diversidad 4.511569202449408
worker_2  | g=3, diversidad=6.124092029811784, C1=1.111420571361883, C2=1.0251930506849456
worker_2  | 3   10      2500.08 2006.84 0.00752493      5000
worker_3  | g=5, diversidad=7.380445562624202, C1=1.606264906630175, C2=1.238719960176915
worker_3  | 5   10      2367.01 1456.25 0.627218        5000
worker_16 | g=5, diversidad=7.3444420748744, C1=1.8814061764927186, C2=1.8918791760146643
worker_16 | 5   10      2900.18 1738.79 0.0178361       5000
worker_13 | g=7, diversidad=6.457951024864555, C1=1.0506172041987447, C2=1.1833936041116422
worker_13 | 7   10      3091.74 1163.26 1666.81         5000
worker_13 | defaultdict(<class 'deap.tools.support.Logbook'>, {})
worker_13 | poblacion enviada...  0.0045447851442189345
worker_13 | poblacion recibida...  PSO PSO-14
worker_13 | primero diversidad 7.072995730895
worker_1  | g=2, diversidad=6.131492305697186, C1=1.557807462715763, C2=1.7474213236445741
worker_1  | 2   10      3033.36 1760.33 0.0667244       5000
worker_14 | g=5, diversidad=5.995243386927045, C1=1.6295324388597012, C2=1.7497851362670889
worker_14 | 5   10      2033.54 1715.72 0.0999596       5000
worker_6  | g=3, diversidad=6.6049895397185185, C1=1.0740825018090407, C2=1.1839667667678335
worker_6  | 3   10      2466.74 1886.8  0.0105703       5000
worker_12 | g=5, diversidad=5.29893027444981, C1=1.8989935789055492, C2=1.753257735417952
worker_12 | 5   10      3039.56 1278.85 1.23772         5000
worker_15 | g=5, diversidad=6.136552177478399, C1=1.7271826135985369, C2=1.5927193654197849
worker_15 | 5   10      3534.29 921.101 1666.91         5000
worker_10 | g=1, diversidad=5.9111329930400585, C1=1.090247090879127, C2=1.9850249010739445
worker_10 | 1   10      2600.38 1315.03 0.0633442       5000
worker_11 | g=0, diversidad=15.935534585859358, C1=1.3218320856639956, C2=1.2313405971448534
worker_11 | gen evals   avg     std     min             max
worker_11 | 0   10      1833.46 1740.04 0.00454479      5000
worker_7  | g=7, diversidad=6.13743225108261, C1=1.438177556207917, C2=1.8584198393509963
worker_7  | 7   10      2333.9  1699.56 0.0396754       5000
worker_7  | defaultdict(<class 'deap.tools.support.Logbook'>, {})
worker_7  | poblacion enviada...  0.0045447851442189345
worker_7  | poblacion recibida...  PSO PSO-9
worker_7  | primero diversidad 6.146676636159729
worker_4  | g=0, diversidad=4.511569202449408, C1=1.6523973744450218, C2=1.8433597543190645
worker_4  | gen evals   avg     std     min             max
worker_4  | 0   10      2166.75 1675.02 0.00393278      5000
worker_3  | g=6, diversidad=6.972428628534084, C1=1.606264906630175, C2=1.238719960176915
worker_3  | 6   10      2900.05 1706.49 0.0538508       5000
worker_5  | g=6, diversidad=5.431737893453243, C1=1.4451573634397925, C2=1.652498790802236
worker_5  | 6   10      2200.08 1681.21 0.0209943       5000
worker_2  | g=4, diversidad=7.141039862022492, C1=1.111420571361883, C2=1.0251930506849456
worker_2  | 4   10      3233.41 1238.66 666.871         5000
worker_9  | g=4, diversidad=6.444348434870202, C1=1.5197137766872286, C2=1.6113166660202995
worker_9  | 4   10      1933.62 1576.26 0.0201733       5000
worker_16 | g=6, diversidad=7.499837927388229, C1=1.8814061764927186, C2=1.8918791760146643
worker_16 | 6   10      3466.69 1961.84 0.013476        5000
worker_1  | g=3, diversidad=5.701277765618965, C1=1.557807462715763, C2=1.7474213236445741
worker_1  | 3   10      3367.25 1401.63 668.411         5000
worker_13 | g=0, diversidad=16.069136390106934, C1=1.0506172041987447, C2=1.1833936041116422
worker_13 | gen evals   avg     std     min             max
worker_13 | 0   10      2589.52 1854.8  0.00363107      5000
worker_14 | g=6, diversidad=5.990728669662197, C1=1.6295324388597012, C2=1.7497851362670889
worker_14 | 6   10      2700.75 1417.2  0.0423267       5000
worker_11 | g=1, diversidad=13.96357196649525, C1=1.3218320856639956, C2=1.2313405971448534
worker_11 | 1   10      3233.61 931.351 1666.81         5000
worker_10 | g=2, diversidad=4.493030766292178, C1=1.090247090879127, C2=1.9850249010739445
worker_10 | 2   10      3367.12 971.153 1666.7          5000
worker_12 | g=6, diversidad=5.184020504051752, C1=1.8989935789055492, C2=1.753257735417952
worker_12 | 6   10      2966.91 752.131 1666.67         4000
worker_6  | g=4, diversidad=6.984966602712702, C1=1.0740825018090407, C2=1.1839667667678335
worker_6  | 4   10      2367.12 2057.05 0.0314203       5000
worker_15 | g=6, diversidad=5.703684286163121, C1=1.7271826135985369, C2=1.5927193654197849
worker_15 | 6   10      3000.04 1763.79 0.0692456       5000
worker_7  | g=0, diversidad=17.136921762379256, C1=1.438177556207917, C2=1.8584198393509963
worker_7  | gen evals   avg     std     min             max
worker_7  | 0   10      1566.68 2049.66 0.00363107      5000
worker_9  | g=5, diversidad=5.716817519923162, C1=1.5197137766872286, C2=1.6113166660202995
worker_9  | 5   10      3166.96 1572.09 0.516888        5000
worker_16 | g=7, diversidad=6.37430274691524, C1=1.8814061764927186, C2=1.8918791760146643
worker_16 | 7   10      3533.77 1087.21 1666.69         5000
worker_16 | defaultdict(<class 'deap.tools.support.Logbook'>, {})
worker_16 | poblacion enviada...  0.003932779897664018
worker_16 | poblacion recibida...  PSO PSO-15
worker_16 | primero diversidad 5.362120529700564
worker_5  | g=7, diversidad=5.872129439167955, C1=1.4451573634397925, C2=1.652498790802236
worker_5  | 7   10      2700.16 1702.62 0.0214225       5000
worker_5  | defaultdict(<class 'deap.tools.support.Logbook'>, {})
worker_5  | poblacion enviada...  0.003932779897664018
worker_5  | poblacion recibida...  PSO PSO-4
worker_5  | primero diversidad 8.256856484379842
worker_4  | g=1, diversidad=5.49885996199746, C1=1.6523973744450218, C2=1.8433597543190645
worker_4  | 1   10      2233.61 1374.66 0.0642312       5000
worker_1  | g=4, diversidad=6.506189418726166, C1=1.557807462715763, C2=1.7474213236445741
worker_1  | 4   10      3233.38 1406.71 1666.67         5000
worker_2  | g=5, diversidad=7.376124695323691, C1=1.111420571361883, C2=1.0251930506849456
worker_2  | 5   10      2966.94 1486.6  0.0514721       5000
worker_10 | g=3, diversidad=4.829711054019569, C1=1.090247090879127, C2=1.9850249010739445
worker_10 | 3   10      2867.55 1801.33 1.55758         5000
worker_13 | g=1, diversidad=13.375445186013172, C1=1.0506172041987447, C2=1.1833936041116422
worker_13 | 1   10      2066.9  1245.36 0.0145492       5000
worker_3  | g=7, diversidad=6.213724551978829, C1=1.606264906630175, C2=1.238719960176915
worker_3  | 7   10      2366.73 1803.98 0.019425        5000
worker_3  | defaultdict(<class 'deap.tools.support.Logbook'>, {})
worker_3  | poblacion enviada...  0.004831691939547205
worker_3  | poblacion recibida...  PSO PSO-8
worker_3  | primero diversidad 4.834103924388823
worker_14 | g=7, diversidad=6.588765549450679, C1=1.6295324388597012, C2=1.7497851362670889
worker_14 | 7   10      2966.73 1669.62 0.0175415       5000
worker_14 | defaultdict(<class 'deap.tools.support.Logbook'>, {})
worker_14 | poblacion enviada...  0.0036310670176005633
worker_14 | poblacion recibida...  PSO PSO-11
worker_14 | primero diversidad 6.773452608928192
worker_11 | g=2, diversidad=10.831251420922566, C1=1.3218320856639956, C2=1.2313405971448534
worker_11 | 2   10      3367.13 1129.43 1333.7          5000
worker_12 | g=7, diversidad=5.536604922050121, C1=1.8989935789055492, C2=1.753257735417952
worker_12 | 7   10      2800.14 1462.13 0.0111357       5000
worker_12 | defaultdict(<class 'deap.tools.support.Logbook'>, {})
worker_12 | poblacion enviada...  0.003932779897664018
worker_12 | poblacion recibida...  PSO PSO-1
worker_12 | primero diversidad 5.607870323553781
worker_6  | g=5, diversidad=7.44653530553264, C1=1.0740825018090407, C2=1.1839667667678335
worker_6  | 5   10      2667.14 1819.34 0.175673        5000
worker_15 | g=7, diversidad=5.240976223849958, C1=1.7271826135985369, C2=1.5927193654197849
worker_15 | 7   10      2733.9  1830.56 0.0157229       5000
worker_15 | defaultdict(<class 'deap.tools.support.Logbook'>, {})
worker_15 | poblacion enviada...  0.003932779897664018
worker_15 | poblacion recibida...  PSO PSO-3
worker_15 | primero diversidad 6.1229086703725795
worker_5  | g=0, diversidad=8.256856484379842, C1=1.4451573634397925, C2=1.652498790802236
worker_5  | gen evals   avg     std     min             max
worker_5  | 0   10      2800.01 2109.24 0.00393278      5000
worker_9  | g=6, diversidad=5.2484653810479305, C1=1.5197137766872286, C2=1.6113166660202995
worker_9  | 6   10      2267.16 1540.29 1.09289         5000
worker_16 | g=0, diversidad=6.510442291453766, C1=1.8814061764927186, C2=1.8918791760146643
worker_16 | gen evals   avg     std     min             max
worker_16 | 0   10      1934.11 1931.44 0.00363107      5000
worker_1  | g=5, diversidad=6.347154725228544, C1=1.557807462715763, C2=1.7474213236445741
worker_1  | 5   10      3300.15 1425.55 0.0435493       5000
worker_7  | g=1, diversidad=13.516047783382248, C1=1.438177556207917, C2=1.8584198393509963
worker_7  | 1   10      1700.23 1233.08 0.0219616       4000
worker_4  | g=2, diversidad=4.801806843367036, C1=1.6523973744450218, C2=1.8433597543190645
worker_4  | 2   10      2733.45 1380.75 0.45423         5000
worker_13 | g=2, diversidad=9.83380290072015, C1=1.0506172041987447, C2=1.1833936041116422
worker_13 | 2   10      2400.02 2174.58 0.0361227       5000
worker_2  | g=6, diversidad=7.301174780377201, C1=1.111420571361883, C2=1.0251930506849456
worker_2  | 6   10      2900.11 1460.99 0.0248121       5000
worker_11 | g=3, diversidad=8.254054680319141, C1=1.3218320856639956, C2=1.2313405971448534
worker_11 | 3   10      3733.38 1152.71 1666.85         5000
worker_10 | g=4, diversidad=5.6076956487325695, C1=1.090247090879127, C2=1.9850249010739445
worker_10 | 4   10      2933.35 1569.13 666.691         5000
worker_14 | g=0, diversidad=8.938036529435815, C1=1.6295324388597012, C2=1.7497851362670889
worker_14 | gen evals   avg     std     min             max
worker_14 | 0   10      1333.48 1282.24 0.00295102      4000
worker_3  | g=0, diversidad=5.895290303795088, C1=1.606264906630175, C2=1.238719960176915
worker_3  | gen evals   avg     std     min             max
worker_3  | 0   10      1366.72 1846.61 0.00393278      5000
worker_12 | g=0, diversidad=5.607870323553781, C1=1.8989935789055492, C2=1.753257735417952
worker_12 | gen evals   avg     std     min             max
worker_12 | 0   10      1566.71 1819.93 0.00393278      5000
worker_15 | g=0, diversidad=6.1229086703725795, C1=1.7271826135985369, C2=1.5927193654197849
worker_15 | gen evals   avg     std     min             max
worker_15 | 0   10      2233.54 1667.06 0.00393278      5000
worker_5  | g=1, diversidad=8.240452986456306, C1=1.4451573634397925, C2=1.652498790802236
worker_5  | 1   10      3333.4  1290.96 1666.69         5000
worker_6  | g=6, diversidad=7.292812812469537, C1=1.0740825018090407, C2=1.1839667667678335
worker_6  | 6   10      2500.04 1720.76 0.0108872       5000
worker_7  | g=2, diversidad=10.129809909585918, C1=1.438177556207917, C2=1.8584198393509963
worker_7  | 2   10      2967.21 1205.53 1666.67         5000
worker_4  | g=3, diversidad=4.393177184986758, C1=1.6523973744450218, C2=1.8433597543190645
worker_4  | 3   10      2800.34 1212.38 2.3576          4000
worker_9  | g=7, diversidad=5.082959892758079, C1=1.5197137766872286, C2=1.6113166660202995
worker_9  | 7   10      2433.55 1382.9  0.0448085       5000
worker_9  | defaultdict(<class 'deap.tools.support.Logbook'>, {})
worker_9  | poblacion enviada...  0.0029510230470672586
worker_9  | poblacion recibida...  PSO PSO-2
worker_9  | primero diversidad 4.9828722370389364
worker_1  | g=6, diversidad=6.1552024600389945, C1=1.557807462715763, C2=1.7474213236445741
worker_1  | 6   10      2833.53 1408.14 666.791         5000
worker_16 | g=1, diversidad=6.016887435209783, C1=1.8814061764927186, C2=1.8918791760146643
worker_16 | 1   10      2766.75 1414.56 0.0189152       5000
worker_2  | g=7, diversidad=7.561450643168618, C1=1.111420571361883, C2=1.0251930506849456
worker_2  | 7   10      2864.3  1962.9  0.0142549       5000
worker_2  | defaultdict(<class 'deap.tools.support.Logbook'>, {})
worker_2  | poblacion enviada...  0.0045447851442189345
worker_2  | poblacion recibida...  PSO PSO-7
worker_2  | primero diversidad 7.96857750927586
worker_10 | g=5, diversidad=5.719660064650214, C1=1.090247090879127, C2=1.9850249010739445
worker_10 | 5   10      2866.72 1674.65 0.00885779      5000
worker_11 | g=4, diversidad=7.815739294830221, C1=1.3218320856639956, C2=1.2313405971448534
worker_11 | 4   10      2467.02 1564.99 0.0739074       5000
worker_15 | g=1, diversidad=6.6577885420117875, C1=1.7271826135985369, C2=1.5927193654197849
worker_15 | 1   10      3900.13 1666.77 0.934254        5000
worker_13 | g=3, diversidad=7.174968400775711, C1=1.0506172041987447, C2=1.1833936041116422
worker_13 | 3   10      2300.28 1402.13 0.0465987       5000
worker_12 | g=1, diversidad=6.184170599368664, C1=1.8989935789055492, C2=1.753257735417952
worker_12 | 1   10      3133.36 1543.43 0.00981391      5000
worker_14 | g=1, diversidad=7.711677171547553, C1=1.6295324388597012, C2=1.7497851362670889
worker_14 | 1   10      2766.7  1764.11 0.0472312       5000
worker_6  | g=7, diversidad=7.878879817598324, C1=1.0740825018090407, C2=1.1839667667678335
worker_6  | 7   10      2500.13 1863.42 0.0165634       5000
worker_6  | defaultdict(<class 'deap.tools.support.Logbook'>, {})
worker_6  | poblacion enviada...  0.003932779897664018
worker_6  | poblacion recibida...  PSO PSO-12
worker_6  | primero diversidad 6.109827979999793
worker_3  | g=1, diversidad=6.6570362229508095, C1=1.606264906630175, C2=1.238719960176915
worker_3  | 1   10      2133.58 1521.6  0.0655          5000
worker_16 | g=2, diversidad=5.574100525481392, C1=1.8814061764927186, C2=1.8918791760146643
worker_16 | 2   10      3400.41 1348.14 667.045         5000
worker_9  | g=0, diversidad=4.9828722370389364, C1=1.5197137766872286, C2=1.6113166660202995
worker_9  | gen evals   avg     std     min             max
worker_9  | 0   10      2800.11 2217.13 0.00295102      5000
worker_4  | g=4, diversidad=4.324558472547997, C1=1.6523973744450218, C2=1.8433597543190645
worker_4  | 4   10      3600.13 1685.06 0.00794465      5000
worker_5  | g=2, diversidad=6.418757174948526, C1=1.4451573634397925, C2=1.652498790802236
worker_5  | 2   10      2666.82 1247.13 0.0478515       4000
worker_7  | g=3, diversidad=7.470584705345635, C1=1.438177556207917, C2=1.8584198393509963
worker_7  | 3   10      2900.15 2005.69 0.00744073      5000
worker_1  | g=7, diversidad=5.871253397953656, C1=1.557807462715763, C2=1.7474213236445741
worker_1  | 7   10      2533.37 1771.35 0.00735553      5000
worker_1  | defaultdict(<class 'deap.tools.support.Logbook'>, {})
worker_1  | poblacion enviada...  0.003932779897664018
worker_1  | poblacion recibida...  PSO PSO-5
worker_1  | primero diversidad 6.450733662718735
worker_13 | g=4, diversidad=6.529245669160147, C1=1.0506172041987447, C2=1.1833936041116422
worker_13 | 4   10      3566.9  1505.63 1666.67         5000
worker_2  | g=0, diversidad=16.381608441325312, C1=1.111420571361883, C2=1.0251930506849456
worker_2  | gen evals   avg     std     min             max
worker_2  | 0   10      1235.09 1341.2  0.00363107      3336.27
worker_15 | g=2, diversidad=5.065603205144793, C1=1.7271826135985369, C2=1.5927193654197849
worker_15 | 2   10      2533.48 1739.53 0.229939        5000
worker_12 | g=2, diversidad=5.97184505050696, C1=1.8989935789055492, C2=1.753257735417952
worker_12 | 2   10      2633.8  2078.5  0.0366333       5000
worker_11 | g=5, diversidad=7.33880111858712, C1=1.3218320856639956, C2=1.2313405971448534
worker_11 | 5   10      2633.46 1409.74 667.501         5000
worker_10 | g=6, diversidad=5.773224690772657, C1=1.090247090879127, C2=1.9850249010739445
worker_10 | 6   10      2601.89 1509.34 0.113853        5000
