worker_15 | g=2, diversidad=5.1182951432113395, C1=1.8106969635314276, C2=1.5343698649375266
worker_15 | 2   10      3344.44 1129.39 1666.68         5000
worker_2  | g=2, diversidad=6.492871084322483, C1=1.261936119618435, C2=1.1570004545186814
worker_2  | 2   10      3867.04 1137.04 1666.77         5000
worker_14 | g=5, diversidad=7.968791010878591, C1=1.4583340632220643, C2=1.7463073024494027
worker_14 | 5   10      2100.06 1570.87 0.0315163       5000
worker_1  | g=7, diversidad=5.741777989377373, C1=1.6529056849923296, C2=1.3512167384658322
worker_1  | 7   10      3967.01 1714.81 3.47827         5000
worker_1  | defaultdict(<class 'deap.tools.support.Logbook'>, {})
worker_1  | poblacion enviada...  0.0016685838296422127
worker_10 | g=3, diversidad=5.51945159674212, C1=1.6472727521161383, C2=1.0071258462968196
worker_10 | 3   10      3634.02 1507.64 4.92069         5000
worker_3  | g=3, diversidad=5.256096950868173, C1=1.7425850839819428, C2=1.559272730992605
worker_3  | 3   10      4066.92 1082.68 1668.94         5000
worker_4  | g=2, diversidad=4.25847228475324, C1=1.9647299879875288, C2=1.563497339375534
worker_4  | 2   10      3766.68 1505.9  0.0355642       5000
worker_12 | g=0, diversidad=5.302437214779487, C1=1.493009511316647, C2=1.4913395135612624
worker_12 | gen evals   avg     std     min             max
worker_12 | 0   10      2666.98 2000.06 0.00227871      5000
worker_16 | g=2, diversidad=5.768840527715722, C1=1.0516959247924764, C2=1.4692239306647397
worker_16 | 2   10      3600.76 1151.88 1669.85         5000
worker_5  | g=1, diversidad=7.2284522782094776, C1=1.9800988988399801, C2=1.0358594461633523
worker_5  | 1   10      3815.72 1313.49 1666.67         5000
worker_2  | g=3, diversidad=5.932278378101296, C1=1.261936119618435, C2=1.1570004545186814
worker_2  | 3   10      3900.67 1527.03 666.742         5000
worker_15 | g=3, diversidad=5.896897547262097, C1=1.8106969635314276, C2=1.5343698649375266
worker_15 | 3   10      3667.04 1237.66 1333.83         5000
worker_10 | g=4, diversidad=7.006502364599786, C1=1.6472727521161383, C2=1.0071258462968196
worker_10 | 4   10      3567.25 1744.75 0.00825667      5000
worker_9  | g=5, diversidad=5.953680202378938, C1=1.536101970948827, C2=1.47358328823639
worker_9  | 5   10      2600.22 1842.57 0.0273196       5000
worker_8  | g=5, diversidad=8.122868493385488, C1=1.2833203956013808, C2=1.0951934566355477
worker_8  | 5   10      3628.56 924.287 1666.68         5000
worker_6  | g=0, diversidad=7.475324011274222, C1=1.278473266894106, C2=1.524718860379394
worker_6  | gen evals   avg     std     min             max
worker_6  | 0   10      2033.5  2008    0.00200611      5000
worker_3  | g=4, diversidad=6.543331657505954, C1=1.7425850839819428, C2=1.559272730992605
worker_3  | 4   10      3400.43 1288.93 1333.72         5000
worker_14 | g=6, diversidad=7.443468614823763, C1=1.4583340632220643, C2=1.7463073024494027
worker_14 | 6   10      2800.4  1543.5  0.0097919       5000
worker_5  | g=2, diversidad=6.495512370016709, C1=1.9800988988399801, C2=1.0358594461633523
worker_5  | 2   10      3500.57 1572.01 1.23063         5000
worker_4  | g=3, diversidad=4.8329887542293255, C1=1.9647299879875288, C2=1.563497339375534
worker_4  | 3   10      2767.15 1764.04 0.00689548      5000
worker_16 | g=3, diversidad=5.556165918636748, C1=1.0516959247924764, C2=1.4692239306647397
worker_16 | 3   10      4200.27 1076.64 2333.34         5000
worker_12 | g=1, diversidad=5.745427442070026, C1=1.493009511316647, C2=1.4913395135612624
worker_12 | 1   10      3133.69 1351.42 667.515         5000
worker_2  | g=4, diversidad=5.44637206308179, C1=1.261936119618435, C2=1.1570004545186814
worker_2  | 4   10      3800.22 1557.69 0.0732336       5000
worker_10 | g=5, diversidad=6.379236346548439, C1=1.6472727521161383, C2=1.0071258462968196
worker_10 | 5   10      3900.55 745.686 3333.33         5000
worker_9  | g=6, diversidad=6.209500092187365, C1=1.536101970948827, C2=1.47358328823639
worker_9  | 6   10      4233.35 978.072 2333.4          5000
worker_8  | g=6, diversidad=7.217258759564387, C1=1.2833203956013808, C2=1.0951934566355477
worker_8  | 6   10      4166.67 1077.54 2000            5000
worker_15 | g=4, diversidad=5.904936413879217, C1=1.8106969635314276, C2=1.5343698649375266
worker_15 | 4   10      3057.98 1668.94 0.022178        5000
worker_6  | g=1, diversidad=7.480341838502055, C1=1.278473266894106, C2=1.524718860379394
worker_6  | 1   10      2666.9  1105.55 1666.69         5000
worker_3  | g=5, diversidad=6.755672527785464, C1=1.7425850839819428, C2=1.559272730992605
worker_3  | 5   10      3433.42 1476.03 1333.53         5000
worker_14 | g=7, diversidad=6.4217407705216525, C1=1.4583340632220643, C2=1.7463073024494027
worker_14 | 7   10      3300.08 1538.01 0.0330471       5000
worker_14 | defaultdict(<class 'deap.tools.support.Logbook'>, {})
worker_14 | poblacion enviada...  0.0020061119193552426
worker_4  | g=4, diversidad=5.524580846584701, C1=1.9647299879875288, C2=1.563497339375534
worker_4  | 4   10      3200.17 1446.69 666.668         5000
worker_2  | g=5, diversidad=6.373827044242751, C1=1.261936119618435, C2=1.1570004545186814
worker_2  | 5   10      3969.97 1087.92 2333.4          5000
worker_10 | g=6, diversidad=6.260168209925274, C1=1.6472727521161383, C2=1.0071258462968196
worker_10 | 6   10      2975.06 1486.96 1.46661         5000
worker_16 | g=4, diversidad=6.756553138028466, C1=1.0516959247924764, C2=1.4692239306647397
worker_16 | 4   10      3433.8  919.49  1666.67         5000
worker_12 | g=2, diversidad=5.657589112931402, C1=1.493009511316647, C2=1.4913395135612624
worker_12 | 2   10      3600.51 997.33  1668.52         5000
worker_9  | g=7, diversidad=5.745845668867583, C1=1.536101970948827, C2=1.47358328823639
worker_9  | 7   10      3200.18 1292.7  666.7           5000
worker_9  | defaultdict(<class 'deap.tools.support.Logbook'>, {})
worker_9  | poblacion enviada...  0.0020061119193552426
worker_5  | g=3, diversidad=5.710879519069227, C1=1.9800988988399801, C2=1.0358594461633523
worker_5  | 3   10      3100.14 1666.81 0.00355406      5000
worker_8  | g=7, diversidad=6.7984156371548545, C1=1.2833203956013808, C2=1.0951934566355477
worker_8  | 7   10      3300.16 1923.12 0.00915245      5000
worker_8  | defaultdict(<class 'deap.tools.support.Logbook'>, {})
worker_8  | poblacion enviada...  0.0020061119193552426
worker_6  | g=2, diversidad=7.5234850624528145, C1=1.278473266894106, C2=1.524718860379394
worker_6  | 2   10      2533.73 1647.68 0.0018884       5000
worker_15 | g=5, diversidad=6.154594364800519, C1=1.8106969635314276, C2=1.5343698649375266
worker_15 | 5   10      2467.93 1375.29 0.00307167      5000
worker_3  | g=6, diversidad=6.482809821740391, C1=1.7425850839819428, C2=1.559272730992605
worker_3  | 6   10      3600.02 1590.23 0.0618706       5000
worker_4  | g=5, diversidad=5.211975609821808, C1=1.9647299879875288, C2=1.563497339375534
worker_4  | 5   10      3466.68 1392.03 0.0563086       5000
worker_12 | g=3, diversidad=4.70631914035258, C1=1.493009511316647, C2=1.4913395135612624
worker_12 | 3   10      3966.69 1187.39 1666.88         5000
worker_10 | g=7, diversidad=6.359412801608697, C1=1.6472727521161383, C2=1.0071258462968196
worker_10 | 7   10      3766.69 1299.99 1333.36         5000
worker_10 | defaultdict(<class 'deap.tools.support.Logbook'>, {})
worker_10 | poblacion enviada...  0.0016685838296422127
worker_2  | g=6, diversidad=7.560559500419152, C1=1.261936119618435, C2=1.1570004545186814
worker_2  | 6   10      3733.35 916.504 2333.39         5000
worker_5  | g=4, diversidad=7.476911941311271, C1=1.9800988988399801, C2=1.0358594461633523
worker_5  | 4   10      3933.44 840.555 2333.34         5000
worker_16 | g=5, diversidad=6.705590379898439, C1=1.0516959247924764, C2=1.4692239306647397
worker_16 | 5   10      2866.91 1499.43 0.056582        5000
worker_15 | g=6, diversidad=5.2650105025419505, C1=1.8106969635314276, C2=1.5343698649375266
worker_15 | 6   10      3767.29 1064.7  2333.34         5000
worker_3  | g=7, diversidad=5.958456211968468, C1=1.7425850839819428, C2=1.559272730992605
worker_3  | 7   10      3401.52 963.641 1666.76         5000
worker_3  | defaultdict(<class 'deap.tools.support.Logbook'>, {})
worker_3  | poblacion enviada...  0.0016685838296422127
worker_6  | g=3, diversidad=5.686937426182955, C1=1.278473266894106, C2=1.524718860379394
worker_6  | 3   10      2600.26 1672.01 0.0566726       5000
worker_4  | g=6, diversidad=5.5526034861483256, C1=1.9647299879875288, C2=1.563497339375534
worker_4  | 6   10      3167.37 1283.8  669.979         5000
worker_12 | g=4, diversidad=5.570101175976075, C1=1.493009511316647, C2=1.4913395135612624
worker_12 | 4   10      3066.73 1590.22 0.14586         5000
worker_2  | g=7, diversidad=7.1699727397655995, C1=1.261936119618435, C2=1.1570004545186814
worker_2  | 7   10      3933.58 1199.78 1333.93         5000
worker_2  | defaultdict(<class 'deap.tools.support.Logbook'>, {})
worker_2  | poblacion enviada...  0.0016685838296422127
worker_5  | g=5, diversidad=6.6912504078237465, C1=1.9800988988399801, C2=1.0358594461633523
worker_5  | 5   10      3333.77 1490.62 0.0212364       5000
worker_7  | g=4, diversidad=6.8092109977530315, C1=1.586739118386575, C2=1.4453687251236613
worker_7  | 4   10      3467.24 1422.5  672.3           5000
worker_16 | g=6, diversidad=6.080157189936662, C1=1.0516959247924764, C2=1.4692239306647397
worker_16 | 6   10      3266.89 1123.38 1666.69         5000
worker_6  | g=4, diversidad=5.660212876726821, C1=1.278473266894106, C2=1.524718860379394
worker_6  | 4   10      3400.09 1503.97 1666.67         5000
worker_15 | g=7, diversidad=5.189332842588117, C1=1.8106969635314276, C2=1.5343698649375266
worker_15 | 7   10      2633.74 1048.41 666.668         4000
worker_15 | defaultdict(<class 'deap.tools.support.Logbook'>, {})
worker_15 | poblacion enviada...  0.0016685838296422127
worker_12 | g=5, diversidad=5.120285379381282, C1=1.493009511316647, C2=1.4913395135612624
worker_12 | 5   10      2974.47 1908.31 0.0263139       5000
worker_4  | g=7, diversidad=4.799018863008835, C1=1.9647299879875288, C2=1.563497339375534
worker_4  | 7   10      3200.02 1334.98 0.0267163       5000
worker_4  | defaultdict(<class 'deap.tools.support.Logbook'>, {})
worker_4  | poblacion enviada...  0.0016685838296422127
worker_5  | g=6, diversidad=6.281223702244409, C1=1.9800988988399801, C2=1.0358594461633523
worker_5  | 6   10      3633.4  1311.84 1666.68         5000
worker_7  | g=5, diversidad=7.920155684518337, C1=1.586739118386575, C2=1.4453687251236613
worker_7  | 5   10      3700.1  1079.46 1667.19         5000
worker_6  | g=5, diversidad=5.919280936183903, C1=1.278473266894106, C2=1.524718860379394
worker_6  | 5   10      3300.56 751.621 1668.65         5000
worker_16 | g=7, diversidad=5.7903110936287066, C1=1.0516959247924764, C2=1.4692239306647397
worker_16 | 7   10      3466.82 1351.42 667.171         5000
worker_16 | defaultdict(<class 'deap.tools.support.Logbook'>, {})
worker_16 | poblacion enviada...  0.0016685838296422127
worker_12 | g=6, diversidad=4.839279690763309, C1=1.493009511316647, C2=1.4913395135612624
worker_12 | 6   10      3366.98 1268.81 1333.53         5000
worker_5  | g=7, diversidad=6.289788268545222, C1=1.9800988988399801, C2=1.0358594461633523
worker_5  | 7   10      3800.06 1550.54 1333.62         5000
worker_5  | defaultdict(<class 'deap.tools.support.Logbook'>, {})
worker_5  | poblacion enviada...  0.0016685838296422127
worker_7  | g=6, diversidad=7.485996990418709, C1=1.586739118386575, C2=1.4453687251236613
worker_7  | 6   10      3600.14 1236.4  1333.63         5000
worker_6  | g=6, diversidad=5.914298054113951, C1=1.278473266894106, C2=1.524718860379394
worker_6  | 6   10      3800.07 871.743 2333.34         5000
worker_12 | g=7, diversidad=4.530681651327433, C1=1.493009511316647, C2=1.4913395135612624
worker_12 | 7   10      3466.99 1438.74 1666.67         5000
worker_12 | defaultdict(<class 'deap.tools.support.Logbook'>, {})
worker_12 | poblacion enviada...  0.002278706426321196
worker_6  | g=7, diversidad=6.1090714483290345, C1=1.278473266894106, C2=1.524718860379394
worker_6  | 7   10      2900.17 2005.83 0.00549534      5000
worker_6  | defaultdict(<class 'deap.tools.support.Logbook'>, {})
worker_6  | poblacion enviada...  0.001888395289422531
worker_7  | g=7, diversidad=5.902318587924572, C1=1.586739118386575, C2=1.4453687251236613
worker_7  | 7   10      3600.04 1093.38 1666.7          5000
worker_7  | defaultdict(<class 'deap.tools.support.Logbook'>, {})
worker_7  | poblacion enviada...  0.0020061119193552426
redis_1   | 1:M 13 Jun 2023 19:28:22.081 * 1 changes in 3600 seconds. Saving...
redis_1   | 1:M 13 Jun 2023 19:28:22.082 * Background saving started by pid 18
redis_1   | 18:C 13 Jun 2023 19:28:22.086 * DB saved on disk
redis_1   | 18:C 13 Jun 2023 19:28:22.086 * Fork CoW for RDB: current 0 MB, peak 0 MB, average 0 MB
redis_1   | 1:M 13 Jun 2023 19:28:22.183 * Background saving terminated with success

