worker_10 | g=7, diversidad=6.890972006133752, C1=1.8430788120564778, C2=1.2234603159825947
worker_10 | 7   10      3100.25 955.143 1333.41         5000
worker_10 | defaultdict(<class 'deap.tools.support.Logbook'>, {})
worker_10 | poblacion enviada...  0.005049246671432382
worker_3  | g=5, diversidad=5.104369859778735, C1=1.938117721810999, C2=1.4538602554973599
worker_3  | 5   10      3004.6  1944.15 0.0109334       5000
worker_5  | g=0, diversidad=5.23634065081478, C1=1.5412837524165686, C2=1.299716121204
worker_5  | gen evals   avg     std     min             max
worker_5  | 0   10      2633.39 1968.93 0.00504925      5000
worker_2  | g=6, diversidad=6.270506098438794, C1=1.9110983996142021, C2=1.135334773863779
worker_2  | 6   10      2967    1601.49 667.453         5000
worker_1  | g=3, diversidad=4.672599068136607, C1=1.7517242872795573, C2=1.5709950529925623
worker_1  | 3   10      3840.8  1289.37 1676.53         5000
worker_15 | g=5, diversidad=6.129946313882577, C1=1.907154425139347, C2=1.9985326675292514
worker_15 | 5   10      2386.47 1702    0.101624        5000
worker_8  | g=2, diversidad=6.061064579216083, C1=1.684984465319549, C2=1.4939405862203905
worker_8  | 2   10      2800.06 1641.11 0.00958412      5000
worker_6  | g=7, diversidad=5.630166385338891, C1=1.0069264894383614, C2=1.8073302572459744
worker_6  | 7   10      2500.3  1863.47 0.0535714       5000
worker_6  | defaultdict(<class 'deap.tools.support.Logbook'>, {})
worker_6  | poblacion enviada...  0.004172483668986669
worker_4  | g=3, diversidad=4.958004329049805, C1=1.0833086024777123, C2=1.873622583384102
worker_4  | 3   10      2866.72 1499.62 0.0386084       5000
worker_13 | g=3, diversidad=4.557081679469084, C1=1.6650315825552244, C2=1.0919448405189658
worker_13 | 3   10      2302.54 1940.09 0.0104742       5000
worker_14 | g=2, diversidad=5.216422911723143, C1=1.7109095915092412, C2=1.003293824233275
worker_14 | 2   10      2866.69 1462.1  0.00784527      5000
worker_16 | g=3, diversidad=4.478533225916196, C1=1.429581368827769, C2=1.6634184220381867
worker_16 | 3   10      2800.14 2140.51 0.0209701       5000
worker_3  | g=6, diversidad=4.131745953781146, C1=1.938117721810999, C2=1.4538602554973599
worker_3  | 6   10      3000.02 1632.98 0.0528923       5000
worker_12 | g=5, diversidad=6.0277982167072715, C1=1.207137914601553, C2=1.3845175213590561
worker_12 | 5   10      2433.64 1719.09 0.0336527       5000
worker_15 | g=6, diversidad=6.5196064952006, C1=1.907154425139347, C2=1.9985326675292514
worker_15 | 6   10      3901.04 1053.35 1671.14         5000
worker_2  | g=7, diversidad=5.1814074536311026, C1=1.9110983996142021, C2=1.135334773863779
worker_2  | 7   10      2400.36 1842.64 0.00896418      5000
worker_2  | defaultdict(<class 'deap.tools.support.Logbook'>, {})
worker_2  | poblacion enviada...  0.004172483668986669
worker_1  | g=4, diversidad=5.452768608117707, C1=1.7517242872795573, C2=1.5709950529925623
worker_1  | 4   10      3467.06 1514.09 0.0444896       5000
worker_5  | g=1, diversidad=6.620646558187298, C1=1.5412837524165686, C2=1.299716121204
worker_5  | 1   10      3642.69 1236.74 1333.44         5000
worker_8  | g=3, diversidad=5.676250799367589, C1=1.684984465319549, C2=1.4939405862203905
worker_8  | 3   10      2500.27 1707.8  0.0128287       5000
worker_14 | g=3, diversidad=5.3437279742932375, C1=1.7109095915092412, C2=1.003293824233275
worker_14 | 3   10      3533.48 1097.43 1666.7          5000
worker_3  | g=7, diversidad=4.183366429883394, C1=1.938117721810999, C2=1.4538602554973599
worker_3  | 7   10      3233.37 1591.96 0.151071        5000
worker_3  | defaultdict(<class 'deap.tools.support.Logbook'>, {})
worker_3  | poblacion enviada...  0.004172483668986669
worker_4  | g=4, diversidad=6.258385176237956, C1=1.0833086024777123, C2=1.873622583384102
worker_4  | 4   10      3633.46 1642.64 0.524069        5000
worker_13 | g=4, diversidad=4.780431070015533, C1=1.6650315825552244, C2=1.0919448405189658
worker_13 | 4   10      2466.69 1521.69 0.0151123       5000
worker_15 | g=7, diversidad=5.580278969017089, C1=1.907154425139347, C2=1.9985326675292514
worker_15 | 7   10      3433.46 1563.74 0.0348714       5000
worker_15 | defaultdict(<class 'deap.tools.support.Logbook'>, {})
worker_15 | poblacion enviada...  0.004172483668986669
worker_12 | g=6, diversidad=7.158247703155754, C1=1.207137914601553, C2=1.3845175213590561
worker_12 | 6   10      2967.07 1294.65 0.163352        5000
worker_16 | g=4, diversidad=5.983534214656208, C1=1.429581368827769, C2=1.6634184220381867
worker_16 | 4   10      3033.36 1215.15 1666.68         5000
worker_5  | g=2, diversidad=5.578500955161861, C1=1.5412837524165686, C2=1.299716121204
worker_5  | 2   10      2400.1  1083.19 0.0819306       3333.43
worker_1  | g=5, diversidad=4.9924564877618804, C1=1.7517242872795573, C2=1.5709950529925623
worker_1  | 5   10      2166.83 1833.23 0.019563        5000
worker_8  | g=4, diversidad=5.032866963699492, C1=1.684984465319549, C2=1.4939405862203905
worker_8  | 4   10      3066.97 1404.46 1666.68         5000
worker_13 | g=5, diversidad=5.113794264952376, C1=1.6650315825552244, C2=1.0919448405189658
worker_13 | 5   10      3366.85 1139.43 1666.86         5000
worker_4  | g=5, diversidad=5.187713022777376, C1=1.0833086024777123, C2=1.873622583384102
worker_4  | 5   10      2402.25 1428.69 0.0127256       5000
worker_5  | g=3, diversidad=5.6003508021858925, C1=1.5412837524165686, C2=1.299716121204
worker_5  | 3   10      3567.11 906.652 1670            5000
worker_1  | g=6, diversidad=5.260410661607447, C1=1.7517242872795573, C2=1.5709950529925623
worker_1  | 6   10      3067.09 1848.66 0.00892276      5000
worker_12 | g=7, diversidad=7.187027138470129, C1=1.207137914601553, C2=1.3845175213590561
worker_12 | 7   10      2433.52 1844.25 0.00833         5000
worker_12 | defaultdict(<class 'deap.tools.support.Logbook'>, {})
worker_12 | poblacion enviada...  0.004172483668986669
worker_14 | g=4, diversidad=5.554863191794817, C1=1.7109095915092412, C2=1.003293824233275
worker_14 | 4   10      1566.75 817.169 0.0798239       3333.34
worker_16 | g=5, diversidad=5.333076073357483, C1=1.429581368827769, C2=1.6634184220381867
worker_16 | 5   10      2600.33 1919.41 0.0383602       5000
worker_8  | g=5, diversidad=5.153298376442186, C1=1.684984465319549, C2=1.4939405862203905
worker_8  | 5   10      3300.38 1119.97 1666.7          5000
worker_5  | g=4, diversidad=4.899902886078119, C1=1.5412837524165686, C2=1.299716121204
worker_5  | 4   10      3500.56 1166.58 1666.67         5000
worker_14 | g=5, diversidad=5.715650639247287, C1=1.7109095915092412, C2=1.003293824233275
worker_14 | 5   10      2266.98 1008.9  0.101954        3334.42
worker_1  | g=7, diversidad=5.249370201727478, C1=1.7517242872795573, C2=1.5709950529925623
worker_1  | 7   10      2666.92 1475.72 0.0348949       5000
worker_1  | defaultdict(<class 'deap.tools.support.Logbook'>, {})
worker_1  | poblacion enviada...  0.004172483668986669
worker_8  | g=6, diversidad=5.900014689667673, C1=1.684984465319549, C2=1.4939405862203905
worker_8  | 6   10      2567.21 1585.02 0.0464505       5000
worker_4  | g=6, diversidad=5.602839442975537, C1=1.0833086024777123, C2=1.873622583384102
worker_4  | 6   10      2066.86 1525.89 0.0498079       5000
worker_13 | g=6, diversidad=5.408554367637533, C1=1.6650315825552244, C2=1.0919448405189658
worker_13 | 6   10      1800.2  1351.3  0.0321323       4000
worker_16 | g=6, diversidad=5.202636885443133, C1=1.429581368827769, C2=1.6634184220381867
worker_16 | 6   10      2474.13 1297.48 0.0323821       5000
