worker_12 | g=3, diversidad=7.406918861236467, C1=1.4876434742154103, C2=1.4876434742154103
worker_12 | 3   10      1833.49 1293.05 0.205905        4000
worker_6  | fuzzy inputs 2 7.028198725400672
worker_6  | g=1, diversidad=7.028198725400672, C1=1.2034896943348965, C2=1.4861475126303612
worker_6  | 1   10      2266.76 1866.6  0.0568322       5000
worker_1  | fuzzy inputs 1 13.792698190141659
worker_1  | g=0, diversidad=13.792698190141659, C1=1.175268817204301, C2=1.5707219534261043
worker_1  | gen evals   avg     std     min             max
worker_1  | 0   10      1500.1  1586.44 0.00367177      4000
worker_16 | fuzzy inputs 6 6.196479440383975
worker_16 | g=5, diversidad=6.196479440383975, C1=1.4780598628695023, C2=1.4655013329719426
worker_16 | 5   10      2666.69 1541.99 0.0388986       5000
worker_4  | fuzzy inputs 4 5.1986849631910985
worker_4  | g=3, diversidad=5.1986849631910985, C1=1.479377993030907, C2=1.2807582065144791
worker_4  | 3   10      2433.42 1719.4  0.0136357       5000
worker_13 | fuzzy inputs 1 8.331428136312477
worker_13 | g=0, diversidad=8.331428136312477, C1=1.1808348549948753, C2=1.489919800885459
worker_13 | gen evals   avg     std     min             max
worker_13 | 0   10      2133.52 1961.94 0.00367177      5000
worker_14 | fuzzy inputs 5 7.4023253280793515
worker_14 | g=4, diversidad=7.4023253280793515, C1=1.487627267808072, C2=1.487627267808072
worker_14 | 4   10      2233.53 1570.83 0.0265735       5000
worker_7  | fuzzy inputs 5 5.191338060685209
worker_7  | g=4, diversidad=5.191338060685209, C1=1.4794498432748238, C2=1.2784199925718476
worker_7  | 4   10      2966.88 1294.74 0.018186        5000
worker_11 | fuzzy inputs 6 6.362265776399234
worker_11 | g=5, diversidad=6.362265776399234, C1=1.4803670345464368, C2=1.4713275458745811
worker_11 | 5   10      2366.83 2029.87 0.0119693       5000
worker_8  | fuzzy inputs 4 5.0496339164613016
worker_8  | g=3, diversidad=5.0496339164613016, C1=1.4807438737855525, C2=1.2311172544625868
worker_8  | 3   10      1533.56 1376.13 0.0297616       3334.26
worker_2  | fuzzy inputs 3 6.457716493961604
worker_2  | g=2, diversidad=6.457716493961604, C1=1.4257383966244728, C2=1.4705996864902708
worker_2  | 2   10      2366.78 1642.69 0.0326653       5000
worker_12 | fuzzy inputs 5 9.528333980892004
worker_12 | g=4, diversidad=9.528333980892004, C1=1.4909828676911614, C2=1.4909828676911614
worker_12 | 4   10      2433.72 1725.79 0.0489736       5000
worker_10 | fuzzy inputs 1 8.804538435784401
worker_10 | g=0, diversidad=8.804538435784401, C1=1.175268817204301, C2=1.4904761904761905
worker_10 | gen evals   avg     std     min             max
worker_10 | 0   10      2267.98 1894.65 0.00865599      5000
worker_5  | fuzzy inputs 5 6.676339891123038
worker_5  | g=4, diversidad=6.676339891123038, C1=1.4836284979618224, C2=1.4797295443441998
worker_5  | 4   10      1533.54 1529.06 0.0123587       4000
worker_15 | fuzzy inputs 6 6.164422377739408
worker_15 | g=5, diversidad=6.164422377739408, C1=1.4775497212706452, C2=1.4642259414119458
worker_15 | 5   10      1566.7  1022.53 0.00528427      3000
worker_9  | fuzzy inputs 3 7.025243518248953
worker_9  | g=2, diversidad=7.025243518248953, C1=1.4257383966244728, C2=1.4788617886178865
worker_9  | 2   10      2100.1  1333.68 0.0135817       4000
worker_1  | fuzzy inputs 2 11.06646876174634
worker_1  | g=1, diversidad=11.06646876174634, C1=1.1936936936936937, C2=1.488660895616704
worker_1  | 1   10      2733.37 1878.51 0.0391101       5000
worker_6  | fuzzy inputs 3 6.829631710369538
worker_6  | g=2, diversidad=6.829631710369538, C1=1.4257383966244728, C2=1.4762326596733901
worker_6  | 2   10      1609.33 1277.98 0.0267599       4000
worker_16 | fuzzy inputs 7 5.662678097127528
worker_16 | g=6, diversidad=5.662678097127528, C1=1.4745098039215685, C2=1.4094826899398305
worker_16 | 6   10      2433.63 1300.06 0.0291965       5000
worker_4  | fuzzy inputs 5 6.023007851895551
worker_4  | g=4, diversidad=6.023007851895551, C1=1.4749838019057102, C2=1.4578801883484354
worker_4  | 4   10      2733.38 1254.3  666.774         5000
worker_14 | fuzzy inputs 6 6.910792878765575
worker_14 | g=5, diversidad=6.910792878765575, C1=1.485434712366126, C2=1.4844684943441293
worker_14 | 5   10      2300.46 1656.36 0.0107113       5000
worker_2  | fuzzy inputs 4 6.312086690148083
worker_2  | g=3, diversidad=6.312086690148083, C1=1.4797216060363312, C2=1.4696880064255258
worker_2  | 3   10      2800.36 1892.46 0.0187048       5000
worker_13 | fuzzy inputs 2 8.135516737566387
worker_13 | g=1, diversidad=8.135516737566387, C1=1.1936936936936937, C2=1.4879629629629632
worker_13 | 1   10      2600.06 1547.78 0.00855119      5000
worker_7  | fuzzy inputs 6 5.722396319492093
worker_7  | g=5, diversidad=5.722396319492093, C1=1.4745098039215696, C2=1.4239359800309412
worker_7  | 5   10      2166.76 1707.78 0.00964127      4000
worker_11 | fuzzy inputs 7 6.0207086531085405
worker_11 | g=6, diversidad=6.0207086531085405, C1=1.4763188538696357, C2=1.4577660649959265
worker_11 | 6   10      2666.73 1398.38 0.0391135       5000
worker_5  | fuzzy inputs 6 8.040395944652026
worker_5  | g=5, diversidad=8.040395944652026, C1=1.4894308943089432, C2=1.4894308943089432
worker_5  | 5   10      2600.17 1842.53 0.0272291       5000
worker_15 | fuzzy inputs 7 6.1989741379603265
worker_15 | g=6, diversidad=6.1989741379603265, C1=1.4910306656693182, C2=1.465598346608191
worker_15 | 6   10      2066.78 1884.37 0.0125708       5000
worker_8  | fuzzy inputs 5 6.490789688566201
worker_8  | g=4, diversidad=6.490789688566201, C1=1.4818469136903802, C2=1.4751155087347783
worker_8  | 4   10      2133.5  1431.42 0.0316396       5000
worker_9  | fuzzy inputs 4 5.6872123116225435
worker_9  | g=3, diversidad=5.6872123116225435, C1=1.4745098039215692, C2=1.4154573128113856
worker_9  | 3   10      2933.44 1533.22 0.39333         5000
worker_10 | fuzzy inputs 2 7.702496485649907
worker_10 | g=1, diversidad=7.702496485649907, C1=1.1936936936936937, C2=1.4879629629629632
worker_10 | 1   10      2500.16 1157.16 666.753         4000
worker_12 | fuzzy inputs 6 10.335442348023516
worker_12 | g=5, diversidad=10.335442348023516, C1=1.4894308943089432, C2=1.4894308943089432
worker_12 | 5   10      2200.31 1212.75 666.761         4000
worker_4  | fuzzy inputs 6 7.124543350911625
worker_4  | g=5, diversidad=7.124543350911625, C1=1.486561404633905, C2=1.486561404633905
worker_4  | 5   10      2866.69 1733.32 0.00592361      5000
worker_16 | fuzzy inputs 8 4.587837848009648
worker_16 | g=7, diversidad=4.587837848009648, C1=1.740674729359905, C2=1.2080249881016931
worker_16 | 7   10      3180.41 1560.07 0.017218        5000
worker_16 | defaultdict(<class 'deap.tools.support.Logbook'>, {})
worker_16 | poblacion enviada...  0.003671767367096566
worker_16 | poblacion recibida...  PSO PSO-14
worker_16 | primero diversidad 5.224198225468569
worker_13 | fuzzy inputs 3 6.770834765900713
worker_13 | g=2, diversidad=6.770834765900713, C1=1.4257383966244728, C2=1.4753324910413068
worker_13 | 2   10      2633.79 1822.32 0.00578779      5000
worker_2  | fuzzy inputs 5 7.060845131000394
worker_2  | g=4, diversidad=7.060845131000394, C1=1.486290586366179, C2=1.486290586366179
worker_2  | 4   10      3000.23 1626.13 0.024021        5000
worker_6  | fuzzy inputs 4 6.018403470607477
worker_6  | g=3, diversidad=6.018403470607477, C1=1.4748903605777457, C2=1.4576512548882425
worker_6  | 3   10      2100.37 1291.54 0.0365268       3335.55
worker_1  | fuzzy inputs 3 7.527053072431711
worker_1  | g=2, diversidad=7.527053072431711, C1=1.4257383966244728, C2=1.4788617886178865
worker_1  | 2   10      2066.83 1511.39 0.0119076       5000
worker_14 | fuzzy inputs 7 7.03315012155642
worker_14 | g=6, diversidad=7.03315012155642, C1=1.5436833692652034, C2=1.4861694040655142
worker_14 | 6   10      2400.16 1576.18 0.0123384       5000
worker_11 | fuzzy inputs 8 5.834463738917298
worker_11 | g=7, diversidad=5.834463738917298, C1=1.7238095238095241, C2=1.450053762854316
worker_11 | 7   10      3366.7  1361.75 0.00860653      5000
worker_11 | defaultdict(<class 'deap.tools.support.Logbook'>, {})
worker_11 | poblacion enviada...  0.003671767367096566
worker_11 | poblacion recibida...  PSO PSO-11
worker_11 | primero diversidad 6.258606985500737
worker_9  | fuzzy inputs 5 6.0927702163172475
worker_9  | g=4, diversidad=6.0927702163172475, C1=1.4763190080640989, C2=1.4611679495137617
worker_9  | 4   10      2733.45 1919.4  0.0829514       5000
worker_5  | fuzzy inputs 7 8.475594617119373
worker_5  | g=6, diversidad=8.475594617119373, C1=1.5602836879432629, C2=1.4879629629629632
worker_5  | 6   10      2033.4  1649.55 0.020585        5000
worker_7  | fuzzy inputs 7 6.402646542175633
worker_7  | g=6, diversidad=6.402646542175633, C1=1.506150993683457, C2=1.472578109419412
worker_7  | 6   10      1833.49 1002.74 0.0259318       3333.41
worker_15 | fuzzy inputs 8 6.999067394050371
worker_15 | g=7, diversidad=6.999067394050371, C1=1.7444332142682009, C2=1.4860058840714774
worker_15 | 7   10      3000.04 988.787 1666.68         5000
worker_15 | defaultdict(<class 'deap.tools.support.Logbook'>, {})
worker_15 | poblacion enviada...  0.005284273018784404
worker_15 | poblacion recibida...  PSO PSO-0
worker_15 | primero diversidad 8.423178057379781
worker_8  | fuzzy inputs 6 7.052825446012442
worker_8  | g=5, diversidad=7.052825446012442, C1=1.4862557144138324, C2=1.4862557144138324
worker_8  | 5   10      1400.06 1404.77 0.00775156      3333.49
worker_10 | fuzzy inputs 3 6.567163241316404
worker_10 | g=2, diversidad=6.567163241316404, C1=1.4257383966244728, C2=1.4722424163238652
worker_10 | 2   10      2700.04 1149.39 1666.67         5000
worker_12 | fuzzy inputs 7 8.975917549025397
worker_12 | g=6, diversidad=8.975917549025397, C1=1.5602836879432629, C2=1.4879629629629632
worker_12 | 6   10      1866.88 1627.36 0.352695        5000
worker_4  | fuzzy inputs 7 7.09134512789969
worker_4  | g=6, diversidad=7.09134512789969, C1=1.5458665709215875, C2=1.486421608570474
worker_4  | 6   10      2966.68 1587.79 0.00521101      5000
worker_2  | fuzzy inputs 6 6.877662480851273
worker_2  | g=5, diversidad=6.877662480851273, C1=1.4852040404134612, C2=1.4838598122401387
worker_2  | 5   10      2366.98 1946.17 0.0246312       5000
worker_16 | fuzzy inputs 1 5.224198225468569
worker_16 | g=0, diversidad=5.224198225468569, C1=1.2173356809475082, C2=1.6403161266521369
worker_16 | gen evals   avg     std     min             max
worker_16 | 0   10      2400.66 1610.77 0.00367177      5000
worker_13 | fuzzy inputs 4 6.222084341368075
worker_13 | g=3, diversidad=6.222084341368075, C1=1.4784509703258244, C2=1.4664822603773089
worker_13 | 3   10      2866.71 1284.06 1333.37         5000
worker_1  | fuzzy inputs 4 6.269020773672768
worker_1  | g=3, diversidad=6.269020773672768, C1=1.4791328486704183, C2=1.468198996825202
worker_1  | 3   10      2300.03 1785.43 0.0073709       5000
worker_6  | fuzzy inputs 5 5.2232033833511515
worker_6  | g=4, diversidad=5.2232033833511515, C1=1.4791345320066744, C2=1.2884842572128954
worker_6  | 4   10      2700.11 1337.1  0.0259743       4000
worker_11 | fuzzy inputs 1 6.258606985500737
worker_11 | g=0, diversidad=6.258606985500737, C1=1.2175973902977864, C2=1.4789853117223892
worker_11 | gen evals   avg     std     min             max
worker_11 | 0   10      2533.46 1892.61 0.00367177      5000
worker_4  | fuzzy inputs 8 6.705664216561224
worker_4  | g=7, diversidad=6.705664216561224, C1=1.7404062726994394, C2=1.480381900793663
worker_4  | 7   10      4233.43 1085.68 1666.7          5000
worker_4  | defaultdict(<class 'deap.tools.support.Logbook'>, {})
worker_4  | poblacion enviada...  0.0052110126562067245
worker_4  | poblacion recibida...  PSO PSO-2
worker_4  | primero diversidad 8.446645258230104
worker_5  | fuzzy inputs 8 8.373346532567698
worker_5  | g=7, diversidad=8.373346532567698, C1=1.7625904333878246, C2=1.4899784334026065
worker_5  | 7   10      2866.7  1765.06 0.0655323       5000
worker_5  | defaultdict(<class 'deap.tools.support.Logbook'>, {})
worker_5  | poblacion enviada...  0.003671767367096566
worker_5  | poblacion recibida...  PSO PSO-12
worker_5  | primero diversidad 8.979742787357369
worker_8  | fuzzy inputs 7 7.020644751058345
worker_8  | g=6, diversidad=7.020644751058345, C1=1.5432097165680696, C2=1.4861139806706174
worker_8  | 6   10      2966.91 1493.86 1666.67         5000
worker_14 | fuzzy inputs 8 6.857603290155721
worker_14 | g=7, diversidad=6.857603290155721, C1=1.7426222984780688, C2=1.4834823315402497
worker_14 | 7   10      1966.85 1940.34 0.0540204       5000
worker_14 | defaultdict(<class 'deap.tools.support.Logbook'>, {})
worker_14 | poblacion enviada...  0.008655992049161723
worker_14 | poblacion recibida...  PSO PSO-8
worker_14 | primero diversidad 10.925327758512934
worker_9  | fuzzy inputs 6 5.689082463826427
worker_9  | g=5, diversidad=5.689082463826427, C1=1.4745098039215692, C2=1.4159106224337625
worker_9  | 5   10      1766.84 1135.8  0.0117736       3333.79
worker_10 | fuzzy inputs 4 5.016908809152355
worker_10 | g=3, diversidad=5.016908809152355, C1=1.481019885010706, C2=1.2195615763262815
worker_10 | 3   10      2066.8  1793.79 0.0191439       5000
worker_15 | fuzzy inputs 1 8.423178057379781
worker_15 | g=0, diversidad=8.423178057379781, C1=1.1795610772911738, C2=1.4900472529658464
worker_15 | gen evals   avg     std     min             max
worker_15 | 0   10      1400.03 1348.24 0.00528427      4000
worker_7  | fuzzy inputs 8 5.898555684450276
worker_7  | g=7, diversidad=5.898555684450276, C1=1.7238095238095235, C2=1.4529004379966477
worker_7  | 7   10      1700.08 1100    0.025342        4000
worker_7  | defaultdict(<class 'deap.tools.support.Logbook'>, {})
worker_7  | poblacion enviada...  0.003671767367096566
worker_7  | poblacion recibida...  PSO PSO-15
worker_7  | primero diversidad 3.4921791117830603
worker_16 | fuzzy inputs 2 5.587389288701372
worker_16 | g=1, diversidad=5.587389288701372, C1=1.2255799060144184, C2=1.531287305513106
worker_16 | 1   10      2700.02 1728.5  0.0366126       5000
worker_11 | fuzzy inputs 2 6.776477709425623
worker_11 | g=1, diversidad=6.776477709425623, C1=1.2071990235914927, C2=1.4844520044000624
worker_11 | 1   10      3866.7  1137.23 1666.68         5000
worker_2  | fuzzy inputs 7 7.598817939494702
worker_2  | g=6, diversidad=7.598817939494702, C1=1.5602836879432629, C2=1.4879629629629632
worker_2  | 6   10      1633.44 1728.52 0.0215395       5000
worker_12 | fuzzy inputs 8 8.811914601870393
worker_12 | g=7, diversidad=8.811914601870393, C1=1.7654771497557462, C2=1.4905533185013318
worker_12 | 7   10      2000.17 1333.19 0.0515093       4000
worker_12 | defaultdict(<class 'deap.tools.support.Logbook'>, {})
worker_12 | poblacion enviada...  0.008655992049161723
worker_12 | poblacion recibida...  PSO PSO-10
worker_12 | primero diversidad 10.993046985340424
worker_1  | fuzzy inputs 5 7.468939360221282
worker_1  | g=4, diversidad=7.468939360221282, C1=1.4878582040882182, C2=1.4878582040882182
worker_1  | 4   10      1966.85 1425.56 0.0754263       4000
worker_6  | fuzzy inputs 6 5.967163433490172
worker_6  | g=5, diversidad=5.967163433490172, C1=1.474509803921569, C2=1.4555643542721484
worker_6  | 5   10      2666.72 1374.34 0.0257054       5000
worker_13 | fuzzy inputs 5 6.553597493204268
worker_13 | g=4, diversidad=6.553597493204268, C1=1.4824918406254186, C2=1.4767789313028958
worker_13 | 4   10      1733.48 1297.73 0.0243058       4000
worker_4  | fuzzy inputs 1 8.446645258230104
worker_4  | g=0, diversidad=8.446645258230104, C1=1.1792403195472423, C2=1.4900793359054765
worker_4  | gen evals   avg     std     min             max
worker_4  | 0   10      1966.75 1870.51 0.00521101      5000
worker_8  | fuzzy inputs 8 5.939125115964444
worker_8  | g=7, diversidad=5.939125115964444, C1=1.7238095238095246, C2=1.4545186889095039
worker_8  | 7   10      3033.63 1728.27 0.0610329       5000
worker_8  | defaultdict(<class 'deap.tools.support.Logbook'>, {})
worker_8  | poblacion enviada...  0.003671767367096566
worker_8  | poblacion recibida...  PSO PSO-7
worker_8  | primero diversidad 5.367757801737929
worker_14 | fuzzy inputs 1 10.925327758512934
worker_14 | g=0, diversidad=10.925327758512934, C1=1.175268817204301, C2=1.4904761904761905
worker_14 | gen evals   avg     std     min             max
worker_14 | 0   10      2666.71 1966.34 0.00865599      5000
worker_5  | fuzzy inputs 1 8.979742787357369
worker_5  | g=0, diversidad=8.979742787357369, C1=1.175268817204301, C2=1.4904761904761905
worker_5  | gen evals   avg     std     min             max
worker_5  | 0   10      2166.89 1529.28 0.00367177      4000
worker_15 | fuzzy inputs 2 7.811128607313159
worker_15 | g=1, diversidad=7.811128607313159, C1=1.1936936936936937, C2=1.4879629629629632
worker_15 | 1   10      3267.93 1710.23 0.0279892       5000
worker_10 | fuzzy inputs 5 6.618863336166211
worker_10 | g=4, diversidad=6.618863336166211, C1=1.4831151858902305, C2=1.4783940538671936
worker_10 | 4   10      1833.52 1851.36 0.0138746       5000
worker_9  | fuzzy inputs 7 5.339525426078454
worker_9  | g=6, diversidad=5.339525426078454, C1=1.4900135038916027, C2=1.32359288093211
worker_9  | 6   10      2833.37 1470.06 0.0415112       5000
worker_7  | fuzzy inputs 1 3.4921791117830603
worker_7  | g=0, diversidad=3.4921791117830603, C1=1.1935926472433271, C2=1.7531721392737394
worker_7  | gen evals   avg     std     min             max
worker_7  | 0   10      1866.69 1783.88 0.00367177      5000
redis_1   | 1:M 12 Jun 2023 19:35:20.029 * 100 changes in 300 seconds. Saving...
redis_1   | 1:M 12 Jun 2023 19:35:20.029 * Background saving started by pid 16
redis_1   | 16:C 12 Jun 2023 19:35:20.033 * DB saved on disk
redis_1   | 16:C 12 Jun 2023 19:35:20.034 * Fork CoW for RDB: current 0 MB, peak 0 MB, average 0 MB
worker_16 | fuzzy inputs 3 5.08839196557051
worker_16 | g=2, diversidad=5.08839196557051, C1=1.4257383966244728, C2=1.4679611949319227
worker_16 | 2   10      2000.09 1612.38 0.0179232       5000
redis_1   | 1:M 12 Jun 2023 19:35:20.130 * Background saving terminated with success
worker_6  | fuzzy inputs 7 6.214104628483186
worker_6  | g=6, diversidad=6.214104628483186, C1=1.492212529028781, C2=1.4661800383817025
worker_6  | 6   10      3733.35 1631.62 0.044338        5000
worker_11 | fuzzy inputs 3 6.199600112533311
worker_11 | g=2, diversidad=6.199600112533311, C1=1.4302772118233966, C2=1.4656226399104397
worker_11 | 2   10      3373.16 1286.45 1333.35         5000
worker_2  | fuzzy inputs 8 6.945910135425284
worker_2  | g=7, diversidad=6.945910135425284, C1=1.7437783506908446, C2=1.4850943607836127
worker_2  | 7   10      1866.8  1627.55 0.0105428       5000
worker_2  | defaultdict(<class 'deap.tools.support.Logbook'>, {})
worker_2  | poblacion enviada...  0.0072291965375620775
worker_2  | poblacion recibida...  PSO PSO-13
worker_2  | primero diversidad 8.520804566076897
worker_4  | fuzzy inputs 2 7.856396865696695
worker_4  | g=1, diversidad=7.856396865696695, C1=1.1936936936936937, C2=1.4879629629629632
worker_4  | 1   10      2766.68 1943.93 0.00794862      5000
worker_13 | fuzzy inputs 6 6.818957805388163
worker_13 | g=5, diversidad=6.818957805388163, C1=1.484776845147725, C2=1.4827352517181125
worker_13 | 5   10      2433.53 1626.51 0.0100337       5000
worker_12 | fuzzy inputs 1 14.880768981699395
worker_12 | g=0, diversidad=14.880768981699395, C1=1.175268817204301, C2=1.7323495391642245
worker_12 | gen evals   avg     std     min             max
worker_12 | 0   10      1633.36 1810.14 0.00367177      5000
worker_8  | fuzzy inputs 1 5.367757801737929
worker_8  | g=0, diversidad=5.367757801737929, C1=1.220242218448544, C2=1.5919320724626933
worker_8  | gen evals   avg     std     min             max
worker_8  | 0   10      1733.36 1236.49 0.00367177      3333.35
worker_5  | fuzzy inputs 2 8.3052760085384
worker_5  | g=1, diversidad=8.3052760085384, C1=1.1936936936936937, C2=1.4879629629629632
worker_5  | 1   10      3233.57 1534.73 1.80801         5000
worker_1  | fuzzy inputs 6 7.208381726508829
worker_1  | g=5, diversidad=7.208381726508829, C1=1.4869019548179345, C2=1.4869019548179345
worker_1  | 5   10      2000.63 1349.87 0.0282419       4000
worker_15 | fuzzy inputs 3 5.861628250199274
worker_15 | g=2, diversidad=5.861628250199274, C1=1.4500000000000002, C2=1.4513072189713159
worker_15 | 2   10      2200.16 1783.71 0.30746         5000
worker_9  | fuzzy inputs 8 5.810681343162602
worker_9  | g=7, diversidad=5.810681343162602, C1=1.7238095238095241, C2=1.4447589033811874
worker_9  | 7   10      2366.78 1734.93 0.0311279       5000
worker_9  | defaultdict(<class 'deap.tools.support.Logbook'>, {})
worker_9  | poblacion enviada...  0.003671767367096566
worker_9  | poblacion recibida...  PSO PSO-4
worker_9  | primero diversidad 7.792286973864945
worker_14 | fuzzy inputs 2 9.493065154950585
worker_14 | g=1, diversidad=9.493065154950585, C1=1.1936936936936937, C2=1.4879629629629632
worker_14 | 1   10      2433.43 1693.37 0.0281064       5000
worker_6  | fuzzy inputs 8 5.916919230328372
worker_6  | g=7, diversidad=5.916919230328372, C1=1.723809523809524, C2=1.4536491215591956
worker_6  | 7   10      2733.49 1919.45 0.141625        5000
worker_6  | defaultdict(<class 'deap.tools.support.Logbook'>, {})
worker_6  | poblacion enviada...  0.003671767367096566
worker_6  | poblacion recibida...  PSO PSO-9
worker_6  | primero diversidad 8.084157190428334
worker_4  | fuzzy inputs 3 6.662083767675026
worker_4  | g=2, diversidad=6.662083767675026, C1=1.4257383966244728, C2=1.4736771432804319
worker_4  | 2   10      3234.04 1692.93 0.0212675       5000
worker_7  | fuzzy inputs 2 5.553604421038951
worker_7  | g=1, diversidad=5.553604421038951, C1=1.224676191030729, C2=1.5397385428569954
worker_7  | 1   10      2766.89 919.571 666.69          4000
worker_10 | fuzzy inputs 6 6.43113314329723
worker_10 | g=5, diversidad=6.43113314329723, C1=1.4811887527545124, C2=1.4734258863931575
worker_10 | 5   10      2166.77 1439.46 666.67          5000
worker_11 | fuzzy inputs 4 5.403874428171123
worker_11 | g=3, diversidad=5.403874428171123, C1=1.4771463799775997, C2=1.3419839841307126
worker_11 | 3   10      3566.69 1193.01 1666.67         5000
worker_2  | fuzzy inputs 1 18.970134171107514
worker_2  | g=0, diversidad=18.970134171107514, C1=1.175268817204301, C2=1.7650793650793657
worker_2  | gen evals   avg     std     min             max
worker_2  | 0   10      2333.48 1291.1  0.00367177      4000
worker_16 | fuzzy inputs 4 4.642740645564951
worker_16 | g=3, diversidad=4.642740645564951, C1=1.4836924712444768, C2=1.2086588797810962
worker_16 | 3   10      2333.4  1483.22 0.0466871       5000
worker_13 | fuzzy inputs 7 6.721913974945166
worker_13 | g=6, diversidad=6.721913974945166, C1=1.5268458990550589, C2=1.4807353810781365
worker_13 | 6   10      1866.91 1557.7  0.00940463      5000
worker_5  | fuzzy inputs 3 6.319907662990925
worker_5  | g=2, diversidad=6.319907662990925, C1=1.4257383966244728, C2=1.468548666219124
worker_5  | 2   10      2966.8  1946.12 0.0771621       5000
worker_12 | fuzzy inputs 2 11.300548959677354
worker_12 | g=1, diversidad=11.300548959677354, C1=1.1936936936936937, C2=1.4910984253026798
worker_12 | 1   10      2533.39 1156.57 0.180038        4000
worker_1  | fuzzy inputs 7 7.704591958793711
worker_1  | g=6, diversidad=7.704591958793711, C1=1.5602836879432629, C2=1.4879629629629632
worker_1  | 6   10      2533.72 1606.45 2.63258         5000
worker_15 | fuzzy inputs 4 5.251475655809541
worker_15 | g=3, diversidad=5.251475655809541, C1=1.4788465616939217, C2=1.2972485474278546
worker_15 | 3   10      1833.4  1522.05 0.00901603      5000
worker_8  | fuzzy inputs 2 5.626339842954078
worker_8  | g=1, diversidad=5.626339842954078, C1=1.225925925925926, C2=1.5216660035812162
worker_8  | 1   10      2733.37 1404.7  0.225754        5000
worker_9  | fuzzy inputs 1 7.792286973864945
worker_9  | g=0, diversidad=7.792286973864945, C1=1.1887864495438758, C2=1.488866870910522
worker_9  | gen evals   avg     std     min             max
worker_9  | 0   10      1666.8  1513    0.00367177      4000
worker_14 | fuzzy inputs 3 7.680256972305318
worker_14 | g=2, diversidad=7.680256972305318, C1=1.4257383966244728, C2=1.4788617886178865
worker_14 | 2   10      2433.35 1570.91 0.0124514       5000
worker_4  | fuzzy inputs 4 5.484352038710897
worker_4  | g=3, diversidad=5.484352038710897, C1=1.4761334056726692, C2=1.3640286624310058
worker_4  | 3   10      2466.81 1886.84 0.0116145       5000
worker_6  | fuzzy inputs 1 8.084157190428334
worker_6  | g=0, diversidad=8.084157190428334, C1=1.184432039568639, C2=1.4895594765219935
worker_6  | gen evals   avg     std     min             max
worker_6  | 0   10      2366.79 1566.73 0.00367177      5000
worker_2  | fuzzy inputs 2 14.539662301715094
worker_2  | g=1, diversidad=14.539662301715094, C1=1.1936936936936937, C2=1.6378743464526835
worker_2  | 1   10      2933.44 1704.76 0.0268816       5000
worker_7  | fuzzy inputs 3 5.745427570776321
worker_7  | g=2, diversidad=5.745427570776321, C1=1.4500000000000004, C2=1.4490479673272811
worker_7  | 2   10      2100.4  1220.49 666.788         5000
worker_11 | fuzzy inputs 5 6.648777008866712
worker_11 | g=4, diversidad=6.648777008866712, C1=1.483386291525383, C2=1.4790987752065647
worker_11 | 4   10      2933.41 1768.81 0.0168743       5000
worker_16 | fuzzy inputs 5 5.1547780351583805
worker_16 | g=4, diversidad=5.1547780351583805, C1=1.4798000700890026, C2=1.2666225161044848
worker_16 | 4   10      2400.04 1749.91 0.01194         5000
worker_10 | fuzzy inputs 7 5.214818599967286
worker_10 | g=6, diversidad=5.214818599967286, C1=1.4968804953457449, C2=1.285855370239993
worker_10 | 6   10      1833.49 1462.44 0.0327637       4000
worker_5  | fuzzy inputs 4 5.399733675382731
worker_5  | g=3, diversidad=5.399733675382731, C1=1.477196178887156, C2=1.3408215051063006
worker_5  | 3   10      2433.51 1513.22 0.062399        5000
worker_12 | fuzzy inputs 3 7.690821917777087
worker_12 | g=2, diversidad=7.690821917777087, C1=1.4257383966244728, C2=1.4788617886178865
worker_12 | 2   10      2133.51 1820.78 0.030396        5000
worker_13 | fuzzy inputs 8 7.1969581033604655
worker_13 | g=7, diversidad=7.1969581033604655, C1=1.7480944602934085, C2=1.486856571428929
worker_13 | 7   10      2966.76 1486.55 0.00983433      5000
worker_13 | defaultdict(<class 'deap.tools.support.Logbook'>, {})
worker_13 | poblacion enviada...  0.003671767367096566
worker_13 | poblacion recibida...  PSO PSO-1
worker_13 | primero diversidad 7.886458243865987
worker_1  | fuzzy inputs 8 7.712755237815986
worker_1  | g=7, diversidad=7.712755237815986, C1=1.7562075247869091, C2=1.4886346406652229
worker_1  | 7   10      2633.39 1196.74 666.707         5000
worker_1  | defaultdict(<class 'deap.tools.support.Logbook'>, {})
worker_1  | poblacion enviada...  0.003671767367096566
worker_1  | poblacion recibida...  PSO PSO-3
worker_1  | primero diversidad 9.23629912701909
worker_4  | fuzzy inputs 5 6.3425845439033655
worker_4  | g=4, diversidad=6.3425845439033655, C1=1.4801188436932549, C2=1.4706961882084713
worker_4  | 4   10      2400.23 2069.64 0.0634169       5000
worker_15 | fuzzy inputs 5 7.672477932671192
worker_15 | g=4, diversidad=7.672477932671192, C1=1.4885132970671484, C2=1.4885132970671484
worker_15 | 4   10      2833.58 1292.98 0.0265516       5000
worker_8  | fuzzy inputs 3 4.742760938739554
worker_8  | g=2, diversidad=4.742760938739554, C1=1.4257383966244728, C2=1.467632850241546
worker_8  | 2   10      2666.74 1366.26 666.675         5000
worker_6  | fuzzy inputs 2 7.897399773217481
worker_6  | g=1, diversidad=7.897399773217481, C1=1.1936936936936937, C2=1.4879629629629632
worker_6  | 1   10      3433.38 1556.65 0.074092        5000
worker_14 | fuzzy inputs 4 5.864385889640944
worker_14 | g=3, diversidad=5.864385889640944, C1=1.474509803921569, C2=1.4514304661305768
worker_14 | 3   10      2333.43 1983.2  0.0232553       5000
worker_9  | fuzzy inputs 2 7.1699395637313135
worker_9  | g=1, diversidad=7.1699395637313135, C1=1.2002584908848455, C2=1.4867479711814962
worker_9  | 1   10      1666.97 1290.84 0.00644876      4000
worker_10 | fuzzy inputs 8 5.6398586296044115
worker_10 | g=7, diversidad=5.6398586296044115, C1=1.723809523809524, C2=1.4038789874619382
worker_10 | 7   10      3666.69 1095.44 1666.68         5000
worker_10 | defaultdict(<class 'deap.tools.support.Logbook'>, {})
worker_10 | poblacion enviada...  0.008655992049161723
worker_10 | poblacion recibida...  PSO PSO-6
worker_10 | primero diversidad 6.473503368534388
worker_7  | fuzzy inputs 4 4.4065618199246055
worker_7  | g=3, diversidad=4.4065618199246055, C1=1.4850235841803248, C2=1.206097160123249
worker_7  | 3   10      2633.48 1320.4  0.0148719       5000
worker_11 | fuzzy inputs 6 6.64657972728869
worker_11 | g=5, diversidad=6.64657972728869, C1=1.483366674311393, C2=1.4790477351853195
worker_11 | 5   10      2366.77 1772.86 0.0108228       5000
worker_2  | fuzzy inputs 3 9.70697665046725
worker_2  | g=2, diversidad=9.70697665046725, C1=1.4257383966244728, C2=1.4788617886178865
worker_2  | 2   10      2570.41 1499.69 34.9599         5000
worker_16 | fuzzy inputs 6 5.478082938943426
worker_16 | g=5, diversidad=5.478082938943426, C1=1.4762155290931829, C2=1.3623480503940593
worker_16 | 5   10      2833.35 921.95  1666.67         4000
worker_5  | fuzzy inputs 5 6.256756014681555
worker_5  | g=4, diversidad=6.256756014681555, C1=1.4789588695256723, C2=1.467760185252751
worker_5  | 4   10      3533.54 1557.7  0.175681        5000
worker_12 | fuzzy inputs 4 6.816119968858609
worker_12 | g=3, diversidad=6.816119968858609, C1=1.484755568205243, C2=1.4826793329722188
worker_12 | 3   10      2633.65 1385.82 666.695         5000
worker_13 | fuzzy inputs 1 7.886458243865987
worker_13 | g=0, diversidad=7.886458243865987, C1=1.1873549167845439, C2=1.4891298664923909
worker_13 | gen evals   avg     std     min             max
worker_13 | 0   10      2701.1  2212.36 0.00367177      5000
worker_1  | fuzzy inputs 1 9.23629912701909
worker_1  | g=0, diversidad=9.23629912701909, C1=1.175268817204301, C2=1.4904761904761905
worker_1  | gen evals   avg     std     min             max
worker_1  | 0   10      1333.36 1795.05 0.00367177      5000
worker_8  | fuzzy inputs 4 4.35157938525794
worker_8  | g=3, diversidad=4.35157938525794, C1=1.4853028658405567, C2=1.2055577521795164
worker_8  | 3   10      3200.19 1248.97 1666.68         5000
worker_4  | fuzzy inputs 6 7.070616346746637
worker_4  | g=5, diversidad=7.070616346746637, C1=1.486332836081604, C2=1.486332836081604
worker_4  | 5   10      2933.37 1331.64 666.774         5000
worker_15 | fuzzy inputs 6 6.140113920112247
worker_15 | g=5, diversidad=6.140113920112247, C1=1.4771467887569691, C2=1.463221832305383
worker_15 | 5   10      2300.29 1479.03 0.225928        5000
worker_6  | fuzzy inputs 3 6.930195851245776
worker_6  | g=2, diversidad=6.930195851245776, C1=1.4257383966244728, C2=1.4777808033457545
worker_6  | 2   10      2300.14 1079.56 0.0572353       3333.52
worker_14 | fuzzy inputs 5 5.576378871285511
worker_14 | g=4, diversidad=5.576378871285511, C1=1.4748591308081427, C2=1.3880210338787944
worker_14 | 4   10      2500.02 1839.37 0.0102945       5000
worker_7  | fuzzy inputs 5 4.872391256707195
worker_7  | g=4, diversidad=4.872391256707195, C1=1.482149786923837, C2=1.2116088572042971
worker_7  | 4   10      2800.38 1832.84 0.0799667       5000
worker_11 | fuzzy inputs 7 6.315237331762981
worker_11 | g=6, diversidad=6.315237331762981, C1=1.499864935685133, C2=1.4697938863783913
worker_11 | 6   10      2066.82 1793.77 0.00613017      5000
worker_10 | fuzzy inputs 1 16.3964413821744
worker_10 | g=0, diversidad=16.3964413821744, C1=1.175268817204301, C2=1.7650793650793657
worker_10 | gen evals   avg     std     min             max
worker_10 | 0   10      1433.41 1813.8  0.00367177      5000
worker_9  | fuzzy inputs 3 6.550698832593217
worker_9  | g=2, diversidad=6.550698832593217, C1=1.4257383966244728, C2=1.4719945071718354
worker_9  | 2   10      2200.05 1248.96 0.0659929       4000
worker_2  | fuzzy inputs 4 7.7806006351419645
worker_2  | g=3, diversidad=7.7806006351419645, C1=1.4888333437507295, C2=1.4888333437507295
worker_2  | 3   10      2840.67 1228.66 1666.77         5000
worker_5  | fuzzy inputs 6 4.764368180383649
worker_5  | g=5, diversidad=4.764368180383649, C1=1.482910242331677, C2=1.210157211930084
worker_5  | 5   10      2833.43 1376.24 0.637373        5000
worker_1  | fuzzy inputs 2 8.791013856395493
worker_1  | g=1, diversidad=8.791013856395493, C1=1.1936936936936937, C2=1.4879629629629632
worker_1  | 1   10      3133.52 1309.8  1666.68         5000
worker_8  | fuzzy inputs 5 5.646618697833247
worker_8  | g=4, diversidad=5.646618697833247, C1=1.4745098039215687, C2=1.4055437567458056
worker_8  | 4   10      3074.39 1282.36 1666.67         5000
worker_16 | fuzzy inputs 7 5.146271484704414
worker_16 | g=6, diversidad=5.146271484704414, C1=1.5005151388632756, C2=1.263838237249338
worker_16 | 6   10      2866.71 1175.65 1333.34         5000
worker_4  | fuzzy inputs 7 6.52832545563205
worker_4  | g=6, diversidad=6.52832545563205, C1=1.5146989580823325, C2=1.4761231133911399
worker_4  | 6   10      2100.32 1491.3  0.0125682       5000
worker_13 | fuzzy inputs 2 8.031347463298996
worker_13 | g=1, diversidad=8.031347463298996, C1=1.1936936936936937, C2=1.4879629629629632
worker_13 | 1   10      2800.28 1127.17 1335            5000
worker_12 | fuzzy inputs 5 7.360515247800043
worker_12 | g=4, diversidad=7.360515247800043, C1=1.4874777799748515, C2=1.4874777799748515
worker_12 | 4   10      2566.8  1598.81 0.205728        5000
worker_15 | fuzzy inputs 7 6.469252490539094
worker_15 | g=6, diversidad=6.469252490539094, C1=1.510750314395109, C2=1.4745184209240005
worker_15 | 6   10      2233.35 1751.49 0.0274781       5000
worker_14 | fuzzy inputs 6 5.83597983105274
worker_14 | g=5, diversidad=5.83597983105274, C1=1.4745098039215687, C2=1.4501256626294168
worker_14 | 5   10      1966.91 1810.09 0.0868819       5000
worker_5  | fuzzy inputs 7 5.737846250115774
worker_5  | g=6, diversidad=5.737846250115774, C1=1.4745098039215692, C2=1.4276262602809444
worker_5  | 6   10      3300.3  1608.61 0.0179031       5000
worker_11 | fuzzy inputs 8 6.262490247117976
worker_11 | g=7, diversidad=6.262490247117976, C1=1.7316288280265948, C2=1.467966185606748
worker_11 | 7   10      3333.53 1632.87 0.0360416       5000
worker_11 | defaultdict(<class 'deap.tools.support.Logbook'>, {})
worker_11 | poblacion enviada...  0.003671767367096566
worker_11 | poblacion recibida...  PSO PSO-11
worker_11 | primero diversidad 7.993453283709506
worker_6  | fuzzy inputs 4 5.588805693945638
worker_6  | g=3, diversidad=5.588805693945638, C1=1.4746765559118473, C2=1.3911665425340267
worker_6  | 3   10      2566.76 843.851 1333.85         4000
worker_7  | fuzzy inputs 6 5.324091965238504
worker_7  | g=5, diversidad=5.324091965238504, C1=1.4780691547526588, C2=1.3190760920796978
worker_7  | 5   10      2733.58 1481.38 1.66885         5000
worker_2  | fuzzy inputs 5 7.846781722728028
worker_2  | g=4, diversidad=7.846781722728028, C1=1.4890205903499067, C2=1.4890205903499067
worker_2  | 4   10      3000.2  1366.13 1333.88         5000
worker_8  | fuzzy inputs 6 5.2816945965616195
worker_8  | g=5, diversidad=5.2816945965616195, C1=1.4785298432737135, C2=1.3064493310649348
worker_8  | 5   10      2566.74 1513.25 0.0085425       5000
worker_10 | fuzzy inputs 2 12.372360312106661
worker_10 | g=1, diversidad=12.372360312106661, C1=1.1936936936936937, C2=1.5076942312431116
worker_10 | 1   10      1900.06 1527.88 0.00936461      5000
worker_16 | fuzzy inputs 8 4.7438009049884
worker_16 | g=7, diversidad=4.7438009049884, C1=1.738866073245578, C2=1.2098942033289792
worker_16 | 7   10      2766.69 1460.96 0.0103677       5000
worker_16 | defaultdict(<class 'deap.tools.support.Logbook'>, {})
worker_16 | poblacion enviada...  0.003671767367096566
worker_16 | poblacion recibida...  PSO PSO-14
worker_16 | primero diversidad 7.704269359550192
worker_9  | fuzzy inputs 4 5.979826201151056
worker_9  | g=3, diversidad=5.979826201151056, C1=1.4745098039215687, C2=1.4560185966641332
worker_9  | 3   10      2266.87 1526.06 0.204225        5000
worker_1  | fuzzy inputs 3 6.8066462111156705
worker_1  | g=2, diversidad=6.8066462111156705, C1=1.4257383966244728, C2=1.4758803204396167
worker_1  | 2   10      2600.18 1404.46 0.197108        4000
worker_4  | fuzzy inputs 8 6.437135278626435
worker_4  | g=7, diversidad=6.437135278626435, C1=1.7355934161154947, C2=1.4736010336016443
worker_4  | 7   10      2300.05 1785.39 0.0278273       5000
worker_4  | defaultdict(<class 'deap.tools.support.Logbook'>, {})
worker_4  | poblacion enviada...  0.0052110126562067245
worker_4  | poblacion recibida...  PSO PSO-2
worker_4  | primero diversidad 9.139539121326068
worker_12 | fuzzy inputs 6 8.028034817498444
worker_12 | g=5, diversidad=8.028034817498444, C1=1.4894308943089432, C2=1.4894308943089432
worker_12 | 5   10      1666.94 1666.56 0.0144292       5000
worker_13 | fuzzy inputs 3 7.30491725012038
worker_13 | g=2, diversidad=7.30491725012038, C1=1.4257383966244728, C2=1.4788617886178865
worker_13 | 2   10      2433.44 1520.57 0.0199824       5000
worker_15 | fuzzy inputs 8 5.368272858511587
worker_15 | g=7, diversidad=5.368272858511587, C1=1.729045581984528, C2=1.3318958093039654
worker_15 | 7   10      2366.82 1294.64 1.18437         5000
worker_15 | defaultdict(<class 'deap.tools.support.Logbook'>, {})
worker_15 | poblacion enviada...  0.005284273018784404
worker_15 | poblacion recibida...  PSO PSO-0
worker_15 | primero diversidad 5.902891757488488
worker_6  | fuzzy inputs 5 6.689873193335486
worker_6  | g=4, diversidad=6.689873193335486, C1=1.483744854051573, C2=1.4800329594484332
worker_6  | 4   10      2366.77 1425.61 0.022198        4000
worker_5  | fuzzy inputs 8 5.328827183590223
worker_5  | g=7, diversidad=5.328827183590223, C1=1.7298285604386643, C2=1.3204663647316164
worker_5  | 7   10      2366.7  1386.03 0.0273698       4000
worker_5  | defaultdict(<class 'deap.tools.support.Logbook'>, {})
worker_5  | poblacion enviada...  0.003671767367096566
worker_5  | poblacion recibida...  PSO PSO-12
worker_5  | primero diversidad 6.14071363644075
worker_11 | fuzzy inputs 1 7.993453283709506
worker_11 | g=0, diversidad=7.993453283709506, C1=1.185806469407147, C2=1.4894139909924506
worker_11 | gen evals   avg     std     min             max
worker_11 | 0   10      2233.39 1686.87 0.00367177      5000
worker_14 | fuzzy inputs 7 5.639716716946819
worker_14 | g=6, diversidad=5.639716716946819, C1=1.4745098039215692, C2=1.4038439965484824
worker_14 | 6   10      1566.73 1585    0.0245214       5000
worker_4  | fuzzy inputs 1 9.139539121326068
worker_4  | g=0, diversidad=9.139539121326068, C1=1.175268817204301, C2=1.4904761904761905
worker_4  | gen evals   avg     std     min             max
worker_4  | 0   10      2733.5  2032    0.00521101      5000
worker_8  | fuzzy inputs 7 4.830351094958165
worker_8  | g=6, diversidad=4.830351094958165, C1=1.516101812051199, C2=1.211029402764514
worker_8  | 6   10      2266.97 1678.36 0.00712733      5000
worker_10 | fuzzy inputs 3 8.580769922387386
worker_10 | g=2, diversidad=8.580769922387386, C1=1.4257383966244728, C2=1.4788617886178865
worker_10 | 2   10      2266.88 1459.18 0.0180212       4000
worker_7  | fuzzy inputs 7 5.488007637142587
worker_7  | g=6, diversidad=5.488007637142587, C1=1.4813788526892457, C2=1.365005862024477
worker_7  | 6   10      2166.72 1097.94 0.153901        4000
worker_16 | fuzzy inputs 1 7.704269359550192
worker_16 | g=0, diversidad=7.704269359550192, C1=1.1901868742039283, C2=1.4886092888705293
worker_16 | gen evals   avg     std     min             max
worker_16 | 0   10      1966.68 1870.53 0.00367177      5000
worker_2  | fuzzy inputs 6 7.819116330155102
worker_2  | g=5, diversidad=7.819116330155102, C1=1.488943085715545, C2=1.488943085715545
worker_2  | 5   10      1733.46 1254.37 0.0157699       3333.99
worker_9  | fuzzy inputs 5 5.803107027811301
worker_9  | g=4, diversidad=5.803107027811301, C1=1.4745098039215692, C2=1.4429972705413807
worker_9  | 4   10      2333.77 988.563 1333.36         4000
worker_1  | fuzzy inputs 4 5.870244281498923
worker_1  | g=3, diversidad=5.870244281498923, C1=1.4745098039215685, C2=1.4516899402749373
worker_1  | 3   10      2039.41 1447.3  0.0253051       5000
worker_12 | fuzzy inputs 7 9.508608029519724
worker_12 | g=6, diversidad=9.508608029519724, C1=1.5602836879432629, C2=1.4879629629629632
worker_12 | 6   10      2563.93 1698.13 0.0367663       5000
worker_13 | fuzzy inputs 4 5.941903021419257
worker_13 | g=3, diversidad=5.941903021419257, C1=1.4745098039215692, C2=1.4546248302254863
worker_13 | 3   10      2866.84 1606.8  0.0315278       5000
worker_6  | fuzzy inputs 6 6.68173993713188
worker_6  | g=5, diversidad=6.68173993713188, C1=1.4836751254239424, C2=1.4798511014220808
worker_6  | 5   10      2166.85 1675.02 0.0210805       5000
worker_15 | fuzzy inputs 1 11.478589288843269
worker_15 | g=0, diversidad=11.478589288843269, C1=1.1782317463976295, C2=1.494219510737952
worker_15 | gen evals   avg     std     min             max
worker_15 | 0   10      2167.1  1500.18 0.00367177      3335.1
worker_5  | fuzzy inputs 1 6.14071363644075
worker_5  | g=0, diversidad=6.14071363644075, C1=1.2210196450801907, C2=1.4771569034805914
worker_5  | gen evals   avg     std     min             max
worker_5  | 0   10      1367.31 1587.91 0.00367177      5000
worker_4  | fuzzy inputs 2 8.4563579938715
worker_4  | g=1, diversidad=8.4563579938715, C1=1.1936936936936937, C2=1.4879629629629632
worker_4  | 1   10      3233.81 1341.91 667.495         5000
worker_14 | fuzzy inputs 8 5.254201401420174
worker_14 | g=7, diversidad=5.254201401420174, C1=1.731236566197448, C2=1.2980854687577588
worker_14 | 7   10      2533.36 1927.55 0.0444485       5000
worker_14 | defaultdict(<class 'deap.tools.support.Logbook'>, {})
worker_14 | poblacion enviada...  0.008655992049161723
worker_14 | poblacion recibida...  PSO PSO-8
worker_14 | primero diversidad 6.1470731439048265
worker_2  | fuzzy inputs 7 8.65020424675252
worker_2  | g=6, diversidad=8.65020424675252, C1=1.5602836879432629, C2=1.4879629629629632
worker_2  | 6   10      2334.16 1699.4  0.00926421      5000
worker_10 | fuzzy inputs 4 7.265954295208844
worker_10 | g=3, diversidad=7.265954295208844, C1=1.4871259887886732, C2=1.4871259887886732
worker_10 | 3   10      3100.23 1745.12 0.0342765       5000
worker_11 | fuzzy inputs 2 7.929799732854646
worker_11 | g=1, diversidad=7.929799732854646, C1=1.1936936936936937, C2=1.4879629629629632
worker_11 | 1   10      3133.36 1454.47 0.0629726       5000
worker_16 | fuzzy inputs 2 6.538724147223776
worker_16 | g=1, diversidad=6.538724147223776, C1=1.2112399341918163, C2=1.4823432933082714
worker_16 | 1   10      3266.68 1540.56 0.0160805       5000
worker_8  | fuzzy inputs 8 4.709325885619285
worker_8  | g=7, diversidad=4.709325885619285, C1=1.7392829077946872, C2=1.2094623648392488
worker_8  | 7   10      3000.11 1264.91 0.0301406       5000
worker_8  | defaultdict(<class 'deap.tools.support.Logbook'>, {})
worker_8  | poblacion enviada...  0.003671767367096566
worker_8  | poblacion recibida...  PSO PSO-7
worker_8  | primero diversidad 5.032570099071379
worker_12 | fuzzy inputs 8 8.75895929492918
worker_12 | g=7, diversidad=8.75895929492918, C1=1.7651371195654926, C2=1.49048742906018
worker_12 | 7   10      2801.34 1802.78 0.0535332       5000
worker_12 | defaultdict(<class 'deap.tools.support.Logbook'>, {})
worker_12 | poblacion enviada...  0.003671767367096566
worker_12 | poblacion recibida...  PSO PSO-10
worker_12 | primero diversidad 7.537292193267754
worker_7  | fuzzy inputs 8 4.509514949108853
worker_7  | g=7, diversidad=4.509514949108853, C1=1.7415132571660006, C2=1.2071623746599767
worker_7  | 7   10      2933.47 1339.96 0.0218963       5000
worker_7  | defaultdict(<class 'deap.tools.support.Logbook'>, {})
worker_7  | poblacion enviada...  0.003671767367096566
worker_7  | poblacion recibida...  PSO PSO-15
worker_7  | primero diversidad 6.688422706320101
worker_9  | fuzzy inputs 6 6.302727718704888
worker_9  | g=5, diversidad=6.302727718704888, C1=1.479596501732116, C2=1.469371085498158
worker_9  | 5   10      2333.89 1625.65 0.00865047      5000
worker_1  | fuzzy inputs 5 6.9382814715199315
worker_1  | g=4, diversidad=6.9382814715199315, C1=1.4856207131854073, C2=1.484960046514797
worker_1  | 4   10      1433.6  1390.98 0.0161038       3334.82
worker_15 | fuzzy inputs 2 9.050104653695293
worker_15 | g=1, diversidad=9.050104653695293, C1=1.1936936936936937, C2=1.4879629629629632
worker_15 | 1   10      2933.4  1698.37 0.0411204       5000
worker_4  | fuzzy inputs 3 6.817344053119129
worker_4  | g=2, diversidad=6.817344053119129, C1=1.4257383966244728, C2=1.4760442353425907
worker_4  | 2   10      3300.03 1530.77 1333.37         5000
worker_5  | fuzzy inputs 2 6.592152852670304
worker_5  | g=1, diversidad=6.592152852670304, C1=1.2102427139256233, C2=1.4828655225156435
worker_5  | 1   10      2900.85 1535.03 0.200532        5000
worker_13 | fuzzy inputs 5 6.198174851285718
worker_13 | g=4, diversidad=6.198174851285718, C1=1.4780861981517637, C2=1.4655672984093284
worker_13 | 4   10      2800.47 1274.72 670.625         5000
worker_6  | fuzzy inputs 7 6.6813059963731
worker_6  | g=6, diversidad=6.6813059963731, C1=1.5243934104500996, C2=1.479841357330124
worker_6  | 6   10      1766.87 1598.77 0.0230717       4000
worker_11 | fuzzy inputs 3 6.937948012080935
worker_11 | g=2, diversidad=6.937948012080935, C1=1.4257383966244728, C2=1.4779005941128307
worker_11 | 2   10      3233.47 1520.38 0.862126        5000
worker_2  | fuzzy inputs 8 8.042780730418109
worker_2  | g=7, diversidad=8.042780730418109, C1=1.7603033533488954, C2=1.489496651516741
worker_2  | 7   10      3066.75 1428.22 0.0259544       5000
worker_2  | defaultdict(<class 'deap.tools.support.Logbook'>, {})
worker_2  | poblacion enviada...  0.003671767367096566
worker_2  | poblacion recibida...  PSO PSO-13
worker_2  | primero diversidad 8.470045056356325
worker_14 | fuzzy inputs 1 16.179269678572744
worker_14 | g=0, diversidad=16.179269678572744, C1=1.175268817204301, C2=1.7650793650793657
worker_14 | gen evals   avg     std     min             max
worker_14 | 0   10      1366.73 1559.55 0.00367177      4000
worker_10 | fuzzy inputs 5 7.630500012155396
worker_10 | g=4, diversidad=7.630500012155396, C1=1.4883840414978862, C2=1.4883840414978862
worker_10 | 4   10      2800.22 1326.69 0.0257504       5000
worker_16 | fuzzy inputs 3 5.152322122499214
worker_16 | g=2, diversidad=5.152322122499214, C1=1.4257383966244728, C2=1.4681945515077925
worker_16 | 2   10      2466.7  1667.97 0.00321254      5000
worker_7  | fuzzy inputs 1 6.688422706320101
worker_7  | g=0, diversidad=6.688422706320101, C1=1.2085821382125708, C2=1.483732462306271
worker_7  | gen evals   avg     std     min             max
worker_7  | 0   10      2333.57 1520.23 0.00367177      5000
worker_12 | fuzzy inputs 1 7.537292193267754
worker_12 | g=0, diversidad=7.537292193267754, C1=1.193024871263765, C2=1.4880863755148572
worker_12 | gen evals   avg     std     min             max
worker_12 | 0   10      2766.84 1943.93 0.00367177      5000
worker_8  | fuzzy inputs 1 5.032570099071379
worker_8  | g=0, diversidad=5.032570099071379, C1=1.2140052429502837, C2=1.7197812433876634
worker_8  | gen evals   avg     std     min             max
worker_8  | 0   10      1933.4  1671.94 0.00367177      4000
worker_6  | fuzzy inputs 8 6.378007274440517
worker_6  | g=7, diversidad=6.378007274440517, C1=1.7343383672665325, C2=1.4718220677459959
worker_6  | 7   10      3467.38 858.12  2335.03         5000
worker_6  | defaultdict(<class 'deap.tools.support.Logbook'>, {})
worker_6  | poblacion enviada...  0.003671767367096566
worker_6  | poblacion recibida...  PSO PSO-9
worker_6  | primero diversidad 7.836758832585674
worker_4  | fuzzy inputs 4 5.39461043397359
worker_4  | g=3, diversidad=5.39461043397359, C1=1.4772574941597365, C2=1.339379276082301
worker_4  | 3   10      3300.03 1479.07 666.908         5000
worker_9  | fuzzy inputs 7 7.271890433164884
worker_9  | g=6, diversidad=7.271890433164884, C1=1.5524271557193188, C2=1.4871486531984792
worker_9  | 6   10      2466.8  1543.48 0.0400163       5000
worker_1  | fuzzy inputs 6 7.643285011028349
worker_1  | g=5, diversidad=7.643285011028349, C1=1.488423715211194, C2=1.488423715211194
worker_1  | 5   10      2233.62 1238.69 0.0382444       5000
worker_5  | fuzzy inputs 3 5.684035140606422
worker_5  | g=2, diversidad=5.684035140606422, C1=1.4500000000000004, C2=1.4484401211162832
worker_5  | 2   10      2168    1301.74 0.0129633       5000
worker_13 | fuzzy inputs 6 5.866708267430269
worker_13 | g=5, diversidad=5.866708267430269, C1=1.4745098039215692, C2=1.4515337076920574
worker_13 | 5   10      2230.49 1779.94 0.0111754       4000
worker_15 | fuzzy inputs 3 6.434923183489143
worker_15 | g=2, diversidad=6.434923183489143, C1=1.4257383966244728, C2=1.4702591185222058
worker_15 | 2   10      2466.72 1506.96 0.273383        5000
worker_2  | fuzzy inputs 1 8.470045056356325
worker_2  | g=0, diversidad=8.470045056356325, C1=1.178922489738069, C2=1.4901111214059262
worker_2  | gen evals   avg     std     min             max
worker_2  | 0   10      2233.34 2027.86 0.00367177      5000
worker_11 | fuzzy inputs 4 5.36260673059037
worker_11 | g=3, diversidad=5.36260673059037, C1=1.4776331764863941, C2=1.3302705327098623
worker_11 | 3   10      1733.61 1610.91 0.0350208       5000
worker_10 | fuzzy inputs 6 8.594274780851773
worker_10 | g=5, diversidad=8.594274780851773, C1=1.4894308943089432, C2=1.4894308943089432
worker_10 | 5   10      2466.75 1521.69 0.0370806       5000
