worker_7  | gen evals   avg     std     min             max
worker_7  | 0   10      2300.36 1785.25 0.00321254      5000
worker_10 | fuzzy inputs 4 4.985291291236851
worker_10 | g=3, diversidad=4.985291291236851, C1=1.4812791418767814, C2=1.2132648484321142
worker_10 | 3   10      2200.77 1318.02 0.00695173      4000
worker_8  | fuzzy inputs 1 4.927655201718266
worker_8  | g=0, diversidad=4.927655201718266, C1=1.2124005588561417, C2=1.736458731370085
worker_8  | gen evals   avg     std     min             max
worker_8  | 0   10      2466.79 1796.33 0.00321254      5000
worker_6  | fuzzy inputs 7 6.014376478039017
worker_6  | g=6, diversidad=6.014376478039017, C1=1.4757680219112255, C2=1.4574497473119106
worker_6  | 6   10      2666.85 1598.49 0.018951        5000
worker_11 | fuzzy inputs 3 6.879049119626329
worker_11 | g=2, diversidad=6.879049119626329, C1=1.4257383966244728, C2=1.4769920703312882
worker_11 | 2   10      3400.49 1678.21 0.02751         5000
worker_5  | fuzzy inputs 3 6.747057771946181
worker_5  | g=2, diversidad=6.747057771946181, C1=1.4257383966244728, C2=1.474969508543088
worker_5  | 2   10      3033.42 1345.32 0.0120653       5000
worker_1  | fuzzy inputs 6 6.280788539304863
worker_1  | g=5, diversidad=6.280788539304863, C1=1.4792970945235364, C2=1.4686137581661287
worker_1  | 5   10      2766.91 1453.2  667.038         5000
worker_16 | fuzzy inputs 4 5.072049423556295
worker_16 | g=3, diversidad=5.072049423556295, C1=1.4805501370669978, C2=1.238890401990983
worker_16 | 3   10      4066.85 785.813 3333.35         5000
worker_4  | fuzzy inputs 5 5.520329278243238
worker_4  | g=4, diversidad=5.520329278243238, C1=1.4756509264306166, C2=1.3735576502655409
worker_4  | 4   10      3633.43 1508.83 0.0561716       5000
worker_12 | fuzzy inputs 8 6.068758187979003
worker_12 | g=7, diversidad=6.068758187979003, C1=1.7261279227349182, C2=1.4600732359395938
worker_12 | 7   10      2433.47 1238.66 666.669         5000
worker_12 | defaultdict(<class 'deap.tools.support.Logbook'>, {})
worker_12 | poblacion enviada...  0.0032125413954135133
worker_12 | poblacion recibida...  PSO PSO-10
worker_12 | primero diversidad 5.875271798910101
worker_13 | fuzzy inputs 7 6.633800584512263
worker_13 | g=6, diversidad=6.633800584512263, C1=1.5214616855625136, C2=1.4787486321948682
worker_13 | 6   10      2767.11 1382.69 0.0564006       5000
worker_15 | fuzzy inputs 4 5.783400042672279
worker_15 | g=3, diversidad=5.783400042672279, C1=1.4745098039215692, C2=1.4383922027307898
worker_15 | 3   10      3100.03 1612.76 0.166993        5000
worker_9  | fuzzy inputs 6 5.535168174562209
worker_9  | g=5, diversidad=5.535168174562209, C1=1.4754461967940862, C2=1.377431408242169
worker_9  | 5   10      2700.21 1985.51 0.0137389       5000
worker_8  | fuzzy inputs 2 5.522906819554928
worker_8  | g=1, diversidad=5.522906819554928, C1=1.2238832654757599, C2=1.5476720681705551
worker_8  | 1   10      4133.34 1056.19 1666.71         5000
worker_10 | fuzzy inputs 5 6.8480743134667765
worker_10 | g=4, diversidad=6.8480743134667765, C1=1.484991766454031, C2=1.4833005797496241
worker_10 | 4   10      2933.34 1624.8  0.0262937       5000
worker_7  | fuzzy inputs 2 6.603162627876112
worker_7  | g=1, diversidad=6.603162627876112, C1=1.2100442322352487, C2=1.4829693200987695
worker_7  | 1   10      3433.4  882.505 1666.67         5000
worker_1  | fuzzy inputs 7 5.651206052628787
worker_1  | g=6, diversidad=5.651206052628787, C1=1.474509803921569, C2=1.4066711939991823
worker_1  | 6   10      2733.52 1830.53 0.00836639      5000
worker_16 | fuzzy inputs 5 5.246848397715203
worker_16 | g=4, diversidad=5.246848397715203, C1=1.4788942359224182, C2=1.2958245622929119
worker_16 | 4   10      2700.43 1286.46 0.00638087      5000
worker_6  | fuzzy inputs 8 5.497970160355008
worker_6  | g=7, diversidad=5.497970160355008, C1=1.726259976391332, C2=1.367658634900639
worker_6  | 7   10      2866.71 1674.6  0.174481        5000
worker_6  | defaultdict(<class 'deap.tools.support.Logbook'>, {})
worker_6  | poblacion enviada...  0.0032125413954135133
worker_6  | poblacion recibida...  PSO PSO-9
worker_6  | primero diversidad 5.697116676437873
worker_5  | fuzzy inputs 4 5.706875281809224
worker_5  | g=3, diversidad=5.706875281809224, C1=1.4745098039215692, C2=1.420208596397965
worker_5  | 3   10      3000.14 1445.15 666.982         5000
worker_11 | fuzzy inputs 4 5.842486986856384
worker_11 | g=3, diversidad=5.842486986856384, C1=1.4745098039215692, C2=1.4504315989239625
worker_11 | 3   10      2850.23 1434.43 0.0122054       5000
worker_4  | fuzzy inputs 6 6.036492756307353
worker_4  | g=5, diversidad=6.036492756307353, C1=1.475253506771903, C2=1.4585418143576647
worker_4  | 5   10      2200.06 1783.85 0.00677285      5000
worker_12 | fuzzy inputs 1 5.875271798910101
worker_12 | g=0, diversidad=5.875271798910101, C1=1.225925925925926, C2=1.474509803921569
worker_12 | gen evals   avg     std     min             max
worker_12 | 0   10      2367.01 1669.55 0.00321254      5000
worker_15 | fuzzy inputs 5 6.262818024358188
worker_15 | g=4, diversidad=6.262818024358188, C1=1.4790452219823116, C2=1.4679779161715911
worker_15 | 4   10      3033.71 1099.62 1666.82         5000
worker_9  | fuzzy inputs 7 6.262585608003627
worker_9  | g=6, diversidad=6.262585608003627, C1=1.4959336739834481, C2=1.4679695989003647
worker_9  | 6   10      3200.12 1407.92 0.0115741       5000
worker_13 | fuzzy inputs 8 7.863742214174161
worker_13 | g=7, diversidad=7.863742214174161, C1=1.7582568438342696, C2=1.489067570242491
worker_13 | 7   10      2500.37 1424.04 0.11081         5000
worker_13 | defaultdict(<class 'deap.tools.support.Logbook'>, {})
worker_13 | poblacion enviada...  0.0032125413954135133
worker_13 | poblacion recibida...  PSO PSO-1
worker_13 | primero diversidad 6.680347184736583
worker_8  | fuzzy inputs 3 4.926329498930899
worker_8  | g=2, diversidad=4.926329498930899, C1=1.4257383966244728, C2=1.467632850241546
worker_8  | 2   10      3300.09 1425.46 0.00982087      5000
worker_7  | fuzzy inputs 3 5.759432243030003
worker_7  | g=2, diversidad=5.759432243030003, C1=1.4500000000000004, C2=1.4491929072740568
worker_7  | 2   10      3533.35 1446.82 0.0137998       5000
worker_1  | fuzzy inputs 8 5.188353861827776
worker_1  | g=7, diversidad=5.188353861827776, C1=1.7324053613629984, C2=1.2774671685850703
worker_1  | 7   10      2200.03 1647.89 0.00728412      5000
worker_1  | defaultdict(<class 'deap.tools.support.Logbook'>, {})
worker_1  | poblacion enviada...  0.0032125413954135133
worker_1  | poblacion recibida...  PSO PSO-3
worker_1  | primero diversidad 6.064460459830845
worker_5  | fuzzy inputs 5 5.437825625162572
worker_5  | g=4, diversidad=5.437825625162572, C1=1.4767297123626695, C2=1.3514098654097375
worker_5  | 4   10      3333.5  1490.57 0.115093        5000
worker_16 | fuzzy inputs 6 6.00664947465417
worker_16 | g=5, diversidad=6.00664947465417, C1=1.4746486289913092, C2=1.4570597024457614
worker_16 | 5   10      2900.33 1116.02 1666.69         5000
worker_6  | fuzzy inputs 1 5.697116676437873
worker_6  | g=0, diversidad=5.697116676437873, C1=1.2259259259259263, C2=1.5047276507397898
worker_6  | gen evals   avg     std     min             max
worker_6  | 0   10      1533.42 1599.96 0.00321254      4000
worker_11 | fuzzy inputs 5 7.39963466815247
worker_11 | g=4, diversidad=7.39963466815247, C1=1.4876177551537946, C2=1.4876177551537946
worker_11 | 4   10      3733.56 916.174 2335.54         5000
worker_10 | fuzzy inputs 6 6.976577207406102
worker_10 | g=5, diversidad=6.976577207406102, C1=1.4858720595223374, C2=1.4856253497696255
worker_10 | 5   10      1200.09 1249.01 0.041038        3333.57
worker_4  | fuzzy inputs 7 6.087265515985476
worker_4  | g=6, diversidad=6.087265515985476, C1=1.4819875796639614, C2=1.4609202585048773
worker_4  | 6   10      2966.72 1946.16 0.23687         5000
worker_14 | fuzzy inputs 6 4.812927930951956
worker_14 | g=5, diversidad=4.812927930951956, C1=1.4825765670916327, C2=1.2107947729145143
worker_14 | 5   10      3133.36 956.813 1666.85         5000
worker_15 | fuzzy inputs 6 5.971782486057279
worker_15 | g=5, diversidad=5.971782486057279, C1=1.4745098039215692, C2=1.4557313081957837
worker_15 | 5   10      2566.81 1782.86 0.0876847       5000
worker_12 | fuzzy inputs 2 6.711109769813748
worker_12 | g=1, diversidad=6.711109769813748, C1=1.2082141179601478, C2=1.4839241437886426
worker_12 | 1   10      3800.17 909.104 2333.54         5000
worker_9  | fuzzy inputs 8 5.954723200031066
worker_9  | g=7, diversidad=5.954723200031066, C1=1.7238095238095241, C2=1.4551073483374177
worker_9  | 7   10      2766.77 1291.44 1333.37         5000
worker_9  | defaultdict(<class 'deap.tools.support.Logbook'>, {})
worker_9  | poblacion enviada...  0.003671767367096566
worker_9  | poblacion recibida...  PSO PSO-4
worker_9  | primero diversidad 5.037807053951868
worker_13 | fuzzy inputs 1 6.680347184736583
worker_13 | g=0, diversidad=6.680347184736583, C1=1.2087151857137386, C2=1.4836631249418542
worker_13 | gen evals   avg     std     min             max
worker_13 | 0   10      2266.9  1704.86 0.00321254      5000
worker_8  | fuzzy inputs 4 4.6720367613503955
worker_8  | g=3, diversidad=4.6720367613503955, C1=1.4835106775102378, C2=1.2090075641392586
worker_8  | 3   10      2300.06 1876.42 0.00451671      5000
worker_1  | fuzzy inputs 1 6.064460459830845
worker_1  | g=0, diversidad=6.064460459830845, C1=1.2235514407191637, C2=1.475794742084945
worker_1  | gen evals   avg     std     min             max
worker_1  | 0   10      1566.91 1660.33 0.00321254      5000
worker_7  | fuzzy inputs 4 4.355891708556111
worker_7  | g=3, diversidad=4.355891708556111, C1=1.4852813385094337, C2=1.2055993542436767
worker_7  | 3   10      2967.15 1479.69 667.414         5000
worker_5  | fuzzy inputs 6 5.198429360899893
worker_5  | g=5, diversidad=5.198429360899893, C1=1.479380501170359, C2=1.2806770392779738
worker_5  | 5   10      2667.14 1519.48 0.0131178       5000
worker_11 | fuzzy inputs 6 7.835264224518113
worker_11 | g=5, diversidad=7.835264224518113, C1=1.4889884564641553, C2=1.4889884564641553
worker_11 | 5   10      2866.72 1733.25 0.432597        5000
worker_16 | fuzzy inputs 7 6.260364944648895
worker_16 | g=6, diversidad=6.260364944648895, C1=1.4957653816772305, C2=1.467890007733233
worker_16 | 6   10      2466.75 1557.74 0.183735        5000
worker_10 | fuzzy inputs 7 6.789952366948983
worker_10 | g=6, diversidad=6.789952366948983, C1=1.530848476461363, C2=1.4821566641978843
worker_10 | 6   10      2200.14 1620.69 0.00974422      5000
worker_12 | fuzzy inputs 3 6.517961507658203
worker_12 | g=2, diversidad=6.517961507658203, C1=1.4257383966244728, C2=1.471502403325557
worker_12 | 2   10      3166.71 1454.85 0.0531328       5000
worker_4  | fuzzy inputs 8 6.144974016743501
worker_4  | g=7, diversidad=6.144974016743501, C1=1.728456634708023, C2=1.4634252293575667
worker_4  | 7   10      2679.01 1525.79 0.353799        5000
worker_4  | defaultdict(<class 'deap.tools.support.Logbook'>, {})
worker_4  | poblacion enviada...  0.0032125413954135133
worker_4  | poblacion recibida...  PSO PSO-2
worker_4  | primero diversidad 8.49581942048659
worker_6  | fuzzy inputs 2 7.498381618757489
worker_6  | g=1, diversidad=7.498381618757489, C1=1.1937230241669827, C2=1.4879575492750836
worker_6  | 1   10      2800.08 1771.27 0.238251        5000
worker_14 | fuzzy inputs 7 5.487841536719005
worker_14 | g=6, diversidad=5.487841536719005, C1=1.4813888059293272, C2=1.364961505162235
worker_14 | 6   10      3066.91 853.664 1666.7          4000
worker_15 | fuzzy inputs 7 5.83202309311217
worker_15 | g=6, diversidad=5.83202309311217, C1=1.4745098039215687, C2=1.4496979529816492
worker_15 | 6   10      1533.54 1146.74 0.0148192       3333.37
worker_13 | fuzzy inputs 2 6.969368242392362
worker_13 | g=1, diversidad=6.969368242392362, C1=1.20454667931577, C2=1.4858254185111515
worker_13 | 1   10      3166.69 1565.24 0.0125795       5000
worker_9  | fuzzy inputs 1 5.869507224791649
worker_9  | g=0, diversidad=5.869507224791649, C1=1.225925925925926, C2=1.474509803921569
worker_9  | gen evals   avg     std     min             max
worker_9  | 0   10      2166.97 1641.37 0.00321254      5000
worker_1  | fuzzy inputs 2 7.004804296342663
worker_1  | g=1, diversidad=7.004804296342663, C1=1.2040504870400415, C2=1.4860431353485377
worker_1  | 1   10      3333.75 1666.54 0.188727        5000
worker_5  | fuzzy inputs 7 5.586390455658039
worker_5  | g=6, diversidad=5.586390455658039, C1=1.4753617487729802, C2=1.3905568979513945
worker_5  | 6   10      3533.43 921.305 1666.81         5000
worker_14 | fuzzy inputs 8 5.239314942258265
worker_14 | g=7, diversidad=5.239314942258265, C1=1.7315066036170994, C2=1.293497525290576
worker_14 | 7   10      3733.41 1631.55 0.0485819       5000
worker_14 | defaultdict(<class 'deap.tools.support.Logbook'>, {})
worker_14 | poblacion enviada...  0.0032125413954135133
worker_14 | poblacion recibida...  PSO PSO-8
worker_14 | primero diversidad 3.9555457657660007
worker_8  | fuzzy inputs 5 5.688289242989411
worker_8  | g=4, diversidad=5.688289242989411, C1=1.4745098039215692, C2=1.4157183885818185
worker_8  | 4   10      2966.71 1441.04 0.0535294       5000
worker_11 | fuzzy inputs 7 7.243950739316185
worker_11 | g=6, diversidad=7.243950739316185, C1=1.551432341286112, C2=1.4870412764088163
worker_11 | 6   10      2900.05 1706.47 0.138255        5000
worker_7  | fuzzy inputs 5 5.91660977746474
worker_7  | g=4, diversidad=5.91660977746474, C1=1.474509803921569, C2=1.453636731931927
worker_7  | 4   10      2667.11 1718.69 1.13141         5000
worker_6  | fuzzy inputs 3 6.737348388886913
worker_6  | g=2, diversidad=6.737348388886913, C1=1.4257383966244728, C2=1.4748214552896939
worker_6  | 2   10      4034.81 898.86  2333.33         5000
worker_16 | fuzzy inputs 8 5.541740563470527
worker_16 | g=7, diversidad=5.541740563470527, C1=1.7252390869199095, C2=1.3791367863334945
worker_16 | 7   10      2466.81 1667.84 0.102378        5000
worker_16 | defaultdict(<class 'deap.tools.support.Logbook'>, {})
worker_16 | poblacion enviada...  0.0032125413954135133
worker_16 | poblacion recibida...  PSO PSO-14
worker_16 | primero diversidad 7.5847981652663545
worker_9  | fuzzy inputs 2 5.739193784529467
worker_9  | g=1, diversidad=5.739193784529467, C1=1.225925925925926, C2=1.4950726103470786
worker_9  | 1   10      3666.87 1095.13 1668.15         5000
worker_12 | fuzzy inputs 4 5.548091639682173
worker_12 | g=3, diversidad=5.548091639682173, C1=1.4752650684734037, C2=1.3807787366062272
worker_12 | 3   10      2266.73 1678.58 0.112449        5000
worker_4  | fuzzy inputs 1 8.49581942048659
worker_4  | g=0, diversidad=8.49581942048659, C1=1.1785747037937078, C2=1.4901458975343937
worker_4  | gen evals   avg     std     min             max
worker_4  | 0   10      1933.56 1762.59 0.00321254      5000
worker_15 | fuzzy inputs 8 5.606035600796863
worker_15 | g=7, diversidad=5.606035600796863, C1=1.723809523809524, C2=1.3954892555980134
worker_15 | 7   10      2266.78 1569.05 0.00514434      5000
worker_15 | defaultdict(<class 'deap.tools.support.Logbook'>, {})
worker_15 | poblacion enviada...  0.0032125413954135133
worker_15 | poblacion recibida...  PSO PSO-0
worker_15 | primero diversidad 6.598994686958957
worker_10 | fuzzy inputs 8 7.068710865100224
worker_10 | g=7, diversidad=7.068710865100224, C1=1.7457579264228582, C2=1.486324617430198
worker_10 | 7   10      2933.55 1489.07 667.299         5000
worker_10 | defaultdict(<class 'deap.tools.support.Logbook'>, {})
worker_10 | poblacion enviada...  0.003671767367096566
worker_10 | poblacion recibida...  PSO PSO-6
worker_10 | primero diversidad 6.140559138535868
worker_1  | fuzzy inputs 3 7.138842513268743
worker_1  | g=2, diversidad=7.138842513268743, C1=1.4257383966244728, C2=1.4788617886178865
worker_1  | 2   10      2866.72 1667.95 0.223471        5000
worker_13 | fuzzy inputs 3 6.257586053476633
worker_13 | g=2, diversidad=6.257586053476633, C1=1.4257383966244728, C2=1.467627433331087
worker_13 | 2   10      2666.7  1776.38 0.0196352       5000
worker_14 | fuzzy inputs 1 3.9555457657660007
worker_14 | g=0, diversidad=3.9555457657660007, C1=1.200156636679318, C2=1.7476976322264137
worker_14 | gen evals   avg     std     min             max
worker_14 | 0   10      1666.73 1825.7  0.00321254      5000
worker_8  | fuzzy inputs 6 4.424305291752681
worker_8  | g=5, diversidad=4.424305291752681, C1=1.484931177426778, C2=1.2062754876923916
worker_8  | 5   10      3700.03 1260.05 1666.68         5000
worker_9  | fuzzy inputs 3 5.346086983315316
worker_9  | g=2, diversidad=5.346086983315316, C1=1.431960204631894, C2=1.462944922851524
worker_9  | 2   10      4366.71 887.487 2333.56         5000
worker_5  | fuzzy inputs 8 5.446030175434107
worker_5  | g=7, diversidad=5.446030175434107, C1=1.7274165631227658, C2=1.3536598322081552
worker_5  | 7   10      2666.73 988.774 1333.37         4000
worker_5  | defaultdict(<class 'deap.tools.support.Logbook'>, {})
worker_5  | poblacion enviada...  0.0032125413954135133
worker_5  | poblacion recibida...  PSO PSO-12
worker_5  | primero diversidad 6.4348906340026275
worker_16 | fuzzy inputs 1 7.5847981652663545
worker_16 | g=0, diversidad=7.5847981652663545, C1=1.1921919573614077, C2=1.4882399709862535
worker_16 | gen evals   avg     std     min             max
worker_16 | 0   10      1800.05 1687.89 0.00321254      5000
worker_6  | fuzzy inputs 4 5.155266066148823
worker_6  | g=3, diversidad=5.155266066148823, C1=1.4797954736252428, C2=1.2667817981614045
worker_6  | 3   10      3300.05 1089.85 1666.67         5000
worker_7  | fuzzy inputs 6 5.6959738772477735
worker_7  | g=5, diversidad=5.6959738772477735, C1=1.4745098039215692, C2=1.4175784753220513
worker_7  | 5   10      2933.41 1199.96 1666.67         5000
worker_11 | fuzzy inputs 8 7.244526119364092
worker_11 | g=7, diversidad=7.244526119364092, C1=1.7489252033414149, C2=1.4870435057802533
worker_11 | 7   10      2300.23 1456.31 0.0224262       4000
worker_11 | defaultdict(<class 'deap.tools.support.Logbook'>, {})
worker_11 | poblacion enviada...  0.0032125413954135133
worker_11 | poblacion recibida...  PSO PSO-11
worker_11 | primero diversidad 6.102302097308205
worker_15 | fuzzy inputs 1 6.598994686958957
worker_15 | g=0, diversidad=6.598994686958957, C1=1.2101190981466787, C2=1.4829301739923215
worker_15 | gen evals   avg     std     min             max
worker_15 | 0   10      3066.69 1041.37 0.00321254      4000
worker_4  | fuzzy inputs 2 7.183652553824192
worker_4  | g=1, diversidad=7.183652553824192, C1=1.1999602439636952, C2=1.486803313498297
worker_4  | 1   10      3031    1458.07 666.691         5000
worker_12 | fuzzy inputs 5 7.11689707511151
worker_12 | g=4, diversidad=7.11689707511151, C1=1.4865294622981273, C2=1.4865294622981273
worker_12 | 4   10      2300.22 1037.58 0.0238503       3333.39
worker_1  | fuzzy inputs 4 5.302130490099305
worker_1  | g=3, diversidad=5.302130490099305, C1=1.4783102284115208, C2=1.3125760151621402
worker_1  | 3   10      2800.34 1292.81 0.086184        5000
worker_10 | fuzzy inputs 1 6.715077724801856
worker_10 | g=0, diversidad=6.715077724801856, C1=1.2081506089255107, C2=1.4839572056123245
worker_10 | gen evals   avg     std     min             max
worker_10 | 0   10      2433.7  1653.53 0.00321254      5000
worker_13 | fuzzy inputs 4 5.1146176241072485
worker_13 | g=3, diversidad=5.1146176241072485, C1=1.480171280865377, C2=1.2533440211249882
worker_13 | 3   10      3000.24 1366.29 666.697         5000
worker_8  | fuzzy inputs 7 5.441985936091214
worker_8  | g=6, diversidad=5.441985936091214, C1=1.4841108989286849, C2=1.3525521047225708
worker_8  | 6   10      3334.39 1414.21 0.00529856      5000
worker_16 | fuzzy inputs 2 6.6026257261920005
worker_16 | g=1, diversidad=6.6026257261920005, C1=1.210053857693863, C2=1.482964287492052
worker_16 | 1   10      3700.12 1015.91 1666.86         5000
worker_14 | fuzzy inputs 2 4.948730357604326
worker_14 | g=1, diversidad=4.948730357604326, C1=1.2127118804356316, C2=1.7361611221259095
worker_14 | 1   10      2900.03 1125.95 1333.42         5000
worker_9  | fuzzy inputs 4 4.621913116808772
worker_9  | g=3, diversidad=4.621913116808772, C1=1.4838192951822025, C2=1.20841546168876
worker_9  | 3   10      2866.73 1499.56 0.364147        5000
worker_6  | fuzzy inputs 5 7.060222167496356
worker_6  | g=4, diversidad=7.060222167496356, C1=1.4862878838775873, C2=1.4862878838775873
worker_6  | 4   10      2367.12 1766.17 0.00725911      5000
worker_5  | fuzzy inputs 1 6.4348906340026275
worker_5  | g=0, diversidad=6.4348906340026275, C1=1.2133550672587232, C2=1.481231612383657
worker_5  | gen evals   avg     std     min             max
worker_5  | 0   10      2200.55 1351.33 0.00321254      4000
worker_15 | fuzzy inputs 2 6.346633845687617
worker_15 | g=1, diversidad=6.346633845687617, C1=1.215364459363033, C2=1.480170418933754
worker_15 | 1   10      2966.99 1766.58 0.226736        5000
worker_7  | fuzzy inputs 7 5.892846831669056
worker_7  | g=6, diversidad=5.892846831669056, C1=1.474509803921569, C2=1.452661973604272
worker_7  | 6   10      2600.67 1162.71 0.195722        4000
worker_11 | fuzzy inputs 1 6.102302097308205
worker_11 | g=0, diversidad=6.102302097308205, C1=1.2222602337332849, C2=1.4764904545828141
worker_11 | gen evals   avg     std     min             max
worker_11 | 0   10      2400.48 1306.36 0.00321254      5000
worker_4  | fuzzy inputs 3 6.376749969987688
worker_4  | g=2, diversidad=6.376749969987688, C1=1.4257383966244728, C2=1.4693923190726201
worker_4  | 2   10      3133.39 1309.76 1666.68         5000
worker_10 | fuzzy inputs 2 6.920520424985425
worker_10 | g=1, diversidad=6.920520424985425, C1=1.2051745085425971, C2=1.4855010811600218
worker_10 | 1   10      3133.57 1613.64 0.0155715       5000
worker_1  | fuzzy inputs 5 6.049400632132878
worker_1  | g=4, diversidad=6.049400632132878, C1=1.4755062788799589, C2=1.4591630406014773
worker_1  | 4   10      2433.78 1238.46 666.732         5000
worker_12 | fuzzy inputs 6 4.9713039048424985
worker_12 | g=5, diversidad=4.9713039048424985, C1=1.4813915893003622, C2=1.2130513290992895
worker_12 | 5   10      2200.05 1351.49 0.0984036       4000
worker_13 | fuzzy inputs 5 5.389995829439427
worker_13 | g=4, diversidad=5.389995829439427, C1=1.4773124404641407, C2=1.3380765004330297
worker_13 | 4   10      2766.7  1949.61 0.0180611       5000
worker_8  | fuzzy inputs 8 4.852726158867787
worker_8  | g=7, diversidad=4.852726158867787, C1=1.7374793073416102, C2=1.2113354253036106
worker_8  | 7   10      3166.72 1892.96 0.0320184       5000
worker_8  | defaultdict(<class 'deap.tools.support.Logbook'>, {})
worker_8  | poblacion enviada...  0.0032125413954135133
worker_8  | poblacion recibida...  PSO PSO-7
worker_8  | primero diversidad 6.798282649703498
worker_14 | fuzzy inputs 3 4.087650405361354
worker_14 | g=2, diversidad=4.087650405361354, C1=1.4257383966244728, C2=1.467632850241546
worker_14 | 2   10      3133.63 1777.58 0.0224032       5000
worker_16 | fuzzy inputs 3 5.220012994783194
worker_16 | g=2, diversidad=5.220012994783194, C1=1.4257383966244728, C2=1.4684379585613594
worker_16 | 2   10      3133.49 1383.97 1666.69         5000
worker_15 | fuzzy inputs 3 6.251247145670044
worker_15 | g=2, diversidad=6.251247145670044, C1=1.4257383966244728, C2=1.4675339505858431
worker_15 | 2   10      3400.08 1503.99 0.112787        5000
worker_5  | fuzzy inputs 2 6.397615518406639
worker_5  | g=1, diversidad=6.397615518406639, C1=1.214178028050337, C2=1.4807975945891667
worker_5  | 1   10      3507.32 1265.48 1666.67         5000
worker_9  | fuzzy inputs 5 6.508345862017578
worker_9  | g=4, diversidad=6.508345862017578, C1=1.482031920592792, C2=1.475591896760023
worker_9  | 4   10      2033.57 1268.83 0.0127408       4000
worker_7  | fuzzy inputs 8 5.370750451082621
worker_7  | g=7, diversidad=5.370750451082621, C1=1.728995461154866, C2=1.332604766920567
worker_7  | 7   10      3266.76 853.733 1666.72         4000
worker_7  | defaultdict(<class 'deap.tools.support.Logbook'>, {})
worker_7  | poblacion enviada...  0.0032125413954135133
worker_7  | poblacion recibida...  PSO PSO-15
worker_7  | primero diversidad 5.008851532735251
worker_10 | fuzzy inputs 3 6.470078036856509
worker_10 | g=2, diversidad=6.470078036856509, C1=1.4257383966244728, C2=1.4707846095560206
worker_10 | 2   10      3366.83 1353.57 666.691         5000
worker_4  | fuzzy inputs 4 4.845429371652858
worker_4  | g=3, diversidad=4.845429371652858, C1=1.4823458600730863, C2=1.2112350384861499
worker_4  | 3   10      3300.11 1463.96 666.723         5000
worker_11 | fuzzy inputs 2 6.17995950994512
worker_11 | g=1, diversidad=6.17995950994512, C1=1.2198192689141147, C2=1.4777999017572707
worker_11 | 1   10      3066.71 1665.31 0.104726        5000
worker_6  | fuzzy inputs 6 6.769291987586072
worker_6  | g=5, diversidad=6.769291987586072, C1=1.484395680127291, C2=1.4817348054622874
worker_6  | 5   10      2533.47 1627.39 0.165836        5000
worker_1  | fuzzy inputs 6 5.684708010896635
worker_1  | g=5, diversidad=5.684708010896635, C1=1.4745098039215685, C2=1.4148498236548366
worker_1  | 5   10      2633.41 1629.15 0.0461785       5000
worker_8  | fuzzy inputs 1 6.798282649703498
worker_8  | g=0, diversidad=6.798282649703498, C1=1.2068745799645892, C2=1.4846204573686987
worker_8  | gen evals   avg     std     min             max
worker_8  | 0   10      3333.34 1825.74 0.00321254      5000
worker_13 | fuzzy inputs 6 5.957513070823744
worker_13 | g=5, diversidad=5.957513070823744, C1=1.474509803921569, C2=1.455210783626364
worker_13 | 5   10      2966.92 1206.05 0.00807519      5000
worker_12 | fuzzy inputs 7 5.350250799338689
worker_12 | g=6, diversidad=5.350250799338689, C1=1.4894069444010818, C2=1.3267072823684183
worker_12 | 6   10      3166.85 1293    667.438         5000
worker_14 | fuzzy inputs 4 4.314227581741459
worker_14 | g=3, diversidad=4.314227581741459, C1=1.485486725957966, C2=1.2052022753089389
worker_14 | 3   10      2466.68 1375.98 0.0179645       4000
worker_15 | fuzzy inputs 4 4.7159010222509234
worker_15 | g=3, diversidad=4.7159010222509234, C1=1.4832307764886474, C2=1.2095438697374181
worker_15 | 3   10      3300.15 1642.77 0.159319        5000
worker_5  | fuzzy inputs 3 4.952421652303249
worker_5  | g=2, diversidad=4.952421652303249, C1=1.4257383966244728, C2=1.467632850241546
worker_5  | 2   10      3100.01 1713.02 0.0131919       5000
worker_7  | fuzzy inputs 1 5.008851532735251
worker_7  | g=0, diversidad=5.008851532735251, C1=1.2136301461856298, C2=1.7310970219719861
worker_7  | gen evals   avg     std     min             max
worker_7  | 0   10      3133.4  1777.6  0.00321254      5000
worker_9  | fuzzy inputs 6 6.309244669085759
worker_9  | g=5, diversidad=6.309244669085759, C1=1.4796837783544, C2=1.469592149478768
worker_9  | 5   10      2900.29 954.938 1666.68         5000
worker_10 | fuzzy inputs 4 5.463706205988798
worker_10 | g=3, diversidad=5.463706205988798, C1=1.4764017427523537, C2=1.358470981898523
worker_10 | 3   10      3000.29 1482.99 666.682         5000
worker_13 | fuzzy inputs 7 6.003256327396259
worker_13 | g=6, diversidad=6.003256327396259, C1=1.474795726329951, C2=1.4568869976234937
worker_13 | 6   10      3366.73 1552.41 0.0135084       5000
worker_11 | fuzzy inputs 3 5.4322648373544276
worker_11 | g=2, diversidad=5.4322648373544276, C1=1.4378103202514247, C2=1.45784035287395
worker_11 | 2   10      2784.54 1760.12 0.54629         5000
worker_4  | fuzzy inputs 5 6.0817890357973035
worker_4  | g=4, diversidad=6.0817890357973035, C1=1.476118367439534, C2=1.4606719250981999
worker_4  | 4   10      3000.7  1365.45 1339.59         5000
worker_8  | fuzzy inputs 2 7.108615640300818
worker_8  | g=1, diversidad=7.108615640300818, C1=1.2016224871552177, C2=1.4864946948493742
worker_8  | 1   10      2766.94 1299.8  0.0379611       5000
worker_5  | fuzzy inputs 4 4.332789374729806
worker_5  | g=3, diversidad=4.332789374729806, C1=1.4853959361818518, C2=1.2053778455827961
worker_5  | 3   10      3633.35 1508.85 0.0110679       5000
worker_1  | fuzzy inputs 7 6.719165715492578
worker_1  | g=6, diversidad=6.719165715492578, C1=1.5266814455059694, C2=1.480675991565998
worker_1  | 6   10      2300.18 1294.73 0.19187         5000
worker_15 | fuzzy inputs 5 6.342098472393161
worker_15 | g=4, diversidad=6.342098472393161, C1=1.480112634645544, C2=1.470680407744884
worker_15 | 4   10      3266.79 916.428 1666.78         5000
worker_6  | fuzzy inputs 7 5.913702996955194
worker_6  | g=6, diversidad=5.913702996955194, C1=1.4745098039215694, C2=1.4535199787976227
worker_6  | 6   10      2600.12 1396.64 0.936411        5000
worker_14 | fuzzy inputs 5 5.386923763437352
worker_14 | g=4, diversidad=5.386923763437352, C1=1.4773488727186364, C2=1.3372072394100611
worker_14 | 4   10      2300.14 1277.39 1.00726         5000
worker_12 | fuzzy inputs 8 6.299516674719955
worker_12 | g=7, diversidad=6.299516674719955, C1=1.732537420963272, C2=1.4692615135115252
worker_12 | 7   10      2972.59 1330.26 667.265         5000
worker_12 | defaultdict(<class 'deap.tools.support.Logbook'>, {})
worker_12 | poblacion enviada...  0.0032125413954135133
worker_12 | poblacion recibida...  PSO PSO-10
worker_12 | primero diversidad 7.563324577134115
worker_7  | fuzzy inputs 2 6.104574167504025
worker_7  | g=1, diversidad=6.104574167504025, C1=1.2221849445206046, C2=1.4765309557294461
worker_7  | 1   10      3033.62 1320.09 1333.52         5000
worker_9  | fuzzy inputs 7 4.945649231528536
worker_9  | g=6, diversidad=4.945649231528536, C1=1.5106240888043612, C2=1.212666032445039
worker_9  | 6   10      3433.36 1054.6  1666.71         5000
worker_10 | fuzzy inputs 5 5.228270050264289
worker_10 | g=4, diversidad=5.228270050264289, C1=1.4790835029735123, C2=1.290066193676576
worker_10 | 4   10      3033.45 1559.46 666.761         5000
worker_13 | fuzzy inputs 8 5.428288531576703
worker_13 | g=7, diversidad=5.428288531576703, C1=1.727798715677755, C2=1.3487809350391793
worker_13 | 7   10      3000.14 1374.36 0.0460966       5000
worker_13 | defaultdict(<class 'deap.tools.support.Logbook'>, {})
worker_13 | poblacion enviada...  0.0032125413954135133
worker_13 | poblacion recibida...  PSO PSO-1
worker_13 | primero diversidad 6.237056604989762
worker_11 | fuzzy inputs 4 5.507559272810164
worker_11 | g=3, diversidad=5.507559272810164, C1=1.4758243981650259, C2=1.3701977450549199
worker_11 | 3   10      2833.38 1293.11 1666.67         5000
worker_4  | fuzzy inputs 6 7.379339696538693
worker_4  | g=5, diversidad=7.379339696538693, C1=1.4875455295795226, C2=1.4875455295795226
worker_4  | 5   10      2900.44 1341.75 1666.68         5000
worker_8  | fuzzy inputs 3 6.422273486367299
worker_8  | g=2, diversidad=6.422273486367299, C1=1.4257383966244728, C2=1.4700703409255305
worker_8  | 2   10      2466.73 1634.3  0.0494075       5000
worker_1  | fuzzy inputs 8 5.961830468786926
worker_1  | g=7, diversidad=5.961830468786926, C1=1.723809523809524, C2=1.4553697684962716
worker_1  | 7   10      3466.71 1874.92 0.183891        5000
worker_1  | defaultdict(<class 'deap.tools.support.Logbook'>, {})
worker_1  | poblacion enviada...  0.0032125413954135133
worker_1  | poblacion recibida...  PSO PSO-3
worker_1  | primero diversidad 5.647529898699911
worker_6  | fuzzy inputs 8 5.254854131932039
worker_6  | g=7, diversidad=5.254854131932039, C1=1.7312246459781067, C2=1.2982856771167237
worker_6  | 7   10      2900.11 1801.55 0.00761503      5000
worker_6  | defaultdict(<class 'deap.tools.support.Logbook'>, {})
worker_6  | poblacion enviada...  0.0032125413954135133
worker_6  | poblacion recibida...  PSO PSO-9
worker_6  | primero diversidad 5.564155928540361
worker_5  | fuzzy inputs 5 5.300672453888009
worker_5  | g=4, diversidad=5.300672453888009, C1=1.4783260459660046, C2=1.3121414089800205
worker_5  | 4   10      2300.08 1722.03 0.0627817       5000
worker_15 | fuzzy inputs 6 6.16485999808275
worker_15 | g=5, diversidad=6.16485999808275, C1=1.4775568450274736, C2=1.4642437196099387
worker_15 | 5   10      3533.48 1326.6  1666.71         5000
worker_14 | fuzzy inputs 6 4.926357856017141
worker_14 | g=5, diversidad=4.926357856017141, C1=1.4817439484535686, C2=1.2123815678330474
worker_14 | 5   10      3166.74 1600.32 0.0248733       5000
worker_12 | fuzzy inputs 1 7.563324577134115
worker_12 | g=0, diversidad=7.563324577134115, C1=1.1925658456816375, C2=1.4881710363302743
worker_12 | gen evals   avg     std     min             max
worker_12 | 0   10      2667    1374.16 0.00321254      5000
worker_9  | fuzzy inputs 8 4.641068127517009
worker_9  | g=7, diversidad=4.641068127517009, C1=1.7400791599208867, C2=1.2086391968046752
worker_9  | 7   10      3300.11 1259.95 1666.69         5000
worker_9  | defaultdict(<class 'deap.tools.support.Logbook'>, {})
worker_9  | poblacion enviada...  0.0032125413954135133
worker_9  | poblacion recibida...  PSO PSO-4
worker_9  | primero diversidad 6.244496863978104
worker_7  | fuzzy inputs 3 5.3104302038371465
worker_7  | g=2, diversidad=5.3104302038371465, C1=1.4296154916476396, C2=1.4650340761649454
worker_7  | 2   10      2500.59 2140.24 0.00549576      5000
worker_10 | fuzzy inputs 6 5.318217048886827
worker_10 | g=5, diversidad=5.318217048886827, C1=1.4781341678668733, C2=1.3173456856663481
worker_10 | 5   10      2800.04 1950.48 0.00904473      5000
worker_4  | fuzzy inputs 7 6.971898989433738
worker_4  | g=6, diversidad=6.971898989433738, C1=1.540940040977877, C2=1.4855452613595774
worker_4  | 6   10      3233.54 1520.57 0.19031         5000
worker_11 | fuzzy inputs 5 5.845960948517963
worker_11 | g=4, diversidad=5.845960948517963, C1=1.4745098039215692, C2=1.4505931824874478
worker_11 | 4   10      3300.27 1708.68 2.05287         5000
worker_15 | fuzzy inputs 7 6.5319947869562025
worker_15 | g=6, diversidad=6.5319947869562025, C1=1.5149403152727745, C2=1.4762194365432095
worker_15 | 6   10      3733.85 1152.59 1666.69         5000
worker_13 | fuzzy inputs 1 6.237056604989762
worker_13 | g=0, diversidad=6.237056604989762, C1=1.2181833843959435, C2=1.4786732733268382
worker_13 | gen evals   avg     std     min             max
worker_13 | 0   10      1933.4  1824.48 0.00321254      4000
worker_8  | fuzzy inputs 4 4.909926932946579
worker_8  | g=3, diversidad=4.909926932946579, C1=1.4818694524737877, C2=1.2121427583577404
worker_8  | 3   10      2700.14 1840.49 0.0647131       5000
worker_5  | fuzzy inputs 6 5.657807872915289
worker_5  | g=5, diversidad=5.657807872915289, C1=1.4745098039215694, C2=1.4082905189751527
worker_5  | 5   10      3033.38 1523.49 0.040037        5000
worker_14 | fuzzy inputs 7 4.895949089592582
worker_14 | g=6, diversidad=4.895949089592582, C1=1.5130136504967875, C2=1.211942069399595
worker_14 | 6   10      3633.54 971.151 2333.36         5000
worker_6  | fuzzy inputs 1 5.564155928540361
worker_6  | g=0, diversidad=5.564155928540361, C1=1.2249548625104054, C2=1.5370682261765622
worker_6  | gen evals   avg     std     min             max
worker_6  | 0   10      2600.04 1540.56 0.00321254      5000
worker_9  | fuzzy inputs 1 6.244496863978104
worker_9  | g=0, diversidad=6.244496863978104, C1=1.2179792046572286, C2=1.4787820464724644
worker_9  | gen evals   avg     std     min             max
worker_9  | 0   10      3033.35 2051.83 0.00321254      5000
worker_1  | fuzzy inputs 1 5.647529898699911
worker_1  | g=0, diversidad=5.647529898699911, C1=1.2259259259259263, C2=1.5164998060569888
worker_1  | gen evals   avg     std     min             max
worker_1  | 0   10      1967.17 1139.69 0.00321254      3333.36
worker_10 | fuzzy inputs 7 5.683293947337511
worker_10 | g=6, diversidad=5.683293947337511, C1=1.4745098039215692, C2=1.4145065659423726
worker_10 | 6   10      3533.36 991.038 1666.8          5000
worker_12 | fuzzy inputs 2 7.706043982981345
worker_12 | g=1, diversidad=7.706043982981345, C1=1.1936936936936937, C2=1.4879629629629632
worker_12 | 1   10      3000.09 1247.18 0.00949378      4000
worker_7  | fuzzy inputs 4 4.475291648163721
worker_7  | g=3, diversidad=4.475291648163721, C1=1.4846591832019886, C2=1.206799958830891
worker_7  | 3   10      3233.38 1095.9  1666.67         5000
worker_4  | fuzzy inputs 8 6.20489612142379
worker_4  | g=7, diversidad=6.20489612142379, C1=1.7301321987503528, C2=1.4658273802232205
worker_4  | 7   10      3200.06 1557.75 0.0183516       5000
worker_4  | defaultdict(<class 'deap.tools.support.Logbook'>, {})
worker_4  | poblacion enviada...  0.0032125413954135133
worker_4  | poblacion recibida...  PSO PSO-2
worker_4  | primero diversidad 4.468180493074639
worker_11 | fuzzy inputs 6 5.746693808364394
worker_11 | g=5, diversidad=5.746693808364394, C1=1.4745098039215692, C2=1.4297306012990887
worker_11 | 5   10      2833.62 1764.99 2.40105         5000
worker_15 | fuzzy inputs 8 6.36060772938909
worker_15 | g=7, diversidad=6.36060772938909, C1=1.733952992002337, C2=1.4712749230150424
worker_15 | 7   10      2934.88 1378.72 679.453         5000
worker_15 | defaultdict(<class 'deap.tools.support.Logbook'>, {})
worker_15 | poblacion enviada...  0.0032125413954135133
worker_15 | poblacion recibida...  PSO PSO-0
worker_15 | primero diversidad 5.8386664335477105
worker_9  | fuzzy inputs 2 6.573897799993722
worker_9  | g=1, diversidad=6.573897799993722, C1=1.21057699084197, C2=1.4826906015488837
worker_9  | 1   10      3700.02 1642.79 0.150668        5000
worker_13 | fuzzy inputs 2 6.768754851948852
worker_13 | g=1, diversidad=6.768754851948852, C1=1.2073155863510638, C2=1.4843914534682703
worker_13 | 1   10      2766.69 1819.92 0.0119342       5000
worker_14 | fuzzy inputs 8 4.301041802860963
worker_14 | g=7, diversidad=4.301041802860963, C1=1.7435487639111544, C2=1.2050788328022106
worker_14 | 7   10      3700.03 1224.27 666.705         5000
worker_14 | defaultdict(<class 'deap.tools.support.Logbook'>, {})
worker_14 | poblacion enviada...  0.0032125413954135133
worker_14 | poblacion recibida...  PSO PSO-8
worker_14 | primero diversidad 6.18027245779887
worker_8  | fuzzy inputs 5 4.305467670145202
worker_8  | g=4, diversidad=4.305467670145202, C1=1.485529181668433, C2=1.2051201495566648
worker_8  | 4   10      2600.19 1511.29 667.06          5000
worker_5  | fuzzy inputs 7 4.867313081270768
worker_5  | g=6, diversidad=4.867313081270768, C1=1.514370821716327, C2=1.2115378414182036
worker_5  | 6   10      2866.7  1301.25 666.852         5000
worker_7  | fuzzy inputs 5 4.951531904510436
worker_7  | g=4, diversidad=4.951531904510436, C1=1.4815482554706372, C2=1.2127536683712221
worker_7  | 4   10      3066.69 1658.63 0.0134831       5000
worker_6  | fuzzy inputs 2 6.303749495240715
worker_6  | g=1, diversidad=6.303749495240715, C1=1.2164213886513267, C2=1.4796102351525582
worker_6  | 1   10      2800.06 1212.86 0.116279        4000
worker_12 | fuzzy inputs 3 6.580366226298883
worker_12 | g=2, diversidad=6.580366226298883, C1=1.4257383966244728, C2=1.4724414198579219
worker_12 | 2   10      2433.44 1757.79 0.0226176       5000
worker_4  | fuzzy inputs 1 4.468180493074639
worker_4  | g=0, diversidad=4.468180493074639, C1=1.20672571525016, C2=1.7419386589517123
worker_4  | gen evals   avg     std     min             max
worker_4  | 0   10      2633.35 2024.57 0.00321254      5000
worker_1  | fuzzy inputs 2 6.240370631047497
worker_1  | g=1, diversidad=6.240370631047497, C1=1.2180921931453752, C2=1.4787218602856398
worker_1  | 1   10      2633.54 1702.52 0.00481538      5000
worker_10 | fuzzy inputs 8 5.6571864410673545
worker_10 | g=7, diversidad=5.6571864410673545, C1=1.7238095238095246, C2=1.4081382524369366
worker_10 | 7   10      2433.39 1591.95 0.00827791      5000
worker_10 | defaultdict(<class 'deap.tools.support.Logbook'>, {})
worker_10 | poblacion enviada...  0.0032125413954135133
worker_10 | poblacion recibida...  PSO PSO-6
worker_10 | primero diversidad 5.295227112339518
worker_11 | fuzzy inputs 7 6.15590447661887
worker_11 | g=6, diversidad=6.15590447661887, C1=1.487611372386266, C2=1.4638778232866398
worker_11 | 6   10      1934.77 1451.84 0.008983        5000
worker_15 | fuzzy inputs 1 5.8386664335477105
worker_15 | g=0, diversidad=5.8386664335477105, C1=1.225925925925926, C2=1.4745098039215692
worker_15 | gen evals   avg     std     min             max
worker_15 | 0   10      2233.93 1513.05 0.00321254      5000
worker_8  | fuzzy inputs 6 4.9563749010770906
worker_8  | g=5, diversidad=4.9563749010770906, C1=1.4815101257648895, C2=1.2128261326024479
worker_8  | 5   10      2400.16 1511.51 0.0359498       5000
worker_14 | fuzzy inputs 1 6.18027245779887
worker_14 | g=0, diversidad=6.18027245779887, C1=1.2198099553667001, C2=1.477804883602587
worker_14 | gen evals   avg     std     min             max
worker_14 | 0   10      1300.62 1797.89 0.00321254      5000
worker_9  | fuzzy inputs 3 6.5053226372607815
worker_9  | g=2, diversidad=6.5053226372607815, C1=1.4257383966244728, C2=1.4713127125124343
worker_9  | 2   10      3400.34 1083.18 1333.37         5000
worker_5  | fuzzy inputs 8 4.325746573536513
worker_5  | g=7, diversidad=4.325746573536513, C1=1.743321255160225, C2=1.2053109802950432
worker_5  | 7   10      3100.06 1633.32 0.0227271       5000
worker_5  | defaultdict(<class 'deap.tools.support.Logbook'>, {})
worker_5  | poblacion enviada...  0.0032125413954135133
worker_5  | poblacion recibida...  PSO PSO-12
worker_5  | primero diversidad 5.265871587281187
worker_13 | fuzzy inputs 3 6.773511397173225
worker_13 | g=2, diversidad=6.773511397173225, C1=1.4257383966244728, C2=1.4753733901903254
worker_13 | 2   10      3066.86 1263.03 1333.95         5000
worker_7  | fuzzy inputs 6 5.129305813309777
worker_7  | g=5, diversidad=5.129305813309777, C1=1.4800371081292638, C2=1.2582400025800222
worker_7  | 5   10      2800.04 1343.27 0.0618205       5000
worker_4  | fuzzy inputs 2 5.774654322387899
worker_4  | g=1, diversidad=5.774654322387899, C1=1.2259259259259263, C2=1.4871631950476327
worker_4  | 1   10      2633.67 1629.23 0.0169041       5000
worker_1  | fuzzy inputs 3 5.721010636644773
worker_1  | g=2, diversidad=5.721010636644773, C1=1.4500000000000002, C2=1.4488009671591657
worker_1  | 2   10      2967.07 1828.19 0.0115652       5000
worker_6  | fuzzy inputs 3 5.404040222579719
worker_6  | g=2, diversidad=5.404040222579719, C1=1.4358650627278957, C2=1.4595208767348498
worker_6  | 2   10      2714.18 1480.61 0.0388985       5000
worker_10 | fuzzy inputs 1 5.295227112339518
worker_10 | g=0, diversidad=5.295227112339518, C1=1.2187241908960653, C2=1.6153661957601058
worker_10 | gen evals   avg     std     min             max
worker_10 | 0   10      2267.18 1724.39 0.00321254      5000
worker_12 | fuzzy inputs 4 5.353363086209664
worker_12 | g=3, diversidad=5.353363086209664, C1=1.4777393857959071, C2=1.327607289542964
worker_12 | 3   10      2833.45 1933.45 0.0125879       5000
worker_14 | fuzzy inputs 2 6.442609144279351
worker_14 | g=1, diversidad=6.442609144279351, C1=1.2131890941120813, C2=1.481319043394711
worker_14 | 1   10      3133.38 1713.96 0.153339        5000
worker_15 | fuzzy inputs 2 6.14476906442618
worker_15 | g=1, diversidad=6.14476906442618, C1=1.2208925541454652, C2=1.477225067423907
worker_15 | 1   10      2200.44 1137.13 0.0121434       3333.94
worker_5  | fuzzy inputs 1 5.265871587281187
worker_5  | g=0, diversidad=5.265871587281187, C1=1.2181391279165263, C2=1.6254231937866863
worker_5  | gen evals   avg     std     min             max
worker_5  | 0   10      2700.56 1728.2  0.00321254      5000
worker_9  | fuzzy inputs 4 5.253726420942505
worker_9  | g=3, diversidad=5.253726420942505, C1=1.478823294315664, C2=1.297939730172999
worker_9  | 3   10      2500.08 1249.47 0.0370052       4000
worker_11 | fuzzy inputs 8 6.20769503103996
worker_11 | g=7, diversidad=6.20769503103996, C1=1.7302074095762117, C2=1.4659350158882705
worker_11 | 7   10      2100.11 1570.86 0.0204936       5000
worker_11 | defaultdict(<class 'deap.tools.support.Logbook'>, {})
worker_11 | poblacion enviada...  0.0032125413954135133
worker_11 | poblacion recibida...  PSO PSO-11
worker_11 | primero diversidad 5.550769148430088
worker_8  | fuzzy inputs 7 5.1740616178791
worker_8  | g=6, diversidad=5.1740616178791, C1=1.4990531751070264, C2=1.2728789637242417
worker_8  | 6   10      2366.79 1464    0.0609259       5000
worker_13 | fuzzy inputs 4 5.126162921518102
worker_13 | g=3, diversidad=5.126162921518102, C1=1.480065970093953, C2=1.2571962584076417
worker_13 | 3   10      2766.74 1653.57 0.0192711       5000
worker_1  | fuzzy inputs 4 5.479633300015712
worker_1  | g=3, diversidad=5.479633300015712, C1=1.476195272450487, C2=1.362764232776894
worker_1  | 3   10      2533.4  1606.94 0.00714494      5000
worker_6  | fuzzy inputs 4 5.077004570224545
worker_6  | g=3, diversidad=5.077004570224545, C1=1.480506782536341, C2=1.2405934403249341
worker_6  | 3   10      3033.55 1594.43 1.66022         5000
worker_7  | fuzzy inputs 7 5.179523386141219
worker_7  | g=6, diversidad=5.179523386141219, C1=1.4987640019720447, C2=1.2746372117643197
worker_7  | 6   10      2433.79 1398.97 0.266305        5000
worker_4  | fuzzy inputs 3 6.083347829953043
worker_4  | g=2, diversidad=6.083347829953043, C1=1.4414036339866052, C2=1.4607428047757909
worker_4  | 2   10      2333.95 1366.38 0.00510785      5000
worker_10 | fuzzy inputs 2 5.898998970547816
worker_10 | g=1, diversidad=5.898998970547816, C1=1.225925925925926, C2=1.4745098039215696
worker_10 | 1   10      3666.7  1238.22 1333.55         5000
worker_12 | fuzzy inputs 5 7.097746962126834
worker_12 | g=4, diversidad=7.097746962126834, C1=1.4864487922757619, C2=1.4864487922757619
worker_12 | 4   10      2700.03 1417.72 0.0511249       5000
worker_8  | fuzzy inputs 8 4.810181782056753
worker_8  | g=7, diversidad=4.810181782056753, C1=1.7380340302618495, C2=1.2107580797788495
worker_8  | 7   10      3700.02 971.235 2333.37         5000
worker_8  | defaultdict(<class 'deap.tools.support.Logbook'>, {})
worker_8  | poblacion enviada...  0.0032125413954135133
worker_8  | poblacion recibida...  PSO PSO-7
worker_8  | primero diversidad 5.812853375964973
worker_5  | fuzzy inputs 2 5.564720894229375
worker_5  | g=1, diversidad=5.564720894229375, C1=1.2249698739629034, C2=1.5369260477402693
worker_5  | 1   10      2700.08 1917.42 0.0106401       5000
worker_14 | fuzzy inputs 3 5.401035036760548
worker_14 | g=2, diversidad=5.401035036760548, C1=1.4356596461492717, C2=1.4596993073065834
worker_14 | 2   10      3066.89 1583.1  0.248854        5000
worker_9  | fuzzy inputs 5 5.477069598787188
worker_9  | g=4, diversidad=5.477069598787188, C1=1.4762287505301888, C2=1.362075826535942
worker_9  | 4   10      2534.03 1771.53 0.0339441       5000
worker_11 | fuzzy inputs 1 5.550769148430088
worker_11 | g=0, diversidad=5.550769148430088, C1=1.2246018518971966, C2=1.540460946325701
worker_11 | gen evals   avg     std     min             max
worker_11 | 0   10      2833.48 1668.37 0.00321254      5000
worker_15 | fuzzy inputs 3 6.7788693936724504
worker_15 | g=2, diversidad=6.7788693936724504, C1=1.4257383966244728, C2=1.4754552835681947
worker_15 | 2   10      3100.14 1265.23 666.932         5000
worker_6  | fuzzy inputs 5 5.895850011916891
worker_6  | g=4, diversidad=5.895850011916891, C1=1.474509803921569, C2=1.4527877644805178
worker_6  | 4   10      3300.09 1642.73 0.0141606       5000
worker_10 | fuzzy inputs 3 6.1063025050429935
worker_10 | g=2, diversidad=6.1063025050429935, C1=1.4391301114808235, C2=1.4617688002877924
worker_10 | 2   10      3833.48 1301.47 1666.71         5000
worker_7  | fuzzy inputs 8 5.249088521398563
worker_7  | g=7, diversidad=5.249088521398563, C1=1.7313297050829726, C2=1.2965144409231089
worker_7  | 7   10      3766.7  1406.71 1666.68         5000
worker_7  | defaultdict(<class 'deap.tools.support.Logbook'>, {})
worker_7  | poblacion enviada...  0.0032125413954135133
worker_7  | poblacion recibida...  PSO PSO-15
worker_7  | primero diversidad 5.899825253158226
worker_1  | fuzzy inputs 5 6.58426227796029
worker_1  | g=4, diversidad=6.58426227796029, C1=1.4827903502793234, C2=1.4775514802303895
worker_1  | 4   10      2966.74 1303.37 1333.6          5000
worker_13 | fuzzy inputs 5 6.039412587576756
worker_13 | g=4, diversidad=6.039412587576756, C1=1.475311140721497, C2=1.4586833615436465
worker_13 | 4   10      1600.45 1123.34 0.31342         3333.47
worker_4  | fuzzy inputs 4 5.39042232077998
worker_4  | g=3, diversidad=5.39042232077998, C1=1.4773073733501993, C2=1.3381970543997073
worker_4  | 3   10      3133.37 1087.29 1666.68         5000
worker_5  | fuzzy inputs 3 5.534935083239583
worker_5  | g=2, diversidad=5.534935083239583, C1=1.4451391327904166, C2=1.45165458272911
worker_5  | 2   10      3300.3  1260.03 1666.78         5000
worker_9  | fuzzy inputs 6 6.060199210588945
worker_9  | g=5, diversidad=6.060199210588945, C1=1.47571381163616, C2=1.4596739100383171
worker_9  | 5   10      3867.31 858.477 2333.86         5000
worker_12 | fuzzy inputs 6 6.124614163042823
worker_12 | g=5, diversidad=6.124614163042823, C1=1.4768822288533336, C2=1.4625641025442184
worker_12 | 5   10      3466.7  968.353 2333.37         5000
worker_10 | fuzzy inputs 4 3.9837689608661906
worker_10 | g=3, diversidad=3.9837689608661906, C1=1.4866849011506231, C2=1.2005982933491646
worker_10 | 3   10      3400.29 1072.67 1666.68         5000
worker_8  | fuzzy inputs 1 5.812853375964973
worker_8  | g=0, diversidad=5.812853375964973, C1=1.225925925925926, C2=1.4788660758941155
worker_8  | gen evals   avg     std     min             max
worker_8  | 0   10      2100.03 1673.65 0.00321254      5000
worker_15 | fuzzy inputs 4 5.958268251379052
worker_15 | g=3, diversidad=5.958268251379052, C1=1.474509803921569, C2=1.4552386872775287
worker_15 | 3   10      2833.65 1790.02 0.0207951       5000
worker_14 | fuzzy inputs 4 4.676290243943328
