worker_16 | fuzzy inputs 7 5.495352574872101
worker_16 | g=6, diversidad=5.495352574872101, C1=1.4809380422269898, C2=1.366963101431342
worker_16 | 6   10      2494.93 1816.52 0.0195782       5000
worker_9  | fuzzy inputs 4 5.709893189895358
worker_9  | g=3, diversidad=5.709893189895358, C1=1.4745098039215694, C2=1.4209349352873533
worker_9  | 3   10      2600.05 1691.79 0.0305067       5000
worker_15 | fuzzy inputs 6 7.78003343833193
worker_15 | g=5, diversidad=7.78003343833193, C1=1.4888317113700027, C2=1.4888317113700027
worker_15 | 5   10      1567.15 1527.62 0.217306        5000
worker_12 | fuzzy inputs 7 6.27773863438151
worker_12 | g=6, diversidad=6.27773863438151, C1=1.497076616637406, C2=1.4685068442795972
worker_12 | 6   10      3100.06 1430.16 0.291704        5000
worker_8  | fuzzy inputs 6 6.319484897512852
worker_8  | g=5, diversidad=6.319484897512852, C1=1.4798194197266015, C2=1.4699359904520692
worker_8  | 5   10      2733.4  1540.52 0.0345814       5000
worker_4  | fuzzy inputs 6 6.2733704143641615
worker_4  | g=5, diversidad=6.2733704143641615, C1=1.4791938604921613, C2=1.4683530101010318
worker_4  | 5   10      2000.33 1725.54 0.482765        5000
worker_3  | fuzzy inputs 7 7.98454907112213
worker_3  | g=6, diversidad=7.98454907112213, C1=1.5602836879432629, C2=1.4879629629629632
worker_3  | 6   10      3533.62 1137.07 1333.96         5000
worker_10 | fuzzy inputs 5 6.464753408365094
worker_10 | g=4, diversidad=6.464753408365094, C1=1.4815654200460113, C2=1.4743918842498658
worker_10 | 4   10      2300.19 1328.64 0.485826        4000
worker_14 | fuzzy inputs 7 6.8507303264547765
worker_14 | g=6, diversidad=6.8507303264547765, C1=1.5343155829771564, C2=1.4833513988707954
worker_14 | 6   10      1600.16 1489.26 0.0470542       4000
worker_11 | fuzzy inputs 6 7.867586291771867
worker_11 | g=5, diversidad=7.867586291771867, C1=1.4890781623519573, C2=1.4890781623519573
worker_11 | 5   10      2166.92 1572.2  0.0447524       5000
worker_2  | fuzzy inputs 6 8.235231876065201
worker_2  | g=5, diversidad=8.235231876065201, C1=1.4894308943089432, C2=1.4894308943089432
worker_2  | 5   10      2033.95 1417.33 0.0140555       5000
worker_6  | fuzzy inputs 4 6.3010983463922035
worker_6  | g=3, diversidad=6.3010983463922035, C1=1.4795745634683963, C2=1.4693155394540476
worker_6  | 3   10      3366.69 1456.36 0.15777         5000
worker_7  | fuzzy inputs 7 6.282741377632722
worker_7  | g=6, diversidad=6.282741377632722, C1=1.4974518918151438, C2=1.468682002659395
worker_7  | 6   10      2207.21 1467.24 0.0300422       5000
worker_16 | fuzzy inputs 8 5.031477121169325
worker_16 | g=7, diversidad=5.031477121169325, C1=1.734944648983538, C2=1.2247366555890853
worker_16 | 7   10      2000.05 1943.62 0.0160524       5000
worker_16 | defaultdict(<class 'deap.tools.support.Logbook'>, {})
worker_16 | poblacion enviada...  0.003671767367096566
worker_16 | poblacion recibida...  PSO PSO-14
worker_16 | primero diversidad 6.8684668324285445
worker_13 | fuzzy inputs 4 7.516631299112017
worker_13 | g=3, diversidad=7.516631299112017, C1=1.4880183160102685, C2=1.4880183160102685
worker_13 | 3   10      1366.92 1721.92 0.0222163       5000
worker_12 | fuzzy inputs 8 5.413459265009101
worker_12 | g=7, diversidad=5.413459265009101, C1=1.7281132892482731, C2=1.3446640206947693
worker_12 | 7   10      3000.09 1725.53 0.205164        5000
worker_12 | defaultdict(<class 'deap.tools.support.Logbook'>, {})
worker_12 | poblacion enviada...  0.01802818141830025
worker_12 | poblacion recibida...  PSO PSO-10
worker_12 | primero diversidad 6.897182988355606
worker_5  | fuzzy inputs 8 4.527811260597324
worker_5  | g=7, diversidad=4.527811260597324, C1=1.74132125393824, C2=1.2073596707129877
worker_5  | 7   10      2166.85 1204.21 0.0255312       4000
worker_5  | defaultdict(<class 'deap.tools.support.Logbook'>, {})
worker_5  | poblacion enviada...  0.01109094566472015
worker_5  | poblacion recibida...  PSO PSO-12
worker_5  | primero diversidad 5.858686933075566
worker_1  | fuzzy inputs 6 7.838008601717083
worker_1  | g=5, diversidad=7.838008601717083, C1=1.4889961303501376, C2=1.4889961303501376
worker_1  | 5   10      1933.47 1364.64 0.0208951       4000
worker_15 | fuzzy inputs 7 7.530877616976519
worker_15 | g=6, diversidad=7.530877616976519, C1=1.5602836879432629, C2=1.4879629629629632
worker_15 | 6   10      2133.66 1661.05 0.167647        5000
worker_9  | fuzzy inputs 5 6.911475801722476
worker_9  | g=4, diversidad=6.911475801722476, C1=1.4854393916159967, C2=1.4844808522275104
worker_9  | 4   10      3200.12 1284.04 666.863         5000
worker_3  | fuzzy inputs 8 7.15129333246215
worker_3  | g=7, diversidad=7.15129333246215, C1=1.7472790451939229, C2=1.4866719705353324
worker_3  | 7   10      3033.51 924.297 1666.67         5000
worker_3  | defaultdict(<class 'deap.tools.support.Logbook'>, {})
worker_3  | poblacion enviada...  0.003671767367096566
worker_3  | poblacion recibida...  PSO PSO-5
worker_3  | primero diversidad 8.138037723526347
worker_4  | fuzzy inputs 7 6.26110017931196
worker_4  | g=6, diversidad=6.26110017931196, C1=1.4958211238228745, C2=1.467916383952016
worker_4  | 6   10      1400.27 1644.99 0.0312705       5000
worker_7  | fuzzy inputs 8 5.985690718608858
worker_7  | g=7, diversidad=5.985690718608858, C1=1.7238095238095241, C2=1.4562253392035929
worker_7  | 7   10      3025.33 1756.08 0.0711856       5000
worker_7  | defaultdict(<class 'deap.tools.support.Logbook'>, {})
worker_7  | poblacion enviada...  0.003671767367096566
worker_7  | poblacion recibida...  PSO PSO-15
worker_7  | primero diversidad 7.706738904729567
worker_16 | fuzzy inputs 1 6.8684668324285445
worker_16 | g=0, diversidad=6.8684668324285445, C1=1.205874878162406, C2=1.4851387141495946
worker_16 | gen evals   avg     std     min             max
worker_16 | 0   10      2233.65 1885.82 0.00367177      5000
worker_14 | fuzzy inputs 8 6.331239741990341
worker_14 | g=7, diversidad=6.331239741990341, C1=1.7332849612611771, C2=1.470325473004461
worker_14 | 7   10      1500.05 1634.68 0.0304583       4000
worker_14 | defaultdict(<class 'deap.tools.support.Logbook'>, {})
worker_14 | poblacion enviada...  0.01109094566472015
worker_14 | poblacion recibida...  PSO PSO-8
worker_14 | primero diversidad 5.527443756045969
worker_11 | fuzzy inputs 7 8.130740842438087
worker_11 | g=6, diversidad=8.130740842438087, C1=1.5602836879432629, C2=1.4879629629629632
worker_11 | 6   10      2501.27 1714.77 0.128108        5000
worker_15 | fuzzy inputs 8 6.802439523856858
worker_15 | g=7, diversidad=6.802439523856858, C1=1.741853089457253, C2=1.4824076788952962
worker_15 | 7   10      2333.37 1855.9  0.058385        5000
worker_15 | defaultdict(<class 'deap.tools.support.Logbook'>, {})
worker_15 | poblacion enviada...  0.009083703352250434
worker_15 | poblacion recibida...  PSO PSO-0
worker_15 | primero diversidad 7.600439592763588
worker_12 | fuzzy inputs 1 13.437329666824073
worker_12 | g=0, diversidad=13.437329666824073, C1=1.1793674059646104, C2=1.5482127957455243
worker_12 | gen evals   avg     std     min             max
worker_12 | 0   10      2033.43 1501.5  0.0110909       4000
worker_6  | fuzzy inputs 5 7.6603147461285
worker_6  | g=4, diversidad=7.6603147461285, C1=1.4884761419564818, C2=1.4884761419564818
worker_6  | 4   10      2633.53 1417.56 0.509183        5000
worker_8  | fuzzy inputs 7 6.3189618104856375
worker_8  | g=6, diversidad=6.3189618104856375, C1=1.500138809760819, C2=1.4699185298060302
worker_8  | 6   10      1300.24 1015.97 0.0136917       3333.37
worker_10 | fuzzy inputs 6 5.8903463163467995
worker_10 | g=5, diversidad=5.8903463163467995, C1=1.4745098039215692, C2=1.4525566479314964
worker_10 | 5   10      1966.87 1277.39 0.319928        4000
worker_2  | fuzzy inputs 7 7.601961468435089
worker_2  | g=6, diversidad=7.601961468435089, C1=1.5602836879432629, C2=1.4879629629629632
worker_2  | 6   10      2167.54 1620.44 0.0987125       5000
worker_5  | fuzzy inputs 1 18.715236521150434
worker_5  | g=0, diversidad=18.715236521150434, C1=1.175268817204301, C2=1.7650793650793657
worker_5  | gen evals   avg     std     min             max
worker_5  | 0   10      1000.17 1273.61 0.0101893       3000
worker_13 | fuzzy inputs 5 7.718583576953019
worker_13 | g=4, diversidad=7.718583576953019, C1=1.4886519877174174, C2=1.4886519877174174
worker_13 | 4   10      1866.75 1521.66 0.0147945       5000
worker_9  | fuzzy inputs 6 8.049566224820834
worker_9  | g=5, diversidad=8.049566224820834, C1=1.4894308943089432, C2=1.4894308943089432
worker_9  | 5   10      2333.38 1639.75 0.0929826       5000
worker_1  | fuzzy inputs 7 7.72839247635413
worker_1  | g=6, diversidad=7.72839247635413, C1=1.5602836879432629, C2=1.4879629629629632
worker_1  | 6   10      2133.51 1423.49 0.165416        5000
worker_4  | fuzzy inputs 8 6.731503861375772
worker_4  | g=7, diversidad=6.731503861375772, C1=1.7408054385498908, C2=1.4809413789060837
worker_4  | 7   10      2133.87 1334.76 0.256818        5000
worker_4  | defaultdict(<class 'deap.tools.support.Logbook'>, {})
worker_4  | poblacion enviada...  0.008655992049161723
worker_4  | poblacion recibida...  PSO PSO-2
worker_4  | primero diversidad 6.444262902553836
worker_3  | fuzzy inputs 1 8.138037723526347
worker_3  | g=0, diversidad=8.138037723526347, C1=1.1836269739882868, C2=1.4896401695400856
worker_3  | gen evals   avg     std     min             max
worker_3  | 0   10      2666.73 1374.35 0.00367177      5000
worker_11 | fuzzy inputs 8 7.23393530015623
worker_11 | g=7, diversidad=7.23393530015623, C1=1.7487418572531046, C2=1.48700234724672
worker_11 | 7   10      2133.72 1726.46 0.2149          5000
worker_11 | defaultdict(<class 'deap.tools.support.Logbook'>, {})
worker_11 | poblacion enviada...  0.003671767367096566
worker_11 | poblacion recibida...  PSO PSO-11
worker_11 | primero diversidad 6.4821264213062175
worker_7  | fuzzy inputs 1 7.706738904729567
worker_7  | g=0, diversidad=7.706738904729567, C1=1.1901467215277086, C2=1.4886166783649142
worker_7  | gen evals   avg     std     min             max
worker_7  | 0   10      1633.38 1508.89 0.00367177      4000
worker_14 | fuzzy inputs 1 5.527443756045969
worker_14 | g=0, diversidad=5.527443756045969, C1=1.223998818296545, C2=1.5464838037538928
worker_14 | gen evals   avg     std     min             max
worker_14 | 0   10      1333.37 1468.17 0.0110909       4000
worker_15 | fuzzy inputs 1 7.600439592763588
worker_15 | g=0, diversidad=7.600439592763588, C1=1.1919222756420644, C2=1.48828967957805
worker_15 | gen evals   avg     std     min             max
worker_15 | 0   10      1400.2  1658.59 0.0090837       5000
worker_12 | fuzzy inputs 2 10.868575171356614
worker_12 | g=1, diversidad=10.868575171356614, C1=1.1936936936936937, C2=1.4879629629629632
worker_12 | 1   10      2333.84 989.022 0.0756656       3335.01
worker_16 | fuzzy inputs 2 6.112759227916969
worker_16 | g=1, diversidad=6.112759227916969, C1=1.2219157456417744, C2=1.4766757100923764
worker_16 | 1   10      2533.35 1536.22 0.00685666      5000
worker_6  | fuzzy inputs 6 8.534551835129204
worker_6  | g=5, diversidad=8.534551835129204, C1=1.4894308943089432, C2=1.4894308943089432
worker_6  | 5   10      2500.61 1454.87 0.0352282       5000
worker_2  | fuzzy inputs 8 6.044945101921648
worker_2  | g=7, diversidad=6.044945101921648, C1=1.725349964801805, C2=1.4589499212526147
worker_2  | 7   10      3000.21 1619.29 0.225267        5000
worker_2  | defaultdict(<class 'deap.tools.support.Logbook'>, {})
worker_2  | poblacion enviada...  0.01109094566472015
worker_2  | poblacion recibida...  PSO PSO-13
worker_2  | primero diversidad 9.055748936974496
worker_10 | fuzzy inputs 7 5.990695646729613
worker_10 | g=6, diversidad=5.990695646729613, C1=1.4745098039215687, C2=1.456400000188121
worker_10 | 6   10      2833.45 1147.44 1666.78         5000
worker_8  | fuzzy inputs 8 6.824554324109748
worker_8  | g=7, diversidad=6.824554324109748, C1=1.742166041718156, C2=1.4828450984630888
worker_8  | 7   10      833.481 806.155 0.0143587       2000
worker_8  | defaultdict(<class 'deap.tools.support.Logbook'>, {})
worker_8  | poblacion enviada...  0.01109094566472015
worker_8  | poblacion recibida...  PSO PSO-7
worker_8  | primero diversidad 8.008875834785904
worker_13 | fuzzy inputs 6 8.026179483856358
worker_13 | g=5, diversidad=8.026179483856358, C1=1.4894308943089432, C2=1.4894308943089432
worker_13 | 5   10      2366.85 1747.63 0.0537768       5000
worker_5  | fuzzy inputs 2 14.663455192160365
worker_5  | g=1, diversidad=14.663455192160365, C1=1.1936936936936937, C2=1.6626744239604145
worker_5  | 1   10      1000.45 1192.68 0.106848        3334.59
worker_9  | fuzzy inputs 7 7.881032289857527
worker_9  | g=6, diversidad=7.881032289857527, C1=1.5602836879432629, C2=1.4879629629629632
worker_9  | 6   10      1733.44 1062.54 0.0163792       3333.72
worker_1  | fuzzy inputs 8 5.996930584138666
worker_1  | g=7, diversidad=5.996930584138666, C1=1.7238095238095243, C2=1.4566153310246117
worker_1  | 7   10      1467.06 1045.55 0.0391249       3333.35
worker_1  | defaultdict(<class 'deap.tools.support.Logbook'>, {})
worker_1  | poblacion enviada...  0.01109094566472015
worker_1  | poblacion recibida...  PSO PSO-3
worker_1  | primero diversidad 7.145265141999895
worker_4  | fuzzy inputs 1 6.444262902553836
worker_4  | g=0, diversidad=6.444262902553836, C1=1.2131537255702607, C2=1.4813376703956003
worker_4  | gen evals   avg     std     min             max
worker_4  | 0   10      1600.06 1671.98 0.00865599      5000
worker_11 | fuzzy inputs 1 6.4821264213062175
worker_11 | g=0, diversidad=6.4821264213062175, C1=1.2123620486502291, C2=1.4817542091906928
worker_11 | gen evals   avg     std     min             max
worker_11 | 0   10      1533.43 1967.45 0.00367177      5000
worker_7  | fuzzy inputs 2 6.908345278439825
worker_7  | g=1, diversidad=6.908345278439825, C1=1.205335345033609, C2=1.4854179171705033
worker_7  | 1   10      2766.82 1299.86 667.356         5000
worker_15 | fuzzy inputs 2 6.8730709860337456
worker_15 | g=1, diversidad=6.8730709860337456, C1=1.205811568694741, C2=1.4851714941928023
worker_15 | 1   10      2066.86 1711.27 0.0259478       5000
worker_12 | fuzzy inputs 3 7.236398896622291
worker_12 | g=2, diversidad=7.236398896622291, C1=1.4257383966244728, C2=1.4788617886178865
worker_12 | 2   10      2000.13 1437.56 0.059039        5000
worker_14 | fuzzy inputs 2 6.103303843634255
worker_14 | g=1, diversidad=6.103303843634255, C1=1.2222270086735214, C2=1.4765083285866016
worker_14 | 1   10      2033.44 1622.33 0.0200054       5000
worker_16 | fuzzy inputs 3 6.1532360957559495
worker_16 | g=2, diversidad=6.1532360957559495, C1=1.4346008564229218, C2=1.4637679486008874
worker_16 | 2   10      1866.74 1462.07 0.0117814       5000
worker_6  | fuzzy inputs 7 7.30954901833073
worker_6  | g=6, diversidad=7.30954901833073, C1=1.5537565102771596, C2=1.4872905967621057
worker_6  | 6   10      2333.47 1414.14 0.39974         5000
worker_2  | fuzzy inputs 1 18.45627511078951
worker_2  | g=0, diversidad=18.45627511078951, C1=1.175268817204301, C2=1.7650793650793657
worker_2  | gen evals   avg     std     min             max
worker_2  | 0   10      1566.74 1801.5  0.00865599      5000
worker_8  | fuzzy inputs 1 12.211318689445841
worker_8  | g=0, diversidad=12.211318689445841, C1=1.1888426041986488, C2=1.503395988508358
worker_8  | gen evals   avg     std     min             max
worker_8  | 0   10      866.889 1147.19 0.00367177      3333.92
worker_10 | fuzzy inputs 8 6.222528821830451
worker_10 | g=7, diversidad=6.222528821830451, C1=1.7306016835774205, C2=1.4664990033900989
worker_10 | 7   10      2600.14 1227.35 667.364         5000
worker_10 | defaultdict(<class 'deap.tools.support.Logbook'>, {})
worker_10 | poblacion enviada...  0.050588097593840385
worker_10 | poblacion recibida...  PSO PSO-6
worker_10 | primero diversidad 8.025847345661223
worker_5  | fuzzy inputs 3 9.310476513470892
worker_5  | g=2, diversidad=9.310476513470892, C1=1.4257383966244728, C2=1.4788617886178865
worker_5  | 2   10      2233.55 1776.58 0.0516701       5000
worker_13 | fuzzy inputs 7 7.002266278147463
worker_13 | g=6, diversidad=7.002266278147463, C1=1.5425106838988196, C2=1.4860317169939363
worker_13 | 6   10      1766.92 1116.06 0.0333601       3333.44
worker_7  | fuzzy inputs 3 5.592460554909172
worker_7  | g=2, diversidad=5.592460554909172, C1=1.449427761802323, C2=1.4481380453107189
worker_7  | 2   10      3133.47 1613.83 0.0122396       5000
worker_9  | fuzzy inputs 8 7.565887469530301
worker_9  | g=7, diversidad=7.565887469530301, C1=1.7540840753258613, C2=1.4881793061861537
worker_9  | 7   10      1734.12 1271.82 0.0233538       3333.49
worker_9  | defaultdict(<class 'deap.tools.support.Logbook'>, {})
worker_9  | poblacion enviada...  0.003671767367096566
worker_9  | poblacion recibida...  PSO PSO-4
worker_9  | primero diversidad 6.952862770043554
worker_15 | fuzzy inputs 3 5.7672533731713855
worker_15 | g=2, diversidad=5.7672533731713855, C1=1.45, C2=1.4492749174652966
worker_15 | 2   10      2166.77 2114.73 0.010507        5000
worker_11 | fuzzy inputs 2 6.328746287254074
worker_11 | g=1, diversidad=6.328746287254074, C1=1.2157984909676482, C2=1.4799405450298546
worker_11 | 1   10      2766.85 1374.75 1333.64         5000
worker_4  | fuzzy inputs 2 6.433429169705778
worker_4  | g=1, diversidad=6.433429169705778, C1=1.2133866613195805, C2=1.4812149654936657
worker_4  | 1   10      2200.27 1499.39 0.144838        5000
worker_1  | fuzzy inputs 1 19.20828667519895
worker_1  | g=0, diversidad=19.20828667519895, C1=1.175268817204301, C2=1.7650793650793657
worker_1  | gen evals   avg     std     min             max
worker_1  | 0   10      966.711 1048.29 0.00865599      3000
worker_14 | fuzzy inputs 3 5.11813447708434
worker_14 | g=2, diversidad=5.11813447708434, C1=1.4257383966244728, C2=1.4680701849664608
worker_14 | 2   10      2967.6  1494.24 0.0168938       5000
worker_16 | fuzzy inputs 4 4.232428530299504
worker_16 | g=3, diversidad=4.232428530299504, C1=1.485873733094289, C2=1.204453077486186
worker_16 | 3   10      3200.04 1521.65 0.175593        5000
worker_12 | fuzzy inputs 4 6.5058026143406495
worker_12 | g=3, diversidad=6.5058026143406495, C1=1.4820053537732576, C2=1.475523448892685
worker_12 | 3   10      1733.7  1496.46 0.081598        5000
worker_6  | fuzzy inputs 8 6.11471812701354
worker_6  | g=7, diversidad=6.11471812701354, C1=1.7275602405731425, C2=1.4621368009950217
worker_6  | 7   10      2400.11 1685.17 0.0766601       5000
worker_6  | defaultdict(<class 'deap.tools.support.Logbook'>, {})
worker_6  | poblacion enviada...  0.003671767367096566
worker_6  | poblacion recibida...  PSO PSO-9
worker_6  | primero diversidad 6.971688175969671
worker_8  | fuzzy inputs 2 10.272581704308006
worker_8  | g=1, diversidad=10.272581704308006, C1=1.1936936936936937, C2=1.4879629629629632
worker_8  | 1   10      2333.72 1706.03 0.226321        5000
worker_11 | fuzzy inputs 3 5.672505648747444
worker_11 | g=2, diversidad=5.672505648747444, C1=1.4500000000000004, C2=1.448330719683089
worker_11 | 2   10      2900.21 1801.56 0.0348543       5000
worker_9  | fuzzy inputs 1 6.952862770043554
worker_9  | g=0, diversidad=6.952862770043554, C1=1.2047557552220014, C2=1.4857174618277436
worker_9  | gen evals   avg     std     min             max
worker_9  | 0   10      2200.19 1898.59 0.00367177      5000
worker_2  | fuzzy inputs 2 13.684278574584141
worker_2  | g=1, diversidad=13.684278574584141, C1=1.1936936936936937, C2=1.5413000860012624
worker_2  | 1   10      2066.76 1540.52 0.0394315       5000
worker_7  | fuzzy inputs 4 4.983978044424083
worker_7  | g=3, diversidad=4.983978044424083, C1=1.481289757107438, C2=1.213244696379659
worker_7  | 3   10      3166.72 1213.28 666.907         5000
worker_10 | fuzzy inputs 1 16.769893150798573
worker_10 | g=0, diversidad=16.769893150798573, C1=1.175268817204301, C2=1.7650793650793657
worker_10 | gen evals   avg     std     min             max
worker_10 | 0   10      2200.1  1700.95 0.00865599      5000
worker_14 | fuzzy inputs 4 3.8641421016484965
worker_14 | g=3, diversidad=3.8641421016484965, C1=1.487025553815899, C2=1.1987618171732561
worker_14 | 3   10      1000.06 1527.5  0.0284968       5000
worker_4  | fuzzy inputs 3 4.797792904667864
worker_4  | g=2, diversidad=4.797792904667864, C1=1.4257383966244728, C2=1.467632850241546
worker_4  | 2   10      2266.72 1948.18 0.0109867       5000
worker_15 | fuzzy inputs 4 5.541868201318772
worker_15 | g=3, diversidad=5.541868201318772, C1=1.4753526252321714, C2=1.3791698426594245
worker_15 | 3   10      1666.97 1556.23 0.060661        5000
worker_16 | fuzzy inputs 5 5.267761046292241
worker_16 | g=4, diversidad=5.267761046292241, C1=1.4786770481619436, C2=1.3022281149735997
worker_16 | 4   10      2233.47 1490.97 0.0890434       5000
worker_5  | fuzzy inputs 4 7.402168773587571
worker_5  | g=3, diversidad=7.402168773587571, C1=1.487626714720278, C2=1.487626714720278
worker_5  | 3   10      1066.79 1271.87 0.0265896       3333.37
worker_13 | fuzzy inputs 8 7.807300138077358
worker_13 | g=7, diversidad=7.807300138077358, C1=1.7575058321123391, C2=1.4889096481452653
worker_13 | 7   10      1833.35 1507.39 0.00426257      5000
worker_13 | defaultdict(<class 'deap.tools.support.Logbook'>, {})
worker_13 | poblacion enviada...  0.004262567938734926
worker_13 | poblacion recibida...  PSO PSO-1
worker_13 | primero diversidad 11.893142225472074
worker_1  | fuzzy inputs 2 14.181751932702056
worker_1  | g=1, diversidad=14.181751932702056, C1=1.1936936936936937, C2=1.5821017926370957
worker_1  | 1   10      1800.35 1166.44 0.077365        3334.98
worker_12 | fuzzy inputs 5 7.650982507490852
worker_12 | g=4, diversidad=7.650982507490852, C1=1.4884474712300593, C2=1.4884474712300593
worker_12 | 4   10      2701.62 1524.04 0.0232284       5000
worker_6  | fuzzy inputs 1 6.971688175969671
worker_6  | g=0, diversidad=6.971688175969671, C1=1.2045175376324095, C2=1.4858404617317895
worker_6  | gen evals   avg     std     min             max
worker_6  | 0   10      2100.04 1520.6  0.00367177      4000
worker_8  | fuzzy inputs 3 7.062651290637626
worker_8  | g=2, diversidad=7.062651290637626, C1=1.4257383966244728, C2=1.4788617886178865
worker_8  | 2   10      2633.45 1642.68 0.0177948       5000
worker_9  | fuzzy inputs 2 7.109047586485827
worker_9  | g=1, diversidad=7.109047586485827, C1=1.2016127028049302, C2=1.4864965126987142
worker_9  | 1   10      2966.94 1702.49 0.0404375       5000
worker_11 | fuzzy inputs 4 5.557731164449374
worker_11 | g=3, diversidad=5.557731164449374, C1=1.4751282164674442, C2=1.3832596517886477
worker_11 | 3   10      3400.03 1436.01 1333.51         5000
worker_7  | fuzzy inputs 5 6.192858454816188
worker_7  | g=4, diversidad=6.192858454816188, C1=1.4780034046034276, C2=1.4653599560641655
worker_7  | 4   10      2700.04 1417.72 0.0423317       5000
worker_4  | fuzzy inputs 4 4.546461100395355
worker_4  | g=3, diversidad=4.546461100395355, C1=1.4842626761729951, C2=1.2075633828420076
worker_4  | 3   10      1233.49 1461    0.0112776       5000
worker_2  | fuzzy inputs 3 8.582156918750059
worker_2  | g=2, diversidad=8.582156918750059, C1=1.4257383966244728, C2=1.4788617886178865
worker_2  | 2   10      1866.84 1301.14 0.0222288       3333.4
worker_16 | fuzzy inputs 6 6.522213773741076
worker_16 | g=5, diversidad=6.522213773741076, C1=1.4821754160218312, C2=1.4759618307034732
worker_16 | 5   10      2366.8  1493.9  0.1072          5000
worker_14 | fuzzy inputs 5 5.8035487386213775
worker_14 | g=4, diversidad=5.8035487386213775, C1=1.4745098039215692, C2=1.4431001298181518
worker_14 | 4   10      1833.53 1376.31 0.048345        4000
worker_5  | fuzzy inputs 5 7.860075023839504
worker_5  | g=4, diversidad=7.860075023839504, C1=1.4890574463684483, C2=1.4890574463684483
worker_5  | 4   10      2000.15 1659.95 0.0443216       5000
worker_15 | fuzzy inputs 5 6.247147379649025
worker_15 | g=4, diversidad=6.247147379649025, C1=1.4788205282329794, C2=1.4674116473215302
worker_15 | 4   10      1733.52 1496.57 0.0353904       5000
worker_10 | fuzzy inputs 2 12.184874018672478
worker_10 | g=1, diversidad=12.184874018672478, C1=1.1936936936936937, C2=1.5029835178356905
worker_10 | 1   10      1800.25 702.368 666.698         3000
worker_6  | fuzzy inputs 2 6.54625626929182
worker_6  | g=1, diversidad=6.54625626929182, C1=1.2110958288210372, C2=1.4824188339493711
worker_6  | 1   10      3300.1  1537.97 0.0218269       5000
worker_13 | fuzzy inputs 1 13.111639032078335
worker_13 | g=0, diversidad=13.111639032078335, C1=1.1840198904816825, C2=1.530962366322994
worker_13 | gen evals   avg     std     min             max
worker_13 | 0   10      2233.36 1619.66 0.00367177      4000
worker_8  | fuzzy inputs 4 6.527393573530333
worker_8  | g=3, diversidad=6.527393573530333, C1=1.4822284268011292, C2=1.476098590180544
worker_8  | 3   10      2033.52 2089.25 0.0307632       5000
worker_12 | fuzzy inputs 6 6.926989640555397
worker_12 | g=5, diversidad=6.926989640555397, C1=1.4855448852561621, C2=1.4847595724212148
worker_12 | 5   10      1866.83 1758.66 0.0964655       5000
worker_1  | fuzzy inputs 3 8.91277493326027
worker_1  | g=2, diversidad=8.91277493326027, C1=1.4257383966244728, C2=1.4788617886178865
worker_1  | 2   10      2000.09 1612.44 0.00956706      5000
worker_11 | fuzzy inputs 5 7.60206577866201
worker_11 | g=4, diversidad=7.60206577866201, C1=1.4882948235055418, C2=1.4882948235055418
worker_11 | 4   10      2700.06 1888.25 0.0335547       5000
worker_9  | fuzzy inputs 3 6.089239232064198
worker_9  | g=2, diversidad=6.089239232064198, C1=1.4408163839151402, C2=1.4610092888119914
worker_9  | 2   10      3133.42 1056.11 1333.57         5000
worker_7  | fuzzy inputs 6 6.259535577352614
worker_7  | g=5, diversidad=6.259535577352614, C1=1.4789985521799776, C2=1.4678602253226254
worker_7  | 5   10      1733.39 1162.36 0.0330218       4000
worker_4  | fuzzy inputs 5 7.839949153379551
worker_4  | g=4, diversidad=7.839949153379551, C1=1.4890015501098126, C2=1.4890015501098126
worker_4  | 4   10      1700.28 1669.87 0.0072292       5000
worker_6  | fuzzy inputs 3 5.980997848402337
worker_6  | g=2, diversidad=5.980997848402337, C1=1.4500000000000004, C2=1.4560600822576206
worker_6  | 2   10      3366.74 1816.21 0.0204453       5000
worker_15 | fuzzy inputs 6 6.464105810939234
worker_15 | g=5, diversidad=6.464105810939234, C1=1.481558307172558, C2=1.4743736184220437
worker_15 | 5   10      1476.55 1554.99 0.017682        5000
worker_2  | fuzzy inputs 4 6.698128607273925
worker_2  | g=3, diversidad=6.698128607273925, C1=1.4838150234478802, C2=1.48021605973613
worker_2  | 3   10      2366.84 1440.97 666.874         5000
worker_14 | fuzzy inputs 6 6.516890565728911
worker_14 | g=5, diversidad=6.516890565728911, C1=1.4821206070637019, C2=1.475820487071603
worker_14 | 5   10      1266.78 1133.28 0.0110404       3333.34
worker_16 | fuzzy inputs 7 6.245040971990379
worker_16 | g=6, diversidad=6.245040971990379, C1=1.49459846922419, C2=1.4673346736322557
worker_16 | 6   10      2733.36 1872.58 0.0570008       5000
worker_5  | fuzzy inputs 6 7.2809478354167165
worker_5  | g=5, diversidad=7.2809478354167165, C1=1.4871830813597888, C2=1.4871830813597888
worker_5  | 5   10      1433.5  1468.45 0.10793         4000
worker_8  | fuzzy inputs 5 7.437548351062569
worker_8  | g=4, diversidad=7.437548351062569, C1=1.4877504618925375, C2=1.4877504618925375
worker_8  | 4   10      2266.75 1799.94 0.0121576       5000
worker_10 | fuzzy inputs 3 8.722565197055841
worker_10 | g=2, diversidad=8.722565197055841, C1=1.4257383966244728, C2=1.4788617886178865
worker_10 | 2   10      1966.79 1463.94 0.29425         5000
worker_13 | fuzzy inputs 2 10.054484649181061
worker_13 | g=1, diversidad=10.054484649181061, C1=1.1936936936936937, C2=1.4879629629629632
worker_13 | 1   10      2233.56 1591.74 0.20433         5000
worker_9  | fuzzy inputs 4 6.010675144442271
worker_9  | g=3, diversidad=6.010675144442271, C1=1.4747319428765078, C2=1.4572634704508642
worker_9  | 3   10      2733.55 1671.96 0.0316865       5000
worker_11 | fuzzy inputs 6 7.164406898820942
worker_11 | g=5, diversidad=7.164406898820942, C1=1.4867255110418423, C2=1.4867255110418423
worker_11 | 5   10      2700.08 1669.66 0.0497886       5000
worker_12 | fuzzy inputs 7 6.94742770801957
worker_12 | g=6, diversidad=6.94742770801957, C1=1.539631919937588, C2=1.4851209728164116
worker_12 | 6   10      2066.7  2042.85 0.0154711       5000
worker_1  | fuzzy inputs 4 8.065147458582658
worker_1  | g=3, diversidad=8.065147458582658, C1=1.4894308943089432, C2=1.4894308943089432
worker_1  | 3   10      1533.54 1578.93 0.104744        5000
worker_4  | fuzzy inputs 6 5.239762602725942
worker_4  | g=5, diversidad=5.239762602725942, C1=1.4789668251869088, C2=1.2936361072288889
worker_4  | 5   10      2800.04 1454.49 0.0130901       5000
worker_7  | fuzzy inputs 7 6.174166893382152
worker_7  | g=6, diversidad=6.174166893382152, C1=1.489071285614968, C2=1.4646193655179978
worker_7  | 6   10      2100.06 1422.42 0.0121198       5000
worker_6  | fuzzy inputs 4 4.841532285915994
worker_6  | g=3, diversidad=4.841532285915994, C1=1.4823738448607293, C2=1.2111816582292385
worker_6  | 3   10      1800.18 1514.32 0.0343229       5000
worker_15 | fuzzy inputs 7 7.0454565923242
worker_15 | g=6, diversidad=7.0454565923242, C1=1.5441479210800868, C2=1.4862235157086325
worker_15 | 6   10      2033.73 2078.44 0.102253        5000
worker_14 | fuzzy inputs 7 5.542113927702577
worker_14 | g=6, diversidad=5.542113927702577, C1=1.4781001172183408, C2=1.379233475471647
worker_14 | 6   10      2333.5  1994.3  0.0126407       5000
worker_16 | fuzzy inputs 8 6.564034108373626
worker_16 | g=7, diversidad=6.564034108373626, C1=1.7380318418583478, C2=1.4770446678737543
worker_16 | 7   10      2733.4  1236.5  0.0209036       5000
worker_16 | defaultdict(<class 'deap.tools.support.Logbook'>, {})
worker_16 | poblacion enviada...  0.003671767367096566
worker_16 | poblacion recibida...  PSO PSO-14
worker_16 | primero diversidad 5.217988638026285
worker_2  | fuzzy inputs 5 8.299885644629116
worker_2  | g=4, diversidad=8.299885644629116, C1=1.489875227096582, C2=1.489875227096582
worker_2  | 4   10      1766.91 1282.79 0.0571353       3333.42
worker_5  | fuzzy inputs 7 6.570083515304211
worker_5  | g=6, diversidad=6.570083515304211, C1=1.5174193214281841, C2=1.4771973634749744
worker_5  | 6   10      1333.44 1445.28 0.0198862       4000
worker_11 | fuzzy inputs 7 7.11771217410155
worker_11 | g=6, diversidad=7.11771217410155, C1=1.5468445118318555, C2=1.4865328746050968
worker_11 | 6   10      2866.78 1765.06 0.0184882       5000
worker_8  | fuzzy inputs 6 7.346351086826074
worker_8  | g=5, diversidad=7.346351086826074, C1=1.4874263148931695, C2=1.4874263148931695
worker_8  | 5   10      2600.09 1569.17 0.0118675       5000
worker_9  | fuzzy inputs 5 6.279886594400251
worker_9  | g=4, diversidad=6.279886594400251, C1=1.4792845973838173, C2=1.4685821827422991
worker_9  | 4   10      2700.77 1635.69 0.00614781      5000
worker_13 | fuzzy inputs 3 7.87427701949588
worker_13 | g=2, diversidad=7.87427701949588, C1=1.4257383966244728, C2=1.4788617886178865
worker_13 | 2   10      2600.91 1755.86 0.0497605       5000
worker_10 | fuzzy inputs 4 7.098225003028967
worker_10 | g=3, diversidad=7.098225003028967, C1=1.4864508177841484, C2=1.4864508177841484
worker_10 | 3   10      1866.88 1318.19 0.0129096       4000
worker_12 | fuzzy inputs 8 7.382467921288055
worker_12 | g=7, diversidad=7.382467921288055, C1=1.7512322876239852, C2=1.4875567171578412
worker_12 | 7   10      1800.29 1578.93 0.0175197       5000
worker_12 | defaultdict(<class 'deap.tools.support.Logbook'>, {})
worker_12 | poblacion enviada...  0.01109094566472015
worker_12 | poblacion recibida...  PSO PSO-10
worker_12 | primero diversidad 8.241488904866388
worker_6  | fuzzy inputs 5 6.620952459640096
worker_6  | g=4, diversidad=6.620952459640096, C1=1.483134406535273, C2=1.4784439712200617
worker_6  | 4   10      2900.19 1738.78 0.0398399       5000
worker_15 | fuzzy inputs 8 6.652688256930627
worker_15 | g=7, diversidad=6.652688256930627, C1=1.7395564882136525, C2=1.479189349018925
worker_15 | 7   10      3167.21 1400.38 0.332388        5000
worker_15 | defaultdict(<class 'deap.tools.support.Logbook'>, {})
worker_15 | poblacion enviada...  0.009083703352250434
worker_15 | poblacion recibida...  PSO PSO-0
worker_15 | primero diversidad 5.311924302207856
worker_4  | fuzzy inputs 7 4.489444983306154
worker_4  | g=6, diversidad=4.489444983306154, C1=1.5310393771477289, C2=1.2069488054473825
worker_4  | 6   10      2166.71 1416.14 0.0278278       5000
worker_16 | fuzzy inputs 1 5.217988638026285
worker_16 | g=0, diversidad=5.217988638026285, C1=1.2172185895559502, C2=1.6426000490122767
worker_16 | gen evals   avg     std     min             max
worker_16 | 0   10      1566.72 1660.31 0.00367177      5000
worker_14 | fuzzy inputs 8 4.616453545366384
worker_14 | g=7, diversidad=4.616453545366384, C1=1.7403572386249022, C2=1.2083522564886942
worker_14 | 7   10      2900.07 1342.02 0.0785525       5000
worker_14 | defaultdict(<class 'deap.tools.support.Logbook'>, {})
worker_14 | poblacion enviada...  0.011040367190826494
worker_14 | poblacion recibida...  PSO PSO-8
worker_14 | primero diversidad 7.328693760756708
worker_7  | fuzzy inputs 8 5.509339790879854
worker_7  | g=7, diversidad=5.509339790879854, C1=1.725998984017454, C2=1.3706676826561026
worker_7  | 7   10      1533.48 1292.6  0.0355079       3333.35
worker_7  | defaultdict(<class 'deap.tools.support.Logbook'>, {})
worker_7  | poblacion enviada...  0.003671767367096566
worker_7  | poblacion recibida...  PSO PSO-15
worker_7  | primero diversidad 5.78770470775195
worker_11 | fuzzy inputs 8 6.238376400343122
worker_11 | g=7, diversidad=6.238376400343122, C1=1.7310150154432484, C2=1.4670897735246002
worker_11 | 7   10      2633.43 1486.55 0.341817        5000
worker_11 | defaultdict(<class 'deap.tools.support.Logbook'>, {})
worker_11 | poblacion enviada...  0.003671767367096566
worker_11 | poblacion recibida...  PSO PSO-11
worker_11 | primero diversidad 5.857218876020747
worker_1  | fuzzy inputs 5 9.27304902901981
worker_1  | g=4, diversidad=9.27304902901981, C1=1.4908860379498574, C2=1.4908860379498574
worker_1  | 4   10      1100.14 919.479 0.087002        3000
worker_2  | fuzzy inputs 6 10.205104448155398
worker_2  | g=5, diversidad=10.205104448155398, C1=1.4894308943089432, C2=1.4894308943089432
worker_2  | 5   10      1566.93 1398.83 0.0336583       5000
worker_8  | fuzzy inputs 7 7.065442036035027
worker_8  | g=6, diversidad=7.065442036035027, C1=1.5448990505596913, C2=1.4863104953936828
worker_8  | 6   10      3400.09 1297.79 1666.67         5000
worker_13 | fuzzy inputs 4 6.631614177283204
worker_13 | g=3, diversidad=6.631614177283204, C1=1.4832318203745747, C2=1.4786970683546123
worker_13 | 3   10      2567.34 1350.31 0.0161532       5000
worker_9  | fuzzy inputs 6 6.515029407039632
worker_9  | g=5, diversidad=6.515029407039632, C1=1.4821013645398193, C2=1.4757708768699311
worker_9  | 5   10      2100.16 1605.83 0.0169554       5000
worker_5  | fuzzy inputs 8 7.627470419841326
worker_5  | g=7, diversidad=7.627470419841326, C1=1.7549908662362066, C2=1.4883746003448697
worker_5  | 7   10      1400.48 1339.96 0.0226452       3334.81
worker_5  | defaultdict(<class 'deap.tools.support.Logbook'>, {})
worker_5  | poblacion enviada...  0.010189290310703609
worker_5  | poblacion recibida...  PSO PSO-12
worker_5  | primero diversidad 8.54528314776744
worker_10 | fuzzy inputs 5 7.72660835444764
worker_10 | g=4, diversidad=7.72660835444764, C1=1.4886757856254178, C2=1.4886757856254178
worker_10 | 4   10      2400.44 1638.28 0.0582015       5000
worker_6  | fuzzy inputs 6 5.811757423511674
worker_6  | g=5, diversidad=5.811757423511674, C1=1.4745098039215685, C2=1.4450088054301422
worker_6  | 5   10      2666.73 1556.34 0.00853589      5000
worker_12 | fuzzy inputs 1 18.757591562591035
worker_12 | g=0, diversidad=18.757591562591035, C1=1.175268817204301, C2=1.7650793650793657
worker_12 | gen evals   avg     std     min             max
worker_12 | 0   10      1933.53 1993.14 0.00865599      5000
worker_4  | fuzzy inputs 8 5.651821060408628
worker_4  | g=7, diversidad=5.651821060408628, C1=1.7238095238095243, C2=1.4068222057415138
worker_4  | 7   10      3212.79 1109.65 1333.71         5000
worker_4  | defaultdict(<class 'deap.tools.support.Logbook'>, {})
worker_4  | poblacion enviada...  0.0072291965375620775
worker_4  | poblacion recibida...  PSO PSO-2
worker_4  | primero diversidad 8.357127351676258
worker_14 | fuzzy inputs 1 19.386380416676097
worker_14 | g=0, diversidad=19.386380416676097, C1=1.175268817204301, C2=1.7650793650793657
worker_14 | gen evals   avg     std     min             max
worker_14 | 0   10      2534.98 1893.36 0.00865599      5000
worker_15 | fuzzy inputs 1 5.311924302207856
worker_15 | g=0, diversidad=5.311924302207856, C1=1.2190643095569913, C2=1.6097977667758425
worker_15 | gen evals   avg     std     min             max
worker_15 | 0   10      1500.03 1654.94 0.0090837       4000
worker_11 | fuzzy inputs 1 5.857218876020747
worker_11 | g=0, diversidad=5.857218876020747, C1=1.225925925925926, C2=1.4745098039215692
worker_11 | gen evals   avg     std     min             max
worker_11 | 0   10      2200.07 2017.66 0.00367177      5000
worker_16 | fuzzy inputs 2 5.968466974848854
worker_16 | g=1, diversidad=5.968466974848854, C1=1.225925925925926, C2=1.4745098039215692
worker_16 | 1   10      3133.41 1076.94 1666.76         5000
worker_7  | fuzzy inputs 1 5.78770470775195
worker_7  | g=0, diversidad=5.78770470775195, C1=1.225925925925926, C2=1.4843029819820828
worker_7  | gen evals   avg     std     min             max
worker_7  | 0   10      2600.07 1756.26 0.00367177      5000
worker_1  | fuzzy inputs 6 9.804219002742482
worker_1  | g=5, diversidad=9.804219002742482, C1=1.4894308943089432, C2=1.4894308943089432
worker_1  | 5   10      1366.86 1328.67 0.0651614       4000
worker_8  | fuzzy inputs 8 6.073933722134352
worker_8  | g=7, diversidad=6.073933722134352, C1=1.726293678637779, C2=1.4603123479412738
worker_8  | 7   10      2500.06 1035.45 1666.68         5000
worker_8  | defaultdict(<class 'deap.tools.support.Logbook'>, {})
worker_8  | poblacion enviada...  0.003671767367096566
worker_8  | poblacion recibida...  PSO PSO-7
worker_8  | primero diversidad 8.591322795690441
worker_13 | fuzzy inputs 5 7.129658053575156
worker_13 | g=4, diversidad=7.129658053575156, C1=1.4865826868930092, C2=1.4865826868930092
worker_13 | 4   10      1633.56 1015.7  1.52366         3333.34
worker_2  | fuzzy inputs 7 9.216857663814748
worker_2  | g=6, diversidad=9.216857663814748, C1=1.5602836879432629, C2=1.4879629629629632
worker_2  | 6   10      1733.39 1730.73 0.0333486       5000
worker_5  | fuzzy inputs 1 13.831012410497769
worker_5  | g=0, diversidad=13.831012410497769, C1=1.175268817204301, C2=1.5731057391867314
worker_5  | gen evals   avg     std     min             max
worker_5  | 0   10      900.286 1274.24 0.00367177      4000
worker_9  | fuzzy inputs 7 6.5948099080326354
worker_9  | g=6, diversidad=6.5948099080326354, C1=1.5190033343120886, C2=1.4778115307035053
worker_9  | 6   10      2466.87 1383.95 0.0356821       5000
worker_16 | fuzzy inputs 3 5.08438348043137
worker_16 | g=2, diversidad=5.08438348043137, C1=1.4257383966244728, C2=1.4679464491035552
worker_16 | 2   10      3734.06 1244.25 1667.42         5000
worker_11 | fuzzy inputs 2 6.870129748586307
worker_11 | g=1, diversidad=6.870129748586307, C1=1.2058519810182307, C2=1.4851505702660002
worker_11 | 1   10      2233.43 2108.36 0.0499134       5000
worker_6  | fuzzy inputs 7 6.471906738059154
worker_6  | g=6, diversidad=6.471906738059154, C1=1.5109303188151475, C2=1.4745927758222759
worker_6  | 6   10      2100.16 1612.71 0.0397927       4000
worker_15 | fuzzy inputs 2 6.142760782636453
worker_15 | g=1, diversidad=6.142760782636453, C1=1.220955400442967, C2=1.4771913629911857
worker_15 | 1   10      1633.44 1951.92 0.0151123       5000
worker_10 | fuzzy inputs 6 7.381509625716962
worker_10 | g=5, diversidad=7.381509625716962, C1=1.487553292108331, C2=1.487553292108331
worker_10 | 5   10      2133.47 1292.59 0.238252        4000
worker_12 | fuzzy inputs 2 13.959130385557355
worker_12 | g=1, diversidad=13.959130385557355, C1=1.1936936936936937, C2=1.5575437925980233
worker_12 | 1   10      1700.24 1109.79 0.229799        3000
worker_14 | fuzzy inputs 2 14.988271705263477
worker_14 | g=1, diversidad=14.988271705263477, C1=1.1936936936936937, C2=1.7491840766112723
worker_14 | 1   10      2733.55 1597.03 0.0305416       5000
worker_4  | fuzzy inputs 1 8.357127351676258
worker_4  | g=0, diversidad=8.357127351676258, C1=1.1804748658448219, C2=1.4899558282304792
worker_4  | gen evals   avg     std     min             max
worker_4  | 0   10      2500.01 1674.97 0.0072292       5000
worker_13 | fuzzy inputs 6 7.9343396380275975
worker_13 | g=5, diversidad=7.9343396380275975, C1=1.489258878225107, C2=1.489258878225107
worker_13 | 5   10      3333.35 1626.16 0.00918821      5000
worker_7  | fuzzy inputs 2 6.236785547705642
worker_7  | g=1, diversidad=6.236785547705642, C1=1.2181908605764995, C2=1.4786692895358537
worker_7  | 1   10      2466.8  1499.54 0.0700567       5000
worker_2  | fuzzy inputs 8 8.576846014308623
worker_2  | g=7, diversidad=8.576846014308623, C1=1.7639501091215604, C2=1.4902536472015073
worker_2  | 7   10      1733.38 1576.19 0.0427331       5000
worker_2  | defaultdict(<class 'deap.tools.support.Logbook'>, {})
worker_2  | poblacion enviada...  0.008655992049161723
worker_2  | poblacion recibida...  PSO PSO-13
worker_2  | primero diversidad 7.9169473527845575
worker_5  | fuzzy inputs 2 11.383994718870715
worker_5  | g=1, diversidad=11.383994718870715, C1=1.1936936936936937, C2=1.4919597814366528
worker_5  | 1   10      2200.12 1578.96 0.0283029       5000
worker_8  | fuzzy inputs 1 8.591322795690441
worker_8  | g=0, diversidad=8.591322795690441, C1=1.1773066182566048, C2=1.490272650885487
worker_8  | gen evals   avg     std     min             max
worker_8  | 0   10      1633.38 2084.09 0.00367177      5000
worker_1  | fuzzy inputs 7 10.177174509578592
worker_1  | g=6, diversidad=10.177174509578592, C1=1.5602836879432629, C2=1.485736454597911
worker_1  | 6   10      1933.46 1842.59 0.0231927       5000
worker_15 | fuzzy inputs 3 6.204186830545711
worker_15 | g=2, diversidad=6.204186830545711, C1=1.4298573322513888, C2=1.465800041293327
worker_15 | 2   10      2333.42 1699.68 0.0117012       5000
worker_6  | fuzzy inputs 8 6.24829159639966
worker_6  | g=7, diversidad=6.24829159639966, C1=1.7312695786646952, C2=1.4674533740829876
worker_6  | 7   10      2566.94 1513.16 0.0430202       5000
worker_6  | defaultdict(<class 'deap.tools.support.Logbook'>, {})
worker_6  | poblacion enviada...  0.003671767367096566
worker_6  | poblacion recibida...  PSO PSO-9
worker_6  | primero diversidad 6.904794358951613
worker_9  | fuzzy inputs 8 6.049643975485786
worker_9  | g=7, diversidad=6.049643975485786, C1=1.725505498012527, C2=1.45917464078559
worker_9  | 7   10      2133.56 1045.77 666.709         3334.68
worker_9  | defaultdict(<class 'deap.tools.support.Logbook'>, {})
worker_9  | poblacion enviada...  0.003671767367096566
worker_9  | poblacion recibida...  PSO PSO-4
worker_9  | primero diversidad 6.592045170803551
worker_16 | fuzzy inputs 4 3.8631101124756992
worker_16 | g=3, diversidad=3.8631101124756992, C1=1.4870284167201595, C2=1.1987463712285762
worker_16 | 3   10      2133.54 1326.42 0.0129323       4000
worker_11 | fuzzy inputs 3 6.179313616525239
worker_11 | g=2, diversidad=6.179313616525239, C1=1.4321510804726263, C2=1.4648251131875516
worker_11 | 2   10      2600.08 1388.84 0.0103013       5000
worker_14 | fuzzy inputs 3 10.330288230759983
worker_14 | g=2, diversidad=10.330288230759983, C1=1.4257383966244728, C2=1.4788617886178865
worker_14 | 2   10      1866.81 1439.09 0.0361484       4000
worker_4  | fuzzy inputs 2 7.868230060595669
worker_4  | g=1, diversidad=7.868230060595669, C1=1.1936936936936937, C2=1.4879629629629632
worker_4  | 1   10      2401.08 1677.16 10.0806         5000
worker_10 | fuzzy inputs 7 7.015304866768233
worker_10 | g=6, diversidad=7.015304866768233, C1=1.5430069722697222, C2=1.4860901789113543
worker_10 | 6   10      1700.14 1409.89 0.0285851       4000
worker_13 | fuzzy inputs 7 7.137219380668152
worker_13 | g=6, diversidad=7.137219380668152, C1=1.5475635817703295, C2=1.4866140263486287
worker_13 | 6   10      2200.07 1927.53 0.116118        5000
worker_12 | fuzzy inputs 3 8.704153634812222
worker_12 | g=2, diversidad=8.704153634812222, C1=1.4257383966244728, C2=1.4788617886178865
worker_12 | 2   10      1766.82 1358.4  0.084198        4000
worker_2  | fuzzy inputs 1 9.876387188938551
worker_2  | g=0, diversidad=9.876387188938551, C1=1.175268817204301, C2=1.4904761904761905
worker_2  | gen evals   avg     std     min             max
worker_2  | 0   10      2266.75 1678.6  0.0072292       5000
worker_8  | fuzzy inputs 2 7.561722064463169
worker_8  | g=1, diversidad=7.561722064463169, C1=1.1936936936936937, C2=1.4879629629629632
worker_8  | 1   10      3700.02 1224.27 1666.73         5000
worker_15 | fuzzy inputs 4 4.30404206970571
worker_15 | g=3, diversidad=4.30404206970571, C1=1.4855360674810691, C2=1.2051068282661326
worker_15 | 3   10      2900.19 1801.41 0.0110863       5000
worker_7  | fuzzy inputs 3 6.218567300675692
worker_7  | g=2, diversidad=6.218567300675692, C1=1.4285498576837656, C2=1.4663494397482186
worker_7  | 2   10      2100.33 1211.1  2.01295         4000
worker_5  | fuzzy inputs 3 7.162575557023898
worker_5  | g=2, diversidad=7.162575557023898, C1=1.4257383966244728, C2=1.4788617886178865
worker_5  | 2   10      2933.39 1717.83 0.0220529       5000
worker_9  | fuzzy inputs 1 6.592045170803551
worker_9  | g=0, diversidad=6.592045170803551, C1=1.2102446666829445, C2=1.4828645010679478
worker_9  | gen evals   avg     std     min             max
worker_9  | 0   10      3266.69 1953.89 0.00367177      5000
worker_11 | fuzzy inputs 4 4.978726947801753
worker_11 | g=3, diversidad=4.978726947801753, C1=1.4813320827154326, C2=1.2131643356412027
worker_11 | 3   10      2933.43 1919.43 0.0203445       5000
worker_1  | fuzzy inputs 8 8.558157608871458
worker_1  | g=7, diversidad=8.558157608871458, C1=1.763826726345735, C2=1.4902290048398978
worker_1  | 7   10      2366.77 1741.26 0.0486554       5000
worker_1  | defaultdict(<class 'deap.tools.support.Logbook'>, {})
worker_1  | poblacion enviada...  0.008655992049161723
worker_1  | poblacion recibida...  PSO PSO-3
worker_1  | primero diversidad 8.640145320749888
worker_6  | fuzzy inputs 1 6.904794358951613
worker_6  | g=0, diversidad=6.904794358951613, C1=1.2053825902627062, C2=1.4853934821325114
worker_6  | gen evals   avg     std     min             max
worker_6  | 0   10      2566.72 1640.08 0.00367177      5000
worker_16 | fuzzy inputs 5 5.152094856602334
worker_16 | g=4, diversidad=5.152094856602334, C1=1.479825303986755, C2=1.2657459074837947
worker_16 | 4   10      2500.19 1796.51 0.0218122       5000
worker_4  | fuzzy inputs 3 6.841401881130862
worker_4  | g=2, diversidad=6.841401881130862, C1=1.4257383966244728, C2=1.476413299102916
worker_4  | 2   10      2700.13 1822.4  0.0288675       5000
worker_14 | fuzzy inputs 4 7.2978230104806645
worker_14 | g=3, diversidad=7.2978230104806645, C1=1.4872467361602797, C2=1.4872467361602797
worker_14 | 3   10      700.095 959.751 0.0153164       2333.45
worker_13 | fuzzy inputs 8 6.262808494064993
worker_13 | g=7, diversidad=6.262808494064993, C1=1.7316368099027626, C2=1.4679775751673414
worker_13 | 7   10      3266.7  1356.41 0.227831        5000
worker_13 | defaultdict(<class 'deap.tools.support.Logbook'>, {})
worker_13 | poblacion enviada...  0.003671767367096566
worker_13 | poblacion recibida...  PSO PSO-1
worker_13 | primero diversidad 8.331428136312477
worker_7  | fuzzy inputs 4 4.629861939767215
worker_7  | g=3, diversidad=4.629861939767215, C1=1.4837711263029019, C2=1.2085079302585549
worker_7  | 3   10      3600.22 1152.46 1668.14         5000
worker_15 | fuzzy inputs 5 5.741904903369247
worker_15 | g=4, diversidad=5.741904903369247, C1=1.474509803921569, C2=1.4285923928037605
worker_15 | 4   10      2133.45 1326.67 0.0151214       4000
worker_8  | fuzzy inputs 3 5.5405206505024935
worker_8  | g=2, diversidad=5.5405206505024935, C1=1.445549636763315, C2=1.4513147480055866
worker_8  | 2   10      2833.38 1701.28 0.0241466       5000
worker_5  | fuzzy inputs 4 6.027043786700523
worker_5  | g=3, diversidad=6.027043786700523, C1=1.475065137074573, C2=1.4580795836652611
worker_5  | 3   10      3200.35 884.267 1666.8          5000
worker_11 | fuzzy inputs 5 6.307454796174577
worker_11 | g=4, diversidad=6.307454796174577, C1=1.4796598823915004, C2=1.4695316094298698
worker_11 | 4   10      3133.35 1613.82 0.0168511       5000
worker_9  | fuzzy inputs 2 6.973744827230436
worker_9  | g=1, diversidad=6.973744827230436, C1=1.2044917531929855, C2=1.4858537710671387
worker_9  | 1   10      2566.71 1686.87 0.0116781       5000
worker_2  | fuzzy inputs 2 7.615831521597692
worker_2  | g=1, diversidad=7.615831521597692, C1=1.1936936936936937, C2=1.4879629629629632
worker_2  | 1   10      2369.14 1183.64 20.4923         4000
worker_10 | fuzzy inputs 8 7.592371780634103
worker_10 | g=7, diversidad=7.592371780634103, C1=1.7544770295479148, C2=1.4882640925920274
worker_10 | 7   10      1300.11 887.539 0.0582707       2333.43
worker_10 | defaultdict(<class 'deap.tools.support.Logbook'>, {})
worker_10 | poblacion enviada...  0.008655992049161723
worker_10 | poblacion recibida...  PSO PSO-6
worker_10 | primero diversidad 8.804538435784401
worker_12 | fuzzy inputs 4 7.406918861236467
