*********Segundo experimento
➜  fuzzy-control git:(main) ✗ docker-compose up --scale worker=16
Creating network "fuzzy-control_default" with the default driver
Creating fuzzy-control_redis_1 ... done
Creating fuzzy-control_worker_1  ... done
Creating fuzzy-control_worker_2  ... done
Creating fuzzy-control_worker_3  ... done
Creating fuzzy-control_worker_4  ... done
Creating fuzzy-control_worker_5  ... done
Creating fuzzy-control_worker_6  ... done
Creating fuzzy-control_worker_7  ... done
Creating fuzzy-control_worker_8  ... done
Creating fuzzy-control_worker_9  ... done
Creating fuzzy-control_worker_10 ... done
Creating fuzzy-control_worker_11 ... done
Creating fuzzy-control_worker_12 ... done
Creating fuzzy-control_worker_13 ... done
Creating fuzzy-control_worker_14 ... done
Creating fuzzy-control_worker_15 ... done
Creating fuzzy-control_worker_16 ... done
Attaching to fuzzy-control_redis_1, fuzzy-control_worker_7, fuzzy-control_worker_10, fuzzy-control_worker_1, fuzzy-control_worker_4, fuzzy-control_worker_15, fuzzy-control_worker_8, fuzzy-control_worker_16, fuzzy-control_worker_2, fuzzy-control_worker_11, fuzzy-control_worker_6, fuzzy-control_worker_13, fuzzy-control_worker_9, fuzzy-control_worker_14, fuzzy-control_worker_3, fuzzy-control_worker_12, fuzzy-control_worker_5
redis_1   | 1:C 12 Jun 2023 20:01:45.922 # oO0OoO0OoO0Oo Redis is starting oO0OoO0OoO0Oo
redis_1   | 1:C 12 Jun 2023 20:01:45.922 # Redis version=7.0.5, bits=64, commit=00000000, modified=0, pid=1, just started
redis_1   | 1:C 12 Jun 2023 20:01:45.922 # Warning: no config file specified, using the default config. In order to specify a config file use redis-server /path/to/redis.conf
worker_1  | setup: redis alive
worker_10 | setup: redis alive
worker_11 | setup: redis alive
redis_1   | 1:M 12 Jun 2023 20:01:45.922 * monotonic clock: POSIX clock_gettime
worker_14 | setup: redis alive
redis_1   | 1:M 12 Jun 2023 20:01:45.923 * Running mode=standalone, port=6379.
redis_1   | 1:M 12 Jun 2023 20:01:45.923 # Server initialized
worker_13 | setup: redis alive
redis_1   | 1:M 12 Jun 2023 20:01:45.924 * Ready to accept connections
worker_15 | setup: redis alive
worker_16 | setup: redis alive
worker_6  | setup: redis alive
worker_8  | setup: redis alive
worker_3  | setup: redis alive
worker_12 | setup: redis alive
worker_7  | setup: redis alive
worker_4  | setup: redis alive
worker_2  | setup: redis alive
worker_9  | setup: redis alive
worker_5  | setup: redis alive
worker_10 | poblacion recibida...  PSO PSO-0
worker_1  | poblacion recibida...  PSO PSO-1
worker_15 | poblacion recibida...  PSO PSO-2
worker_8  | poblacion recibida...  PSO PSO-3
worker_16 | poblacion recibida...  PSO PSO-4
worker_6  | poblacion recibida...  PSO PSO-5
worker_11 | poblacion recibida...  PSO PSO-6
worker_14 | poblacion recibida...  PSO PSO-7
worker_13 | poblacion recibida...  PSO PSO-8
worker_3  | poblacion recibida...  PSO PSO-9
worker_12 | poblacion recibida...  PSO PSO-10
worker_7  | poblacion recibida...  PSO PSO-11
worker_4  | poblacion recibida...  PSO PSO-12
worker_2  | poblacion recibida...  PSO PSO-13
worker_9  | poblacion recibida...  PSO PSO-14
worker_5  | poblacion recibida...  PSO PSO-15
worker_16 | primero diversidad 14.831641822955142
worker_6  | primero diversidad 13.861763944279296
worker_10 | primero diversidad 13.226737199036586
worker_1  | primero diversidad 13.60502930472876
worker_11 | primero diversidad 13.034544214533042
worker_14 | primero diversidad 14.875210963729195
worker_7  | primero diversidad 14.508336217331872
worker_8  | primero diversidad 13.055799943805976
worker_2  | primero diversidad 14.025717168463904
worker_9  | primero diversidad 15.786186744277076
worker_12 | primero diversidad 15.0605535140281
worker_4  | primero diversidad 13.369740125928814
worker_15 | primero diversidad 13.83084487334594
worker_13 | primero diversidad 13.929330323030765
worker_3  | primero diversidad 14.999449092037285
worker_5  | primero diversidad 15.736948588974954
worker_12 | fuzzy inputs 1 13.409226415517216
worker_12 | g=0, diversidad=13.409226415517216, C1=1.179752736185472, C2=1.5465969875710033
worker_12 | gen evals   avg     std     min             max
worker_12 | 0   10      3700.03 1594.77 0.0493446       5000
worker_15 | fuzzy inputs 1 13.55336706054332
worker_15 | g=0, diversidad=13.55336706054332, C1=1.1778067515453001, C2=1.5551727203022385
worker_15 | gen evals   avg     std     min     max
worker_15 | 0   10      3600.07 1443.7  1333.63 5000
worker_11 | fuzzy inputs 1 14.276302360378565
worker_11 | g=0, diversidad=14.276302360378565, C1=1.175268817204301, C2=1.618658699332303
worker_11 | gen evals   avg     std     min     max
worker_11 | 0   10      3266.8  1263.04 1333.59 5000
worker_8  | fuzzy inputs 1 13.317990501702893
worker_8  | g=0, diversidad=13.317990501702893, C1=1.1810240931945222, C2=1.541526649732462
worker_8  | gen evals   avg     std     min     max
worker_8  | 0   10      3600.4  1323.07 1666.74 5000
worker_6  | fuzzy inputs 1 14.827466906297255
worker_6  | g=0, diversidad=14.827466906297255, C1=1.175268817204301, C2=1.7191623052173222
worker_6  | gen evals   avg     std     min     max
worker_6  | 0   10      3545    1075.36 1333.39 5000
worker_9  | fuzzy inputs 1 13.966197131757713
worker_9  | g=0, diversidad=13.966197131757713, C1=1.175268817204301, C2=1.5820758501082293
worker_9  | gen evals   avg     std     min     max
worker_9  | 0   10      3633.52 1523.23 667.458 5000
worker_14 | fuzzy inputs 1 14.875210963729195
worker_14 | g=0, diversidad=14.875210963729195, C1=1.175268817204301, C2=1.7309358304881437
worker_14 | gen evals   avg     std     min             max
worker_14 | 0   10      2633.74 1608.65 0.379193        5000
worker_13 | fuzzy inputs 1 14.123063803069865
worker_13 | g=0, diversidad=14.123063803069865, C1=1.175268817204301, C2=1.598743499491179
worker_13 | gen evals   avg     std     min     max
worker_13 | 0   10      2033.99 1336.98 1.64922 4000
worker_1  | fuzzy inputs 1 13.414062152229512
worker_1  | g=0, diversidad=13.414062152229512, C1=1.1796862241924535, C2=1.5468731585605335
worker_1  | gen evals   avg     std     min             max
worker_1  | 0   10      2833.65 1707.71 0.157334        5000
worker_16 | fuzzy inputs 1 15.369675011339547
worker_16 | g=0, diversidad=15.369675011339547, C1=1.175268817204301, C2=1.7650793650793657
worker_16 | gen evals   avg     std     min     max
worker_16 | 0   10      2533.83 1292.58 667.44  5000
worker_2  | fuzzy inputs 1 13.799101113551231
worker_2  | g=0, diversidad=13.799101113551231, C1=1.175268817204301, C2=1.5711157428387723
worker_2  | gen evals   avg     std     min     max
worker_2  | 0   10      3433.45 789.417 2333.48 5000
worker_10 | fuzzy inputs 1 13.226737199036586
worker_10 | g=0, diversidad=13.226737199036586, C1=1.1823278028784943, C2=1.5367080544287426
worker_10 | gen evals   avg     std     min     max
worker_10 | 0   10      3400.08 916.44  1333.65 5000
worker_5  | fuzzy inputs 1 14.104115831679442
worker_5  | g=0, diversidad=14.104115831679442, C1=1.175268817204301, C2=1.5964525854313423
worker_5  | gen evals   avg     std     min     max
worker_5  | 0   10      3133.57 1086.99 1333.8  5000
worker_4  | fuzzy inputs 1 13.431582926125893
worker_4  | g=0, diversidad=13.431582926125893, C1=1.1794459638245733, C2=1.5478802478990221
worker_4  | gen evals   avg     std     min             max
worker_4  | 0   10      2235.66 1659.07 0.105166        5000
worker_7  | fuzzy inputs 1 13.025704924830746
worker_7  | g=0, diversidad=13.025704924830746, C1=1.1853193787472718, C2=1.5268957785608834
worker_7  | gen evals   avg     std     min     max
worker_7  | 0   10      2767.06 1366.35 667.111 5000
worker_3  | fuzzy inputs 1 13.788406638218822
worker_3  | g=0, diversidad=13.788406638218822, C1=1.175268817204301, C2=1.5704590294783392
worker_3  | gen evals   avg     std     min     max
worker_3  | 0   10      2933.34 1072.89 1666.69 5000
worker_12 | fuzzy inputs 2 11.726063944505906
worker_12 | g=1, diversidad=11.726063944505906, C1=1.1936936936936937, C2=1.4954498285667912
worker_12 | 1   10      2400.11 1756.18 0.0191244       5000
worker_16 | fuzzy inputs 2 11.936294292848459
worker_16 | g=1, diversidad=11.936294292848459, C1=1.1936936936936937, C2=1.4975626838674776
worker_16 | 1   10      3133.44 1571.97 0.0389255       5000
worker_1  | fuzzy inputs 2 9.805824230344767
worker_1  | g=1, diversidad=9.805824230344767, C1=1.1936936936936937, C2=1.4879629629629632
worker_1  | 1   10      2366.94 1980.02 0.166443        5000
worker_15 | fuzzy inputs 2 10.318363833043355
worker_15 | g=1, diversidad=10.318363833043355, C1=1.1936936936936937, C2=1.4879629629629632
worker_15 | 1   10      3166.8  1176    667.175 5000
worker_11 | fuzzy inputs 2 9.46557255962824
worker_11 | g=1, diversidad=9.46557255962824, C1=1.1936936936936937, C2=1.4879629629629632
worker_11 | 1   10      2266.78 1756.26 0.0105183       5000
worker_6  | fuzzy inputs 2 9.989591326526774
worker_6  | g=1, diversidad=9.989591326526774, C1=1.1936936936936937, C2=1.4879629629629632
worker_6  | 1   10      2033.48 1361.74 0.0109029       4000
worker_13 | fuzzy inputs 2 10.38641206456377
worker_13 | g=1, diversidad=10.38641206456377, C1=1.1936936936936937, C2=1.4879629629629632
worker_13 | 1   10      2366.94 1508.8  0.140905        5000
worker_8  | fuzzy inputs 2 11.364046818149422
worker_8  | g=1, diversidad=11.364046818149422, C1=1.1936936936936937, C2=1.4917542318237744
worker_8  | 1   10      2533.63 1700.79 0.0516852       5000
worker_2  | fuzzy inputs 2 11.854259174004138
worker_2  | g=1, diversidad=11.854259174004138, C1=1.1936936936936937, C2=1.496741083060041
worker_2  | 1   10      2800.17 1221.98 666.948 5000
worker_3  | fuzzy inputs 2 10.905570045529952
worker_3  | g=1, diversidad=10.905570045529952, C1=1.1936936936936937, C2=1.4879629629629632
worker_3  | 1   10      3233.36 1125.93 1666.73 5000
worker_7  | fuzzy inputs 2 11.553674610049619
worker_7  | g=1, diversidad=11.553674610049619, C1=1.1936936936936937, C2=1.493699147565724
worker_7  | 1   10      2666.79 1324.84 0.492593        5000
worker_10 | fuzzy inputs 2 10.510207586620295
worker_10 | g=1, diversidad=10.510207586620295, C1=1.1936936936936937, C2=1.4879629629629632
worker_10 | 1   10      2181.24 1290.58 0.0116321       4000
worker_14 | fuzzy inputs 2 11.64378884291654
worker_14 | g=1, diversidad=11.64378884291654, C1=1.1936936936936937, C2=1.4946163475313754
worker_14 | 1   10      2500.16 921.844 1333.38         4000
worker_5  | fuzzy inputs 2 10.545335404303657
worker_5  | g=1, diversidad=10.545335404303657, C1=1.1936936936936937, C2=1.4879629629629632
worker_5  | 1   10      3333.57 1010.73 1668.3  5000
worker_9  | fuzzy inputs 2 10.449918666458691
worker_9  | g=1, diversidad=10.449918666458691, C1=1.1936936936936937, C2=1.4879629629629632
worker_9  | 1   10      2472.55 973.228 668.291 4000
worker_4  | fuzzy inputs 2 10.157115247455323
worker_4  | g=1, diversidad=10.157115247455323, C1=1.1936936936936937, C2=1.4879629629629632
worker_4  | 1   10      2100.73 1721.12 0.169821        5000
worker_12 | fuzzy inputs 3 8.09850148982674
worker_12 | g=2, diversidad=8.09850148982674, C1=1.4257383966244728, C2=1.4788617886178865
worker_12 | 2   10      2666.69 1512.9  0.00560862      5000
worker_16 | fuzzy inputs 3 9.29114489683813
worker_16 | g=2, diversidad=9.29114489683813, C1=1.4257383966244728, C2=1.4788617886178865
worker_16 | 2   10      2566.86 1801.38 0.0489423       5000
worker_3  | fuzzy inputs 3 7.7634098474798146
worker_3  | g=2, diversidad=7.7634098474798146, C1=1.4257383966244728, C2=1.4788617886178865
worker_3  | 2   10      2966.7  1828.45 0.0143169       5000
worker_1  | fuzzy inputs 3 7.648613575262173
worker_1  | g=2, diversidad=7.648613575262173, C1=1.4257383966244728, C2=1.4788617886178865
worker_1  | 2   10      2067.01 1878.31 0.137012        5000
worker_10 | fuzzy inputs 3 8.645902304492619
worker_10 | g=2, diversidad=8.645902304492619, C1=1.4257383966244728, C2=1.4788617886178865
worker_10 | 2   10      3766.91 1192.89 1667.11         5000
worker_8  | fuzzy inputs 3 8.433609722840513
worker_8  | g=2, diversidad=8.433609722840513, C1=1.4257383966244728, C2=1.4788617886178865
worker_8  | 2   10      2966.71 1294.83 1666.7          5000
worker_11 | fuzzy inputs 3 8.069309396652864
worker_11 | g=2, diversidad=8.069309396652864, C1=1.4257383966244728, C2=1.4788617886178865
worker_11 | 2   10      2366.85 1479.09 0.0547061       5000
worker_6  | fuzzy inputs 3 8.253212873311432
worker_6  | g=2, diversidad=8.253212873311432, C1=1.4257383966244728, C2=1.4788617886178865
worker_6  | 2   10      3200.17 1391.91 1333.59         5000
worker_7  | fuzzy inputs 3 11.056802994841227
worker_7  | g=2, diversidad=11.056802994841227, C1=1.4257383966244728, C2=1.4799333792972704
worker_7  | 2   10      2800.2  1654.43 0.248329        5000
worker_9  | fuzzy inputs 3 6.913003767335039
worker_9  | g=2, diversidad=6.913003767335039, C1=1.4257383966244728, C2=1.4775153717551637
worker_9  | 2   10      3134.33 1422.92 1335.58 5000
worker_13 | fuzzy inputs 3 8.078715305173695
worker_13 | g=2, diversidad=8.078715305173695, C1=1.4257383966244728, C2=1.4788617886178865
worker_13 | 2   10      1600.8  1322.94 0.0681121       4000
worker_2  | fuzzy inputs 3 8.062900404391417
worker_2  | g=2, diversidad=8.062900404391417, C1=1.4257383966244728, C2=1.4788617886178865
worker_2  | 2   10      2366.76 1320.26 0.059341        4000
worker_5  | fuzzy inputs 3 7.470968128462589
worker_5  | g=2, diversidad=7.470968128462589, C1=1.4257383966244728, C2=1.4788617886178865
worker_5  | 2   10      3000.15 1421.89 0.400189        5000
worker_14 | fuzzy inputs 3 9.427240848750253
worker_14 | g=2, diversidad=9.427240848750253, C1=1.4257383966244728, C2=1.4788617886178865
worker_14 | 2   10      1766.82 1640.09 0.0255434       5000
worker_12 | fuzzy inputs 4 6.644017968233062
worker_12 | g=3, diversidad=6.644017968233062, C1=1.4833437444893685, C2=1.4789880856032123
worker_12 | 3   10      2333.63 1341.5  0.053371        5000
worker_15 | fuzzy inputs 3 8.195762143384677
worker_15 | g=2, diversidad=8.195762143384677, C1=1.4257383966244728, C2=1.4788617886178865
worker_15 | 2   10      2700.11 1224.12 667.68  5000
worker_16 | fuzzy inputs 4 7.322998123607534
worker_16 | g=3, diversidad=7.322998123607534, C1=1.4873405325482145, C2=1.4873405325482145
worker_16 | 3   10      2200.34 1579.1  0.252072        5000
worker_3  | fuzzy inputs 4 6.364099394610762
worker_3  | g=3, diversidad=6.364099394610762, C1=1.480389842264781, C2=1.4713856212789416
worker_3  | 3   10      2100.03 1977.91 0.0310565       5000
worker_10 | fuzzy inputs 4 5.935767555921255
worker_10 | g=3, diversidad=5.935767555921255, C1=1.474509803921569, C2=1.4543896304506339
worker_10 | 3   10      2166.94 1886.98 0.0192756       5000
worker_4  | fuzzy inputs 3 7.0064479415167895
worker_4  | g=2, diversidad=7.0064479415167895, C1=1.4257383966244728, C2=1.4788617886178865
worker_4  | 2   10      1600.45 940.328 0.124419        3000
worker_8  | fuzzy inputs 4 5.7628546066886965
worker_8  | g=3, diversidad=5.7628546066886965, C1=1.474509803921569, C2=1.433557674285428
worker_8  | 3   10      3466.92 1359.68 1666.69         5000
worker_11 | fuzzy inputs 4 6.61162896601053
worker_11 | g=3, diversidad=6.61162896601053, C1=1.483048287367207, C2=1.4782203677721224
worker_11 | 3   10      2600.03 1930.99 0.0125014       5000
worker_6  | fuzzy inputs 4 6.152254477523903
worker_6  | g=3, diversidad=6.152254477523903, C1=1.477349820270275, C2=1.463727429651942
worker_6  | 3   10      2667.12 1238.07 666.772         5000
worker_1  | fuzzy inputs 4 6.312389961529059
worker_1  | g=3, diversidad=6.312389961529059, C1=1.479725634302871, C2=1.4696982157478242
worker_1  | 3   10      1233.48 1437.92 0.0267651       5000
worker_5  | fuzzy inputs 4 7.204588812575312
worker_5  | g=3, diversidad=7.204588812575312, C1=1.4868869212507068, C2=1.4868869212507068
worker_5  | 3   10      3633.43 1393.94 0.326661        5000
worker_7  | fuzzy inputs 4 7.8864375684473735
worker_7  | g=3, diversidad=7.8864375684473735, C1=1.4891298101150974, C2=1.4891298101150974
worker_7  | 3   10      2567.3  1065.08 1333.64         5000
worker_16 | fuzzy inputs 5 7.6117339394258146
worker_16 | g=4, diversidad=7.6117339394258146, C1=1.4883253126327167, C2=1.4883253126327167
worker_16 | 4   10      3067.01 1280.67 1666.67         5000
worker_12 | fuzzy inputs 5 6.6594757911718565
worker_12 | g=4, diversidad=6.6594757911718565, C1=1.4834811522906053, C2=1.479345685900521
worker_12 | 4   10      1800.38 1687.81 0.0368462       5000
worker_9  | fuzzy inputs 4 5.896403101682549
worker_9  | g=3, diversidad=5.896403101682549, C1=1.474509803921569, C2=1.4528108474212718
worker_9  | 3   10      2933.53 1435.78 1.02162 5000
worker_10 | fuzzy inputs 5 5.621656997912764
worker_10 | g=4, diversidad=5.621656997912764, C1=1.4745098039215694, C2=1.3993766565120918
worker_10 | 4   10      3300.09 1260.01 1666.68         5000
worker_13 | fuzzy inputs 4 6.989808459337129
worker_13 | g=3, diversidad=6.989808459337129, C1=1.485956870027244, C2=1.485850115005477
worker_13 | 3   10      1233.95 649.793 4.13055         2000
worker_3  | fuzzy inputs 5 6.128688132668917
worker_3  | g=4, diversidad=6.128688132668917, C1=1.4769523576184531, C2=1.4627383318608038
worker_3  | 4   10      1533.77 1661.22 0.031136        5000
worker_11 | fuzzy inputs 5 6.617471508113667
worker_11 | g=4, diversidad=6.617471508113667, C1=1.4831023562654022, C2=1.4783607382952628
worker_11 | 4   10      2700.04 1559.56 0.0192847       5000
worker_14 | fuzzy inputs 4 7.616077173963707
worker_14 | g=3, diversidad=7.616077173963707, C1=1.4883389576414225, C2=1.4883389576414225
worker_14 | 3   10      2466.76 1266.6  1333.35         5000
worker_6  | fuzzy inputs 5 6.358736312508027
worker_6  | g=4, diversidad=6.358736312508027, C1=1.4803229831336373, C2=1.4712154043622863
worker_6  | 4   10      3166.72 1400.35 0.244909        5000
worker_12 | fuzzy inputs 6 6.959427622251317
worker_12 | g=5, diversidad=6.959427622251317, C1=1.485760596656369, C2=1.485330161727193
worker_12 | 5   10      3400.04 1504.03 0.0473293       5000
worker_1  | fuzzy inputs 5 7.4536609784012695
worker_1  | g=4, diversidad=7.4536609784012695, C1=1.4878060024305342, C2=1.4878060024305342
worker_1  | 4   10      866.859 1301.18 0.00648873      3333.41
worker_16 | fuzzy inputs 6 8.076981567311691
worker_16 | g=5, diversidad=8.076981567311691, C1=1.4894308943089432, C2=1.4894308943089432
worker_16 | 5   10      2967.19 1294.66 0.829447        5000
worker_5  | fuzzy inputs 5 7.568187987021613
worker_5  | g=4, diversidad=7.568187987021613, C1=1.4881867195774454, C2=1.4881867195774454
worker_5  | 4   10      2400.14 1717.77 0.258422        5000
worker_4  | fuzzy inputs 4 5.7567976371512035
worker_4  | g=3, diversidad=5.7567976371512035, C1=1.4745098039215692, C2=1.432125827930844
worker_4  | 3   10      1733.95 1976.15 0.228091        5000
worker_8  | fuzzy inputs 5 6.832518745992076
worker_8  | g=4, diversidad=6.832518745992076, C1=1.4848777049527342, C2=1.4830004429029673
worker_8  | 4   10      2066.74 1245.41 0.036159        4000
worker_10 | fuzzy inputs 6 5.95459772671354
worker_10 | g=5, diversidad=5.95459772671354, C1=1.474509803921569, C2=1.4551026833654133
worker_10 | 5   10      3333.81 1490.57 0.0524837       5000
worker_15 | fuzzy inputs 4 7.138784661973583
worker_15 | g=3, diversidad=7.138784661973583, C1=1.486620495693305, C2=1.486620495693305
worker_15 | 3   10      1833.51 670.657 667.046 3000
worker_9  | fuzzy inputs 5 6.479151115877339
worker_9  | g=4, diversidad=6.479151115877339, C1=1.4817221520159092, C2=1.4747946082378125
worker_9  | 4   10      3700.23 1393.82 1333.86 5000
worker_7  | fuzzy inputs 5 8.754344980614917
worker_7  | g=4, diversidad=8.754344980614917, C1=1.4904816441559656, C2=1.4904816441559656
worker_7  | 4   10      1500.64 1013.86 0.183279        3334.75
worker_12 | fuzzy inputs 7 6.283302636019997
worker_12 | g=6, diversidad=6.283302636019997, C1=1.497493930384397, C2=1.4687015860665025
worker_12 | 6   10      3366.96 1456.27 1666.68         5000
worker_11 | fuzzy inputs 6 5.979909520383719
worker_11 | g=5, diversidad=5.979909520383719, C1=1.474509803921569, C2=1.4560215498323124
worker_11 | 5   10      3133.42 1469.64 666.88          5000
worker_6  | fuzzy inputs 6 7.046666354781355
worker_6  | g=5, diversidad=7.046666354781355, C1=1.4862288121943756, C2=1.4862288121943756
worker_6  | 5   10      3266.77 1583.11 0.537439        5000
worker_13 | fuzzy inputs 5 7.007331274489583
worker_13 | g=4, diversidad=7.007331274489583, C1=1.4860544855036575, C2=1.4860544855036575
worker_13 | 4   10      1433.76 1513.18 0.0245002       5000
worker_16 | fuzzy inputs 7 8.304346196132743
worker_16 | g=6, diversidad=8.304346196132743, C1=1.5602836879432629, C2=1.4879629629629632
worker_16 | 6   10      2097.5  1755.34 0.0413043       5000
worker_8  | fuzzy inputs 6 7.670151998869748
worker_8  | g=5, diversidad=7.670151998869748, C1=1.4885062105330706, C2=1.4885062105330706
worker_8  | 5   10      3300.37 1345.34 1666.68         5000
worker_3  | fuzzy inputs 6 6.389647908860786
worker_3  | g=5, diversidad=6.389647908860786, C1=1.4807022058109487, C2=1.4721819485856769
worker_3  | 5   10      1733.67 1420.28 0.190554        5000
worker_14 | fuzzy inputs 5 5.835777050258173
worker_14 | g=4, diversidad=5.835777050258173, C1=1.4745098039215687, C2=1.4501160595459341
worker_14 | 4   10      1900.03 1556.69 0.0324948       5000
worker_1  | fuzzy inputs 6 6.88452919651525
worker_1  | g=5, diversidad=6.88452919651525, C1=1.4852524485160208, C2=1.48398746364549
worker_1  | 5   10      2166.8  1733.57 0.081608        5000
worker_9  | fuzzy inputs 6 7.130274706450533
worker_9  | g=5, diversidad=7.130274706450533, C1=1.486585248230808, C2=1.486585248230808
worker_9  | 5   10      3102.33 1651.13 674.655 5000
worker_5  | fuzzy inputs 6 7.066982054687979
worker_5  | g=5, diversidad=7.066982054687979, C1=1.486317152233563, C2=1.486317152233563
worker_5  | 5   10      2300.11 1139.6  0.206038        4000
worker_4  | fuzzy inputs 5 6.680863862428633
worker_4  | g=4, diversidad=6.680863862428633, C1=1.483667578890505, C2=1.4798314249428737
worker_4  | 4   10      2800.91 1447    0.344843        5000
worker_10 | fuzzy inputs 7 6.030281715664065
worker_10 | g=6, diversidad=6.030281715664065, C1=1.4771477473622077, C2=1.4582387001926604
worker_10 | 6   10      2600.24 1435.8  0.0650349       4000
worker_12 | fuzzy inputs 8 5.838896207115084
worker_12 | g=7, diversidad=5.838896207115084, C1=1.7238095238095241, C2=1.4502633084496979
worker_12 | 7   10      2847.95 1308.01 0.0978802       5000
worker_12 | defaultdict(<class 'deap.tools.support.Logbook'>, {})
worker_12 | poblacion enviada...  0.0056086159647256465
worker_12 | poblacion recibida...  PSO PSO-10
worker_12 | primero diversidad 4.892579756843702
worker_7  | fuzzy inputs 6 9.066765991721825
worker_7  | g=5, diversidad=9.066765991721825, C1=1.4894308943089432, C2=1.4894308943089432
worker_7  | 5   10      3267.11 1617.55 667.022         5000
worker_15 | fuzzy inputs 5 6.450372844039487
worker_15 | g=4, diversidad=6.450372844039487, C1=1.4814061683715363, C2=1.473983149978368
worker_15 | 4   10      3000.14 1349.69 667.215 5000
worker_14 | fuzzy inputs 6 5.925439359154302
worker_14 | g=5, diversidad=5.925439359154302, C1=1.4745098039215694, C2=1.4539872708436128
worker_14 | 5   10      2333.39 1699.64 0.0416358       5000
worker_3  | fuzzy inputs 7 5.193498111013877
worker_3  | g=6, diversidad=5.193498111013877, C1=1.4980213271513068, C2=1.2791085634395618
worker_3  | 6   10      2300.11 1963.19 0.0275083       5000
worker_6  | fuzzy inputs 7 7.921512309803594
worker_6  | g=6, diversidad=7.921512309803594, C1=1.5602836879432629, C2=1.4879629629629632
worker_6  | 6   10      2267.1  1496.45 0.0443012       5000
worker_11 | fuzzy inputs 7 5.399225932497369
worker_11 | g=6, diversidad=5.399225932497369, C1=1.486603887354741, C2=1.3406787659360417
worker_11 | 6   10      1000.06 1406.33 0.0116415       4000
worker_1  | fuzzy inputs 7 6.067791768825447
worker_1  | g=6, diversidad=6.067791768825447, C1=1.4803514971303706, C2=1.4600283912180423
worker_1  | 6   10      2333.64 2260.61 0.0922125       5000
worker_16 | fuzzy inputs 8 8.894203530966214
worker_16 | g=7, diversidad=8.894203530966214, C1=1.766001037408632, C2=1.490653914243246
worker_16 | 7   10      2633.41 1251.2  0.089065        4000
worker_16 | defaultdict(<class 'deap.tools.support.Logbook'>, {})
worker_16 | poblacion enviada...  0.03892552819783505
worker_16 | poblacion recibida...  PSO PSO-4
worker_16 | primero diversidad 7.26354307321981
worker_8  | fuzzy inputs 7 6.413881988430351
worker_8  | g=6, diversidad=6.413881988430351, C1=1.5069380953364322, C2=1.4729157839391218
worker_8  | 6   10      2633.52 1566.61 0.193634        5000
worker_13 | fuzzy inputs 6 6.414040813240188
worker_13 | g=5, diversidad=6.414040813240188, C1=1.4809912935586638, C2=1.4729205261961489
worker_13 | 5   10      1900.19 1183.73 0.0381826       3333.82
worker_9  | fuzzy inputs 7 7.319516214959689
worker_9  | g=6, diversidad=7.319516214959689, C1=1.5541061644186926, C2=1.4873276420963417
worker_9  | 6   10      3700.26 780.764 2334.41 5000
worker_12 | fuzzy inputs 1 4.892579756843702
worker_12 | g=0, diversidad=4.892579756843702, C1=1.211894028384471, C2=1.7369436167464152
worker_12 | gen evals   avg     std     min             max
worker_12 | 0   10      1466.72 1309.81 0.00560862      3333.51
worker_5  | fuzzy inputs 7 6.943588385910756
worker_5  | g=6, diversidad=6.943588385910756, C1=1.5394253499489996, C2=1.4850535781164862
worker_5  | 6   10      2833.47 1529.22 0.543918        5000
worker_3  | fuzzy inputs 8 5.526858305939704
worker_3  | g=7, diversidad=5.526858305939704, C1=1.7255911287687222, C2=1.3752660970705597
worker_3  | 7   10      2400.03 1902.03 0.0218077       5000
worker_3  | defaultdict(<class 'deap.tools.support.Logbook'>, {})
worker_3  | poblacion enviada...  0.014316853474236524
worker_3  | poblacion recibida...  PSO PSO-9
worker_3  | primero diversidad 7.0279818801974345
worker_7  | fuzzy inputs 7 7.848878309851706
worker_7  | g=6, diversidad=7.848878309851706, C1=1.5602836879432629, C2=1.4879629629629632
worker_7  | 6   10      2033.89 1870.25 0.149213        5000
worker_10 | fuzzy inputs 8 5.642046316209036
worker_10 | g=7, diversidad=5.642046316209036, C1=1.723809523809524, C2=1.404418175063847
worker_10 | 7   10      2733.54 1451.3  0.02702         5000
worker_10 | defaultdict(<class 'deap.tools.support.Logbook'>, {})
worker_10 | poblacion enviada...  0.011632066683670216
worker_10 | poblacion recibida...  PSO PSO-0
worker_10 | primero diversidad 5.919635111692825
worker_6  | fuzzy inputs 8 7.240000524415075
worker_6  | g=7, diversidad=7.240000524415075, C1=1.748846969242972, C2=1.487025950140855
worker_6  | 7   10      2233.49 1885.92 0.00698562      5000
worker_6  | defaultdict(<class 'deap.tools.support.Logbook'>, {})
worker_6  | poblacion enviada...  0.006985623497837594
worker_6  | poblacion recibida...  PSO PSO-5
worker_6  | primero diversidad 9.835840361644275
worker_14 | fuzzy inputs 7 6.454470951223122
worker_14 | g=6, diversidad=6.454470951223122, C1=1.509743332822992, C2=1.4741002991178318
worker_14 | 6   10      2400.08 1511.35 0.0331027       4000
worker_11 | fuzzy inputs 8 5.601869637571209
worker_11 | g=7, diversidad=5.601869637571209, C1=1.7238095238095241, C2=1.3944488893902771
worker_11 | 7   10      2200.46 1620.67 0.0216842       5000
worker_11 | defaultdict(<class 'deap.tools.support.Logbook'>, {})
worker_11 | poblacion enviada...  0.010518297718139343
worker_11 | poblacion recibida...  PSO PSO-6
worker_11 | primero diversidad 6.013913498866773
worker_4  | fuzzy inputs 6 6.827159841012817
worker_4  | g=5, diversidad=6.827159841012817, C1=1.4848380081104573, C2=1.4828960445984738
worker_4  | 5   10      2466.98 1309.64 0.478996        4000
worker_1  | fuzzy inputs 8 6.059164768535522
worker_1  | g=7, diversidad=6.059164768535522, C1=1.7258175662120376, C2=1.4596253148219274
worker_1  | 7   10      1433.49 1174.24 0.0175614       3333.37
worker_1  | defaultdict(<class 'deap.tools.support.Logbook'>, {})
worker_1  | poblacion enviada...  0.006488734150441637
worker_1  | poblacion recibida...  PSO PSO-1
worker_1  | primero diversidad 6.533767346769281
worker_12 | fuzzy inputs 2 5.054750084591856
worker_12 | g=1, diversidad=5.054750084591856, C1=1.2143628726313178, C2=1.7095283384813342
worker_12 | 1   10      3500.17 1166.64 1666.69         5000
worker_15 | fuzzy inputs 6 6.834076985011762
worker_15 | g=5, diversidad=6.834076985011762, C1=1.4848892088481223, C2=1.4830307025059943
worker_15 | 5   10      2266.91 1547.6  0.488563        5000
worker_16 | fuzzy inputs 1 15.564260242652589
worker_16 | g=0, diversidad=15.564260242652589, C1=1.175268817204301, C2=1.7650793650793657
worker_16 | gen evals   avg     std     min             max
worker_16 | 0   10      1866.7  1514.37 0.00560862      5000
worker_13 | fuzzy inputs 7 5.8657721598856565
worker_13 | g=6, diversidad=5.8657721598856565, C1=1.4745098039215692, C2=1.4514921534308545
worker_13 | 6   10      1966.72 1587.75 0.0255021       5000
worker_8  | fuzzy inputs 8 8.818811162543225
worker_8  | g=7, diversidad=8.818811162543225, C1=1.765521265564176, C2=1.4905618324038266
worker_8  | 7   10      2333.56 1626.08 0.0126614       5000
worker_8  | defaultdict(<class 'deap.tools.support.Logbook'>, {})
worker_8  | poblacion enviada...  0.01266136258721826
worker_8  | poblacion recibida...  PSO PSO-3
worker_8  | primero diversidad 10.18651747016909
worker_9  | fuzzy inputs 8 5.95868125315333
worker_9  | g=7, diversidad=5.95868125315333, C1=1.7238095238095241, C2=1.4552539305089525
worker_9  | 7   10      3133.71 1212.49 667.127 5000
worker_9  | defaultdict(<class 'deap.tools.support.Logbook'>, {})
worker_9  | poblacion enviada...  1.0216235159040212
worker_9  | poblacion recibida...  PSO PSO-14
worker_9  | primero diversidad 8.008654388468386
worker_10 | fuzzy inputs 1 5.919635111692825
worker_10 | g=0, diversidad=5.919635111692825, C1=1.2259259259259263, C2=1.4745098039215687
worker_10 | gen evals   avg     std     min             max
worker_10 | 0   10      2041.76 1831.48 0.0116321       5000
worker_6  | fuzzy inputs 1 7.31802722227231
worker_6  | g=0, diversidad=7.31802722227231, C1=1.1971607203880066, C2=1.4873221216463792
worker_6  | gen evals   avg     std     min             max
worker_6  | 0   10      1833.46 2001.37 0.00698562      5000
worker_5  | fuzzy inputs 8 6.539532467264704
worker_5  | g=7, diversidad=6.539532467264704, C1=1.737585886717442, C2=1.4764161231994932
worker_5  | 7   10      3066.72 1143.07 666.705         5000
worker_5  | defaultdict(<class 'deap.tools.support.Logbook'>, {})
worker_5  | poblacion enviada...  0.20603825252802924
worker_5  | poblacion recibida...  PSO PSO-15
worker_5  | primero diversidad 6.78755108813888
worker_11 | fuzzy inputs 1 6.013913498866773
worker_11 | g=0, diversidad=6.013913498866773, C1=1.2253934703015215, C2=1.4747985663718726
worker_11 | gen evals   avg     std     min             max
worker_11 | 0   10      2000.23 1943.42 0.0105183       5000
worker_3  | fuzzy inputs 1 13.402857447558649
worker_3  | g=0, diversidad=13.402857447558649, C1=1.1798404692327817, C2=1.546234422195168
worker_3  | gen evals   avg     std     min             max
worker_3  | 0   10      1266.72 1380.84 0.00560862      4000
worker_12 | fuzzy inputs 3 4.862890168163058
worker_12 | g=2, diversidad=4.862890168163058, C1=1.4257383966244728, C2=1.467632850241546
worker_12 | 2   10      3000.16 1794.94 0.00966648      5000
worker_14 | fuzzy inputs 8 11.281062489808194
worker_14 | g=7, diversidad=11.281062489808194, C1=1.7648786164907189, C2=1.4733651954046725
worker_14 | 7   10      1301.24 1493.17 0.019117        3333.35
worker_14 | defaultdict(<class 'deap.tools.support.Logbook'>, {})
worker_14 | poblacion enviada...  0.01911696571310214
worker_14 | poblacion recibida...  PSO PSO-7
worker_14 | primero diversidad 12.00795739329635
worker_7  | fuzzy inputs 8 6.887586536761463
worker_7  | g=7, diversidad=6.887586536761463, C1=1.7430248259963879, C2=1.4840440452605714
worker_7  | 7   10      2200.19 1454.3  0.87848         5000
worker_7  | defaultdict(<class 'deap.tools.support.Logbook'>, {})
worker_7  | poblacion enviada...  0.14921320316625722
worker_7  | poblacion recibida...  PSO PSO-11
worker_7  | primero diversidad 8.326459854310341
worker_16 | fuzzy inputs 2 11.97873413179649
worker_16 | g=1, diversidad=11.97873413179649, C1=1.1936936936936937, C2=1.4979862979784757
worker_16 | 1   10      3666.74 1095.41 1666.72         5000
worker_1  | fuzzy inputs 1 6.533767346769281
worker_1  | g=0, diversidad=6.533767346769281, C1=1.21133541917295, C2=1.4822932257366948
worker_1  | gen evals   avg     std     min             max
worker_1  | 0   10      2067.08 1254.7  0.00648873      3335.49
worker_8  | fuzzy inputs 1 13.646699527738985
worker_8  | g=0, diversidad=13.646699527738985, C1=1.1765858390615669, C2=1.561132308696673
worker_8  | gen evals   avg     std     min             max
worker_8  | 0   10      1966.75 1900.01 0.00648873      5000
worker_13 | fuzzy inputs 8 6.26485614896305
worker_13 | g=7, diversidad=6.26485614896305, C1=1.7316880936671215, C2=1.4680507490496781
worker_13 | 7   10      2333.39 1135.27 1333.34         5000
worker_13 | defaultdict(<class 'deap.tools.support.Logbook'>, {})
worker_13 | poblacion enviada...  0.024500181003793864
worker_13 | poblacion recibida...  PSO PSO-8
worker_13 | primero diversidad 8.187334605444907
worker_15 | fuzzy inputs 7 7.239007542592778
worker_15 | g=6, diversidad=7.239007542592778, C1=1.5512555706316857, C2=1.4870220918100459
worker_15 | 6   10      3300.15 1158.97 1333.56         5000
worker_4  | fuzzy inputs 7 7.211990563000427
worker_4  | g=6, diversidad=7.211990563000427, C1=1.5502853405134287, C2=1.4869162268101161
worker_4  | 6   10      2133.68 1275.45 0.113223        4000
worker_11 | fuzzy inputs 2 6.268276089008019
worker_11 | g=1, diversidad=6.268276089008019, C1=1.2173397518046956, C2=1.4791223671865719
worker_11 | 1   10      2867.4  1633.82 0.0695533       5000
worker_10 | fuzzy inputs 2 5.579939858919863
worker_10 | g=1, diversidad=5.579939858919863, C1=1.2253777571506976, C2=1.5331262588646775
worker_10 | 1   10      2200.16 1507.07 0.0307368       5000
worker_9  | fuzzy inputs 1 15.719030242046085
worker_9  | g=0, diversidad=15.719030242046085, C1=1.175268817204301, C2=1.7650793650793657
worker_9  | gen evals   avg     std     min             max
worker_9  | 0   10      2467.21 2028.4  0.00648873      5000
worker_3  | fuzzy inputs 2 10.659380501666663
worker_3  | g=1, diversidad=10.659380501666663, C1=1.1936936936936937, C2=1.4879629629629632
worker_3  | 1   10      3233.56 1693.27 0.0102237       5000
worker_16 | fuzzy inputs 3 8.849662341115495
worker_16 | g=2, diversidad=8.849662341115495, C1=1.4257383966244728, C2=1.4788617886178865
worker_16 | 2   10      3269.64 452.902 1957.56         3647.74
worker_12 | fuzzy inputs 4 4.739383352153063
worker_12 | g=3, diversidad=4.739383352153063, C1=1.4830769930478391, C2=1.2098382433711619
worker_12 | 3   10      2900.46 1706.35 0.0165276       5000
worker_6  | fuzzy inputs 2 5.948617526721289
worker_6  | g=1, diversidad=5.948617526721289, C1=1.225925925925926, C2=1.4745098039215687
worker_6  | 1   10      2267.23 1019.92 667.288         3335.47
worker_5  | fuzzy inputs 1 11.492118575545305
worker_5  | g=0, diversidad=11.492118575545305, C1=1.1784127655780057, C2=1.494322109970186
worker_5  | gen evals   avg     std     min             max
worker_5  | 0   10      2533.43 1839.03 0.0105183       5000
worker_14 | fuzzy inputs 1 14.190200352887622
worker_14 | g=0, diversidad=14.190200352887622, C1=1.175268817204301, C2=1.607153685168876
worker_14 | gen evals   avg     std     min             max
worker_14 | 0   10      1766.77 1445.72 0.00648873      3333.73
worker_1  | fuzzy inputs 2 6.2949770643127145
worker_1  | g=1, diversidad=6.2949770643127145, C1=1.2166446598805434, C2=1.479491721792063
worker_1  | 1   10      1733.62 1842.52 0.0182023       5000
worker_3  | fuzzy inputs 3 6.589667224546381
worker_3  | g=2, diversidad=6.589667224546381, C1=1.4257383966244728, C2=1.4725817186162606
worker_3  | 2   10      3067.09 1190.74 0.0100676       5000
worker_8  | fuzzy inputs 2 10.21378330124416
worker_8  | g=1, diversidad=10.21378330124416, C1=1.1936936936936937, C2=1.4879629629629632
worker_8  | 1   10      1866.97 1654.52 0.0270529       5000
worker_7  | fuzzy inputs 1 8.326459854310341
worker_7  | g=0, diversidad=8.326459854310341, C1=1.1809047409469053, C2=1.4899128060923796
worker_7  | gen evals   avg     std     min             max
worker_7  | 0   10      1533.66 1301.26 0.149213        5000
worker_10 | fuzzy inputs 3 6.072110297649911
worker_10 | g=2, diversidad=6.072110297649911, C1=1.442531039928243, C2=1.4602283058386303
worker_10 | 2   10      2300.08 1985.8  0.00682033      5000
worker_11 | fuzzy inputs 3 5.496433052406038
worker_11 | g=2, diversidad=5.496433052406038, C1=1.4423431607948847, C2=1.453987759925636
worker_11 | 2   10      2733.43 2031.91 0.0251455       5000
worker_16 | fuzzy inputs 4 8.122563863947562
worker_16 | g=3, diversidad=8.122563863947562, C1=1.4894308943089432, C2=1.4894308943089432
worker_16 | 3   10      2633.39 1760.33 0.0466604       5000
worker_13 | fuzzy inputs 1 13.35825991074499
worker_13 | g=0, diversidad=13.35825991074499, C1=1.1804590590481292, C2=1.5437322731577645
worker_13 | gen evals   avg     std     min             max
worker_13 | 0   10      800.118 1185.06 0.00648873      4000
worker_12 | fuzzy inputs 5 5.948199546754473
worker_12 | g=4, diversidad=5.948199546754473, C1=1.4745098039215694, C2=1.4548633074309183
worker_12 | 4   10      2933.39 1533.3  0.0417607       5000
worker_4  | fuzzy inputs 8 7.392171849784585
worker_4  | g=7, diversidad=7.392171849784585, C1=1.7513891305875295, C2=1.4875912941294667
worker_4  | 7   10      2333.57 1043.41 1333.45         5000
worker_4  | defaultdict(<class 'deap.tools.support.Logbook'>, {})
worker_4  | poblacion enviada...  0.10516620670909786
worker_4  | poblacion recibida...  PSO PSO-12
worker_4  | primero diversidad 7.260823178155931
worker_6  | fuzzy inputs 3 5.886712602063889
worker_6  | g=2, diversidad=5.886712602063889, C1=1.4500000000000002, C2=1.4524026265932086
worker_6  | 2   10      3166.73 1213.3  1666.72         5000
worker_9  | fuzzy inputs 2 12.38183011482635
worker_9  | g=1, diversidad=12.38183011482635, C1=1.1936936936936937, C2=1.5079284805342463
worker_9  | 1   10      2371.65 985.901 713.268         4000
worker_3  | fuzzy inputs 4 5.570053372384629
worker_3  | g=3, diversidad=5.570053372384629, C1=1.4749510576560008, C2=1.386411497471083
worker_3  | 3   10      3066.7  1041.35 1666.68         5000
worker_14 | fuzzy inputs 2 11.215009567476704
worker_14 | g=1, diversidad=11.215009567476704, C1=1.1936936936936937, C2=1.490211337891139
worker_14 | 1   10      3033.37 1516.18 0.0194387       5000
worker_5  | fuzzy inputs 2 8.6598973581258
worker_5  | g=1, diversidad=8.6598973581258, C1=1.1936936936936937, C2=1.4879629629629632
worker_5  | 1   10      2633.42 1401.89 0.301249        5000
worker_1  | fuzzy inputs 3 6.210697372900443
worker_1  | g=2, diversidad=6.210697372900443, C1=1.429263718287311, C2=1.466050040997952
worker_1  | 2   10      2366.72 1573.71 0.0307326       5000
worker_15 | fuzzy inputs 8 6.752250366917682
worker_15 | g=7, diversidad=6.752250366917682, C1=1.741118989500916, C2=1.4813805468150278
worker_15 | 7   10      2466.81 1127.29 1333.54         5000
worker_15 | defaultdict(<class 'deap.tools.support.Logbook'>, {})
worker_15 | poblacion enviada...  0.48856295546596934
worker_15 | poblacion recibida...  PSO PSO-2
worker_15 | primero diversidad 7.078067743669573
worker_10 | fuzzy inputs 4 4.495485509050201
worker_10 | g=3, diversidad=4.495485509050201, C1=1.4845487219006464, C2=1.2070127736184142
worker_10 | 3   10      1133.4  1117.51 0.0103324       3333.4
worker_12 | fuzzy inputs 6 5.361805825487572
worker_12 | g=5, diversidad=5.361805825487572, C1=1.4776424189572057, C2=1.3300403585286376
worker_12 | 5   10      2633.68 1911.32 0.0136214       5000
worker_16 | fuzzy inputs 5 9.73365440558702
worker_16 | g=4, diversidad=9.73365440558702, C1=1.4910592656377608, C2=1.4910592656377608
worker_16 | 4   10      3100.23 1505.8  0.14511         5000
worker_11 | fuzzy inputs 4 4.188136330237407
worker_11 | g=3, diversidad=4.188136330237407, C1=1.486059612324672, C2=1.2039619778171833
worker_11 | 3   10      2500.05 1447.2  0.0234809       5000
worker_8  | fuzzy inputs 3 6.65134975944346
worker_8  | g=2, diversidad=6.65134975944346, C1=1.4257383966244728, C2=1.4735144281786439
worker_8  | 2   10      2200.28 1184.86 1.00247         4000
worker_3  | fuzzy inputs 5 7.104009008076028
worker_3  | g=4, diversidad=7.104009008076028, C1=1.4864752773091128, C2=1.4864752773091128
worker_3  | 4   10      2533.6  1771.34 0.0156561       5000
worker_13 | fuzzy inputs 2 10.45651816104051
worker_13 | g=1, diversidad=10.45651816104051, C1=1.1936936936936937, C2=1.4879629629629632
worker_13 | 1   10      1800.23 956.769 0.0899411       4000
worker_7  | fuzzy inputs 2 7.179067958226377
worker_7  | g=1, diversidad=7.179067958226377, C1=1.2000596860039194, C2=1.4867848626849527
worker_7  | 1   10      2333.51 1299.44 667.401         5000
worker_9  | fuzzy inputs 3 8.310696165447816
worker_9  | g=2, diversidad=8.310696165447816, C1=1.4257383966244728, C2=1.4788617886178865
worker_9  | 2   10      3500.08 1447.11 1333.96         5000
worker_1  | fuzzy inputs 4 4.38620578844874
worker_1  | g=3, diversidad=4.38620578844874, C1=1.485128210783883, C2=1.2058951617926594
worker_1  | 3   10      1900.14 1505.98 0.0121339       5000
worker_6  | fuzzy inputs 4 4.850228659188903
worker_6  | g=3, diversidad=4.850228659188903, C1=1.4823112742763225, C2=1.2113010008445544
worker_6  | 3   10      2500.04 1621.03 0.00982777      5000
worker_14 | fuzzy inputs 3 7.856413567771911
worker_14 | g=2, diversidad=7.856413567771911, C1=1.4257383966244728, C2=1.4788617886178865
worker_14 | 2   10      1800.11 979.829 0.0217392       3333.4
worker_4  | fuzzy inputs 1 16.824132004695844
worker_4  | g=0, diversidad=16.824132004695844, C1=1.175268817204301, C2=1.7650793650793657
worker_4  | gen evals   avg     std     min             max
worker_4  | 0   10      1100.23 1183.68 0.00648873      3333.51
worker_16 | fuzzy inputs 6 7.08971290303188
worker_16 | g=5, diversidad=7.08971290303188, C1=1.4864146602999462, C2=1.4864146602999462
worker_16 | 5   10      3434.04 1308.44 666.783         5000
worker_12 | fuzzy inputs 7 4.625489214756603
worker_12 | g=6, diversidad=4.625489214756603, C1=1.5252912503608407, C2=1.2084569968325851
worker_12 | 6   10      2866.71 2061.26 0.0148695       5000
worker_5  | fuzzy inputs 3 5.862132693685245
worker_5  | g=2, diversidad=5.862132693685245, C1=1.4500000000000008, C2=1.4513298175407612
worker_5  | 2   10      2366.97 1682.6  0.340395        5000
worker_10 | fuzzy inputs 5 4.901550222375818
worker_10 | g=4, diversidad=4.901550222375818, C1=1.4819327743538337, C2=1.212022218867705
worker_10 | 4   10      1933.38 1658.65 0.0193759       5000
worker_8  | fuzzy inputs 4 6.721559107793701
worker_8  | g=3, diversidad=6.721559107793701, C1=1.4840109183342847, C2=1.4807277213792425
worker_8  | 3   10      1900.37 1468.58 0.046366        4000
worker_11 | fuzzy inputs 5 5.356278748300577
worker_11 | g=4, diversidad=5.356278748300577, C1=1.4777059939559511, C2=1.3284489227016802
worker_11 | 4   10      2133.45 1383.96 0.0514618       4000
worker_13 | fuzzy inputs 3 6.869068521830636
worker_13 | g=2, diversidad=6.869068521830636, C1=1.4257383966244728, C2=1.4768384859971895
worker_13 | 2   10      2700.17 1559.55 0.0836237       5000
worker_3  | fuzzy inputs 6 7.461252234765564
worker_3  | g=5, diversidad=7.461252234765564, C1=1.4878319954676884, C2=1.4878319954676884
worker_3  | 5   10      2467.13 1292.66 0.0606191       5000
worker_15 | fuzzy inputs 1 15.337085840114767
worker_15 | g=0, diversidad=15.337085840114767, C1=1.175268817204301, C2=1.7650793650793657
worker_15 | gen evals   avg     std     min             max
worker_15 | 0   10      1933.41 1624.74 0.00648873      5000
worker_9  | fuzzy inputs 4 5.654864962413079
worker_9  | g=3, diversidad=5.654864962413079, C1=1.4745098039215692, C2=1.4075691353573199
worker_9  | 3   10      2400.22 1930.87 0.0137207       5000
worker_12 | fuzzy inputs 8 5.1229992734126775
worker_12 | g=7, diversidad=5.1229992734126775, C1=1.7335029526495354, C2=1.2561434994889404
worker_12 | 7   10      2967.12 1486.4  0.0328992       5000
worker_12 | defaultdict(<class 'deap.tools.support.Logbook'>, {})
worker_12 | poblacion enviada...  0.0056086159647256465
worker_12 | poblacion recibida...  PSO PSO-10
worker_12 | primero diversidad 4.42500838405811
worker_1  | fuzzy inputs 5 5.210856409096527
worker_1  | g=4, diversidad=5.210856409096527, C1=1.4792578482771537, C2=1.284608324778652
worker_1  | 4   10      2133.43 1557.77 0.0124824       5000
worker_16 | fuzzy inputs 7 7.171636772808101
worker_16 | g=6, diversidad=7.171636772808101, C1=1.5488231516286184, C2=1.4867548458638524
worker_16 | 6   10      2933.35 1730.76 0.0184509       5000
worker_6  | fuzzy inputs 5 7.14270260290366
worker_6  | g=4, diversidad=7.14270260290366, C1=1.4866366612545565, C2=1.4866366612545565
worker_6  | 4   10      1933.45 1181.28 0.0752566       3333.57
worker_7  | fuzzy inputs 3 6.357423996159657
worker_7  | g=2, diversidad=6.357423996159657, C1=1.4257383966244728, C2=1.4691051164580722
worker_7  | 2   10      1433.71 1350.05 0.247272        4000
worker_14 | fuzzy inputs 4 6.107614736647732
worker_14 | g=3, diversidad=6.107614736647732, C1=1.4765849380484561, C2=1.4618264647962338
worker_14 | 3   10      1933.42 1597.19 0.0400913       5000
worker_5  | fuzzy inputs 4 6.986595534560889
worker_5  | g=3, diversidad=6.986595534560889, C1=1.4859363693663157, C2=1.4857957712996348
worker_5  | 3   10      2667.49 1591.9  0.00743574      5000
worker_3  | fuzzy inputs 7 6.3961098855690635
worker_3  | g=6, diversidad=6.3961098855690635, C1=1.505690922911462, C2=1.4723796353581882
worker_3  | 6   10      2900.04 1706.49 0.0141293       5000
worker_10 | fuzzy inputs 6 4.897910378676498
worker_10 | g=5, diversidad=4.897910378676498, C1=1.4819601512996599, C2=1.2119700936593563
worker_10 | 5   10      1533.39 1175.69 0.0153665       3333.39
worker_11 | fuzzy inputs 6 6.004776082105507
worker_11 | g=5, diversidad=6.004776082105507, C1=1.4746096702857814, C2=1.4569644585797237
worker_11 | 5   10      2500.15 1627.79 0.0408723       5000
worker_8  | fuzzy inputs 5 7.379064380077221
worker_8  | g=4, diversidad=7.379064380077221, C1=1.4875445439924941, C2=1.4875445439924941
worker_8  | 4   10      2100.1  1342.02 0.0236386       5000
worker_4  | fuzzy inputs 2 12.370695188522697
worker_4  | g=1, diversidad=12.370695188522697, C1=1.1936936936936937, C2=1.507653005896782
worker_4  | 1   10      1400.34 1227.32 0.140233        4000
worker_13 | fuzzy inputs 4 6.682380813772069
worker_13 | g=3, diversidad=6.682380813772069, C1=1.4836806415389867, C2=1.47986548456301
worker_13 | 3   10      1933.41 1364.58 0.0319931       4000
worker_12 | fuzzy inputs 1 4.42500838405811
worker_12 | g=0, diversidad=4.42500838405811, C1=1.2062825978099405, C2=1.7423709964093466
worker_12 | gen evals   avg     std     min             max
worker_12 | 0   10      2566.85 2044.15 0.00560862      5000
worker_9  | fuzzy inputs 5 6.132817921947907
worker_9  | g=4, diversidad=6.132817921947907, C1=1.477023014325074, C2=1.4629139601402517
worker_9  | 4   10      2233.42 1915.09 0.0168544       5000
worker_16 | fuzzy inputs 8 8.361786254568601
worker_16 | g=7, diversidad=8.361786254568601, C1=1.7625121124054948, C2=1.489962331919589
worker_16 | 7   10      3402.83 1215.89 1666.68         5000
worker_16 | defaultdict(<class 'deap.tools.support.Logbook'>, {})
worker_16 | poblacion enviada...  0.0056086159647256465
worker_16 | poblacion recibida...  PSO PSO-4
worker_16 | primero diversidad 8.102653680912288
worker_15 | fuzzy inputs 2 11.074856866847659
worker_15 | g=1, diversidad=11.074856866847659, C1=1.1936936936936937, C2=1.488748789302552
worker_15 | 1   10      2266.75 1806.1  0.0137039       5000
worker_3  | fuzzy inputs 8 5.854660209664326
worker_3  | g=7, diversidad=5.854660209664326, C1=1.7238095238095241, C2=1.4509925823990357
worker_3  | 7   10      3900.04 1333.67 666.992         5000
worker_3  | defaultdict(<class 'deap.tools.support.Logbook'>, {})
worker_3  | poblacion enviada...  0.0056086159647256465
worker_3  | poblacion recibida...  PSO PSO-9
worker_3  | primero diversidad 7.693250406652268
worker_1  | fuzzy inputs 6 5.412466994558663
worker_1  | g=5, diversidad=5.412466994558663, C1=1.4770423440499252, C2=1.3443872684680156
worker_1  | 5   10      2000.09 1577.61 0.0405018       5000
worker_5  | fuzzy inputs 5 6.912414851612915
worker_5  | g=4, diversidad=6.912414851612915, C1=1.4854458208886108, C2=1.4844978326021518
worker_5  | 4   10      3035.36 1278.05 0.0948178       5000
worker_6  | fuzzy inputs 6 7.779195357533189
worker_6  | g=5, diversidad=7.779195357533189, C1=1.4888292985169767, C2=1.4888292985169767
worker_6  | 5   10      2233.51 1693.38 0.0321888       5000
worker_12 | fuzzy inputs 2 5.006890243196451
worker_12 | g=1, diversidad=5.006890243196451, C1=1.2135994622469226, C2=1.7320495380410095
worker_12 | 1   10      3233.56 1626.27 667.185         5000
worker_14 | fuzzy inputs 5 6.924701337618915
worker_14 | g=4, diversidad=6.924701337618915, C1=1.4855294210758223, C2=1.484718701776115
worker_14 | 4   10      2033.7  1099.7  1.46854         4000
worker_8  | fuzzy inputs 6 8.107758247062447
