worker_9  | g=4, diversidad=6.922066016448559, C1=1.4855115707272877, C2=1.4846715303969626
worker_9  | 4   10      2833.49 1978.96 0.0271142       5000
worker_13 | fuzzy inputs 4 4.352434801048189
worker_13 | g=3, diversidad=4.352434801048189, C1=1.4852986005708229, C2=1.2055659952292817
worker_13 | 3   10      3400.63 1217.93 1666.67         5000
worker_12 | fuzzy inputs 2 6.8756070371138795
worker_12 | g=1, diversidad=6.8756070371138795, C1=1.20577681189905, C2=1.4851894883449632
worker_12 | 1   10      4000.27 1333.19 1666.67         5000
worker_16 | fuzzy inputs 2 7.032852446814475
worker_16 | g=1, diversidad=7.032852446814475, C1=1.2033791068661475, C2=1.4861680899215683
worker_16 | 1   10      3366.7  1508.84 0.0166174       5000
worker_3  | fuzzy inputs 2 6.025335062495927
worker_11 | fuzzy inputs 7 6.390586721953429
worker_3  | g=1, diversidad=6.025335062495927, C1=1.2249648250115854, C2=1.4750307662374453
worker_11 | g=6, diversidad=6.390586721953429, C1=1.505300948236913, C2=1.4722107610593644
worker_3  | 1   10      3759.59 1740.1  262.459         5000
worker_11 | 6   10      3366.69 1079.59 1666.7          5000
worker_7  | fuzzy inputs 6 7.0855324822415
worker_7  | g=5, diversidad=7.0855324822415, C1=1.4863968320602898, C2=1.4863968320602898
worker_7  | 5   10      2133.58 1056.05 0.38698         4000
worker_14 | fuzzy inputs 4 5.452089116741005
worker_14 | g=3, diversidad=5.452089116741005, C1=1.47655009571841, C2=1.3553145346980802
worker_14 | 3   10      3466.68 1777.62 0.0284705       5000
worker_15 | fuzzy inputs 1 8.661962963948168
worker_15 | g=0, diversidad=8.661962963948168, C1=1.1763890030095716, C2=1.490364327258361
worker_15 | gen evals   avg     std     min             max
worker_15 | 0   10      2733.71 1737.28 0.00560862      5000
worker_4  | fuzzy inputs 7 9.479060725175849
worker_4  | g=6, diversidad=9.479060725175849, C1=1.5602836879432629, C2=1.4879629629629632
worker_4  | 6   10      3300.08 1615.46 666.925         5000
worker_5  | fuzzy inputs 3 6.315391449060717
worker_5  | g=2, diversidad=6.315391449060717, C1=1.4257383966244728, C2=1.4684817765906435
worker_5  | 2   10      2000.15 1626.05 0.0141645       4000
worker_1  | fuzzy inputs 7 5.925836957957996
worker_1  | g=6, diversidad=5.925836957957996, C1=1.4745098039215692, C2=1.4540029120177524
worker_1  | 6   10      3733.38 1665.26 666.937         5000
worker_10 | fuzzy inputs 4 4.605574601242907
worker_10 | g=3, diversidad=4.605574601242907, C1=1.483917412093383, C2=1.2082270478461834
worker_10 | 3   10      2166.86 1470.12 0.00992122      5000
worker_13 | fuzzy inputs 5 5.413007634182065
worker_13 | g=4, diversidad=5.413007634182065, C1=1.4770357664830558, C2=1.3445380771700943
worker_13 | 4   10      3800.34 1719.79 2.95267         5000
worker_12 | fuzzy inputs 3 5.372453522335832
worker_12 | g=2, diversidad=5.372453522335832, C1=1.4337221068229113, C2=1.4613915149769892
worker_12 | 2   10      3167.15 1166.73 1666.67         5000
worker_3  | fuzzy inputs 3 5.1326316576675435
worker_3  | g=2, diversidad=5.1326316576675435, C1=1.4257383966244728, C2=1.468123040842641
worker_3  | 2   10      3500.91 2033.14 0.0676898       5000
worker_8  | fuzzy inputs 3 10.233089098081294
worker_8  | g=2, diversidad=10.233089098081294, C1=1.4257383966244728, C2=1.4788617886178865
worker_8  | 2   10      3348.98 1561.76 0.00370809      5000
worker_9  | fuzzy inputs 6 7.680105171362474
worker_9  | g=5, diversidad=7.680105171362474, C1=1.488536474153783, C2=1.488536474153783
worker_9  | 5   10      2641.55 2273.18 0.0313815       5000
worker_11 | fuzzy inputs 8 6.016962482613618
worker_11 | g=7, diversidad=6.016962482613618, C1=1.7244023741978127, C2=1.4575792870625648
worker_11 | 7   10      2500.05 1707.79 0.056356        5000
worker_11 | defaultdict(<class 'deap.tools.support.Logbook'>, {})
worker_11 | poblacion enviada...  0.0056086159647256465
worker_11 | poblacion recibida...  PSO PSO-6
worker_11 | primero diversidad 8.058580948294951
worker_6  | fuzzy inputs 4 5.575952101675676
worker_6  | g=3, diversidad=5.575952101675676, C1=1.4748653541613024, C2=1.3879126205893126
worker_6  | 3   10      1666.79 1843.87 0.0287796       5000
worker_16 | fuzzy inputs 3 5.86180149207507
worker_16 | g=2, diversidad=5.86180149207507, C1=1.4500000000000006, C2=1.4513149827432041
worker_16 | 2   10      3033.34 1479.1  0.043921        5000
worker_1  | fuzzy inputs 8 6.107105323599833
worker_1  | g=7, diversidad=6.107105323599833, C1=1.7273290280949143, C2=1.4618040917022526
worker_1  | 7   10      4233.46 1229.62 1666.72         5000
worker_1  | defaultdict(<class 'deap.tools.support.Logbook'>, {})
worker_1  | poblacion enviada...  0.0056086159647256465
worker_1  | poblacion recibida...  PSO PSO-1
worker_1  | primero diversidad 7.376126431882035
worker_14 | fuzzy inputs 5 5.803611873616512
worker_14 | g=4, diversidad=5.803611873616512, C1=1.4745098039215687, C2=1.443114830511201
worker_14 | 4   10      1333.62 1453.01 0.0127214       3333.38
worker_15 | fuzzy inputs 2 7.303384318610639
worker_15 | g=1, diversidad=7.303384318610639, C1=1.1974553605255098, C2=1.4872675756609752
worker_15 | 1   10      2233.8  1490.92 0.0441812       5000
worker_12 | fuzzy inputs 4 4.813063936704509
worker_12 | g=3, diversidad=4.813063936704509, C1=1.4825756142375808, C2=1.2107965922031643
worker_12 | 3   10      3166.68 1572.32 0.031807        5000
worker_7  | fuzzy inputs 7 7.295259124097075
worker_7  | g=6, diversidad=7.295259124097075, C1=1.5532536197832099, C2=1.487237105696651
worker_7  | 6   10      2166.99 1117.95 0.366119        4000
worker_3  | fuzzy inputs 4 4.131249213467475
worker_3  | g=3, diversidad=4.131249213467475, C1=1.486239488325812, C2=1.2029953151887962
worker_3  | 3   10      3300.02 1608.64 0.0164141       5000
worker_9  | fuzzy inputs 7 7.465582320485432
worker_9  | g=6, diversidad=7.465582320485432, C1=1.5591277174307576, C2=1.4878467724375992
worker_9  | 6   10      3481.93 1403.24 149.503         5000
worker_8  | fuzzy inputs 4 8.628161220897713
worker_8  | g=3, diversidad=8.628161220897713, C1=1.4894308943089432, C2=1.4894308943089432
worker_8  | 3   10      3300.06 1974.51 0.015401        5000
worker_4  | fuzzy inputs 8 9.212892034981849
worker_4  | g=7, diversidad=9.212892034981849, C1=1.766666666666667, C2=1.490862916832454
worker_4  | 7   10      2713.33 1327.41 0.0247711       5000
worker_4  | defaultdict(<class 'deap.tools.support.Logbook'>, {})
worker_4  | poblacion enviada...  0.0056086159647256465
worker_4  | poblacion recibida...  PSO PSO-12
worker_4  | primero diversidad 7.712863350025568
worker_13 | fuzzy inputs 6 6.183607097454172
worker_13 | g=5, diversidad=6.183607097454172, C1=1.47785782951852, C2=1.4649956831349225
worker_13 | 5   10      2233.73 1291.4  0.0531479       5000
worker_16 | fuzzy inputs 4 5.450712308739244
worker_16 | g=3, diversidad=5.450712308739244, C1=1.4765675543409962, C2=1.3549390373455312
worker_16 | 3   10      3400.07 963.778 1666.68         5000
worker_5  | fuzzy inputs 4 4.341644811243021
worker_5  | g=3, diversidad=4.341644811243021, C1=1.4853522208901695, C2=1.205462357315636
worker_5  | 3   10      1966.82 1464.12 0.0202134       4000
worker_10 | fuzzy inputs 5 5.646450493249828
worker_10 | g=4, diversidad=5.646450493249828, C1=1.474509803921569, C2=1.4055023821757349
worker_10 | 4   10      2733.44 1323.26 0.0406205       5000
worker_11 | fuzzy inputs 1 8.058580948294951
worker_11 | g=0, diversidad=8.058580948294951, C1=1.184818493339461, C2=1.4895207312118284
worker_11 | gen evals   avg     std     min             max
worker_11 | 0   10      2800.04 1863.07 0.00560862      5000
worker_15 | fuzzy inputs 3 6.17141986697744
worker_15 | g=2, diversidad=6.17141986697744, C1=1.4328877193900438, C2=1.46450897309847
worker_15 | 2   10      4066.67 1511.43 0.0142001       5000
worker_1  | fuzzy inputs 1 7.376126431882035
worker_1  | g=0, diversidad=7.376126431882035, C1=1.1960154452190748, C2=1.4875340169057454
worker_1  | gen evals   avg     std     min             max
worker_1  | 0   10      2540.88 2210.86 0.00560862      5000
worker_12 | fuzzy inputs 5 6.323945011200597
worker_12 | g=4, diversidad=6.323945011200597, C1=1.4798779334988286, C2=1.4700844213992674
worker_12 | 4   10      2833.86 1833.08 0.0688698       5000
worker_14 | fuzzy inputs 6 6.922134509287389
worker_14 | g=5, diversidad=6.922134509287389, C1=1.485512035220949, C2=1.4846727577914163
worker_14 | 5   10      2633.41 1760.33 0.0072984       5000
worker_6  | fuzzy inputs 5 5.35181260444314
worker_6  | g=4, diversidad=5.35181260444314, C1=1.4777571020980012, C2=1.3271591321100003
worker_6  | 4   10      1633.42 1345.38 0.011209        4000
worker_9  | fuzzy inputs 8 6.441096335094025
worker_9  | g=7, diversidad=6.441096335094025, C1=1.7356746122703792, C2=1.4737159714576125
worker_9  | 7   10      2733.64 1830.45 0.2194          5000
worker_9  | defaultdict(<class 'deap.tools.support.Logbook'>, {})
worker_9  | poblacion enviada...  0.0056086159647256465
worker_9  | poblacion recibida...  PSO PSO-14
worker_9  | primero diversidad 7.377026805902075
worker_15 | fuzzy inputs 4 4.687914141549447
worker_15 | g=3, diversidad=4.687914141549447, C1=1.4834104483230746, C2=1.209199685410333
worker_15 | 3   10      3900.18 1291.32 1666.7          5000
worker_13 | fuzzy inputs 7 6.201416353167011
worker_13 | g=6, diversidad=6.201416353167011, C1=1.4912221025375523, C2=1.4656930138096127
worker_13 | 6   10      3100.09 1807.56 0.746225        5000
worker_16 | fuzzy inputs 5 5.923306554970596
worker_16 | g=4, diversidad=5.923306554970596, C1=1.474509803921569, C2=1.4539031582811717
worker_16 | 4   10      2400.66 1930.56 0.00517253      5000
worker_3  | fuzzy inputs 5 5.238967087406487
worker_3  | g=4, diversidad=5.238967087406487, C1=1.4789749435496378, C2=1.2933898136587547
worker_3  | 4   10      2606.96 1551.14 0.0233557       5000
worker_5  | fuzzy inputs 5 4.918707556033328
worker_5  | g=4, diversidad=4.918707556033328, C1=1.4818025990704655, C2=1.2122699837638333
worker_5  | 4   10      2866.99 1606.78 0.505667        5000
worker_11 | fuzzy inputs 2 6.870777328088822
worker_11 | g=1, diversidad=6.870777328088822, C1=1.2058430738736734, C2=1.4851551822063227
worker_11 | 1   10      4166.75 1117.93 1666.94         5000
worker_8  | fuzzy inputs 5 8.284142766009577
worker_8  | g=4, diversidad=8.284142766009577, C1=1.4898528324908755, C2=1.4898528324908755
worker_8  | 4   10      2133.56 1368.03 0.0842761       5000
worker_7  | fuzzy inputs 8 6.41246497799191
worker_7  | g=7, diversidad=6.41246497799191, C1=1.7350797206151722, C2=1.4728734360632998
worker_7  | 7   10      2167.06 1701.04 0.503268        5000
worker_7  | defaultdict(<class 'deap.tools.support.Logbook'>, {})
worker_7  | poblacion enviada...  0.08142498741396559
worker_7  | poblacion recibida...  PSO PSO-11
worker_7  | primero diversidad 8.22579962280099
worker_4  | fuzzy inputs 1 7.712863350025568
worker_4  | g=0, diversidad=7.712863350025568, C1=1.1900473620334955, C2=1.488634962925424
worker_4  | gen evals   avg     std     min             max
worker_4  | 0   10      2033.44 1894.1  0.00560862      5000
worker_12 | fuzzy inputs 6 6.7884501554502625
worker_12 | g=5, diversidad=6.7884501554502625, C1=1.4845449510241904, C2=1.4821262679021308
worker_12 | 5   10      2834.06 1675.15 0.169996        5000
worker_10 | fuzzy inputs 6 5.231150690071472
worker_10 | g=5, diversidad=5.231150690071472, C1=1.4790543791056343, C2=1.2909633872165476
worker_10 | 5   10      1900.12 1838.12 0.016707        5000
worker_14 | fuzzy inputs 7 5.961507149624142
worker_14 | g=6, diversidad=5.961507149624142, C1=1.4745098039215687, C2=1.455357907838351
worker_14 | 6   10      2815.22 1691.8  0.00890807      5000
worker_15 | fuzzy inputs 5 6.236541940968729
worker_15 | g=4, diversidad=6.236541940968729, C1=1.4786657079217638, C2=1.467021998499633
worker_15 | 4   10      4000.25 1527.31 0.515129        5000
worker_9  | fuzzy inputs 1 7.377026805902075
worker_9  | g=0, diversidad=7.377026805902075, C1=1.1959979894263402, C2=1.4875372449646413
worker_9  | gen evals   avg     std     min             max
worker_9  | 0   10      3066.69 1638.41 0.00560862      5000
worker_11 | fuzzy inputs 3 5.087991123106054
worker_11 | g=2, diversidad=5.087991123106054, C1=1.4257383966244728, C2=1.4679597209818864
worker_11 | 2   10      3533.7  1087.02 1667.88         5000
worker_6  | fuzzy inputs 6 4.662030511872013
worker_6  | g=5, diversidad=4.662030511872013, C1=1.4835732242058324, C2=1.2088876300163283
worker_6  | 5   10      2633.41 1149.37 1666.67         5000
worker_16 | fuzzy inputs 6 6.755793117694671
worker_16 | g=5, diversidad=6.755793117694671, C1=1.4842887602008972, C2=1.4814546688493224
worker_16 | 5   10      3533.48 1343.27 1666.68         5000
worker_13 | fuzzy inputs 8 5.014026420247506
worker_13 | g=7, diversidad=5.014026420247506, C1=1.735207774042925, C2=1.218531741465569
worker_13 | 7   10      2900.02 1342.05 0.0177906       5000
worker_13 | defaultdict(<class 'deap.tools.support.Logbook'>, {})
worker_13 | poblacion enviada...  0.0056086159647256465
worker_13 | poblacion recibida...  PSO PSO-8
worker_13 | primero diversidad 5.472386764546011
worker_3  | fuzzy inputs 6 4.923706822033584
worker_3  | g=5, diversidad=4.923706822033584, C1=1.4817643152220736, C2=1.2123428228998139
worker_3  | 5   10      2633.35 1516.19 0.0500674       5000
worker_14 | fuzzy inputs 8 5.868572981400968
worker_14 | g=7, diversidad=5.868572981400968, C1=1.7238095238095241, C2=1.451616240800385
worker_14 | 7   10      4100.01 989.377 1666.7          5000
worker_14 | defaultdict(<class 'deap.tools.support.Logbook'>, {})
worker_14 | poblacion enviada...  0.0056086159647256465
worker_12 | fuzzy inputs 7 6.548860335188827
worker_14 | poblacion recibida...  PSO PSO-7
worker_12 | g=6, diversidad=6.548860335188827, C1=1.516043909611181, C2=1.4766573416373667
worker_12 | 6   10      3000.16 1795.06 0.0555448       5000
worker_14 | primero diversidad 4.015308117559531
worker_8  | fuzzy inputs 6 9.127825723776303
worker_8  | g=5, diversidad=9.127825723776303, C1=1.4894308943089432, C2=1.4894308943089432
worker_8  | 5   10      2100.03 1505.89 0.0647911       5000
worker_5  | fuzzy inputs 6 5.2576924624827015
worker_5  | g=5, diversidad=5.2576924624827015, C1=1.4787821703943713, C2=1.2991553293332783
worker_5  | 5   10      2500.2  1565.14 0.102339        5000
worker_7  | fuzzy inputs 1 20.1500099794626
worker_7  | Traceback (most recent call last):
worker_7  |   File "worker.py", line 38, in <module>
worker_7  |     pob_evolucionada = main(mensaje_python)
worker_7  |   File "/Worker/algorithms/PSO.py", line 98, in main
worker_7  |     phi1, phi2 = fis_opt_Ajuste(g+1, diver, False)
worker_7  |   File "/Worker/lib/fisAjusteC1_C2.py", line 138, in fis_opt_Ajuste
worker_7  |     resultC1 = fuzz.defuzz(x_C1, aggregatedC1, 'centroid')
worker_7  |   File "/usr/local/lib/python3.7/site-packages/skfuzzy/defuzzify/defuzz.py", line 248, in defuzz
worker_7  |     assert not zero_truth_degree, 'Total area is zero in defuzzification!'
worker_7  | AssertionError: Total area is zero in defuzzification!
fuzzy-control_worker_7 exited with code 1
worker_10 | fuzzy inputs 7 5.160285652617034
worker_10 | g=6, diversidad=5.160285652617034, C1=1.4997798446275745, C2=1.2684172202650517
worker_10 | 6   10      3133.38 1713.93 0.0591396       5000
worker_4  | fuzzy inputs 2 6.871120952229571
worker_4  | g=1, diversidad=6.871120952229571, C1=1.2058383496609844, C2=1.4851576282701247
worker_4  | 1   10      2966.78 1417.73 666.714         5000
worker_15 | fuzzy inputs 6 6.328166911970847
worker_15 | g=5, diversidad=6.328166911970847, C1=1.4799330103074217, C2=1.4702241905210423
worker_15 | 5   10      2133.55 1477.38 0.00668854      5000
worker_13 | fuzzy inputs 1 5.472386764546011
worker_13 | g=0, diversidad=5.472386764546011, C1=1.2226333039721216, C2=1.5612882338503922
worker_13 | gen evals   avg     std     min             max
worker_13 | 0   10      2566.69 1989.14 0.00560862      5000
worker_11 | fuzzy inputs 4 4.561249082675824
worker_11 | g=3, diversidad=4.561249082675824, C1=1.4841777019373232, C2=1.2077268145770068
worker_11 | 3   10      3833.38 897.412 1667.13         5000
worker_9  | fuzzy inputs 2 7.429181090430461
worker_9  | g=1, diversidad=7.429181090430461, C1=1.1950016419187792, C2=1.4877214197223168
worker_9  | 1   10      2800.12 1536.26 0.00314181      5000
worker_3  | fuzzy inputs 7 5.09372526364563
worker_3  | g=6, diversidad=5.09372526364563, C1=1.5032372841886075, C2=1.246299924910961
worker_3  | 6   10      3066.99 1658.37 0.131377        5000
worker_16 | fuzzy inputs 7 6.875792365000133
worker_16 | g=6, diversidad=6.875792365000133, C1=1.5357165565420763, C2=1.4838249095225557
worker_16 | 6   10      2100.94 1861.94 0.00883441      5000
worker_14 | fuzzy inputs 1 4.015308117559531
worker_14 | g=0, diversidad=4.015308117559531, C1=1.20109816369801, C2=1.7469277096695848
worker_14 | gen evals   avg     std     min             max
worker_14 | 0   10      2633.34 1940.5  0.00560862      5000
worker_6  | fuzzy inputs 7 5.101553452215432
worker_6  | g=6, diversidad=5.101553452215432, C1=1.502835195323493, C2=1.248950404805679
worker_6  | 6   10      2433.36 1891.77 0.0248465       5000
worker_12 | fuzzy inputs 8 6.553303917258365
worker_12 | g=7, diversidad=6.553303917258365, C1=1.7378379182467512, C2=1.4767714137729948
worker_12 | 7   10      2733.42 1496.63 0.0226122       5000
worker_12 | defaultdict(<class 'deap.tools.support.Logbook'>, {})
worker_12 | poblacion enviada...  0.0056086159647256465
worker_12 | poblacion recibida...  PSO PSO-10
worker_12 | primero diversidad 5.367018385976949
worker_5  | fuzzy inputs 7 5.029266412521507
worker_5  | g=6, diversidad=5.029266412521507, C1=1.5065032663907436, C2=1.2239545525108124
worker_5  | 6   10      2600.22 1787.43 0.0202655       5000
worker_8  | fuzzy inputs 7 9.152584325605117
worker_8  | g=6, diversidad=9.152584325605117, C1=1.5602836879432629, C2=1.4879629629629632
worker_8  | 6   10      2733.38 1511.4  0.0415182       5000
worker_4  | fuzzy inputs 3 5.0503289580564195
worker_4  | g=2, diversidad=5.0503289580564195, C1=1.4257383966244728, C2=1.467820624668369
worker_4  | 2   10      3637.28 1610.78 666.723         5000
worker_15 | fuzzy inputs 7 6.767691377391279
worker_15 | g=6, diversidad=6.767691377391279, C1=1.5295532863002075, C2=1.4817017767525555
worker_15 | 6   10      2166.72 1499.98 0.0241968       5000
worker_3  | fuzzy inputs 8 5.7067053160657535
worker_3  | g=7, diversidad=5.7067053160657535, C1=1.723809523809524, C2=1.4201676668239493
worker_3  | 7   10      4066.78 1083.12 1666.7          5000
worker_3  | defaultdict(<class 'deap.tools.support.Logbook'>, {})
worker_3  | poblacion enviada...  0.0056086159647256465
worker_3  | poblacion recibida...  PSO PSO-9
worker_3  | primero diversidad 6.884895170544558
worker_11 | fuzzy inputs 5 5.901420006063445
worker_11 | g=4, diversidad=5.901420006063445, C1=1.4745098039215694, C2=1.4530190465214283
worker_11 | 4   10      3467.01 1087.25 1666.67         5000
worker_13 | fuzzy inputs 2 6.315082115379441
worker_13 | g=1, diversidad=6.315082115379441, C1=1.2161365793848629, C2=1.4797613233703513
worker_13 | 1   10      3426.37 1474.5  1666.73         5000
worker_9  | fuzzy inputs 3 6.202202058254858
worker_9  | g=2, diversidad=6.202202058254858, C1=1.4300388527976462, C2=1.4657234059482318
worker_9  | 2   10      3211.05 1448.28 0.0156391       5000
redis_1   | 1:M 12 Jun 2023 20:06:46.011 * 100 changes in 300 seconds. Saving...
redis_1   | 1:M 12 Jun 2023 20:06:46.012 * Background saving started by pid 16
redis_1   | 16:C 12 Jun 2023 20:06:46.014 * DB saved on disk
redis_1   | 16:C 12 Jun 2023 20:06:46.015 * Fork CoW for RDB: current 0 MB, peak 0 MB, average 0 MB
redis_1   | 1:M 12 Jun 2023 20:06:46.119 * Background saving terminated with success
worker_14 | fuzzy inputs 2 5.230174217483058
worker_14 | g=1, diversidad=5.230174217483058, C1=1.2174490003748302, C2=1.6381343312092154
worker_14 | 1   10      3533.65 1146.76 1667.68         5000
worker_10 | fuzzy inputs 8 5.368969469522261
worker_10 | g=7, diversidad=5.368969469522261, C1=1.7290315012427049, C2=1.332095248375269
worker_10 | 7   10      2500.81 1024.05 666.695         4000
worker_10 | defaultdict(<class 'deap.tools.support.Logbook'>, {})
worker_10 | poblacion enviada...  0.006179061720315185
worker_10 | poblacion recibida...  PSO PSO-0
worker_10 | primero diversidad 6.597384947124381
worker_16 | fuzzy inputs 8 6.466163222495864
worker_16 | g=7, diversidad=6.466163222495864, C1=1.7361804559764407, C2=1.474431603339028
worker_16 | 7   10      2933.61 1658.42 0.202862        5000
worker_16 | defaultdict(<class 'deap.tools.support.Logbook'>, {})
worker_16 | poblacion enviada...  0.005172527651901422
worker_16 | poblacion recibida...  PSO PSO-4
worker_16 | primero diversidad 6.058253891202782
worker_6  | fuzzy inputs 8 5.80037583451563
worker_6  | g=7, diversidad=5.80037583451563, C1=1.7238095238095241, C2=1.4423609215243298
worker_6  | 7   10      1900.14 1577.82 0.0224199       5000
worker_6  | defaultdict(<class 'deap.tools.support.Logbook'>, {})
worker_6  | poblacion enviada...  0.006488734150441637
worker_6  | poblacion recibida...  PSO PSO-5
worker_6  | primero diversidad 7.348435864122655
worker_12 | fuzzy inputs 1 5.367018385976949
worker_12 | g=0, diversidad=5.367018385976949, C1=1.2202261963889742, C2=1.5921613865823274
worker_12 | gen evals   avg     std     min             max
worker_12 | 0   10      2000.16 1632.96 0.00560862      5000
worker_3  | fuzzy inputs 1 6.884895170544558
worker_3  | g=0, diversidad=6.884895170544558, C1=1.205650210665929, C2=1.485255019624056
worker_3  | gen evals   avg     std     min             max
worker_3  | 0   10      3000.04 1943.63 0.00560862      5000
worker_4  | fuzzy inputs 4 4.081399060141509
worker_4  | g=3, diversidad=4.081399060141509, C1=1.486393340089192, C2=1.2021678907434583
worker_4  | 3   10      3333.61 1490.42 1666.74         5000
worker_8  | fuzzy inputs 8 7.344636880872641
worker_8  | g=7, diversidad=7.344636880872641, C1=1.7506141408930822, C2=1.487420057662985
worker_8  | 7   10      2533.37 1808.61 0.0274353       5000
worker_8  | defaultdict(<class 'deap.tools.support.Logbook'>, {})
worker_8  | poblacion enviada...  0.0037080876334134975
worker_8  | poblacion recibida...  PSO PSO-3
worker_8  | primero diversidad 7.5446435066691855
worker_15 | fuzzy inputs 8 6.397240780564258
worker_15 | g=7, diversidad=6.397240780564258, C1=1.7347556791407965, C2=1.4724140802520636
worker_15 | 7   10      2900.12 1862.07 0.0250551       5000
worker_15 | defaultdict(<class 'deap.tools.support.Logbook'>, {})
worker_15 | poblacion enviada...  0.0056086159647256465
worker_15 | poblacion recibida...  PSO PSO-2
worker_15 | primero diversidad 6.045111747912454
worker_9  | fuzzy inputs 4 5.570927989734342
worker_9  | g=3, diversidad=5.570927989734342, C1=1.474938387137112, C2=1.3866343853936924
worker_9  | 3   10      3633.43 1463.98 1666.68         5000
worker_11 | fuzzy inputs 6 6.232513322888163
worker_11 | g=5, diversidad=6.232513322888163, C1=1.4786063024946148, C2=1.4668726018703573
worker_11 | 5   10      2866.74 1606.84 0.0147683       5000
worker_13 | fuzzy inputs 3 6.4591795187793375
worker_13 | g=2, diversidad=6.4591795187793375, C1=1.4257383966244728, C2=1.47062156451955
worker_13 | 2   10      3400.14 1775.02 0.345474        5000
worker_5  | fuzzy inputs 8 4.860769664980506
worker_5  | g=7, diversidad=4.860769664980506, C1=1.7373724650045606, C2=1.2114467537676432
worker_5  | 7   10      1466.82 1431.33 0.00798948      5000
worker_5  | defaultdict(<class 'deap.tools.support.Logbook'>, {})
worker_5  | poblacion enviada...  0.0074357373791376245
worker_5  | poblacion recibida...  PSO PSO-15
worker_5  | primero diversidad 6.722017962105718
worker_14 | fuzzy inputs 3 5.10132220560118
worker_14 | g=2, diversidad=5.10132220560118, C1=1.4257383966244728, C2=1.4680086684757672
worker_14 | 2   10      3933.39 1218.27 1666.69         5000
worker_16 | fuzzy inputs 1 6.058253891202782
worker_16 | g=0, diversidad=6.058253891202782, C1=1.2237701580085212, C2=1.4756766855672845
worker_16 | gen evals   avg     std     min             max
worker_16 | 0   10      2333.51 2000.05 0.00517253      5000
worker_12 | fuzzy inputs 2 11.171890450398827
worker_12 | g=1, diversidad=11.171890450398827, C1=1.1936936936936937, C2=1.4897625799967094
worker_12 | 1   10      2000.01 1943.65 0.00464524      5000
worker_10 | fuzzy inputs 1 14.596713231874642
worker_10 | g=0, diversidad=14.596713231874642, C1=1.175268817204301, C2=1.6702698778570533
worker_10 | gen evals   avg     std     min             max
worker_10 | 0   10      1633.36 1260.06 0.00560862      3333.36
worker_11 | fuzzy inputs 7 6.093641155853196
worker_11 | g=6, diversidad=6.093641155853196, C1=1.4825192643789968, C2=1.4612069634541147
worker_11 | 6   10      3666.79 1452.88 1666.69         5000
worker_3  | fuzzy inputs 2 6.334790567094353
worker_3  | g=1, diversidad=6.334790567094353, C1=1.2156507580405818, C2=1.4800188142285637
worker_3  | 1   10      3300.11 1530.69 1333.53         5000
worker_6  | fuzzy inputs 1 18.56204838852871
worker_6  | g=0, diversidad=18.56204838852871, C1=1.175268817204301, C2=1.7650793650793657
worker_6  | gen evals   avg     std     min             max
worker_6  | 0   10      2100.17 1667.1  0.00560862      5000
worker_13 | fuzzy inputs 4 5.04366401521939
worker_13 | g=3, diversidad=5.04366401521939, C1=1.4807948223909806, C2=1.2290277323200713
worker_13 | 3   10      3166.78 1892.97 0.00881276      5000
worker_9  | fuzzy inputs 5 6.806398140365746
worker_9  | g=4, diversidad=6.806398140365746, C1=1.4846822248412932, C2=1.4824866427196335
worker_9  | 4   10      3467.03 1578.97 0.0755039       5000
worker_4  | fuzzy inputs 5 6.380346534688169
worker_4  | g=4, diversidad=6.380346534688169, C1=1.480589643178044, C2=1.4718947806467149
worker_4  | 4   10      3333.67 1971.94 0.03814         5000
worker_8  | fuzzy inputs 1 7.5446435066691855
worker_8  | g=0, diversidad=7.5446435066691855, C1=1.1928945998619933, C2=1.4881104055159196
worker_8  | gen evals   avg     std     min             max
worker_8  | 0   10      2033.37 1747.7  0.00370809      5000
worker_15 | fuzzy inputs 1 6.045111747912454
worker_15 | g=0, diversidad=6.045111747912454, C1=1.2242400158113906, C2=1.4754228653928234
worker_15 | gen evals   avg     std     min             max
worker_15 | 0   10      1733.35 1743.56 0.00560862      5000
worker_5  | fuzzy inputs 1 13.23961635364185
worker_5  | g=0, diversidad=13.23961635364185, C1=1.1821418101585102, C2=1.5373735273858553
worker_5  | gen evals   avg     std     min             max
worker_5  | 0   10      2300.03 1876.46 0.00517253      5000
worker_14 | fuzzy inputs 4 4.610567237369376
worker_14 | g=3, diversidad=4.610567237369376, C1=1.4838875565377785, C2=1.2082843881582208
worker_14 | 3   10      3266.7  1611.04 0.0354518       5000
worker_16 | fuzzy inputs 2 7.6805476951399285
worker_16 | g=1, diversidad=7.6805476951399285, C1=1.1936936936936937, C2=1.4879629629629632
worker_16 | 1   10      2833.68 749.083 1666.68         4000
worker_12 | fuzzy inputs 3 9.287519775097094
worker_12 | g=2, diversidad=9.287519775097094, C1=1.4257383966244728, C2=1.4788617886178865
worker_12 | 2   10      3400.05 1072.88 1666.68         5000
worker_4  | fuzzy inputs 6 6.268168127565238
worker_4  | g=5, diversidad=6.268168127565238, C1=1.4791208467484327, C2=1.4681687080259553
worker_4  | 5   10      3167.36 1383.98 1666.7          5000
worker_3  | fuzzy inputs 3 8.479020601066342
worker_3  | g=2, diversidad=8.479020601066342, C1=1.4257383966244728, C2=1.4788617886178865
worker_3  | 2   10      3166.95 1572.32 0.00522764      5000
worker_13 | fuzzy inputs 5 5.634833308402875
worker_13 | g=4, diversidad=5.634833308402875, C1=1.4745098039215692, C2=1.4026388375425647
worker_13 | 4   10      3400.18 1678.43 0.0140308       5000
worker_10 | fuzzy inputs 2 10.584440024377274
worker_10 | g=1, diversidad=10.584440024377274, C1=1.1936936936936937, C2=1.4879629629629632
worker_10 | 1   10      3700.07 1508.83 0.0591786       5000
worker_9  | fuzzy inputs 6 6.428755768716959
worker_9  | g=5, diversidad=6.428755768716959, C1=1.4811615340984485, C2=1.4733561827595885
worker_9  | 5   10      3366.8  1353.41 1334.56         5000
worker_11 | fuzzy inputs 8 5.203906742803882
worker_11 | g=7, diversidad=5.203906742803882, C1=1.732135190445653, C2=1.282413562687604
worker_11 | 7   10      2166.78 1301.67 0.0520986       5000
worker_11 | defaultdict(<class 'deap.tools.support.Logbook'>, {})
worker_11 | poblacion enviada...  0.0056086159647256465
worker_11 | poblacion recibida...  PSO PSO-6
worker_11 | primero diversidad 7.269360878445438
worker_6  | fuzzy inputs 2 13.882422219992545
worker_6  | g=1, diversidad=13.882422219992545, C1=1.1936936936936937, C2=1.5526463196898823
worker_6  | 1   10      2710.63 1673.66 0.0146792       5000
worker_15 | fuzzy inputs 2 6.703511886642815
worker_15 | g=1, diversidad=6.703511886642815, C1=1.2083364328041082, C2=1.4838604548585344
worker_15 | 1   10      3133.37 1927.55 0.0151393       5000
worker_8  | fuzzy inputs 2 7.37484172128424
worker_8  | g=1, diversidad=7.37484172128424, C1=1.196040367472337, C2=1.487529408010757
worker_8  | 1   10      2534.61 1351.45 0.046243        5000
worker_5  | fuzzy inputs 2 9.490393137826768
worker_5  | g=1, diversidad=9.490393137826768, C1=1.1936936936936937, C2=1.4879629629629632
worker_5  | 1   10      3300.3  1214.79 1666.77         5000
worker_14 | fuzzy inputs 5 5.4434067544754505
worker_14 | g=4, diversidad=5.4434067544754505, C1=1.4766597592457091, C2=1.3529415669998923
worker_14 | 4   10      2833.97 1832.92 0.14047         5000
worker_13 | fuzzy inputs 6 6.3852480184960925
worker_13 | g=5, diversidad=6.3852480184960925, C1=1.4806491227299408, C2=1.4720464950671917
worker_13 | 5   10      3500.32 1572    0.0324504       5000
worker_16 | fuzzy inputs 3 7.8364145803572995
worker_16 | g=2, diversidad=7.8364145803572995, C1=1.4257383966244728, C2=1.4788617886178865
worker_16 | 2   10      3201.73 1634.34 0.0264381       5000
worker_3  | fuzzy inputs 4 6.869840260427891
worker_3  | g=3, diversidad=6.869840260427891, C1=1.4851485076584041, C2=1.4837134286171505
worker_3  | 3   10      3233.35 1591.98 0.0290009       5000
worker_10 | fuzzy inputs 3 6.533235641110254
worker_10 | g=2, diversidad=6.533235641110254, C1=1.4257383966244728, C2=1.471731864940403
worker_10 | 2   10      2533.38 2061.29 0.0209747       5000
worker_15 | fuzzy inputs 3 5.461168421686862
worker_15 | g=2, diversidad=5.461168421686862, C1=1.4398328107186913, C2=1.456110532691051
worker_15 | 2   10      3200.34 1910.11 0.0193241       5000
worker_6  | fuzzy inputs 3 9.459889494049978
worker_6  | g=2, diversidad=9.459889494049978, C1=1.4257383966244728, C2=1.4788617886178865
worker_6  | 2   10      3866.76 979.587 1667.59         5000
worker_12 | fuzzy inputs 4 6.225353958262738
worker_12 | g=3, diversidad=6.225353958262738, C1=1.478499911094011, C2=1.4666051994476184
worker_12 | 3   10      1972.97 1537.35 0.00428272      4000
worker_5  | fuzzy inputs 3 6.057501551179799
worker_5  | g=2, diversidad=6.057501551179799, C1=1.444011072332639, C2=1.4595470299399196
worker_5  | 2   10      4003.88 1097.81 1702.57         5000
worker_11 | fuzzy inputs 1 7.269360878445438
worker_11 | g=0, diversidad=7.269360878445438, C1=1.1981495733716978, C2=1.4871390050230162
worker_11 | gen evals   avg     std     min             max
worker_11 | 0   10      1633.59 1828.7  0.00560862      5000
worker_9  | fuzzy inputs 7 6.496906212248483
worker_9  | g=6, diversidad=6.496906212248483, C1=1.5126136894254105, C2=1.4752825184295142
worker_9  | 6   10      2400.25 1749.73 0.0325453       5000
worker_4  | fuzzy inputs 7 6.185839471458522
worker_4  | g=6, diversidad=6.185839471458522, C1=1.489996611740845, C2=1.465083989159232
worker_4  | 6   10      3100.36 1646.82 0.01668         5000
worker_14 | fuzzy inputs 6 4.575069588972707
worker_14 | g=5, diversidad=4.575069588972707, C1=1.4840974532201003, C2=1.2078811009132473
worker_14 | 5   10      3334.23 1489.79 1666.71         5000
worker_13 | fuzzy inputs 7 6.373139500091008
worker_13 | g=6, diversidad=6.373139500091008, C1=1.5040615505181227, C2=1.4716701202024993
worker_13 | 6   10      3166.72 2034.35 0.0180939       5000
worker_8  | fuzzy inputs 3 6.346556940642124
worker_8  | g=2, diversidad=6.346556940642124, C1=1.4257383966244728, C2=1.468943787643915
worker_8  | 2   10      2366.93 1608.57 0.0125087       4000
worker_16 | fuzzy inputs 4 5.706963789843895
worker_16 | g=3, diversidad=5.706963789843895, C1=1.4745098039215687, C2=1.4202299091167006
worker_16 | 3   10      3839.32 1661.34 59.718          5000
worker_3  | fuzzy inputs 5 5.202431234627549
worker_3  | g=4, diversidad=5.202431234627549, C1=1.479341161992542, C2=1.2819463590767524
worker_10 | fuzzy inputs 4 6.228629153817983
worker_3  | 4   10      3066.69 1481.7  0.148101        5000
worker_10 | g=3, diversidad=6.228629153817983, C1=1.478548712999916, C2=1.4667278322695323
worker_10 | 3   10      2733.42 1976.42 0.0226024       5000
worker_6  | fuzzy inputs 4 7.643610796646558
worker_6  | g=3, diversidad=7.643610796646558, C1=1.488424722630849, C2=1.488424722630849
worker_6  | 3   10      3200.4  1454.19 0.00657008      5000
worker_15 | fuzzy inputs 4 4.678107710420144
worker_15 | g=3, diversidad=4.678107710420144, C1=1.4834724967514676, C2=1.2090807598606017
worker_15 | 3   10      3366.86 1311.87 1666.67         5000
worker_14 | fuzzy inputs 7 4.442077125433957
worker_14 | g=6, diversidad=4.442077125433957, C1=1.532978730857325, C2=1.206456244880251
worker_14 | 6   10      3167.31 1892.45 0.0918565       5000
worker_9  | fuzzy inputs 8 7.057871987105033
worker_9  | g=7, diversidad=7.057871987105033, C1=1.7455536845996087, C2=1.4862776789210326
worker_9  | 7   10      3600.06 1314.82 1333.56         5000
worker_9  | defaultdict(<class 'deap.tools.support.Logbook'>, {})
worker_9  | poblacion enviada...  0.003141812590296529
worker_9  | poblacion recibida...  PSO PSO-14
worker_9  | primero diversidad 5.110196963702719
worker_11 | fuzzy inputs 2 7.65816837798715
worker_11 | g=1, diversidad=7.65816837798715, C1=1.1936936936936937, C2=1.4879629629629632
worker_11 | 1   10      2900.29 1460.94 0.400838        5000
worker_12 | fuzzy inputs 5 6.303809980924252
worker_12 | g=4, diversidad=6.303809980924252, C1=1.4796110475446018, C2=1.4694079192004037
worker_12 | 4   10      2866.74 1700.95 0.0235361       5000
worker_5  | fuzzy inputs 4 5.657375412440898
worker_5  | g=3, diversidad=5.657375412440898, C1=1.4745098039215692, C2=1.4081845587479305
worker_5  | 3   10      2864.31 1740.91 0.0235709       5000
worker_13 | fuzzy inputs 8 6.547026115325662
worker_13 | g=7, diversidad=6.547026115325662, C1=1.7377234702772666, C2=1.4766100977867889
worker_13 | 7   10      3966.73 924.319 2333.34         5000
worker_13 | defaultdict(<class 'deap.tools.support.Logbook'>, {})
worker_13 | poblacion enviada...  0.0056086159647256465
worker_13 | poblacion recibida...  PSO PSO-8
worker_13 | primero diversidad 3.874646317402963
worker_16 | fuzzy inputs 5 6.95825190336084
worker_16 | g=4, diversidad=6.95825190336084, C1=1.4857528906744961, C2=1.4853097627786198
worker_16 | 4   10      2500.96 2006.46 0.00407821      5000
worker_4  | fuzzy inputs 8 5.759472272376856
worker_4  | g=7, diversidad=5.759472272376856, C1=1.723809523809524, C2=1.4327584736296113
worker_4  | 7   10      2866.95 1375.93 0.0401118       5000
worker_4  | defaultdict(<class 'deap.tools.support.Logbook'>, {})
worker_4  | poblacion enviada...  0.0056086159647256465
worker_4  | poblacion recibida...  PSO PSO-12
worker_4  | primero diversidad 6.303244016977309
worker_10 | fuzzy inputs 5 7.791628549211026
worker_10 | g=4, diversidad=7.791628549211026, C1=1.4888649872963553, C2=1.4888649872963553
worker_10 | 4   10      2500.38 1707.74 0.0178171       5000
worker_8  | fuzzy inputs 4 5.442179623551781
worker_8  | g=3, diversidad=5.442179623551781, C1=1.476675175984356, C2=1.3526052155581219
worker_8  | 3   10      2273.33 1149.68 65.2712         4000
worker_3  | fuzzy inputs 6 5.387849071061397
worker_3  | g=5, diversidad=5.387849071061397, C1=1.477337911627412, C2=1.3374692271176143
worker_3  | 5   10      2600.3  1878.32 0.0213931       5000
worker_15 | fuzzy inputs 5 6.050034037148748
worker_15 | g=4, diversidad=6.050034037148748, C1=1.4755185498626728, C2=1.4591932265216645
worker_15 | 4   10      3633.52 1177.77 1666.72         5000
worker_6  | fuzzy inputs 5 8.903705340714449
worker_6  | g=4, diversidad=8.903705340714449, C1=1.490665392113849, C2=1.490665392113849
worker_6  | 4   10      2633.56 1662.86 0.0510665       5000
worker_14 | fuzzy inputs 8 4.2125093992454135
worker_14 | g=7, diversidad=4.2125093992454135, C1=1.7443364881607777, C2=1.2042764600370217
worker_14 | 7   10      2877.8  1366.76 666.706         5000
worker_14 | defaultdict(<class 'deap.tools.support.Logbook'>, {})
worker_14 | poblacion enviada...  0.0056086159647256465
worker_14 | poblacion recibida...  PSO PSO-7
worker_14 | primero diversidad 5.194979014659345
worker_11 | fuzzy inputs 3 7.093763147094652
worker_11 | g=2, diversidad=7.093763147094652, C1=1.4257383966244728, C2=1.4788617886178865
worker_11 | 2   10      2466.78 2055.78 0.0865294       5000
worker_9  | fuzzy inputs 1 5.110196963702719
worker_9  | g=0, diversidad=5.110196963702719, C1=1.215287205518154, C2=1.6851958684647947
worker_9  | gen evals   avg     std     min             max
worker_9  | 0   10      1800.02 2045.05 0.00314181      5000
worker_12 | fuzzy inputs 6 7.430280120249899
worker_12 | g=5, diversidad=7.430280120249899, C1=1.4877252422308447, C2=1.4877252422308447
worker_12 | 5   10      3566.68 1164.74 666.731         5000
worker_5  | fuzzy inputs 5 7.180319243013595
worker_5  | g=4, diversidad=7.180319243013595, C1=1.4867899036273302, C2=1.4867899036273302
worker_5  | 4   10      2366.76 1601.67 0.0477058       5000
worker_4  | fuzzy inputs 1 7.088129640611218
worker_4  | g=0, diversidad=7.088129640611218, C1=1.2020894836191942, C2=1.4864079136615584
worker_4  | gen evals   avg     std     min             max
worker_4  | 0   10      2400.64 2042.64 0.00517253      5000
worker_13 | fuzzy inputs 1 3.874646317402963
worker_13 | g=0, diversidad=3.874646317402963, C1=1.1989194128604406, C2=1.7487151239312297
worker_13 | gen evals   avg     std     min             max
worker_13 | 0   10      1633.45 1894.14 0.00560862      5000
worker_10 | fuzzy inputs 6 7.820521017872157
worker_10 | g=5, diversidad=7.820521017872157, C1=1.4889470473093263, C2=1.4889470473093263
worker_10 | 5   10      3633.47 1311.72 1666.69         5000
worker_16 | fuzzy inputs 6 7.775427477344271
worker_16 | g=5, diversidad=7.775427477344271, C1=1.488818437814497, C2=1.488818437814497
worker_16 | 5   10      2100.3  1505.97 0.0295229       5000
worker_8  | fuzzy inputs 5 7.408943112561239
worker_8  | g=4, diversidad=7.408943112561239, C1=1.4876506024910439, C2=1.4876506024910439
worker_8  | 4   10      3200.64 1453.95 1666.67         5000
worker_9  | fuzzy inputs 2 5.303360686446576
worker_9  | g=1, diversidad=5.303360686446576, C1=1.2188891935831605, C2=1.6126402281771426
worker_9  | 1   10      3566.67 2038.78 0.0184876       5000
worker_15 | fuzzy inputs 6 6.127108982814856
worker_15 | g=5, diversidad=6.127108982814856, C1=1.4769252249026452, C2=1.462670912556426
worker_15 | 5   10      3533.37 653.138 2333.65         5000
worker_3  | fuzzy inputs 7 6.437260652381595
worker_3  | g=6, diversidad=6.437260652381595, C1=1.5085611189753074, C2=1.4736046794491333
worker_3  | 6   10      3200.06 1194.38 1666.73         5000
worker_6  | fuzzy inputs 6 10.089282013769491
worker_6  | g=5, diversidad=10.089282013769491, C1=1.4894308943089432, C2=1.4894308943089432
worker_6  | 5   10      2700.12 1682.73 0.0207467       5000
worker_14 | fuzzy inputs 1 6.698189319049316
worker_14 | g=0, diversidad=6.698189319049316, C1=1.2084226764232653, C2=1.4838155372421231
worker_14 | gen evals   avg     std     min             max
worker_14 | 0   10      1876.39 1572.99 0.00370809      5000
worker_11 | fuzzy inputs 4 6.214423190801556
worker_11 | g=3, diversidad=6.214423190801556, C1=1.4783354181931907, C2=1.4661921632657249
worker_11 | 3   10      2133.41 1087.31 0.0163677       3333.62
worker_13 | fuzzy inputs 2 5.411897403721233
worker_13 | g=1, diversidad=5.411897403721233, C1=1.2212202496495403, C2=1.578578065635793
worker_13 | 1   10      2966.86 1734.81 0.0268581       5000
worker_5  | fuzzy inputs 6 6.94083241260997
worker_5  | g=5, diversidad=6.94083241260997, C1=1.4856377334652346, C2=1.4850050600067657
worker_5  | 5   10      1334.12 1453.31 0.0105939       3334.86
worker_12 | fuzzy inputs 7 7.61117208770008
worker_12 | g=6, diversidad=7.61117208770008, C1=1.5602836879432629, C2=1.4879629629629632
worker_12 | 6   10      2466.7  1550.6  0.0342659       5000
worker_10 | fuzzy inputs 7 7.664626833104379
worker_10 | g=6, diversidad=7.664626833104379, C1=1.5602836879432629, C2=1.4879629629629632
worker_10 | 6   10      2400.48 1930.8  0.0399892       5000
worker_16 | fuzzy inputs 7 7.130780857359593
worker_16 | g=6, diversidad=7.130780857359593, C1=1.5473266620216128, C2=1.4865873498554938
worker_16 | 6   10      3133.56 1431.32 0.115484        5000
worker_9  | fuzzy inputs 3 4.841720578406317
worker_9  | g=2, diversidad=4.841720578406317, C1=1.4257383966244728, C2=1.467632850241546
worker_9  | 2   10      3466.92 1514.34 0.0476836       5000
worker_3  | fuzzy inputs 8 6.189453460727869
worker_3  | g=7, diversidad=6.189453460727869, C1=1.7297124692775951, C2=1.4652263988880598
worker_3  | 7   10      3500.01 1572.32 0.0217108       5000
worker_3  | defaultdict(<class 'deap.tools.support.Logbook'>, {})
worker_3  | poblacion enviada...  0.005227638690529374
worker_3  | poblacion recibida...  PSO PSO-9
worker_3  | primero diversidad 6.096222502551232
worker_4  | fuzzy inputs 2 6.7657203817977845
worker_4  | g=1, diversidad=6.7657203817977845, C1=1.2073616264318066, C2=1.484367532497195
worker_4  | 1   10      3000.42 988.768 1666.72         5000
worker_15 | fuzzy inputs 7 6.549995825265022
worker_15 | g=6, diversidad=6.549995825265022, C1=1.5161178716101984, C2=1.4766865422447062
worker_15 | 6   10      2900.05 1570.88 666.806         5000
worker_8  | fuzzy inputs 6 6.921368367383149
worker_8  | g=5, diversidad=6.921368367383149, C1=1.48550683782638, C2=1.4846590242492643
worker_8  | 5   10      1966.77 1985.75 0.00917638      5000
worker_6  | fuzzy inputs 7 8.606498941798348
worker_6  | g=6, diversidad=8.606498941798348, C1=1.5602836879432629, C2=1.4879629629629632
worker_6  | 6   10      3966.7  1545.17 0.267763        5000
worker_5  | fuzzy inputs 7 5.944063469585645
worker_5  | g=6, diversidad=5.944063469585645, C1=1.474509803921569, C2=1.4547069839454243
worker_5  | 6   10      2667.39 1332.67 3.95889         5000
worker_14 | fuzzy inputs 2 6.507282566479069
worker_14 | g=1, diversidad=6.507282566479069, C1=1.2118545534324798, C2=1.4820208229332439
worker_14 | 1   10      3466.83 1874.78 0.277997        5000
worker_13 | fuzzy inputs 3 5.062667088201746
worker_13 | g=2, diversidad=5.062667088201746, C1=1.4257383966244728, C2=1.4678663254666164
worker_13 | 2   10      3233.55 1095.94 1666.68         5000
worker_16 | fuzzy inputs 8 6.803284681530768
worker_16 | g=7, diversidad=6.803284681530768, C1=1.7418651649597565, C2=1.4824245620993852
worker_16 | 7   10      3800.15 1239.83 1666.69         5000
worker_16 | defaultdict(<class 'deap.tools.support.Logbook'>, {})
worker_16 | poblacion enviada...  0.0040782143879735345
worker_16 | poblacion recibida...  PSO PSO-4
worker_16 | primero diversidad 5.312441795377692
worker_9  | fuzzy inputs 4 4.470198063740006
worker_9  | g=3, diversidad=4.470198063740006, C1=1.484686796352043, C2=1.2067467429523484
worker_10 | fuzzy inputs 8 6.981542240653339
worker_9  | 3   10      4000.18 816.351 3333.35         5000
worker_10 | g=7, diversidad=6.981542240653339, C1=1.7442205457666045, C2=1.4857099942080332
worker_10 | 7   10      2800.13 1536.16 0.00814065      5000
worker_10 | defaultdict(<class 'deap.tools.support.Logbook'>, {})
worker_10 | poblacion enviada...  0.0056086159647256465
worker_10 | poblacion recibida...  PSO PSO-0
worker_10 | primero diversidad 7.094314549433586
worker_11 | fuzzy inputs 5 7.248747724708776
worker_11 | g=4, diversidad=7.248747724708776, C1=1.4870598394099388, C2=1.4870598394099388
worker_11 | 4   10      2366.81 1537.94 0.0761662       5000
worker_12 | fuzzy inputs 8 7.638921579511235
worker_12 | g=7, diversidad=7.638921579511235, C1=1.755156826573976, C2=1.4884102053461636
worker_12 | 7   10      2066.76 1331.64 0.0246823       4000
worker_12 | defaultdict(<class 'deap.tools.support.Logbook'>, {})
worker_12 | poblacion enviada...  0.004282718510497239
worker_12 | poblacion recibida...  PSO PSO-10
worker_12 | primero diversidad 6.588467174060312
worker_3  | fuzzy inputs 1 7.670050147198182
worker_3  | g=0, diversidad=7.670050147198182, C1=1.1907485236368007, C2=1.4885059000168641
worker_3  | gen evals   avg     std     min             max
worker_3  | 0   10      2533.37 1978.77 0.00370809      5000
worker_5  | fuzzy inputs 8 5.688248692619638
worker_5  | g=7, diversidad=5.688248692619638, C1=1.7238095238095241, C2=1.4157085599237553
worker_5  | 7   10      3866.86 1136.99 1666.68         5000
worker_5  | defaultdict(<class 'deap.tools.support.Logbook'>, {})
worker_5  | poblacion enviada...  0.005172527651901422
worker_5  | poblacion recibida...  PSO PSO-15
worker_5  | primero diversidad 5.275408655891688
worker_13 | fuzzy inputs 4 4.157552083835888
worker_13 | g=3, diversidad=4.157552083835888, C1=1.4861568995622507, C2=1.2034392478961906
worker_13 | 3   10      3633.45 1079.56 1666.74         5000
worker_15 | fuzzy inputs 8 5.718405750487088
worker_15 | g=7, diversidad=5.718405750487088, C1=1.7238095238095241, C2=1.4229795755997379
worker_15 | 7   10      2900.14 1535.06 0.467732        5000
worker_15 | defaultdict(<class 'deap.tools.support.Logbook'>, {})
worker_15 | poblacion enviada...  0.0056086159647256465
worker_15 | poblacion recibida...  PSO PSO-2
worker_15 | primero diversidad 5.246839673760469
worker_6  | fuzzy inputs 8 7.190814986362937
worker_6  | g=7, diversidad=7.190814986362937, C1=1.747985799921673, C2=1.4868320359810854
worker_6  | 7   10      3700.08 1393.91 1666.7          5000
worker_6  | defaultdict(<class 'deap.tools.support.Logbook'>, {})
worker_6  | poblacion enviada...  0.0056086159647256465
worker_6  | poblacion recibida...  PSO PSO-5
worker_6  | primero diversidad 6.763654903547163
worker_8  | fuzzy inputs 7 6.497616591891936
worker_8  | g=6, diversidad=6.497616591891936, C1=1.5126612081906132, C2=1.4753018427924771
worker_8  | 6   10      2033.41 1580.77 0.0401688       5000
worker_14 | fuzzy inputs 3 5.565278941213492
worker_14 | g=2, diversidad=5.565278941213492, C1=1.4473844054554028, C2=1.4498042517703547
worker_14 | 2   10      2800.22 1536.07 0.013941        5000
worker_9  | fuzzy inputs 5 6.762023672292021
worker_9  | g=4, diversidad=6.762023672292021, C1=1.4843382917863994, C2=1.4815844175536657
worker_9  | 4   10      3433.56 1095.68 1666.68         5000
worker_4  | fuzzy inputs 3 6.216247600557291
worker_4  | g=2, diversidad=6.216247600557291, C1=1.4287598526943095, C2=1.4662615065741498
worker_4  | 2   10      1966.88 1433.16 0.0965907       5000
worker_16 | fuzzy inputs 1 7.827808516633327
worker_16 | g=0, diversidad=7.827808516633327, C1=1.1882386105601894, C2=1.4889675545154952
worker_16 | gen evals   avg     std     min             max
worker_16 | 0   10      2366.73 2188.11 0.00314181      5000
worker_10 | fuzzy inputs 1 7.781184640522292
worker_10 | g=0, diversidad=7.781184640522292, C1=1.1889596830406737, C2=1.4888350240076442
worker_10 | gen evals   avg     std     min             max
worker_10 | 0   10      1233.4  1342.01 0.00522764      3333.34
worker_11 | fuzzy inputs 6 6.429532375097592
worker_11 | g=5, diversidad=6.429532375097592, C1=1.481170434154309, C2=1.4733789732116251
worker_11 | 5   10      2300.81 1478.68 0.051889        4000
worker_12 | fuzzy inputs 1 6.588467174060312
worker_12 | g=0, diversidad=6.588467174060312, C1=1.2103096794820207, C2=1.4828304915485238
worker_12 | gen evals   avg     std     min             max
worker_12 | 0   10      2166.69 1839.39 0.00428272      5000
worker_5  | fuzzy inputs 1 8.05912405771644
worker_5  | g=0, diversidad=8.05912405771644, C1=1.1848102579237594, C2=1.4895215569535467
worker_5  | gen evals   avg     std     min             max
worker_5  | 0   10      2134.23 1815.33 0.00370809      5000
worker_3  | fuzzy inputs 2 6.308825758206777
worker_3  | g=1, diversidad=6.308825758206777, C1=1.2162933124127933, C2=1.4796781906568341
worker_3  | 1   10      2800.16 1492.08 666.686         5000
worker_15 | fuzzy inputs 1 7.912921944222592
worker_15 | g=0, diversidad=7.912921944222592, C1=1.1869644314585235, C2=1.489201550905888
worker_15 | gen evals   avg     std     min             max
worker_15 | 0   10      2566.68 2124.19 0.00370809      5000
worker_13 | fuzzy inputs 5 5.084477363580958
worker_13 | g=4, diversidad=5.084477363580958, C1=1.4804410333611517, C2=1.2431514223825548
worker_13 | 4   10      3366.83 1224.26 1666.68         5000
worker_14 | fuzzy inputs 4 4.731042236342944
worker_14 | g=3, diversidad=4.731042236342944, C1=1.4831319401407186, C2=1.2097330862470486
worker_14 | 3   10      3133.36 1423.6  1333.39         5000
worker_9  | fuzzy inputs 6 5.699271299079184
worker_9  | g=5, diversidad=5.699271299079184, C1=1.4745098039215696, C2=1.4183750873215966
worker_9  | 5   10      2733.4  1671.94 0.0144391       5000
worker_6  | fuzzy inputs 1 7.572951692222191
worker_6  | g=0, diversidad=7.572951692222191, C1=1.192397696436076, C2=1.4882020410382486
