worker_6  | gen evals   avg     std     min             max
worker_6  | 0   10      2205.49 2015.28 0.00314181      5000
worker_4  | fuzzy inputs 4 6.098831461775001
worker_4  | g=3, diversidad=6.098831461775001, C1=1.4764283176576551, C2=1.4614384804259481
worker_4  | 3   10      3600.56 986.391 1333.5          5000
worker_10 | fuzzy inputs 2 6.143734414402825
worker_10 | g=1, diversidad=6.143734414402825, C1=1.220924909980268, C2=1.4772077156306422
worker_10 | 1   10      3466.71 1550.56 666.978         5000
worker_8  | fuzzy inputs 8 6.260649609315053
worker_8  | g=7, diversidad=6.260649609315053, C1=1.7315826034114867, C2=1.4679002228390756
worker_8  | 7   10      2266.89 1638.45 0.010979        5000
worker_8  | defaultdict(<class 'deap.tools.support.Logbook'>, {})
worker_8  | poblacion enviada...  0.0037080876334134975
worker_8  | poblacion recibida...  PSO PSO-3
worker_8  | primero diversidad 6.250800595840344
worker_16 | fuzzy inputs 2 6.633118306483213
worker_16 | g=1, diversidad=6.633118306483213, C1=1.2095157274350676, C2=1.4832454727799624
worker_16 | 1   10      3100.04 1926.68 0.0134162       5000
worker_11 | fuzzy inputs 7 6.415853664485836
worker_11 | g=6, diversidad=6.415853664485836, C1=1.5070757434640165, C2=1.4729745940464951
worker_11 | 6   10      2800.36 1771.05 0.049544        5000
worker_12 | fuzzy inputs 2 5.875536349917356
worker_12 | g=1, diversidad=5.875536349917356, C1=1.2259259259259263, C2=1.474509803921569
worker_12 | 1   10      3466.68 1514.35 0.0924672       5000
worker_5  | fuzzy inputs 2 6.5726529826196325
worker_5  | g=1, diversidad=6.5726529826196325, C1=1.2106000244648718, C2=1.4826785434743877
worker_5  | 1   10      2966.97 947.885 1666.84         5000
worker_13 | fuzzy inputs 6 5.3481898866052715
worker_13 | g=5, diversidad=5.3481898866052715, C1=1.4777983867201279, C2=1.3261103894142623
worker_13 | 5   10      2833.55 1674.79 0.393682        5000
worker_3  | fuzzy inputs 3 5.533086012398455
worker_3  | g=2, diversidad=5.533086012398455, C1=1.4450035132693804, C2=1.4517670071650657
worker_3  | 2   10      2800.18 1707.38 0.0292703       5000
worker_15 | fuzzy inputs 2 5.9671474350035325
worker_15 | g=1, diversidad=5.9671474350035325, C1=1.2259259259259263, C2=1.474509803921569
worker_15 | 1   10      2766.85 1738.51 0.0489092       5000
worker_9  | fuzzy inputs 7 4.997092404277307
worker_9  | g=6, diversidad=4.997092404277307, C1=1.5081040757689357, C2=1.2134469273678612
worker_9  | 6   10      2500.47 1707.83 0.00984111      5000
worker_14 | fuzzy inputs 5 5.4075285881449995
worker_14 | g=4, diversidad=5.4075285881449995, C1=1.4771022520805968, C2=1.3430075098673184
worker_14 | 4   10      2433.45 1844.23 0.0435767       5000
worker_6  | fuzzy inputs 2 6.70535942106262
worker_6  | g=1, diversidad=6.70535942106262, C1=1.208306604294446, C2=1.4838759881280017
worker_6  | 1   10      3266.96 1575.93 1333.98         5000
worker_11 | fuzzy inputs 8 6.839445649182842
worker_11 | g=7, diversidad=6.839445649182842, C1=1.742373290450117, C2=1.4831346247772683
worker_11 | 7   10      3700.19 1224.22 1666.68         5000
worker_11 | defaultdict(<class 'deap.tools.support.Logbook'>, {})
worker_11 | poblacion enviada...  0.0056086159647256465
worker_11 | poblacion recibida...  PSO PSO-6
worker_11 | primero diversidad 4.594918546332153
worker_10 | fuzzy inputs 3 4.184934693551393
worker_10 | g=2, diversidad=4.184934693551393, C1=1.4257383966244728, C2=1.467632850241546
worker_10 | 2   10      2301.17 1311.17 6.10262         5000
worker_4  | fuzzy inputs 5 5.707684888500386
worker_4  | g=4, diversidad=5.707684888500386, C1=1.4745098039215687, C2=1.4204035249126863
worker_4  | 4   10      2566.87 1782.83 0.0142782       5000
worker_16 | fuzzy inputs 3 6.189225682499329
worker_16 | g=2, diversidad=6.189225682499329, C1=1.431232059775702, C2=1.4652174432186447
worker_16 | 2   10      3033.47 1523.34 0.74791         5000
worker_8  | fuzzy inputs 1 6.250800595840344
worker_8  | g=0, diversidad=6.250800595840344, C1=1.217807761515167, C2=1.478873339585217
worker_8  | gen evals   avg     std     min             max
worker_8  | 0   10      1800.16 1579.04 0.00370809      5000
worker_6  | fuzzy inputs 3 5.732569155294299
worker_6  | g=2, diversidad=5.732569155294299, C1=1.4500000000000002, C2=1.4489170036566905
worker_6  | 2   10      4333.34 816.493 3333.34         5000
worker_12 | fuzzy inputs 3 4.688661687981739
worker_12 | g=2, diversidad=4.688661687981739, C1=1.4257383966244728, C2=1.467632850241546
worker_12 | 2   10      2700.05 1791.64 0.0673264       5000
worker_13 | fuzzy inputs 7 4.842624717399955
worker_13 | g=6, diversidad=4.842624717399955, C1=1.5155295902227692, C2=1.2111966053780518
worker_13 | 6   10      3740.95 1629.9  0.0505324       5000
worker_5  | fuzzy inputs 3 5.501558315748758
worker_5  | g=2, diversidad=5.501558315748758, C1=1.4427119925122476, C2=1.453678113720244
worker_5  | 2   10      2633.4  1369.92 0.0451511       5000
worker_9  | fuzzy inputs 8 5.4650484710729295
worker_9  | g=7, diversidad=5.4650484710729295, C1=1.7269997235450538, C2=1.3588343210360074
worker_9  | 7   10      3333.68 1673.32 0.0122784       5000
worker_9  | defaultdict(<class 'deap.tools.support.Logbook'>, {})
worker_9  | poblacion enviada...  0.003141812590296529
worker_9  | poblacion recibida...  PSO PSO-14
worker_9  | primero diversidad 4.947466826116066
worker_15 | fuzzy inputs 3 5.3719990644093425
worker_15 | g=2, diversidad=5.3719990644093425, C1=1.4336915328254562, C2=1.461418351858836
worker_15 | 2   10      2933.35 1665.33 0.0118279       5000
worker_11 | fuzzy inputs 1 7.011983840381114
worker_11 | g=0, diversidad=7.011983840381114, C1=1.2038775158876809, C2=1.486075334720239
worker_11 | gen evals   avg     std     min             max
worker_11 | 0   10      2633.63 2024.53 0.00314181      5000
worker_10 | fuzzy inputs 4 4.6199193067787965
worker_10 | g=3, diversidad=4.6199193067787965, C1=1.483831332600195, C2=1.2083923506691918
worker_10 | 3   10      2733.56 1604.02 0.105921        5000
worker_3  | fuzzy inputs 4 4.80027737158166
worker_3  | g=3, diversidad=4.80027737158166, C1=1.4826647433436437, C2=1.2106263842928247
worker_3  | 3   10      2500.08 1454.83 0.0823417       5000
worker_4  | fuzzy inputs 6 5.206161715739983
worker_4  | g=5, diversidad=5.206161715739983, C1=1.47930435523169, C2=1.2831267445555943
worker_4  | 5   10      3300.02 1709.11 0.0193656       5000
worker_16 | fuzzy inputs 4 5.313481774245833
worker_16 | g=3, diversidad=5.313481774245833, C1=1.4781862895736173, C2=1.3159464848630067
worker_16 | 3   10      3402.31 963.373 1668.11         5000
worker_14 | fuzzy inputs 6 4.973359690540326
worker_14 | g=5, diversidad=4.973359690540326, C1=1.4813751471780368, C2=1.213082556642129
worker_14 | 5   10      2400.09 1103.56 1333.4          5000
worker_8  | fuzzy inputs 2 6.475997196126503
worker_8  | g=1, diversidad=6.475997196126503, C1=1.212487894292376, C2=1.4816880471536966
worker_8  | 1   10      3833.37 1240.47 1666.79         5000
worker_11 | fuzzy inputs 2 6.130652619660387
worker_11 | g=1, diversidad=6.130652619660387, C1=1.221338084475193, C2=1.47698602220552
worker_11 | 1   10      4467.31 685.313 3333.39         5000
worker_6  | fuzzy inputs 4 5.089765105158411
worker_6  | g=3, diversidad=5.089765105158411, C1=1.4803942407051542, C2=1.2449539727978904
worker_6  | 3   10      3633.49 1508.8  0.100217        5000
worker_9  | fuzzy inputs 1 4.947466826116066
worker_9  | g=0, diversidad=4.947466826116066, C1=1.2126930648107297, C2=1.7361791001787126
worker_9  | gen evals   avg     std     min             max
worker_9  | 0   10      2696.58 1987.02 0.00314181      5000
worker_13 | fuzzy inputs 8 5.5814357658765665
worker_13 | g=7, diversidad=5.5814357658765665, C1=1.7242741898430183, C2=1.389303681806443
worker_13 | 7   10      2566.69 1795.35 0.0329888       5000
worker_13 | defaultdict(<class 'deap.tools.support.Logbook'>, {})
worker_13 | poblacion enviada...  0.0056086159647256465
worker_13 | poblacion recibida...  PSO PSO-8
worker_13 | primero diversidad 5.214052506322371
worker_5  | fuzzy inputs 4 5.4185789622824325
worker_5  | g=3, diversidad=5.4185789622824325, C1=1.4769677640120884, C2=1.346089392590228
worker_5  | 3   10      2500.39 1117.89 1666.68         5000
worker_12 | fuzzy inputs 4 4.743863832074062
worker_12 | g=3, diversidad=4.743863832074062, C1=1.4830473298421758, C2=1.2098950018111319
worker_12 | 3   10      2205.39 1357.71 0.17345         5000
worker_16 | fuzzy inputs 5 6.818553793641839
worker_16 | g=4, diversidad=6.818553793641839, C1=1.4847738196588203, C2=1.4827272997877738
worker_16 | 4   10      3340.3  1666.79 0.00675839      5000
worker_3  | fuzzy inputs 5 5.022691173280984
worker_3  | g=4, diversidad=5.022691173280984, C1=1.4809716921899587, C2=1.2216216071818407
worker_3  | 4   10      2566.83 1782.8  0.0291873       5000
worker_15 | fuzzy inputs 4 5.399413265960054
worker_15 | g=3, diversidad=5.399413265960054, C1=1.477200023257438, C2=1.3407314350017059
worker_15 | 3   10      2700.13 1251.12 667.069         5000
worker_10 | fuzzy inputs 5 6.3396720036143
worker_10 | g=4, diversidad=6.3396720036143, C1=1.4800815809877963, C2=1.4706014945356498
worker_10 | 4   10      2725.52 1266.17 0.0741088       4000
worker_4  | fuzzy inputs 7 5.99264612328302
worker_4  | g=6, diversidad=5.99264612328302, C1=1.474509803921569, C2=1.4564676293120176
worker_4  | 6   10      2767.09 1422.26 0.0704723       5000
worker_6  | fuzzy inputs 5 6.764270932532826
worker_6  | g=4, diversidad=6.764270932532826, C1=1.4843560804780846, C2=1.4816310266692456
worker_6  | 4   10      3733.81 1450.76 1666.69         5000
worker_14 | fuzzy inputs 7 4.676174926884213
worker_14 | g=6, diversidad=4.676174926884213, C1=1.5230793262689921, C2=1.2090574214313479
worker_14 | 6   10      2533.38 1927.56 0.0129719       5000
worker_11 | fuzzy inputs 3 4.795239966904711
worker_11 | g=2, diversidad=4.795239966904711, C1=1.4257383966244728, C2=1.467632850241546
worker_11 | 2   10      3167.33 1892.44 0.0771783       5000
worker_8  | fuzzy inputs 3 5.2314184129045405
worker_8  | g=2, diversidad=5.2314184129045405, C1=1.4257383966244728, C2=1.4684786045948446
worker_8  | 2   10      3266.75 1314.81 1666.7          5000
worker_9  | fuzzy inputs 2 5.710412037981702
worker_9  | g=1, diversidad=5.710412037981702, C1=1.225925925925926, C2=1.5016444925844
worker_9  | 1   10      4007.79 1101.08 1666.69         5000
worker_13 | fuzzy inputs 1 11.735428576291559
worker_13 | g=0, diversidad=11.735428576291559, C1=1.181783301502102, C2=1.4962219438056625
worker_13 | gen evals   avg     std     min             max
worker_13 | 0   10      2000.52 2211.35 0.00428272      5000
worker_16 | fuzzy inputs 6 7.443747776186726
worker_16 | g=5, diversidad=7.443747776186726, C1=1.487771891209492, C2=1.487771891209492
worker_16 | 5   10      3500.16 819.857 1666.68         5000
worker_6  | fuzzy inputs 6 6.2175910763429165
worker_6  | g=5, diversidad=6.2175910763429165, C1=1.4783833489340992, C2=1.4663124659415072
worker_6  | 5   10      4233.41 1085.69 1666.71         5000
worker_11 | fuzzy inputs 4 4.004562153347126
worker_11 | g=3, diversidad=4.004562153347126, C1=1.4866238566776002, C2=1.2009270913343926
worker_11 | 3   10      3666.87 1452.71 1666.68         5000
worker_5  | fuzzy inputs 5 5.9015398550304505
worker_5  | g=4, diversidad=5.9015398550304505, C1=1.4745098039215692, C2=1.4530239943695402
worker_5  | 4   10      1633.48 1709.08 0.0137849       5000
worker_10 | fuzzy inputs 6 5.634442894701371
worker_10 | g=5, diversidad=5.634442894701371, C1=1.4745098039215692, C2=1.4025423985531347
worker_10 | 5   10      2200.13 1745.99 0.0383469       5000
worker_15 | fuzzy inputs 5 5.622904427149518
worker_15 | g=4, diversidad=5.622904427149518, C1=1.4745098039215687, C2=1.3996861492961978
worker_15 | 4   10      3200.03 1910.19 0.0452853       5000
worker_9  | fuzzy inputs 3 4.450149340997169
worker_9  | g=2, diversidad=4.450149340997169, C1=1.4257383966244728, C2=1.467632850241546
worker_9  | 2   10      3334.38 1490.25 1666.7          5000
worker_8  | fuzzy inputs 4 5.133908267814635
worker_8  | g=3, diversidad=5.133908267814635, C1=1.479994691503848, C2=1.259764685259685
worker_8  | 3   10      2500.58 1707.7  0.00646097      5000
worker_3  | fuzzy inputs 6 6.052707596200781
worker_3  | g=5, diversidad=6.052707596200781, C1=1.4755702096481504, C2=1.4593203352219828
worker_3  | 5   10      2966.68 1277.57 1333.38         5000
worker_12 | fuzzy inputs 5 6.564927153660271
worker_12 | g=4, diversidad=6.564927153660271, C1=1.4826033289720337, C2=1.477067270833463
worker_12 | 4   10      2966.78 1516.09 666.829         5000
worker_14 | fuzzy inputs 8 5.020212167502961
worker_14 | g=7, diversidad=5.020212167502961, C1=1.7351149178323686, C2=1.2207394000629845
worker_14 | 7   10      2367.36 1259.52 3.94267         4000
worker_14 | defaultdict(<class 'deap.tools.support.Logbook'>, {})
worker_14 | poblacion enviada...  0.0037080876334134975
worker_14 | poblacion recibida...  PSO PSO-7
worker_14 | primero diversidad 4.799040553583148
worker_4  | fuzzy inputs 8 5.755006013296843
worker_4  | g=7, diversidad=5.755006013296843, C1=1.7238095238095241, C2=1.431701716726625
worker_4  | 7   10      2866.73 1606.85 0.0289245       5000
worker_4  | defaultdict(<class 'deap.tools.support.Logbook'>, {})
worker_4  | poblacion enviada...  0.005172527651901422
worker_4  | poblacion recibida...  PSO PSO-12
worker_4  | primero diversidad 5.645317866047058
worker_6  | fuzzy inputs 7 5.462141039799579
worker_6  | g=6, diversidad=5.462141039799579, C1=1.4829207241589375, C2=1.3580469496337546
worker_6  | 6   10      4000.07 1699.58 0.00454507      5000
worker_16 | fuzzy inputs 7 7.07050340878237
worker_16 | g=6, diversidad=7.07050340878237, C1=1.545088632798218, C2=1.4863323492372544
worker_16 | 6   10      3300.36 1974.39 0.0174208       5000
worker_3  | fuzzy inputs 7 5.662847556194168
worker_3  | g=6, diversidad=5.662847556194168, C1=1.4745098039215694, C2=1.4095241345176548
worker_3  | 6   10      4233.34 978.088 2333.34         5000
worker_13 | fuzzy inputs 2 9.169331075982011
worker_13 | g=1, diversidad=9.169331075982011, C1=1.1936936936936937, C2=1.4879629629629632
worker_13 | 1   10      2466.81 1375.92 0.0196776       5000
worker_11 | fuzzy inputs 5 5.5245259171003624
worker_11 | g=4, diversidad=5.5245259171003624, C1=1.475593373200603, C2=1.3746565089656781
worker_11 | 4   10      3133.57 1868.85 0.00589247      5000
worker_9  | fuzzy inputs 4 4.468986469503551
worker_9  | g=3, diversidad=4.468986469503551, C1=1.4846933499728867, C2=1.2067341118961243
worker_9  | 3   10      2666.69 2134.36 0.00607762      5000
worker_15 | fuzzy inputs 6 5.878110812539016
worker_15 | g=5, diversidad=5.878110812539016, C1=1.4745098039215692, C2=1.4520334057766846
worker_15 | 5   10      3266.8  1685.1  0.0616283       5000
worker_10 | fuzzy inputs 7 5.266214165930018
worker_10 | g=6, diversidad=5.266214165930018, C1=1.4940911259978344, C2=1.3017572612315989
worker_10 | 6   10      2000.21 1943.76 0.0111442       5000
worker_5  | fuzzy inputs 6 5.8435978455683735
worker_5  | g=5, diversidad=5.8435978455683735, C1=1.474509803921569, C2=1.4504833991385602
worker_5  | 5   10      1900.18 1706.63 0.011279        5000
worker_8  | fuzzy inputs 5 7.136822089172009
worker_8  | g=4, diversidad=7.136822089172009, C1=1.4866123833378753, C2=1.4866123833378753
worker_8  | 4   10      2167.04 1400.26 0.00480929      4000
worker_14 | fuzzy inputs 1 4.799040553583148
worker_14 | g=0, diversidad=4.799040553583148, C1=1.2106100092005507, C2=1.7381764726294797
worker_14 | gen evals   avg     std     min             max
worker_14 | 0   10      1900.13 1897.75 0.00370809      5000
worker_11 | fuzzy inputs 6 5.566960018626679
worker_11 | g=5, diversidad=5.566960018626679, C1=1.474995768245927, C2=1.3856223087162827
worker_11 | 5   10      3334.23 1666.43 0.0672089       5000
worker_16 | fuzzy inputs 8 6.393356540442154
worker_16 | g=7, diversidad=6.393356540442154, C1=1.7346721236018658, C2=1.4722955850939925
worker_16 | 7   10      3633.62 1303.3  1333.54         5000
worker_16 | defaultdict(<class 'deap.tools.support.Logbook'>, {})
worker_16 | poblacion enviada...  0.003141812590296529
worker_16 | poblacion recibida...  PSO PSO-4
worker_16 | primero diversidad 6.322885436905069
worker_4  | fuzzy inputs 1 8.084434395994611
worker_4  | g=0, diversidad=8.084434395994611, C1=1.184427866313107, C2=1.4895598948897875
worker_4  | gen evals   avg     std     min             max
worker_4  | 0   10      2233.36 1885.9  0.00314181      5000
worker_12 | fuzzy inputs 6 6.597506260241198
worker_12 | g=5, diversidad=6.597506260241198, C1=1.4829161507570634, C2=1.4778775529367616
worker_12 | 5   10      1800.09 791.619 0.0419567       3333.38
worker_6  | fuzzy inputs 8 5.925120457295167
worker_6  | g=7, diversidad=5.925120457295167, C1=1.7238095238095241, C2=1.4539747166606907
worker_6  | 7   10      2967.09 1417.15 2.88284         5000
worker_6  | defaultdict(<class 'deap.tools.support.Logbook'>, {})
worker_6  | poblacion enviada...  0.003141812590296529
worker_6  | poblacion recibida...  PSO PSO-5
worker_6  | primero diversidad 6.604954789888412
worker_3  | fuzzy inputs 8 5.076909206333952
worker_3  | g=7, diversidad=5.076909206333952, C1=1.7342422671047977, C2=1.240560716399991
worker_3  | 7   10      2300.11 1401.94 0.00757032      5000
worker_3  | defaultdict(<class 'deap.tools.support.Logbook'>, {})
worker_3  | poblacion enviada...  0.0037080876334134975
worker_3  | poblacion recibida...  PSO PSO-9
worker_3  | primero diversidad 5.468199600684813
worker_13 | fuzzy inputs 3 6.599498557889782
worker_13 | g=2, diversidad=6.599498557889782, C1=1.4257383966244728, C2=1.4727301145916654
worker_13 | 2   10      3066.76 727.098 1666.85         4000
worker_9  | fuzzy inputs 5 6.6505354242429675
worker_9  | g=4, diversidad=6.6505354242429675, C1=1.4834019572639545, C2=1.4791395394875981
worker_9  | 4   10      2933.37 1762.54 0.0124755       5000
worker_5  | fuzzy inputs 7 5.338128076371185
worker_5  | g=6, diversidad=5.338128076371185, C1=1.4900923384152136, C2=1.323185649203358
worker_5  | 6   10      3333.38 1549.17 0.0115717       5000
worker_11 | fuzzy inputs 7 5.158385316619638
worker_11 | g=6, diversidad=5.158385316619638, C1=1.4998797835068352, C2=1.267798686811876
worker_11 | 6   10      3833.81 1066.22 1671.4          5000
worker_4  | fuzzy inputs 2 6.537272441932063
worker_4  | g=1, diversidad=6.537272441932063, C1=1.2112678452472725, C2=1.4823286592897273
worker_4  | 1   10      4400.11 1062.22 1667.69         5000
worker_10 | fuzzy inputs 8 4.792034313138165
worker_10 | g=7, diversidad=4.792034313138165, C1=1.738265461239617, C2=1.210517541908712
worker_10 | 7   10      2333.44 1520.23 0.00950637      5000
worker_10 | defaultdict(<class 'deap.tools.support.Logbook'>, {})
worker_10 | poblacion enviada...  0.005227638690529374
worker_10 | poblacion recibida...  PSO PSO-0
worker_10 | primero diversidad 4.705308552756025
worker_15 | fuzzy inputs 7 5.816841431422523
worker_15 | g=6, diversidad=5.816841431422523, C1=1.4745098039215694, C2=1.4461882327095024
worker_15 | 6   10      1900.06 1897.66 0.0181278       5000
worker_8  | fuzzy inputs 6 6.611308769345615
worker_8  | g=5, diversidad=6.611308769345615, C1=1.4830453141538793, C2=1.4782126504787132
worker_8  | 5   10      3100.17 1468.42 1333.35         5000
worker_6  | fuzzy inputs 1 6.604954789888412
worker_6  | g=0, diversidad=6.604954789888412, C1=1.2100121423172723, C2=1.4829860972854538
worker_6  | gen evals   avg     std     min             max
worker_6  | 0   10      2233.35 2027.86 0.00314181      5000
worker_14 | fuzzy inputs 2 5.685853665208683
worker_14 | g=1, diversidad=5.685853665208683, C1=1.2259259259259263, C2=1.5073633942081013
worker_14 | 1   10      2166.84 1600.29 0.0372321       5000
worker_12 | fuzzy inputs 7 5.6644807315083385
worker_12 | g=6, diversidad=5.6644807315083385, C1=1.4745098039215687, C2=1.4099234328416272
worker_12 | 6   10      2433.56 1844.14 0.0801538       5000
worker_16 | fuzzy inputs 1 6.322885436905069
worker_16 | g=0, diversidad=6.322885436905069, C1=1.2159428007322008, C2=1.4798640633293156
worker_16 | gen evals   avg     std     min             max
worker_16 | 0   10      1866.71 1758.77 0.00314181      5000
worker_5  | fuzzy inputs 8 5.049587540462236
worker_5  | g=7, diversidad=5.049587540462236, C1=1.734667708368845, C2=1.2311010539515386
worker_5  | 7   10      3066.68 2128.1  0.0124415       5000
worker_5  | defaultdict(<class 'deap.tools.support.Logbook'>, {})
worker_5  | poblacion enviada...  0.0037080876334134975
worker_5  | poblacion recibida...  PSO PSO-15
worker_5  | primero diversidad 6.034752958056534
worker_13 | fuzzy inputs 4 5.800166163047749
worker_13 | g=3, diversidad=5.800166163047749, C1=1.474509803921569, C2=1.442312044763048
worker_13 | 3   10      2700.31 1888.27 0.0117587       5000
worker_11 | fuzzy inputs 8 4.8596241043251585
worker_11 | g=7, diversidad=4.8596241043251585, C1=1.7373877204199097, C2=1.211430855252579
worker_11 | 7   10      3100.16 1920.93 0.0335049       5000
worker_11 | defaultdict(<class 'deap.tools.support.Logbook'>, {})
worker_11 | poblacion enviada...  0.003141812590296529
worker_11 | poblacion recibida...  PSO PSO-6
worker_11 | primero diversidad 5.811196027540964
worker_3  | fuzzy inputs 1 5.468199600684813
worker_3  | g=0, diversidad=5.468199600684813, C1=1.2225326394675649, C2=1.5624494168408172
worker_3  | gen evals   avg     std     min             max
worker_3  | 0   10      1666.77 1498.16 0.00370809      5000
worker_9  | fuzzy inputs 6 6.398332749302824
worker_9  | g=5, diversidad=6.398332749302824, C1=1.480806135083247, C2=1.472447296833304
worker_9  | 5   10      2966.78 1669.66 0.0106402       5000
worker_4  | fuzzy inputs 3 4.968136316268368
worker_4  | g=2, diversidad=4.968136316268368, C1=1.4257383966244728, C2=1.467632850241546
worker_4  | 2   10      2908.81 1528.13 2.05045         5000
worker_15 | fuzzy inputs 8 5.3599745455001395
worker_15 | g=7, diversidad=5.3599745455001395, C1=1.729212631698664, C2=1.329513649956769
worker_15 | 7   10      2766.72 1563.79 0.0349356       5000
worker_15 | defaultdict(<class 'deap.tools.support.Logbook'>, {})
worker_15 | poblacion enviada...  0.0037080876334134975
worker_15 | poblacion recibida...  PSO PSO-2
worker_15 | primero diversidad 5.5813870342201
worker_8  | fuzzy inputs 7 6.579279942810293
worker_8  | g=6, diversidad=6.579279942810293, C1=1.5180107587465184, C2=1.4774276439710585
worker_8  | 6   10      3266.89 1314.8  666.836         5000
worker_10 | fuzzy inputs 1 7.345362345455018
worker_10 | g=0, diversidad=7.345362345455018, C1=1.1966172036880585, C2=1.487422706528822
worker_10 | gen evals   avg     std     min             max
worker_10 | 0   10      1800.02 1514.38 0.00314181      4000
worker_6  | fuzzy inputs 2 6.420271167573714
worker_6  | g=1, diversidad=6.420271167573714, C1=1.2136735497466127, C2=1.481063748043341
worker_6  | 1   10      3433.77 1659.85 666.746         5000
worker_12 | fuzzy inputs 8 5.727324691351793
worker_12 | g=7, diversidad=5.727324691351793, C1=1.7238095238095241, C2=1.4251153047093021
worker_12 | 7   10      3066.87 928.586 1666.68         5000
worker_12 | defaultdict(<class 'deap.tools.support.Logbook'>, {})
worker_12 | poblacion enviada...  0.004282718510497239
worker_12 | poblacion recibida...  PSO PSO-10
worker_12 | primero diversidad 3.8275210332793046
worker_16 | fuzzy inputs 2 6.508228359633632
worker_16 | g=1, diversidad=6.508228359633632, C1=1.2118357508023025, C2=1.4820306948889237
worker_16 | 1   10      2567.07 1932.43 0.0126142       5000
worker_5  | fuzzy inputs 1 6.034752958056534
worker_5  | g=0, diversidad=6.034752958056534, C1=1.224616954418505, C2=1.4752190371381073
worker_5  | gen evals   avg     std     min             max
worker_5  | 0   10      2300.02 2253.13 0.00370809      5000
worker_9  | fuzzy inputs 7 5.002693599032648
worker_9  | g=6, diversidad=5.002693599032648, C1=1.5078267720989116, C2=1.214463523494222
worker_9  | 6   10      3666.68 1247.21 1666.68         5000
worker_11 | fuzzy inputs 1 5.811196027540964
worker_11 | g=0, diversidad=5.811196027540964, C1=1.225925925925926, C2=1.4792213849673965
worker_11 | gen evals   avg     std     min             max
worker_11 | 0   10      1985.09 1579.05 0.00314181      4000
worker_14 | fuzzy inputs 3 5.687255645487703
worker_14 | g=2, diversidad=5.687255645487703, C1=1.4500000000000004, C2=1.4484709394491
worker_14 | 2   10      2200.23 1383.84 0.0183487       4000
worker_10 | fuzzy inputs 2 5.718265296882829
worker_10 | g=1, diversidad=5.718265296882829, C1=1.2259259259259263, C2=1.4998375121078722
worker_10 | 1   10      3734.05 1092.83 1666.69         5000
worker_4  | fuzzy inputs 4 5.330455494784744
worker_4  | g=3, diversidad=5.330455494784744, C1=1.4779982969571956, C2=1.3209435277470305
worker_4  | 3   10      3766.79 1460.65 1.27037         5000
worker_13 | fuzzy inputs 5 6.84262087474792
worker_13 | g=4, diversidad=6.84262087474792, C1=1.4849519753996594, C2=1.483195846896568
worker_13 | 4   10      2000.13 1183.18 0.0361264       3333.42
worker_8  | fuzzy inputs 8 5.293644127803262
worker_8  | g=7, diversidad=5.293644127803262, C1=1.7305039313592379, C2=1.3100410329617613
worker_8  | 7   10      3133.36 1579.01 666.676         5000
worker_8  | defaultdict(<class 'deap.tools.support.Logbook'>, {})
worker_8  | poblacion enviada...  0.0037080876334134975
worker_8  | poblacion recibida...  PSO PSO-3
worker_8  | primero diversidad 5.490201537819465
worker_3  | fuzzy inputs 2 5.175291135819567
worker_3  | g=1, diversidad=5.175291135819567, C1=1.2164311615966492, C2=1.6587852207418037
worker_3  | 1   10      2005.66 1548.01 0.22255         5000
worker_6  | fuzzy inputs 3 5.527622835610018
worker_6  | g=2, diversidad=5.527622835610018, C1=1.4446036161240547, C2=1.452098950609521
worker_6  | 2   10      3866.7  1221.97 1666.77         5000
worker_15 | fuzzy inputs 1 8.677649974100792
worker_15 | g=0, diversidad=8.677649974100792, C1=1.1761875200953218, C2=1.4903844517733464
worker_15 | gen evals   avg     std     min             max
worker_15 | 0   10      1833.37 1990.23 0.00314181      5000
worker_16 | fuzzy inputs 3 5.622579318950212
worker_16 | g=2, diversidad=5.622579318950212, C1=1.4500000000000002, C2=1.4478731366816884
worker_16 | 2   10      2733.66 2031.82 0.0087292       5000
worker_12 | fuzzy inputs 1 3.8275210332793046
worker_12 | g=0, diversidad=3.8275210332793046, C1=1.1982177238440743, C2=1.7492951247837019
worker_12 | gen evals   avg     std     min             max
worker_12 | 0   10      1933.43 1756.31 0.00428272      5000
worker_10 | fuzzy inputs 3 4.252162402318966
worker_10 | g=2, diversidad=4.252162402318966, C1=1.4257383966244728, C2=1.467632850241546
worker_10 | 2   10      3833.34 1301.7  1666.67         5000
worker_9  | fuzzy inputs 8 5.074200774764061
worker_9  | g=7, diversidad=5.074200774764061, C1=1.7342848592324323, C2=1.2396304759759853
worker_9  | 7   10      2871.57 1501.06 0.0262773       5000
worker_9  | defaultdict(<class 'deap.tools.support.Logbook'>, {})
worker_9  | poblacion enviada...  0.003141812590296529
worker_9  | poblacion recibida...  PSO PSO-14
worker_9  | primero diversidad 5.020468820258786
worker_5  | fuzzy inputs 2 5.2408675620194165
worker_5  | g=1, diversidad=5.2408675620194165, C1=1.2176533378237069, C2=1.634269392270043
worker_5  | 1   10      3166.68 1627.87 0.0146236       5000
worker_3  | fuzzy inputs 3 5.310114947846453
worker_3  | g=2, diversidad=5.310114947846453, C1=1.4295949528005414, C2=1.4650524880747824
worker_3  | 2   10      3300.41 1425.54 0.0122067       5000
worker_11 | fuzzy inputs 2 6.998721485037905
worker_11 | g=1, diversidad=6.998721485037905, C1=1.2041823239149747, C2=1.4860134296165686
worker_11 | 1   10      2989.87 1622.28 0.00307987      5000
worker_14 | fuzzy inputs 4 4.623185960636032
worker_14 | g=3, diversidad=4.623185960636032, C1=1.483811601143713, C2=1.2084302330682235
worker_14 | 3   10      3100.03 1838.16 0.00861895      5000
worker_6  | fuzzy inputs 4 4.4573919783950275
worker_6  | g=3, diversidad=4.4573919783950275, C1=1.484755783068231, C2=1.206613763582652
worker_6  | 3   10      2566.92 1317.01 0.0175728       5000
worker_15 | fuzzy inputs 2 7.166844175390676
worker_15 | g=1, diversidad=7.166844175390676, C1=1.2003261492802995, C2=1.48673541466723
worker_15 | 1   10      3633.76 1579.92 3.7             5000
worker_4  | fuzzy inputs 5 7.233166129086621
worker_4  | g=4, diversidad=7.233166129086621, C1=1.4869993478707264, C2=1.4869993478707264
worker_4  | 4   10      2966.87 1448.78 0.0216369       5000
worker_13 | fuzzy inputs 6 7.598402676867207
worker_13 | g=5, diversidad=7.598402676867207, C1=1.4882832300537814, C2=1.4882832300537814
worker_13 | 5   10      2800.18 1707.29 0.139612        5000
worker_16 | fuzzy inputs 4 5.5819823349112285
worker_16 | g=3, diversidad=5.5819823349112285, C1=1.4747771316826979, C2=1.3894420985625522
worker_16 | 3   10      3233.4  1789.16 0.0320039       5000
worker_8  | fuzzy inputs 1 8.848698551378844
worker_8  | g=0, diversidad=8.848698551378844, C1=1.175268817204301, C2=1.4904761904761905
worker_8  | gen evals   avg     std     min             max
worker_8  | 0   10      1533.35 1820.86 0.00314181      5000
worker_10 | fuzzy inputs 4 4.146553923078503
worker_10 | g=3, diversidad=4.146553923078503, C1=1.4861915531442749, C2=1.2032529972657
worker_10 | 3   10      4033.34 1463.99 0.0774625       5000
worker_11 | fuzzy inputs 3 5.377985642743118
worker_11 | g=2, diversidad=5.377985642743118, C1=1.4340948673246185, C2=1.461064654246711
worker_11 | 2   10      3633.44 1311.88 1666.67         5000
worker_5  | fuzzy inputs 3 4.036407024170142
worker_5  | g=2, diversidad=4.036407024170142, C1=1.4257383966244728, C2=1.467632850241546
worker_5  | 2   10      2166.84 1499.89 0.0299797       5000
worker_12 | fuzzy inputs 2 4.723598734789567
worker_12 | g=1, diversidad=4.723598734789567, C1=1.2096397988639846, C2=1.7391115651169577
worker_12 | 1   10      1866.87 1231.14 0.0291935       4000
worker_6  | fuzzy inputs 5 7.059787100300333
worker_6  | g=4, diversidad=7.059787100300333, C1=1.4862859958731984, C2=1.4862859958731984
worker_6  | 4   10      2733.73 1919.06 0.0606766       5000
worker_16 | fuzzy inputs 5 6.5974878783628
worker_16 | g=4, diversidad=6.5974878783628, C1=1.4829159774278786, C2=1.47787710346676
worker_16 | 4   10      3501.07 1739.94 0.00739662      5000
worker_15 | fuzzy inputs 3 5.384556906004612
worker_15 | g=2, diversidad=5.384556906004612, C1=1.43453905102981, C2=1.4606759755815197
worker_15 | 2   10      3800.18 1359.65 1333.52         5000
worker_10 | fuzzy inputs 5 5.957763886812109
worker_10 | g=4, diversidad=5.957763886812109, C1=1.4745098039215692, C2=1.4552200556582218
worker_10 | 4   10      3566.71 2038.72 0.0222426       5000
worker_3  | fuzzy inputs 4 4.62022594166341
worker_3  | g=3, diversidad=4.62022594166341, C1=1.4838294824899414, C2=1.2083959028348923
worker_3  | 3   10      2633.37 1516.19 0.012349        5000
worker_4  | fuzzy inputs 6 6.779105285683808
worker_4  | g=5, diversidad=6.779105285683808, C1=1.4844724988961755, C2=1.4819362094582245
worker_4  | 5   10      3500.13 1892.91 0.0071669       5000
worker_14 | fuzzy inputs 5 4.894101692203969
worker_14 | g=4, diversidad=4.894101692203969, C1=1.4819887095007644, C2=1.2119157126237723
worker_14 | 4   10      2200.15 1579.1  0.00872592      5000
worker_9  | fuzzy inputs 1 5.020468820258786
worker_9  | g=0, diversidad=5.020468820258786, C1=1.2138129332046963, C2=1.7255080953299358
worker_9  | gen evals   avg     std     min             max
worker_9  | 0   10      1233.41 1282.81 0.00314181      4000
worker_11 | fuzzy inputs 4 4.813949825607582
worker_11 | g=3, diversidad=4.813949825607582, C1=1.4825694051633838, C2=1.2108084470288973
worker_11 | 3   10      3848.73 1276.74 1666.72         5000
worker_8  | fuzzy inputs 2 7.718783774172562
worker_8  | g=1, diversidad=7.718783774172562, C1=1.1936936936936937, C2=1.4879629629629632
worker_8  | 1   10      2100.14 1535.18 0.0189595       5000
worker_13 | fuzzy inputs 7 6.853772708266108
worker_13 | g=6, diversidad=6.853772708266108, C1=1.5344865331679964, C2=1.4834094589552105
worker_13 | 6   10      2300.2  1552.26 0.0358899       5000
worker_16 | fuzzy inputs 6 6.6715246948148605
worker_16 | g=5, diversidad=6.6715246948148605, C1=1.48358669524624, C2=1.4796206001710568
worker_16 | 5   10      4133.34 1146.97 1666.67         5000
worker_15 | fuzzy inputs 4 5.37405061888015
worker_15 | g=3, diversidad=5.37405061888015, C1=1.4775002740164769, C2=1.3335474855224554
worker_15 | 3   10      2900.16 1706.54 0.0156514       5000
worker_10 | fuzzy inputs 6 6.187398623570477
worker_10 | g=5, diversidad=6.187398623570477, C1=1.477917723615489, C2=1.4651455107728133
worker_10 | 5   10      3333.7  1490.71 0.0107397       5000
worker_5  | fuzzy inputs 4 4.846017192901139
worker_5  | g=3, diversidad=4.846017192901139, C1=1.4823416312420856, C2=1.21124310429548
worker_5  | 3   10      2733.51 1372.74 0.205745        5000
worker_6  | fuzzy inputs 6 6.739629964248835
worker_6  | g=5, diversidad=6.739629964248835, C1=1.48415879390681, C2=1.4811144418027065
worker_6  | 5   10      3300.05 1463.94 666.994         5000
worker_12 | fuzzy inputs 3 4.373191609045195
worker_12 | g=2, diversidad=4.373191609045195, C1=1.4257383966244728, C2=1.467632850241546
worker_12 | 2   10      3066.72 1380.82 0.0268311       5000
worker_3  | fuzzy inputs 5 5.364507140402964
worker_3  | g=4, diversidad=5.364507140402964, C1=1.4776112150874305, C2=1.3308162578757412
worker_3  | 4   10      2866.8  1707.4  0.36493         5000
worker_8  | fuzzy inputs 3 6.265041539140155
worker_8  | g=2, diversidad=6.265041539140155, C1=1.4257383966244728, C2=1.467737434282527
worker_8  | 2   10      3067.39 1847.84 3.86129         5000
worker_4  | fuzzy inputs 7 7.1745690369864334
worker_4  | g=6, diversidad=7.1745690369864334, C1=1.548929929562261, C2=1.4867667064447627
worker_4  | 6   10      2633.67 1552.21 0.0331166       5000
worker_10 | fuzzy inputs 7 5.761630633958148
worker_10 | g=6, diversidad=5.761630633958148, C1=1.474509803921569, C2=1.4332685741327345
worker_10 | 6   10      4066.77 785.892 3333.34         5000
worker_13 | fuzzy inputs 8 6.174215643515602
worker_13 | g=7, diversidad=6.174215643515602, C1=1.7292902356682036, C2=1.4646213209651011
worker_13 | 7   10      3200.15 1634.26 0.0718516       5000
worker_13 | defaultdict(<class 'deap.tools.support.Logbook'>, {})
worker_13 | poblacion enviada...  0.004282718510497239
worker_13 | poblacion recibida...  PSO PSO-8
worker_13 | primero diversidad 6.454313604234262
worker_11 | fuzzy inputs 5 5.859170206895662
worker_11 | g=4, diversidad=5.859170206895662, C1=1.4745098039215692, C2=1.4511967565409922
worker_11 | 4   10      2933.35 1781.37 0.00656652      5000
worker_15 | fuzzy inputs 5 6.743124839006931
worker_15 | g=4, diversidad=6.743124839006931, C1=1.48418707771841, C2=1.4811884561471598
worker_15 | 4   10      2733.53 1830.55 0.0348153       5000
worker_9  | fuzzy inputs 2 5.744020164433118
worker_9  | g=1, diversidad=5.744020164433118, C1=1.225925925925926, C2=1.4939840759646648
worker_9  | 1   10      1871.17 1230.38 0.0783044       4000
worker_14 | fuzzy inputs 6 5.785049464969704
worker_14 | g=5, diversidad=5.785049464969704, C1=1.4745098039215687, C2=1.438778837766065
worker_14 | 5   10      2633.35 1608.64 0.044963        5000
worker_16 | fuzzy inputs 7 6.3100410287640365
worker_16 | g=6, diversidad=6.3100410287640365, C1=1.4994819144075244, C2=1.4696190428862768
worker_16 | 6   10      2405.06 1378.18 0.00841725      5000
worker_8  | fuzzy inputs 4 5.9258950002656094
worker_8  | g=3, diversidad=5.9258950002656094, C1=1.4745098039215696, C2=1.4540051943227668
worker_8  | 3   10      4433.34 943.377 2333.43         5000
worker_5  | fuzzy inputs 5 5.705510485101587
worker_5  | g=4, diversidad=5.705510485101587, C1=1.4745098039215687, C2=1.4198798698859678
worker_5  | 4   10      2866.7  1431.36 666.77          5000
worker_3  | fuzzy inputs 6 5.556271566629584
worker_3  | g=5, diversidad=5.556271566629584, C1=1.4751490355355534, C2=1.3828848605672146
worker_3  | 5   10      2633.67 1689.33 0.0068187       5000
worker_10 | fuzzy inputs 8 5.001091222682211
worker_10 | g=7, diversidad=5.001091222682211, C1=1.7354004974592816, C2=1.2138858285572252
worker_10 | 7   10      2566.95 2175.55 0.00679796      5000
worker_10 | defaultdict(<class 'deap.tools.support.Logbook'>, {})
worker_10 | poblacion enviada...  0.003141812590296529
worker_10 | poblacion recibida...  PSO PSO-0
worker_10 | primero diversidad 5.306883658616033
worker_6  | fuzzy inputs 7 5.82871772588363
worker_6  | g=6, diversidad=5.82871772588363, C1=1.4745098039215692, C2=1.448935369992969
worker_6  | 6   10      2600.3  1711.22 0.0810056       5000
worker_11 | fuzzy inputs 6 6.055858747086435
worker_11 | g=5, diversidad=6.055858747086435, C1=1.4756308184669462, C2=1.4594695218592713
worker_11 | 5   10      3566.69 1577.95 0.0313952       5000
worker_15 | fuzzy inputs 6 5.517803929282952
worker_15 | g=5, diversidad=5.517803929282952, C1=1.475685428755379, C2=1.3728951428694245
worker_15 | 5   10      2800.2  1973.18 0.0071588       5000
worker_12 | fuzzy inputs 4 4.219893043204401
worker_12 | g=3, diversidad=4.219893043204401, C1=1.4859312244863034, C2=1.2043416707069077
worker_12 | 3   10      2900.13 1490.93 667.205         5000
worker_4  | fuzzy inputs 8 6.3681275913392295
worker_4  | g=7, diversidad=6.3681275913392295, C1=1.7341204769348777, C2=1.4715127650830413
worker_4  | 7   10      1753.05 1504.36 0.00711842      5000
worker_4  | defaultdict(<class 'deap.tools.support.Logbook'>, {})
worker_4  | poblacion enviada...  0.003141812590296529
worker_4  | poblacion recibida...  PSO PSO-12
worker_4  | primero diversidad 5.393952986328657
worker_9  | fuzzy inputs 3 5.203307267638381
worker_9  | g=2, diversidad=5.203307267638381, C1=1.4257383966244728, C2=1.4683782339916969
worker_9  | 2   10      2801.23 1117.57 1666.75         5000
worker_13 | fuzzy inputs 1 10.071401907806532
worker_13 | g=0, diversidad=10.071401907806532, C1=1.175268817204301, C2=1.4904761904761905
worker_13 | gen evals   avg     std     min             max
worker_13 | 0   10      1600.07 1209.23 0.00407821      3333.34
worker_16 | fuzzy inputs 8 6.24034382056791
worker_16 | g=7, diversidad=6.24034382056791, C1=1.7310657718233757, C2=1.4671622852482673
worker_16 | 7   10      3400.26 1866.56 0.0412347       5000
worker_16 | defaultdict(<class 'deap.tools.support.Logbook'>, {})
worker_16 | poblacion enviada...  0.003141812590296529
worker_16 | poblacion recibida...  PSO PSO-4
worker_16 | primero diversidad 6.4872564844370615
worker_14 | fuzzy inputs 7 5.245581353645597
worker_14 | g=6, diversidad=5.245581353645597, C1=1.4952176571725841, C2=1.2954339360113138
worker_14 | 6   10      2833.38 1335.39 1333.34         5000
worker_8  | fuzzy inputs 5 6.62124244921438
worker_8  | g=4, diversidad=6.62124244921438, C1=1.483137071079662, C2=1.4784508917742893
worker_8  | 4   10      3400.17 1348.18 666.923         5000
worker_6  | fuzzy inputs 8 4.99480314031996
worker_6  | g=7, diversidad=4.99480314031996, C1=1.73549348244611, C2=1.2134114667150186
worker_6  | 7   10      3734.14 1371.7  1666.79         5000
worker_6  | defaultdict(<class 'deap.tools.support.Logbook'>, {})
worker_6  | poblacion enviada...  0.003141812590296529
worker_6  | poblacion recibida...  PSO PSO-5
worker_6  | primero diversidad 3.842258955781108
worker_11 | fuzzy inputs 7 5.5921577826965025
worker_11 | g=6, diversidad=5.5921577826965025, C1=1.4750013132765853, C2=1.3920113046094176
worker_11 | 6   10      3803.9  1626.44 0.0362522       5000
worker_15 | fuzzy inputs 7 5.490406158298982
worker_15 | g=6, diversidad=5.490406158298982, C1=1.481235050347347, C2=1.3656459127729383
worker_15 | 6   10      3733.4  1245.4  1666.7          5000
worker_5  | fuzzy inputs 6 5.331436179716212
worker_5  | g=5, diversidad=5.331436179716212, C1=1.477987336307397, C2=1.3212306842259796
worker_5  | 5   10      2466.72 1880.87 0.0386429       5000
worker_3  | fuzzy inputs 7 5.332757543710292
worker_3  | g=6, diversidad=5.332757543710292, C1=1.4903949208005545, C2=1.321617328426271
worker_3  | 6   10      2033.4  1642.8  0.0438919       5000
worker_12 | fuzzy inputs 5 5.240020594119743
worker_12 | g=4, diversidad=5.240020594119743, C1=1.478964190996455, C2=1.2937159560502212
worker_12 | 4   10      3133.35 1613.81 0.0316776       5000
worker_10 | fuzzy inputs 1 5.306883658616033
worker_10 | g=0, diversidad=5.306883658616033, C1=1.2189610607747121, C2=1.611467463660227
worker_10 | gen evals   avg     std     min             max
worker_10 | 0   10      1300.06 1702.57 0.00314181      4000
worker_9  | fuzzy inputs 4 4.681580320135383
worker_9  | g=3, diversidad=4.681580320135383, C1=1.4834505775882447, C2=1.209122775123902
worker_9  | 3   10      3533.39 1439.05 1333.83         5000
worker_8  | fuzzy inputs 6 7.216306165875977
worker_8  | g=5, diversidad=7.216306165875977, C1=1.4869332530936916, C2=1.4869332530936916
worker_8  | 5   10      3466.72 1620.67 0.0109131       5000
worker_16 | fuzzy inputs 1 6.4872564844370615
worker_16 | g=0, diversidad=6.4872564844370615, C1=1.212257386772332, C2=1.4818092193213812
worker_16 | gen evals   avg     std     min             max
worker_16 | 0   10      2333.44 2380.37 0.00314181      5000
worker_6  | fuzzy inputs 1 3.842258955781108
worker_6  | g=0, diversidad=3.842258955781108, C1=1.198435700359552, C2=1.7491147218587753
worker_6  | gen evals   avg     std     min             max
worker_6  | 0   10      2666.67 2260.77 0.00314181      5000
worker_4  | fuzzy inputs 1 5.393952986328657
worker_4  | g=0, diversidad=5.393952986328657, C1=1.2208174509890224, C2=1.583928671792418
worker_4  | gen evals   avg     std     min             max
worker_4  | 0   10      1800.24 1752.43 0.00314181      5000
worker_13 | fuzzy inputs 2 9.06906370717815
worker_13 | g=1, diversidad=9.06906370717815, C1=1.1936936936936937, C2=1.4879629629629632
worker_13 | 1   10      2566.83 1844.05 0.00562371      5000
worker_14 | fuzzy inputs 8 4.410124263456821
worker_14 | g=7, diversidad=4.410124263456821, C1=1.7425173028656706, C2=1.2061327940030937
worker_14 | 7   10      3133.37 1777.59 0.0308831       5000
worker_14 | defaultdict(<class 'deap.tools.support.Logbook'>, {})
worker_14 | poblacion enviada...  0.0037080876334134975
worker_14 | poblacion recibida...  PSO PSO-7
worker_14 | primero diversidad 4.375693743038324
worker_9  | fuzzy inputs 5 6.489472561091465
worker_9  | g=4, diversidad=6.489472561091465, C1=1.4818328800512923, C2=1.4750793983313693
worker_9  | 4   10      4500.13 763.568 3333.38         5000
worker_11 | fuzzy inputs 8 5.407163690117157
worker_11 | g=7, diversidad=5.407163690117157, C1=1.7282455269724548, C2=1.3429054010469892
worker_11 | 7   10      2800.27 1606.99 0.0105191       5000
worker_11 | defaultdict(<class 'deap.tools.support.Logbook'>, {})
worker_11 | poblacion enviada...  0.0030798652165077377
worker_11 | poblacion recibida...  PSO PSO-6
worker_11 | primero diversidad 5.0912946488637365
worker_12 | fuzzy inputs 6 5.802646065331086
worker_12 | g=5, diversidad=5.802646065331086, C1=1.4745098039215687, C2=1.442889911513422
worker_12 | 5   10      2400.03 2042.84 0.0546116       5000
worker_3  | fuzzy inputs 8 5.13501399079538
worker_3  | g=7, diversidad=5.13501399079538, C1=1.7333056109884515, C2=1.2601303177849659
worker_3  | 7   10      3033.6  1328.69 1666.68         5000
worker_3  | defaultdict(<class 'deap.tools.support.Logbook'>, {})
worker_3  | poblacion enviada...  0.0037080876334134975
worker_3  | poblacion recibida...  PSO PSO-9
worker_3  | primero diversidad 5.186214474947298
worker_15 | fuzzy inputs 8 5.531645018916657
worker_15 | g=7, diversidad=5.531645018916657, C1=1.7254784619859012, C2=1.3765146201656824
worker_15 | 7   10      2933.98 1103.38 1333.44         5000
worker_15 | defaultdict(<class 'deap.tools.support.Logbook'>, {})
worker_15 | poblacion enviada...  0.003141812590296529
worker_15 | poblacion recibida...  PSO PSO-2
worker_15 | primero diversidad 5.710995310688017
worker_5  | fuzzy inputs 7 6.224422913146487
worker_5  | g=6, diversidad=6.224422913146487, C1=1.4930128452592821, C2=1.466570244286326
worker_5  | 6   10      2233.68 1414.48 0.179128        5000
worker_10 | fuzzy inputs 2 5.149412133962979
worker_10 | g=1, diversidad=5.149412133962979, C1=1.2159684430385107, C2=1.6690231124862176
worker_10 | 1   10      2000.05 1632.96 0.0169095       5000
worker_13 | fuzzy inputs 3 6.487302583177122
worker_13 | g=2, diversidad=6.487302583177122, C1=1.4257383966244728, C2=1.471042541908614
worker_13 | 2   10      3666.69 1632.97 0.106076        5000
worker_16 | fuzzy inputs 2 6.664732813479092
worker_16 | g=1, diversidad=6.664732813479092, C1=1.2089755633931683, C2=1.4835273678811458
worker_16 | 1   10      3566.74 1577.95 0.0101568       5000
worker_6  | fuzzy inputs 2 5.39411691286542
worker_6  | g=1, diversidad=5.39411691286542, C1=1.2208210980337935, C2=1.583879314241321
worker_6  | 1   10      3166.79 1376.38 0.0361792       5000
worker_14 | fuzzy inputs 1 4.375693743038324
worker_14 | g=0, diversidad=4.375693743038324, C1=1.2057919126580081, C2=1.7428505032178399
worker_14 | gen evals   avg     std     min             max
worker_14 | 0   10      2166.68 2114.76 0.00370809      5000
worker_8  | fuzzy inputs 7 6.114481425337686
worker_8  | g=6, diversidad=6.114481425337686, C1=1.4842437417153103, C2=1.4621265089087636
worker_8  | 6   10      3233.64 1054.44 1667.93         5000
worker_4  | fuzzy inputs 2 6.244724485571604
worker_4  | g=1, diversidad=6.244724485571604, C1=1.2179729894350702, C2=1.4787853567059317
worker_4  | 1   10      2733.66 1919.36 0.0195061       5000
worker_3  | fuzzy inputs 1 5.186214474947298
worker_3  | g=0, diversidad=5.186214474947298, C1=1.2166297186151362, C2=1.6545627566096375
worker_3  | gen evals   avg     std     min             max
worker_3  | 0   10      1833.49 2034.52 0.00370809      5000
worker_11 | fuzzy inputs 1 5.0912946488637365
worker_11 | g=0, diversidad=5.0912946488637365, C1=1.2149671046068087, C2=1.69329072523935
worker_11 | gen evals   avg     std     min             max
worker_11 | 0   10      2166.7  1674.98 0.00307987      5000
worker_9  | fuzzy inputs 6 5.152210369181547
worker_9  | g=5, diversidad=5.152210369181547, C1=1.4798242189497768, C2=1.2657836767945059
worker_9  | 5   10      3300.09 1594.74 0.0796053       5000
worker_16 | fuzzy inputs 3 6.167592149408632
worker_16 | g=2, diversidad=6.167592149408632, C1=1.4332464477998672, C2=1.4643544780522215
worker_16 | 2   10      3667.08 1794.76 0.00624586      5000
worker_5  | fuzzy inputs 8 5.287568513851432
worker_5  | g=7, diversidad=5.287568513851432, C1=1.7306184408235574, C2=1.3082181325825384
worker_5  | 7   10      2466.79 1375.87 0.0153461       4000
worker_5  | defaultdict(<class 'deap.tools.support.Logbook'>, {})
worker_5  | poblacion enviada...  0.0037080876334134975
worker_5  | poblacion recibida...  PSO PSO-15
worker_5  | primero diversidad 4.6551154202974905
worker_15 | fuzzy inputs 1 5.710995310688017
worker_15 | g=0, diversidad=5.710995310688017, C1=1.2259259259259263, C2=1.5015099256763056
worker_15 | gen evals   avg     std     min             max
worker_15 | 0   10      1733.47 1925.18 0.00314181      5000
worker_10 | fuzzy inputs 3 4.520681064092522
worker_10 | g=2, diversidad=4.520681064092522, C1=1.4257383966244728, C2=1.467632850241546
worker_10 | 2   10      2667.6  1698.56 6.36094         5000
worker_8  | fuzzy inputs 8 5.610244986510912
worker_8  | g=7, diversidad=5.610244986510912, C1=1.723809523809524, C2=1.396538896389224
worker_8  | 7   10      3634.12 1353.39 666.739         5000
worker_8  | defaultdict(<class 'deap.tools.support.Logbook'>, {})
worker_8  | poblacion enviada...  0.003141812590296529
worker_8  | poblacion recibida...  PSO PSO-3
worker_8  | primero diversidad 5.194656483564981
worker_4  | fuzzy inputs 3 5.317491061637916
worker_4  | g=2, diversidad=5.317491061637916, C1=1.4300763786734543, C2=1.4646214296618871
worker_4  | 2   10      3667.12 1246.81 1666.68         5000
worker_6  | fuzzy inputs 3 6.2108412784926035
worker_6  | g=2, diversidad=6.2108412784926035, C1=1.4292506287393059, C2=1.4660555430463986
worker_6  | 2   10      3666.88 999.601 1668.48         5000
worker_12 | fuzzy inputs 7 5.513503546242372
worker_12 | g=6, diversidad=5.513503546242372, C1=1.479842971053759, C2=1.3717647761453517
worker_12 | 6   10      1466.97 968.433 0.0237028       3333.67
worker_13 | fuzzy inputs 4 5.2229173582687265
worker_13 | g=3, diversidad=5.2229173582687265, C1=1.479137405290136, C2=1.288394804917504
worker_13 | 3   10      1967.25 1923.08 0.0114884       5000
worker_11 | fuzzy inputs 2 6.053741453259571
worker_11 | g=1, diversidad=6.053741453259571, C1=1.2239304472628167, C2=1.4755901279210761
worker_11 | 1   10      3366.95 1656.27 0.0314534       5000
worker_14 | fuzzy inputs 2 5.159883041010643
worker_14 | g=1, diversidad=5.159883041010643, C1=1.2161543759165863, C2=1.664840415161816
worker_14 | 1   10      2100.16 1535.08 0.0755996       5000
worker_3  | fuzzy inputs 2 5.521162634603944
worker_3  | g=1, diversidad=5.521162634603944, C1=1.2238389907307103, C2=1.5481303623337623
worker_3  | 1   10      3133.44 1469.62 666.785         5000
worker_16 | fuzzy inputs 4 6.183792308417876
worker_16 | g=3, diversidad=6.183792308417876, C1=1.4778607628117022, C2=1.4650030194115033
worker_16 | 3   10      2900.49 1706.34 0.00488806      5000
worker_9  | fuzzy inputs 7 5.958778479217566
worker_9  | g=6, diversidad=5.958778479217566, C1=1.474509803921569, C2=1.4552575172170739
worker_9  | 6   10      3100.28 1549.24 0.637782        5000
worker_15 | fuzzy inputs 2 5.506754734780493
