worker_15 | g=1, diversidad=5.506754734780493, C1=1.2234763779003266, C2=1.551947816660822
worker_15 | 1   10      3733.53 1631.56 0.113766        5000
worker_6  | fuzzy inputs 4 5.015527710435317
worker_6  | g=3, diversidad=5.015527710435317, C1=1.4810313596136506, C2=1.2190683758757572
worker_6  | 3   10      2967.09 1486.42 0.0514794       5000
worker_10 | fuzzy inputs 4 4.363839163718376
worker_10 | g=3, diversidad=4.363839163718376, C1=1.4852414987633273, C2=1.205676334928266
worker_10 | 3   10      3304.18 953.154 1666.69         5000
worker_5  | fuzzy inputs 1 4.6551154202974905
worker_5  | g=0, diversidad=4.6551154202974905, C1=1.2088052572220025, C2=1.739918351084157
worker_5  | gen evals   avg     std     min             max
worker_5  | 0   10      1566.71 1850.22 0.00370809      5000
worker_8  | fuzzy inputs 1 5.194656483564981
worker_8  | g=0, diversidad=5.194656483564981, C1=1.2167845191849784, C2=1.6513385460194347
worker_8  | gen evals   avg     std     min             max
worker_8  | 0   10      2200.17 1543.4  0.00314181      4000
worker_4  | fuzzy inputs 4 5.421892853076807
worker_4  | g=3, diversidad=5.421892853076807, C1=1.4769271239905966, C2=1.3470097370871208
worker_4  | 3   10      3067.08 1589.9  1.57868         5000
worker_13 | fuzzy inputs 5 6.4039212748389325
worker_13 | g=4, diversidad=6.4039212748389325, C1=1.4808724216615052, C2=1.4726166403976786
worker_13 | 4   10      3533.36 1185.07 1666.69         5000
worker_11 | fuzzy inputs 3 5.027364522742374
worker_11 | g=2, diversidad=5.027364522742374, C1=1.4257383966244728, C2=1.467735216664429
worker_11 | 2   10      3533.35 1240.06 1666.68         5000
worker_15 | fuzzy inputs 3 5.267036325287564
worker_15 | g=2, diversidad=5.267036325287564, C1=1.4268193574212082, C2=1.4675587307608142
worker_15 | 2   10      4073.58 1078.63 1667.15         5000
worker_16 | fuzzy inputs 5 7.249290687324234
worker_16 | g=4, diversidad=7.249290687324234, C1=1.4870619371745388, C2=1.4870619371745388
worker_16 | 4   10      3933.47 1297.62 1666.7          5000
worker_3  | fuzzy inputs 3 5.0859248061938525
worker_3  | g=2, diversidad=5.0859248061938525, C1=1.4257383966244728, C2=1.4679521207130428
worker_3  | 2   10      3066.81 1848.69 0.0116245       5000
worker_14 | fuzzy inputs 3 5.017423765156755
worker_14 | g=2, diversidad=5.017423765156755, C1=1.4257383966244728, C2=1.4676981048080324
worker_14 | 2   10      3033.49 1587.57 1.11459         5000
worker_10 | fuzzy inputs 5 5.185099872491498
worker_10 | g=4, diversidad=5.185099872491498, C1=1.4795104587825705, C2=1.2764261684055889
worker_10 | 4   10      3666.68 1632.99 0.0170086       5000
worker_6  | fuzzy inputs 5 5.251245932285708
worker_6  | g=4, diversidad=5.251245932285708, C1=1.4788489335951982, C2=1.2971779482911432
worker_6  | 4   10      3900.05 1054.58 1666.74         5000
worker_12 | fuzzy inputs 8 4.7503399418184244
worker_12 | g=7, diversidad=4.7503399418184244, C1=1.7387858561807101, C2=1.2099773800038087
worker_12 | 7   10      1733.39 1062.47 0.068836        3333.37
worker_12 | defaultdict(<class 'deap.tools.support.Logbook'>, {})
worker_12 | poblacion enviada...  0.004282718510497239
worker_12 | poblacion recibida...  PSO PSO-10
worker_12 | primero diversidad 5.704761785720569
worker_9  | fuzzy inputs 8 5.313818311381446
worker_9  | g=7, diversidad=5.313818311381446, C1=1.7301192571263622, C2=1.3160460584068552
worker_9  | 7   10      2733.74 1890.42 0.00452461      5000
worker_9  | defaultdict(<class 'deap.tools.support.Logbook'>, {})
worker_9  | poblacion enviada...  0.003141812590296529
worker_9  | poblacion recibida...  PSO PSO-14
worker_9  | primero diversidad 3.832458862881921
worker_5  | fuzzy inputs 2 4.906704844066432
worker_5  | g=1, diversidad=4.906704844066432, C1=1.2120962971723042, C2=1.736749892380827
worker_5  | 1   10      2900.47 1801.54 0.0440398       5000
worker_8  | fuzzy inputs 2 5.927654599845436
worker_8  | g=1, diversidad=5.927654599845436, C1=1.225925925925926, C2=1.474509803921569
worker_8  | 1   10      3300.19 1345.34 0.0845232       5000
worker_13 | fuzzy inputs 6 6.484724956215188
worker_13 | g=5, diversidad=6.484724956215188, C1=1.4817821150333008, C2=1.4749488036711782
worker_13 | 5   10      3466.93 1513.79 2.52356         5000
worker_6  | fuzzy inputs 6 5.211307537893408
worker_6  | g=5, diversidad=5.211307537893408, C1=1.4792533682581357, C2=1.2847504666461447
worker_6  | 5   10      3168.09 1383.29 1666.68         5000
worker_4  | fuzzy inputs 5 6.2241499325399925
worker_4  | g=4, diversidad=6.2241499325399925, C1=1.4784819146962291, C2=1.466559987578514
worker_4  | 4   10      3600.19 928.49  1666.75         5000
worker_15 | fuzzy inputs 4 5.116900817373919
worker_15 | g=3, diversidad=5.116900817373919, C1=1.4801505430086752, C2=1.2541081017811797
worker_15 | 3   10      3400.16 771.706 1666.68         5000
worker_11 | fuzzy inputs 4 4.1850896750880535
worker_11 | g=3, diversidad=4.1850896750880535, C1=1.486069364891482, C2=1.2039095869704886
worker_11 | 3   10      2667.17 1699.07 3.11755         5000
worker_3  | fuzzy inputs 4 4.2897369474029805
worker_3  | g=3, diversidad=4.2897369474029805, C1=1.4856048017810446, C2=1.2049738324564547
worker_3  | 3   10      3033.48 1662.88 666.685         5000
worker_9  | fuzzy inputs 1 6.166687568073299
worker_9  | g=0, diversidad=6.166687568073299, C1=1.2202179456298292, C2=1.477586546135413
worker_9  | gen evals   avg     std     min             max
worker_9  | 0   10      3066.67 2101.85 0.00307987      5000
worker_14 | fuzzy inputs 4 4.052296019969251
worker_14 | g=3, diversidad=4.052296019969251, C1=1.4864815801272502, C2=1.2016930731736994
worker_14 | 3   10      2933.44 1489.24 0.0159287       5000
worker_16 | fuzzy inputs 6 6.29165861745306
worker_16 | g=5, diversidad=6.29165861745306, C1=1.4794465304593016, C2=1.4689915427306985
worker_16 | 5   10      2970.86 1756.5  0.0548774       5000
worker_10 | fuzzy inputs 6 6.096813009608591
worker_10 | g=5, diversidad=6.096813009608591, C1=1.476392028770767, C2=1.4613486457370657
worker_10 | 5   10      2567.27 1932.53 0.0145242       5000
worker_5  | fuzzy inputs 3 4.883771870685407
worker_5  | g=2, diversidad=4.883771870685407, C1=1.4257383966244728, C2=1.467632850241546
worker_5  | 2   10      3466.93 1087.15 1666.68         5000
worker_12 | fuzzy inputs 1 10.570679245712117
worker_12 | g=0, diversidad=10.570679245712117, C1=1.175268817204301, C2=1.4904761904761905
worker_12 | gen evals   avg     std     min             max
worker_12 | 0   10      1800.04 1898.53 0.00314181      5000
worker_8  | fuzzy inputs 3 6.109537775523898
worker_8  | g=2, diversidad=6.109537775523898, C1=1.4388128076693518, C2=1.46191078104507
worker_8  | 2   10      3633.69 1682.7  0.00883678      5000
worker_6  | fuzzy inputs 7 5.8704778152051835
worker_6  | g=6, diversidad=5.8704778152051835, C1=1.4745098039215696, C2=1.4517002179602496
worker_6  | 6   10      4033.5  1109.95 1666.7          5000
worker_13 | fuzzy inputs 7 5.866264847390967
worker_13 | g=6, diversidad=5.866264847390967, C1=1.474509803921569, C2=1.451514034230293
worker_13 | 6   10      2700.67 1530.44 0.156891        5000
worker_15 | fuzzy inputs 5 6.8418785911819855
worker_15 | g=4, diversidad=6.8418785911819855, C1=1.4849465430023894, C2=1.4831815507958757
worker_15 | 4   10      3766.75 1406.7  1666.67         5000
worker_9  | fuzzy inputs 2 6.119547821232238
worker_9  | g=1, diversidad=6.119547821232238, C1=1.2216948542813646, C2=1.4767944198971115
worker_9  | 1   10      3566.85 1612.61 667.521         5000
worker_11 | fuzzy inputs 5 5.295072746491072
worker_11 | g=4, diversidad=5.295072746491072, C1=1.4783865807312992, C2=1.3104686932227914
worker_11 | 4   10      2966.77 1888.23 0.062118        5000
worker_16 | fuzzy inputs 7 7.073392627788935
worker_16 | g=6, diversidad=7.073392627788935, C1=1.5451967371938886, C2=1.4863447929657778
worker_16 | 6   10      2534.3  1499.11 0.0229724       5000
worker_3  | fuzzy inputs 5 5.624476217343713
worker_3  | g=4, diversidad=5.624476217343713, C1=1.474509803921569, C2=1.4000759220193586
worker_3  | 4   10      2466.76 1826.85 0.0321228       5000
worker_4  | fuzzy inputs 6 6.989162133802387
worker_4  | g=5, diversidad=6.989162133802387, C1=1.485952750831277, C2=1.4858391950768104
worker_4  | 5   10      2800.06 1117.51 1666.68         5000
worker_8  | fuzzy inputs 4 5.379237445840593
worker_8  | g=3, diversidad=5.379237445840593, C1=1.4774395157592515, C2=1.3350254217894744
worker_8  | 3   10      3500.2  1892.77 0.0138893       5000
worker_10 | fuzzy inputs 7 5.96569214975849
worker_10 | g=6, diversidad=5.96569214975849, C1=1.4745098039215694, C2=1.4555108678168602
worker_10 | 6   10      3233.58 1095.76 1666.72         5000
worker_14 | fuzzy inputs 5 5.159267788551291
worker_14 | g=4, diversidad=5.159267788551291, C1=1.479757704816331, C2=1.268086011933388
worker_14 | 4   10      1300.05 1566.68 0.0123034       4000
worker_12 | fuzzy inputs 2 8.187337514699086
worker_12 | g=1, diversidad=8.187337514699086, C1=1.1936936936936937, C2=1.4879629629629632
worker_12 | 1   10      2533.39 1739.73 0.0338672       5000
worker_6  | fuzzy inputs 8 5.76818302692169
worker_6  | g=7, diversidad=5.76818302692169, C1=1.723809523809524, C2=1.4348148078692764
worker_6  | 7   10      3566.68 1745.13 0.0372955       5000
worker_6  | defaultdict(<class 'deap.tools.support.Logbook'>, {})
worker_6  | poblacion enviada...  0.003141812590296529
worker_6  | poblacion recibida...  PSO PSO-5
worker_6  | primero diversidad 4.947322974482622
worker_13 | fuzzy inputs 8 5.5626936360962995
worker_13 | g=7, diversidad=5.5626936360962995, C1=1.724734546276474, C2=1.3845316036698463
worker_13 | 7   10      3401.12 1304.94 1666.68         5000
worker_13 | defaultdict(<class 'deap.tools.support.Logbook'>, {})
worker_13 | poblacion enviada...  0.0040782143879735345
worker_13 | poblacion recibida...  PSO PSO-8
worker_13 | primero diversidad 6.791931975929463
worker_5  | fuzzy inputs 4 4.352385731228119
worker_5  | g=3, diversidad=4.352385731228119, C1=1.485298845309435, C2=1.205565522252288
worker_5  | 3   10      2300.17 1401.9  0.0503474       5000
worker_15 | fuzzy inputs 6 6.030446516914512
worker_15 | g=5, diversidad=6.030446516914512, C1=1.4751333016238075, C2=1.4582467785586994
worker_15 | 5   10      2866.83 1814.53 0.039788        5000
worker_11 | fuzzy inputs 6 4.9629807076475085
worker_11 | g=5, diversidad=4.9629807076475085, C1=1.4814578623825938, C2=1.2129254375445946
worker_11 | 5   10      2566.68 1751.5  0.00549757      5000
worker_16 | fuzzy inputs 8 7.053911717088239
worker_16 | g=7, diversidad=7.053911717088239, C1=1.7454787870359798, C2=1.4862604482241695
worker_16 | 7   10      3133.45 1571.91 0.00613414      5000
worker_16 | defaultdict(<class 'deap.tools.support.Logbook'>, {})
worker_16 | poblacion enviada...  0.003141812590296529
worker_16 | poblacion recibida...  PSO PSO-4
worker_16 | primero diversidad 6.65472234414466
worker_10 | fuzzy inputs 8 5.3451626871144535
worker_10 | g=7, diversidad=5.3451626871144535, C1=1.7295076915573218, C2=1.3252323015658476
worker_10 | 7   10      3134.08 1266.24 668.013         5000
worker_10 | defaultdict(<class 'deap.tools.support.Logbook'>, {})
worker_10 | poblacion enviada...  0.003141812590296529
worker_10 | poblacion recibida...  PSO PSO-0
worker_10 | primero diversidad 4.256721624011215
worker_9  | fuzzy inputs 3 6.115825195569779
worker_9  | g=2, diversidad=6.115825195569779, C1=1.4381983450786897, C2=1.4621848930907202
worker_9  | 2   10      2700.19 1486.66 0.0497636       5000
worker_3  | fuzzy inputs 6 6.01783930053449
worker_3  | g=5, diversidad=6.01783930053449, C1=1.4748788632808518, C2=1.4576230966067871
worker_3  | 5   10      2133.57 1790.03 0.0180813       5000
worker_8  | fuzzy inputs 5 6.372888194553677
worker_8  | g=4, diversidad=6.372888194553677, C1=1.4804984313439131, C2=1.4716622521664344
worker_8  | 4   10      3263.77 1667.52 0.419613        5000
worker_12 | fuzzy inputs 3 5.926177022846741
worker_12 | g=2, diversidad=5.926177022846741, C1=1.4500000000000002, C2=1.4540162801270824
worker_12 | 2   10      3633.51 1393.99 0.0281026       5000
worker_6  | fuzzy inputs 1 4.947322974482622
worker_6  | g=0, diversidad=4.947322974482622, C1=1.212690923902268, C2=1.7361811458571774
worker_6  | gen evals   avg     std     min             max
worker_6  | 0   10      1966.91 1810.25 0.00314181      5000
worker_14 | fuzzy inputs 6 5.649641071772054
worker_14 | g=5, diversidad=5.649641071772054, C1=1.474509803921569, C2=1.4062867733708908
worker_14 | 5   10      2900.06 1640.11 0.0561731       5000
worker_5  | fuzzy inputs 5 5.077498446152016
worker_5  | g=4, diversidad=5.077498446152016, C1=1.4805024508269495, C2=1.240762880395743
worker_5  | 4   10      2700.97 1484.95 8.80686         5000
worker_4  | fuzzy inputs 7 6.651836260759908
worker_4  | g=6, diversidad=6.651836260759908, C1=1.5225828255106282, C2=1.4791696495216768
worker_4  | 6   10      2433.38 1751.48 0.01034         5000
worker_15 | fuzzy inputs 7 5.472654249995402
worker_15 | g=6, diversidad=5.472654249995402, C1=1.4822960151737452, C2=1.3608878322911162
worker_15 | 6   10      3167.16 1892.74 0.0476559       5000
worker_13 | fuzzy inputs 1 6.791931975929463
worker_13 | g=0, diversidad=6.791931975929463, C1=1.2069683710669126, C2=1.4845717734903134
worker_13 | gen evals   avg     std     min             max
worker_13 | 0   10      2466.9  2055.68 0.00407821      5000
worker_16 | fuzzy inputs 1 6.65472234414466
worker_16 | g=0, diversidad=6.65472234414466, C1=1.2091446975483473, C2=1.4834391399155469
worker_16 | gen evals   avg     std     min             max
worker_16 | 0   10      2500.23 2140.96 0.00314181      5000
worker_10 | fuzzy inputs 1 4.256721624011215
worker_10 | g=0, diversidad=4.256721624011215, C1=1.2046715073990624, C2=1.7439483843165526
worker_10 | gen evals   avg     std     min             max
worker_10 | 0   10      2166.68 2362.9  0.00314181      5000
worker_9  | fuzzy inputs 4 4.980562836207447
worker_9  | g=3, diversidad=4.980562836207447, C1=1.4813173066251655, C2=1.2131923917035363
worker_9  | 3   10      3700.02 1353.58 666.735         5000
worker_11 | fuzzy inputs 7 5.084013118491392
worker_11 | g=6, diversidad=5.084013118491392, C1=1.5037344825505052, C2=1.2429928696379302
worker_11 | 6   10      2633.84 1559.36 0.0610916       5000
worker_8  | fuzzy inputs 6 6.130983532005741
worker_8  | g=5, diversidad=6.130983532005741, C1=1.4769916832353762, C2=1.4628360710018924
worker_8  | 5   10      3467.3  1873.87 4.85883         5000
worker_12 | fuzzy inputs 4 4.6724411951318086
worker_12 | g=3, diversidad=4.6724411951318086, C1=1.483508139474159, C2=1.2090124301531282
worker_12 | 3   10      3532.81 1416.16 1666.67         5000
worker_3  | fuzzy inputs 7 5.495832602134531
worker_3  | g=6, diversidad=5.495832602134531, C1=1.4809091867827464, C2=1.367090730187025
worker_3  | 6   10      2133.35 1851.12 0.00583283      5000
worker_14 | fuzzy inputs 7 4.891287700445449
worker_14 | g=6, diversidad=4.891287700445449, C1=1.513235540272276, C2=1.2118756400650688
worker_14 | 6   10      2400.05 1902.03 0.0115564       5000
worker_15 | fuzzy inputs 8 5.5753928456337025
worker_15 | g=7, diversidad=5.5753928456337025, C1=1.7244235697798203, C2=1.3877705122793527
worker_15 | 7   10      3366.67 1840.58 0.00881921      5000
worker_15 | defaultdict(<class 'deap.tools.support.Logbook'>, {})
worker_15 | poblacion enviada...  0.003141812590296529
worker_15 | poblacion recibida...  PSO PSO-2
worker_15 | primero diversidad 5.784285713733636
worker_4  | fuzzy inputs 8 6.666814366548472
worker_4  | g=7, diversidad=6.666814366548472, C1=1.7397873436907716, C2=1.4795135211077635
worker_4  | 7   10      3233.93 1591.55 1.43061         5000
worker_4  | defaultdict(<class 'deap.tools.support.Logbook'>, {})
worker_4  | poblacion enviada...  0.003141812590296529
worker_4  | poblacion recibida...  PSO PSO-12
worker_4  | primero diversidad 5.663720054133368
worker_5  | fuzzy inputs 6 5.607653724345095
worker_5  | g=5, diversidad=5.607653724345095, C1=1.4745098039215687, C2=1.3958929328657743
worker_5  | 5   10      2667.01 1699.39 1.11047         5000
worker_6  | fuzzy inputs 2 5.532783589878347
worker_6  | g=1, diversidad=5.532783589878347, C1=1.2241355397827443, C2=1.5450923188468546
worker_6  | 1   10      3066.78 1749.77 0.0401803       5000
worker_10 | fuzzy inputs 2 4.46831686058945
worker_10 | g=1, diversidad=4.46831686058945, C1=1.206727135599654, C2=1.7419372741999344
worker_10 | 1   10      3333.36 1971.99 0.00660796      5000
worker_11 | fuzzy inputs 8 4.200450848467761
worker_11 | g=7, diversidad=4.200450848467761, C1=1.7444405675815973, C2=1.204170608791639
worker_11 | 7   10      3340.49 1825.86 0.0142096       5000
worker_11 | defaultdict(<class 'deap.tools.support.Logbook'>, {})
worker_11 | poblacion enviada...  0.0030798652165077377
worker_11 | poblacion recibida...  PSO PSO-6
worker_11 | primero diversidad 5.097183228850009
worker_3  | fuzzy inputs 8 4.845165637123347
worker_3  | g=7, diversidad=4.845165637123347, C1=1.7375791569482173, C2=1.2112314208499997
worker_3  | 7   10      4066.84 1083.09 1666.67         5000
worker_3  | defaultdict(<class 'deap.tools.support.Logbook'>, {})
worker_3  | poblacion enviada...  0.0037080876334134975
worker_3  | poblacion recibida...  PSO PSO-9
worker_3  | primero diversidad 5.191588600418362
worker_16 | fuzzy inputs 2 6.827519706159725
worker_16 | g=1, diversidad=6.827519706159725, C1=1.2064500586490121, C2=1.484840680388816
worker_16 | 1   10      3000.48 1679.91 0.0422815       5000
worker_9  | fuzzy inputs 5 5.867301376419226
worker_9  | g=4, diversidad=5.867301376419226, C1=1.474509803921569, C2=1.4515599939254287
worker_9  | 4   10      3066.8  1717.89 0.0121454       5000
worker_13 | fuzzy inputs 2 6.448986229927789
worker_13 | g=1, diversidad=6.448986229927789, C1=1.2130530802277064, C2=1.481390667316873
worker_13 | 1   10      2500.04 1477.58 666.762         5000
worker_15 | fuzzy inputs 1 5.784285713733636
worker_15 | g=0, diversidad=5.784285713733636, C1=1.225925925925926, C2=1.4850497203679847
worker_15 | gen evals   avg     std     min             max
worker_15 | 0   10      3066.75 2101.86 0.00314181      5000
worker_14 | fuzzy inputs 8 4.9513281835018
worker_14 | g=7, diversidad=4.9513281835018, C1=1.7361241044633848, C2=1.2127506264403518
worker_14 | 7   10      3100.15 1776.66 0.0305744       5000
worker_14 | defaultdict(<class 'deap.tools.support.Logbook'>, {})
worker_14 | poblacion enviada...  0.0037080876334134975
worker_14 | poblacion recibida...  PSO PSO-7
worker_14 | primero diversidad 5.253414019622836
worker_6  | fuzzy inputs 3 4.381704489769806
worker_6  | g=2, diversidad=4.381704489769806, C1=1.4257383966244728, C2=1.467632850241546
worker_6  | 2   10      3166.81 1739.93 0.0125702       5000
worker_8  | fuzzy inputs 7 6.007284294647549
worker_8  | g=6, diversidad=6.007284294647549, C1=1.4751486466031951, C2=1.4570919165102751
worker_8  | 6   10      2833.68 1327.17 0.018696        5000
worker_10 | fuzzy inputs 3 4.074128867550385
worker_10 | g=2, diversidad=4.074128867550385, C1=1.4257383966244728, C2=1.467632850241546
worker_10 | 2   10      2843.52 1964.67 0.0500775       5000
worker_12 | fuzzy inputs 5 6.756804282553249
worker_12 | g=4, diversidad=6.756804282553249, C1=1.4842968200325612, C2=1.4814757785190638
worker_12 | 4   10      2833.96 1415.15 4.39804         5000
worker_11 | fuzzy inputs 1 5.097183228850009
worker_11 | g=0, diversidad=5.097183228850009, C1=1.2150662611184724, C2=1.6907473604439038
worker_11 | gen evals   avg     std     min             max
worker_11 | 0   10      2833.81 2114.61 0.00307987      5000
worker_5  | fuzzy inputs 7 5.742302486011892
worker_5  | g=6, diversidad=5.742302486011892, C1=1.474509803921569, C2=1.4286869609790656
worker_5  | 6   10      2966.71 1494.05 0.083873        5000
worker_16 | fuzzy inputs 3 7.362774785865786
worker_16 | g=2, diversidad=7.362774785865786, C1=1.4257383966244728, C2=1.4788617886178865
worker_16 | 2   10      4400.01 1062.48 1666.72         5000
worker_4  | fuzzy inputs 1 7.188526405201327
worker_4  | g=0, diversidad=7.188526405201327, C1=1.1998548229163348, C2=1.486822872011976
worker_4  | gen evals   avg     std     min             max
worker_4  | 0   10      2733.35 2112.39 0.00307987      5000
worker_3  | fuzzy inputs 1 8.685366040126654
worker_3  | g=0, diversidad=8.685366040126654, C1=1.1760887172451586, C2=1.4903943197307294
worker_3  | gen evals   avg     std     min             max
worker_3  | 0   10      1000.17 1333.58 0.00314181      3334.8
worker_6  | fuzzy inputs 4 4.780886021704431
worker_6  | g=3, diversidad=4.780886021704431, C1=1.482798184716258, C2=1.2103714283237885
worker_6  | 3   10      3633.6  1463.96 0.0103433       5000
worker_13 | fuzzy inputs 3 5.597913169545996
worker_13 | g=2, diversidad=5.597913169545996, C1=1.4498413713828189, C2=1.4478028089839574
worker_13 | 2   10      2741.11 1915.3  0.0223254       5000
worker_9  | fuzzy inputs 6 6.154876831768232
worker_9  | g=5, diversidad=6.154876831768232, C1=1.4773932021135197, C2=1.4638355550811764
worker_9  | 5   10      2800.13 1707.43 0.0555737       5000
worker_10 | fuzzy inputs 4 3.964464514461453
worker_10 | g=3, diversidad=3.964464514461453, C1=1.4867410783156618, C2=1.2002956322560006
worker_10 | 3   10      3400.12 1678.62 0.00848005      5000
worker_14 | fuzzy inputs 1 5.253414019622836
worker_14 | g=0, diversidad=5.253414019622836, C1=1.2178956817318258, C2=1.6297975682325834
worker_14 | gen evals   avg     std     min             max
worker_14 | 0   10      1867.18 1851.05 0.00370809      5000
worker_11 | fuzzy inputs 2 5.640522087958287
worker_11 | g=1, diversidad=5.640522087958287, C1=1.225925925925926, C2=1.5181991543109814
worker_11 | 1   10      3400.04 1504.03 0.0125509       5000
worker_8  | fuzzy inputs 8 5.581459179311595
worker_8  | g=7, diversidad=5.581459179311595, C1=1.7242736092924147, C2=1.3893096120456565
worker_8  | 7   10      3100.03 1745.12 0.0371732       5000
worker_8  | defaultdict(<class 'deap.tools.support.Logbook'>, {})
worker_8  | poblacion enviada...  0.003141812590296529
worker_8  | poblacion recibida...  PSO PSO-3
worker_8  | primero diversidad 5.4753162072303425
worker_15 | fuzzy inputs 2 5.30281011195099
worker_15 | g=1, diversidad=5.30281011195099, C1=1.2188779839044737, C2=1.6128239420880885
worker_15 | 1   10      2967.75 1628.43 0.0718863       5000
worker_5  | fuzzy inputs 8 4.9716074616949975
worker_5  | g=7, diversidad=4.9716074616949975, C1=1.7358325813298412, C2=1.2130559368240756
worker_5  | 7   10      2366.74 1803.96 0.00957987      5000
worker_5  | defaultdict(<class 'deap.tools.support.Logbook'>, {})
worker_5  | poblacion enviada...  0.0037080876334134975
worker_5  | poblacion recibida...  PSO PSO-15
worker_5  | primero diversidad 5.976907847802538
worker_16 | fuzzy inputs 4 5.578259815834073
worker_16 | g=3, diversidad=5.578259815834073, C1=1.4748316652350626, C2=1.3884985464948616
worker_16 | 3   10      2800.35 1640.81 1.95007         5000
worker_3  | fuzzy inputs 2 7.022601483387427
worker_3  | g=1, diversidad=7.022601483387427, C1=1.2036231259988073, C2=1.4861226821405575
worker_3  | 1   10      3638.54 1538.68 666.765         5000
worker_4  | fuzzy inputs 2 6.188402920319243
worker_4  | g=1, diversidad=6.188402920319243, C1=1.219569373044515, C2=1.477933534079644
worker_4  | 1   10      3300.52 2088.85 0.0117467       5000
worker_12 | fuzzy inputs 6 7.636023552777539
worker_12 | g=5, diversidad=7.636023552777539, C1=1.4884012151633477, C2=1.4884012151633477
worker_12 | 5   10      2300.07 1545.21 0.00656314      5000
worker_9  | fuzzy inputs 7 5.900803774309756
worker_9  | g=6, diversidad=5.900803774309756, C1=1.474509803921569, C2=1.4529935870487447
worker_9  | 6   10      3333.69 1971.75 0.00650785      5000
worker_6  | fuzzy inputs 5 6.515275310703506
worker_6  | g=4, diversidad=6.515275310703506, C1=1.4821039093127262, C2=1.47577743729372
worker_6  | 4   10      3800.01 1146.97 1666.67         5000
worker_10 | fuzzy inputs 5 5.008332309192801
worker_10 | g=4, diversidad=5.008332309192801, C1=1.4810909175413345, C2=1.216491519965913
worker_10 | 4   10      3500.12 1384.42 1666.67         5000
worker_11 | fuzzy inputs 3 5.38610415979041
worker_11 | g=2, diversidad=5.38610415979041, C1=1.4346438600826061, C2=1.4605843916616084
worker_11 | 2   10      3833.52 1067.1  1666.7          5000
worker_13 | fuzzy inputs 4 5.538482453815451
worker_13 | g=3, diversidad=5.538482453815451, C1=1.4753999990365168, C2=1.3782921764589093
worker_13 | 3   10      2633.46 1822.41 0.0205284       5000
worker_3  | fuzzy inputs 3 5.087332105194079
worker_3  | g=2, diversidad=5.087332105194079, C1=1.4257383966244728, C2=1.4679572973922526
worker_3  | 2   10      3666.9  1632.82 0.00500866      5000
worker_8  | fuzzy inputs 1 5.4753162072303425
worker_8  | g=0, diversidad=5.4753162072303425, C1=1.2227039917404683, C2=1.560478888537845
worker_8  | gen evals   avg     std     min             max
worker_8  | 0   10      2200.58 1868.88 0.00314181      5000
worker_16 | fuzzy inputs 5 6.7537809805585125
worker_16 | g=4, diversidad=6.7537809805585125, C1=1.4842726971431066, C2=1.481412601447285
worker_16 | 4   10      3233.4  1757.83 0.00955745      5000
worker_14 | fuzzy inputs 2 5.8383521138334915
worker_14 | g=1, diversidad=5.8383521138334915, C1=1.2259259259259263, C2=1.474509803921569
worker_14 | 1   10      2666.76 1659.93 0.00930044      5000
worker_15 | fuzzy inputs 3 5.368080068893163
worker_15 | g=2, diversidad=5.368080068893163, C1=1.4334281803795526, C2=1.4616496878339456
worker_15 | 2   10      2200.06 1746.08 0.0134865       5000
worker_4  | fuzzy inputs 3 6.43956866639637
worker_4  | g=2, diversidad=6.43956866639637, C1=1.4257383966244728, C2=1.4703284863057386
worker_4  | 2   10      3800.18 1484.58 667.221         5000
worker_6  | fuzzy inputs 6 4.957148239586979
worker_6  | g=5, diversidad=4.957148239586979, C1=1.4815040225482756, C2=1.212837730426105
worker_6  | 5   10      3200.03 1521.67 0.0797564       5000
worker_5  | fuzzy inputs 1 10.238933893213687
worker_5  | g=0, diversidad=10.238933893213687, C1=1.175268817204301, C2=1.4904761904761905
worker_5  | gen evals   avg     std     min             max
worker_5  | 0   10      633.405 982.694 0.00307987      2333.58
worker_12 | fuzzy inputs 7 8.005690344177674
worker_12 | g=6, diversidad=8.005690344177674, C1=1.5602836879432629, C2=1.4879629629629632
worker_12 | 6   10      3433.35 1666.98 0.0371186       5000
worker_11 | fuzzy inputs 4 4.484846599524666
worker_11 | g=3, diversidad=4.484846599524666, C1=1.4846071147220552, C2=1.2069002870392678
worker_11 | 3   10      3808.6  987.346 1666.68         5000
worker_9  | fuzzy inputs 8 5.9274945304042745
worker_9  | g=7, diversidad=5.9274945304042745, C1=1.7238095238095241, C2=1.454067987401243
worker_9  | 7   10      3767.09 1164.58 1666.85         5000
worker_9  | defaultdict(<class 'deap.tools.support.Logbook'>, {})
worker_9  | poblacion enviada...  0.0030798652165077377
worker_9  | poblacion recibida...  PSO PSO-14
worker_9  | primero diversidad 5.110353671870415
worker_10 | fuzzy inputs 6 4.882878937156495
worker_10 | g=5, diversidad=4.882878937156495, C1=1.482072336384196, C2=1.2117564292331469
worker_10 | 5   10      2900.14 1535.05 0.0133308       5000
worker_3  | fuzzy inputs 4 4.527488807239759
worker_3  | g=3, diversidad=4.527488807239759, C1=1.4843703666746282, C2=1.2073561718192494
worker_3  | 3   10      3833.49 1301.64 1666.68         5000
worker_8  | fuzzy inputs 2 6.128862219296176
worker_8  | g=1, diversidad=6.128862219296176, C1=1.2213952268736636, C2=1.476955344844378
worker_8  | 1   10      3233.44 1520.59 0.0163108       5000
worker_13 | fuzzy inputs 5 6.461019418570241
worker_13 | g=4, diversidad=6.461019418570241, C1=1.4815243322870895, C2=1.4742863839381546
worker_13 | 4   10      2766.93 1475.95 1.0656          5000
worker_16 | fuzzy inputs 6 7.837782896239805
worker_16 | g=5, diversidad=7.837782896239805, C1=1.4889954996313508, C2=1.4889954996313508
worker_16 | 5   10      2900.08 2005.83 0.0181547       5000
worker_4  | fuzzy inputs 4 4.90118970632187
worker_4  | g=3, diversidad=4.90118970632187, C1=1.4819354896685517, C2=1.2120170492401794
worker_4  | 3   10      3800.17 1045.54 2333.34         5000
worker_15 | fuzzy inputs 4 4.706817513703585
worker_15 | g=3, diversidad=4.706817513703585, C1=1.4832895164292037, C2=1.2094313761218138
worker_15 | 3   10      3066.81 1518.66 666.722         5000
worker_11 | fuzzy inputs 5 5.449813053608287
worker_11 | g=4, diversidad=5.449813053608287, C1=1.4765789433236227, C2=1.3546936213530965
worker_11 | 4   10      2833.55 1500.03 0.133133        5000
worker_5  | fuzzy inputs 2 7.814761501529576
worker_5  | g=1, diversidad=7.814761501529576, C1=1.1936936936936937, C2=1.4879629629629632
worker_5  | 1   10      3066.86 1481.75 0.0383228       5000
worker_10 | fuzzy inputs 7 5.166120557235257
worker_10 | g=6, diversidad=5.166120557235257, C1=1.4994725293477018, C2=1.2703117622043287
worker_10 | 6   10      3067.92 1907.35 0.00497279      5000
worker_12 | fuzzy inputs 8 7.096948527895761
worker_12 | g=7, diversidad=7.096948527895761, C1=1.7462849462245422, C2=1.4864454078771627
worker_12 | 7   10      3666.67 1475.73 0.0142449       5000
worker_12 | defaultdict(<class 'deap.tools.support.Logbook'>, {})
worker_12 | poblacion enviada...  0.003141812590296529
worker_12 | poblacion recibida...  PSO PSO-10
worker_12 | primero diversidad 5.129529944147236
worker_6  | fuzzy inputs 7 5.7798001668438514
worker_6  | g=6, diversidad=5.7798001668438514, C1=1.4745098039215694, C2=1.4375476026501446
worker_6  | 6   10      3566.73 1422.37 1333.55         5000
worker_14 | fuzzy inputs 3 5.711590943681114
worker_14 | g=2, diversidad=5.711590943681114, C1=1.4500000000000002, C2=1.4487075607508009
worker_14 | 2   10      2800.06 1543.4  0.117805        5000
worker_9  | fuzzy inputs 1 5.110353671870415
worker_9  | g=0, diversidad=5.110353671870415, C1=1.2152898813798103, C2=1.6851295932589525
worker_9  | gen evals   avg     std     min             max
worker_9  | 0   10      2233.34 2160.5  0.00307987      5000
worker_3  | fuzzy inputs 5 6.7740645044099494
worker_3  | g=4, diversidad=6.7740645044099494, C1=1.4844331342329193, C2=1.4818329888759694
worker_3  | 4   10      2933.78 1199.87 1666.67         5000
worker_16 | fuzzy inputs 7 7.062878751589551
worker_16 | g=6, diversidad=7.062878751589551, C1=1.5448029394471203, C2=1.4862994010404114
worker_16 | 6   10      3547.06 1324.72 1.90428         5000
worker_15 | fuzzy inputs 5 5.680495156903124
worker_15 | g=4, diversidad=5.680495156903124, C1=1.4745098039215692, C2=1.4138266680060623
worker_15 | 4   10      3666.8  1452.8  1666.68         5000
worker_4  | fuzzy inputs 5 6.722976398827962
worker_4  | g=4, diversidad=6.722976398827962, C1=1.4840226158644934, C2=1.480758297366885
worker_4  | 4   10      3966.67 1277.57 1666.68         5000
worker_5  | fuzzy inputs 3 5.37612875137055
worker_5  | g=2, diversidad=5.37612875137055, C1=1.4339696276374778, C2=1.4611744032287557
worker_5  | 2   10      3666.85 1632.9  0.23056         5000
worker_8  | fuzzy inputs 3 5.662934409716326
worker_8  | g=2, diversidad=5.662934409716326, C1=1.4500000000000002, C2=1.4482409878215334
worker_8  | 2   10      2967.38 1733.89 5.27242         5000
worker_13 | fuzzy inputs 6 6.107133222292323
worker_13 | g=5, diversidad=6.107133222292323, C1=1.476576405789571, C2=1.4618053174045007
worker_13 | 5   10      3033.36 1479.08 0.0662037       5000
worker_11 | fuzzy inputs 6 5.121372556146647
worker_11 | g=5, diversidad=5.121372556146647, C1=1.4801098010329437, C2=1.255601350271672
worker_11 | 5   10      3366.83 1985.63 0.0187325       5000
worker_10 | fuzzy inputs 8 5.38775591092251
worker_10 | g=7, diversidad=5.38775591092251, C1=1.7286483611634293, C2=1.337442856626926
worker_10 | 7   10      3233.52 1693.28 0.00836243      5000
worker_10 | defaultdict(<class 'deap.tools.support.Logbook'>, {})
worker_10 | poblacion enviada...  0.003141812590296529
worker_10 | poblacion recibida...  PSO PSO-0
worker_10 | primero diversidad 4.529425195013927
worker_12 | fuzzy inputs 1 5.129529944147236
worker_12 | g=0, diversidad=5.129529944147236, C1=1.2156201129271678, C2=1.6771205828073874
worker_12 | gen evals   avg     std     min             max
worker_12 | 0   10      2673.07 1997.2  0.00314181      5000
worker_9  | fuzzy inputs 2 6.085305678675254
worker_9  | g=1, diversidad=6.085305678675254, C1=1.222831356624165, C2=1.4761829901921253
worker_9  | 1   10      4400.14 756.988 3333.34         5000
worker_6  | fuzzy inputs 8 5.424251193141927
worker_6  | g=7, diversidad=5.424251193141927, C1=1.7278847925896947, C2=1.3476636179940154
worker_6  | 7   10      3300.03 1894.13 0.0091753       5000
worker_6  | defaultdict(<class 'deap.tools.support.Logbook'>, {})
worker_6  | poblacion enviada...  0.003141812590296529
worker_6  | poblacion recibida...  PSO PSO-5
worker_6  | primero diversidad 6.023174941713311
worker_14 | fuzzy inputs 4 4.715467654168497
worker_14 | g=3, diversidad=4.715467654168497, C1=1.483233588311161, C2=1.2095384854490798
worker_14 | 3   10      3100.05 1712.99 0.0144381       5000
worker_16 | fuzzy inputs 8 5.2104196761874855
worker_16 | g=7, diversidad=5.2104196761874855, C1=1.732020991004401, C2=1.2844706807182744
worker_16 | 7   10      3300.03 1709.1  0.0149381       5000
worker_16 | defaultdict(<class 'deap.tools.support.Logbook'>, {})
worker_16 | poblacion enviada...  0.003141812590296529
worker_16 | poblacion recibida...  PSO PSO-4
worker_16 | primero diversidad 6.223375848983118
worker_3  | fuzzy inputs 6 6.658116923397992
worker_3  | g=5, diversidad=6.658116923397992, C1=1.4834691639877895, C2=1.4793144724979757
worker_3  | 5   10      3501.2  1733.52 0.0450405       5000
worker_11 | fuzzy inputs 7 5.014725784266954
worker_11 | g=6, diversidad=5.014725784266954, C1=1.5072291181719546, C2=1.218781794808227
worker_11 | 6   10      3733.58 1451.36 0.0355587       5000
worker_15 | fuzzy inputs 6 5.739310192213304
worker_15 | g=5, diversidad=5.739310192213304, C1=1.474509803921569, C2=1.4279748984643588
worker_15 | 5   10      3000.14 1452.98 0.0258002       5000
worker_5  | fuzzy inputs 4 4.794103014624543
worker_5  | g=3, diversidad=4.794103014624543, C1=1.4827074562177824, C2=1.210544792583728
worker_5  | 3   10      3433.36 1445.66 0.0390816       5000
worker_4  | fuzzy inputs 6 7.018818095830667
worker_4  | g=5, diversidad=7.018818095830667, C1=1.4861058477917444, C2=1.4861058477917444
worker_4  | 5   10      2500.02 2266.9  0.0051168       5000
worker_8  | fuzzy inputs 4 4.230692198577971
worker_8  | g=3, diversidad=4.230692198577971, C1=1.4858817244353089, C2=1.2044375935842622
worker_8  | 3   10      2733.76 1162.58 0.0458762       4000
worker_9  | fuzzy inputs 3 5.530630494671908
worker_9  | g=2, diversidad=5.530630494671908, C1=1.444823625368553, C2=1.4519162455311903
worker_9  | 2   10      3233.73 1938.14 0.070332        5000
worker_12 | fuzzy inputs 2 5.757115440809831
worker_12 | g=1, diversidad=5.757115440809831, C1=1.225925925925926, C2=1.4910497853604123
worker_12 | 1   10      3300.26 1537.56 2.05717         5000
worker_13 | fuzzy inputs 7 5.96722699169552
worker_13 | g=6, diversidad=5.96722699169552, C1=1.4745098039215692, C2=1.4555666614798586
worker_13 | 6   10      1767.68 1094.95 6.89601         4000
worker_10 | fuzzy inputs 1 4.529425195013927
worker_10 | g=0, diversidad=4.529425195013927, C1=1.207377195090228, C2=1.7413042058863004
worker_10 | gen evals   avg     std     min             max
worker_10 | 0   10      2033.34 2008.04 0.00314181      5000
worker_6  | fuzzy inputs 1 6.023174941713311
worker_6  | g=0, diversidad=6.023174941713311, C1=1.225045319588467, C2=1.4749871797520766
worker_6  | gen evals   avg     std     min             max
worker_6  | 0   10      2566.94 2175.97 0.00314181      5000
worker_11 | fuzzy inputs 8 4.947726561392063
worker_11 | g=7, diversidad=4.947726561392063, C1=1.7361754059770025, C2=1.2126969310231108
worker_11 | 7   10      3900.3  1054.46 1666.67         5000
worker_11 | defaultdict(<class 'deap.tools.support.Logbook'>, {})
worker_11 | poblacion enviada...  0.0030798652165077377
worker_11 | poblacion recibida...  PSO PSO-6
worker_11 | primero diversidad 4.557286327715711
worker_5  | fuzzy inputs 5 7.532807078665966
worker_5  | g=4, diversidad=7.532807078665966, C1=1.4880716667868734, C2=1.4880716667868734
worker_5  | 4   10      3366.82 1552.26 0.02213         5000
worker_14 | fuzzy inputs 5 5.502987355873736
worker_14 | g=4, diversidad=5.502987355873736, C1=1.475885905157667, C2=1.3689888767456921
worker_14 | 4   10      2266.99 813.815 1333.47         3334.72
worker_3  | fuzzy inputs 7 6.420698998546946
worker_3  | g=6, diversidad=6.420698998546946, C1=1.5074134060146949, C2=1.4731185564106082
worker_3  | 6   10      3466.68 1175.67 1666.68         5000
worker_15 | fuzzy inputs 7 6.568265930026291
worker_15 | g=6, diversidad=6.568265930026291, C1=1.5173021051053235, C2=1.4771515871454743
worker_15 | 6   10      3235.79 1325.51 1666.67         5000
worker_16 | fuzzy inputs 1 7.881231987292017
worker_16 | g=0, diversidad=7.881231987292017, C1=1.1874326316429809, C2=1.4891155970132737
worker_16 | gen evals   avg     std     min             max
worker_16 | 0   10      1933.78 1895.82 0.00307987      5000
worker_4  | fuzzy inputs 7 7.120297929758278
worker_4  | g=6, diversidad=7.120297929758278, C1=1.5469400437205745, C2=1.4865436881063405
worker_4  | 6   10      3200.93 1732.3  5.01437         5000
worker_6  | fuzzy inputs 2 5.563699303974383
worker_6  | g=1, diversidad=5.563699303974383, C1=1.2249427364916186, C2=1.537183198758159
worker_6  | 1   10      3400.15 1218.28 1666.7          5000
worker_8  | fuzzy inputs 5 6.139219499822015
worker_8  | g=4, diversidad=6.139219499822015, C1=1.477131686948997, C2=1.4631842541685438
worker_8  | 4   10      3766.7  1192.98 1666.97         5000
worker_13 | fuzzy inputs 8 6.010931350749071
worker_13 | g=7, diversidad=6.010931350749071, C1=1.7241932151436539, C2=1.4572763975803436
worker_13 | 7   10      2833.37 1674.94 0.0688925       5000
worker_13 | defaultdict(<class 'deap.tools.support.Logbook'>, {})
worker_13 | poblacion enviada...  0.0040782143879735345
worker_13 | poblacion recibida...  PSO PSO-8
worker_13 | primero diversidad 6.492307332772306
worker_9  | fuzzy inputs 4 4.8512622711558935
worker_9  | g=3, diversidad=4.8512622711558935, C1=1.4823038078668442, C2=1.2113152395235833
worker_9  | 3   10      2800.03 1641.12 0.0174496       5000
worker_12 | fuzzy inputs 3 5.207692583867606
worker_12 | g=2, diversidad=5.207692583867606, C1=1.4257383966244728, C2=1.4683939337845238
worker_12 | 2   10      2967.39 1455.98 666.774         5000
worker_10 | fuzzy inputs 2 4.6529912975328385
worker_10 | g=1, diversidad=4.6529912975328385, C1=1.2087800378629259, C2=1.7399427670841554
worker_10 | 1   10      3033.76 1187.3  1666.68         5000
worker_11 | fuzzy inputs 1 4.557286327715711
worker_11 | g=0, diversidad=4.557286327715711, C1=1.2076828527870511, C2=1.7410070187857252
worker_11 | gen evals   avg     std     min             max
worker_11 | 0   10      1633.54 1345.38 0.00307987      3333.46
worker_3  | fuzzy inputs 8 6.0134638943630785
worker_3  | g=7, diversidad=6.0134638943630785, C1=1.724281260896368, C2=1.4574039148514855
worker_3  | 7   10      3333.56 1490.7  0.0449537       5000
worker_3  | defaultdict(<class 'deap.tools.support.Logbook'>, {})
worker_3  | poblacion enviada...  0.003141812590296529
worker_3  | poblacion recibida...  PSO PSO-9
worker_3  | primero diversidad 6.3856640059041005
worker_16 | fuzzy inputs 2 7.772643230752555
worker_16 | g=1, diversidad=7.772643230752555, C1=1.1936936936936937, C2=1.4879629629629632
worker_16 | 1   10      3733.48 1451.31 0.379145        5000
worker_15 | fuzzy inputs 8 5.8851154120826195
worker_15 | g=7, diversidad=5.8851154120826195, C1=1.723809523809524, C2=1.4523345628817328
worker_15 | 7   10      3133.42 1571.86 0.565823        5000
worker_15 | defaultdict(<class 'deap.tools.support.Logbook'>, {})
worker_15 | poblacion enviada...  0.003141812590296529
worker_15 | poblacion recibida...  PSO PSO-2
worker_15 | primero diversidad 5.097936846230142
worker_6  | fuzzy inputs 3 5.96113740103924
worker_6  | g=2, diversidad=5.96113740103924, C1=1.4500000000000004, C2=1.455344334998166
worker_6  | 2   10      3966.84 1177.87 1333.81         5000
worker_4  | fuzzy inputs 8 6.006358722539662
worker_4  | g=7, diversidad=6.006358722539662, C1=1.7240334411919256, C2=1.457044937979447
worker_4  | 7   10      3300.22 1951.71 0.121276        5000
worker_4  | defaultdict(<class 'deap.tools.support.Logbook'>, {})
worker_4  | poblacion enviada...  0.0030798652165077377
worker_4  | poblacion recibida...  PSO PSO-12
worker_4  | primero diversidad 5.315987507910274
worker_5  | fuzzy inputs 6 7.83468038653811
worker_5  | g=5, diversidad=7.83468038653811, C1=1.4889868225430478, C2=1.4889868225430478
worker_5  | 5   10      2800.12 1820.89 0.0154352       5000
worker_9  | fuzzy inputs 5 6.513031561489522
worker_9  | g=4, diversidad=6.513031561489522, C1=1.4820806626631526, C2=1.4757175119022174
worker_9  | 4   10      3400.1  1072.76 1666.67         5000
worker_14 | fuzzy inputs 6 5.951466536391884
worker_14 | g=5, diversidad=5.951466536391884, C1=1.474509803921569, C2=1.45498590402525
worker_14 | 5   10      1900.05 1054.61 0.0190412       3333.34
worker_13 | fuzzy inputs 1 8.30132448162599
worker_13 | g=0, diversidad=8.30132448162599, C1=1.1812597634718716, C2=1.4898772689461304
worker_13 | gen evals   avg     std     min             max
worker_13 | 0   10      2085.63 2257.14 0.00307987      5000
worker_12 | fuzzy inputs 4 4.788613418488478
worker_12 | g=3, diversidad=4.788613418488478, C1=1.482745255687696, C2=1.2104725737388184
worker_12 | 3   10      3300.04 1608.62 0.0390101       5000
worker_10 | fuzzy inputs 3 3.9884505895802738
worker_10 | g=2, diversidad=3.9884505895802738, C1=1.4257383966244728, C2=1.467632850241546
worker_10 | 2   10      3140.56 1352.78 0.00641366      5000
worker_11 | fuzzy inputs 2 5.057323869921634
worker_11 | g=1, diversidad=5.057323869921634, C1=1.2144048108030951, C2=1.7083584876363682
worker_11 | 1   10      3766.91 1299.71 667.698         5000
worker_16 | fuzzy inputs 3 5.995640082272759
worker_16 | g=2, diversidad=5.995640082272759, C1=1.4500000000000006, C2=1.456570965449472
worker_16 | 2   10      4333.54 816.248 3333.35         5000
worker_8  | fuzzy inputs 6 5.5867595900339415
worker_8  | g=5, diversidad=5.5867595900339415, C1=1.4747067994186576, C2=1.3906501264955569
worker_8  | 5   10      2466.73 1146.96 1333.57         5000
worker_6  | fuzzy inputs 4 4.710097708616774
worker_6  | g=3, diversidad=4.710097708616774, C1=1.4832683520619658, C2=1.2094719116577006
worker_6  | 3   10      4000.01 1105.52 1666.75         5000
worker_3  | fuzzy inputs 1 6.3856640059041005
worker_3  | g=0, diversidad=6.3856640059041005, C1=1.2144496653590602, C2=1.4806541539638454
worker_3  | gen evals   avg     std     min             max
worker_3  | 0   10      2151.24 1973.49 0.00314181      5000
worker_15 | fuzzy inputs 1 6.505673563346845
worker_15 | g=0, diversidad=6.505673563346845, C1=1.2118865864799406, C2=1.4820040036093267
worker_15 | gen evals   avg     std     min             max
worker_15 | 0   10      2800    2109.24 0.00307987      5000
worker_9  | fuzzy inputs 6 5.0582686869835785
worker_9  | g=5, diversidad=5.0582686869835785, C1=1.4806697024385922, C2=1.2341250734929863
worker_9  | 5   10      3533.34 1904.37 0.0063975       5000
worker_5  | fuzzy inputs 7 8.130089131845175
worker_5  | g=6, diversidad=8.130089131845175, C1=1.5602836879432629, C2=1.4879629629629632
worker_5  | 6   10      3100.03 1653.59 0.0118955       5000
worker_4  | fuzzy inputs 1 5.315987507910274
worker_4  | g=0, diversidad=5.315987507910274, C1=1.219147900804587, C2=1.6084588922874241
worker_4  | gen evals   avg     std     min             max
worker_4  | 0   10      2233.38 2160.47 0.00307987      5000
worker_12 | fuzzy inputs 5 5.9172390377990975
worker_12 | g=4, diversidad=5.9172390377990975, C1=1.474509803921569, C2=1.4536619177385546
worker_12 | 4   10      3400.3  1678.41 0.0396038       5000
worker_8  | fuzzy inputs 7 4.899751548745874
worker_8  | g=6, diversidad=4.899751548745874, C1=1.5128323666285497, C2=1.2119964415851974
worker_8  | 6   10      3733.41 1631.54 0.0200455       5000
worker_10 | fuzzy inputs 4 4.45866983999101
worker_10 | g=3, diversidad=4.45866983999101, C1=1.484748927124613, C2=1.2066269809871821
worker_10 | 3   10      3000.18 1794.92 0.0141666       5000
worker_13 | fuzzy inputs 2 7.0668013622640515
worker_13 | g=1, diversidad=7.0668013622640515, C1=1.2025819037743566, C2=1.4863163715130043
worker_13 | 1   10      3366.87 1552.4  0.012995        5000
worker_11 | fuzzy inputs 3 4.885423034658448
worker_11 | g=2, diversidad=4.885423034658448, C1=1.4257383966244728, C2=1.467632850241546
worker_11 | 2   10      3176.13 2027.63 0.00539422      5000
worker_14 | fuzzy inputs 7 5.735353038881912
worker_14 | g=6, diversidad=5.735353038881912, C1=1.474509803921569, C2=1.4270320917217811
worker_14 | 6   10      2100.1  1640.05 0.0281658       5000
worker_6  | fuzzy inputs 5 6.180409834563195
worker_6  | g=4, diversidad=6.180409834563195, C1=1.477807069809661, C2=1.464868755349036
worker_6  | 4   10      3500.27 1384.3  1666.76         5000
worker_16 | fuzzy inputs 4 5.715452639282016
worker_16 | g=3, diversidad=5.715452639282016, C1=1.474509803921569, C2=1.4222709548609864
worker_16 | 3   10      2833.5  1368.13 667.011         5000
worker_3  | fuzzy inputs 2 5.834883805561685
worker_3  | g=1, diversidad=5.834883805561685, C1=1.2259259259259263, C2=1.474509803921569
worker_3  | 1   10      3566.71 1174.21 1666.82         5000
worker_15 | fuzzy inputs 2 6.076230126645818
worker_15 | g=1, diversidad=6.076230126645818, C1=1.223142156193687, C2=1.4760154970821293
worker_15 | 1   10      2633.49 2018.91 0.0155606       5000
worker_10 | fuzzy inputs 5 5.194800756549211
worker_10 | g=4, diversidad=5.194800756549211, C1=1.47941604175085, C2=1.279523364695539
worker_10 | 4   10      3404.88 1218.17 1666.67         5000
worker_13 | fuzzy inputs 3 5.363041073105594
worker_13 | g=2, diversidad=5.363041073105594, C1=1.4330903556249726, C2=1.461946898479183
worker_13 | 2   10      4000.07 1105.5  1666.69         5000
worker_11 | fuzzy inputs 4 4.283830596810076
worker_11 | g=3, diversidad=4.283830596810076, C1=1.4856329908766055, C2=1.2049192768237689
worker_11 | 3   10      3166.94 1572.35 0.0067801       5000
worker_12 | fuzzy inputs 6 5.0013456114046635
worker_12 | g=5, diversidad=5.0013456114046635, C1=1.481148391185587, C2=1.2139775829570894
worker_12 | 5   10      3533.41 1240    1666.67         5000
worker_8  | fuzzy inputs 8 5.718100963035131
worker_8  | g=7, diversidad=5.718100963035131, C1=1.7238095238095241, C2=1.4229064734832264
worker_8  | 7   10      3166.8  1384.39 1666.68         5000
worker_8  | defaultdict(<class 'deap.tools.support.Logbook'>, {})
worker_8  | poblacion enviada...  0.003141812590296529
worker_8  | poblacion recibida...  PSO PSO-3
worker_8  | primero diversidad 4.741134773510124
worker_4  | fuzzy inputs 2 5.961948511263186
worker_4  | g=1, diversidad=5.961948511263186, C1=1.225925925925926, C2=1.4745098039215685
worker_4  | 1   10      2400.83 1684.77 0.035118        5000
worker_9  | fuzzy inputs 7 5.368038541422869
worker_9  | g=6, diversidad=5.368038541422869, C1=1.4883952359936503, C2=1.3318287060015495
worker_9  | 6   10      3100.05 1868.12 0.0588572       5000
worker_5  | fuzzy inputs 8 6.857267966651692
worker_5  | g=7, diversidad=6.857267966651692, C1=1.7426177362674795, C2=1.4834759625597436
worker_5  | 7   10      2433.47 1653.67 0.0132834       5000
worker_5  | defaultdict(<class 'deap.tools.support.Logbook'>, {})
worker_5  | poblacion enviada...  0.0030798652165077377
worker_5  | poblacion recibida...  PSO PSO-15
worker_5  | primero diversidad 7.4202295649136705
worker_6  | fuzzy inputs 6 6.174156617220287
worker_6  | g=5, diversidad=6.174156617220287, C1=1.4777071180775598, C2=1.4646189533083
worker_6  | 5   10      3266.67 1775.13 0.00893997      5000
worker_3  | fuzzy inputs 3 4.860388786880584
worker_3  | g=2, diversidad=4.860388786880584, C1=1.4257383966244728, C2=1.467632850241546
worker_3  | 2   10      3733.34 1451.43 0.0310819       5000
worker_14 | fuzzy inputs 8 5.393205068350394
worker_14 | g=7, diversidad=5.393205068350394, C1=1.7285359853015252, C2=1.3389828944453848
worker_14 | 7   10      2666.77 1879.64 0.0424874       5000
worker_14 | defaultdict(<class 'deap.tools.support.Logbook'>, {})
worker_14 | poblacion enviada...  0.0037080876334134975
worker_14 | poblacion recibida...  PSO PSO-7
worker_14 | primero diversidad 4.836527488775504
worker_13 | fuzzy inputs 4 5.053011394284292
worker_13 | g=3, diversidad=5.053011394284292, C1=1.480714929651577, C2=1.232295784406618
worker_13 | 3   10      4000.16 1105.43 1666.75         5000
worker_16 | fuzzy inputs 5 7.580551839562643
worker_16 | g=4, diversidad=7.580551839562643, C1=1.4882264032073842, C2=1.4882264032073842
worker_16 | 4   10      3500.06 1194.82 1666.75         5000
worker_15 | fuzzy inputs 3 4.936289106913738
worker_15 | g=2, diversidad=4.936289106913738, C1=1.4257383966244728, C2=1.467632850241546
worker_15 | 2   10      3300.02 1494.05 0.0150491       5000
worker_12 | fuzzy inputs 7 5.466608420718218
worker_12 | g=6, diversidad=5.466608420718218, C1=1.4826555943961257, C2=1.3592562319185821
worker_12 | 6   10      3401.58 1304.31 1666.73         5000
worker_10 | fuzzy inputs 6 4.638646035843431
worker_10 | g=5, diversidad=4.638646035843431, C1=1.483717561092229, C2=1.2086107347614028
worker_10 | 5   10      3200.24 1326.28 1.26411         5000
