worker_8  | fuzzy inputs 3 5.235534075561078
worker_8  | g=2, diversidad=5.235534075561078, C1=1.4257383966244728, C2=1.468493246085848
worker_8  | 2   10      2533.52 1613.75 0.0509905       5000
worker_1  | fuzzy inputs 5 8.50726255264141
worker_1  | g=4, diversidad=8.50726255264141, C1=1.490161258929917, C2=1.490161258929917
worker_1  | 4   10      2307.44 1585.4  0.0381882       5000
worker_9  | fuzzy inputs 5 5.744060364880924
worker_9  | g=4, diversidad=5.744060364880924, C1=1.4745098039215692, C2=1.4291049294661455
worker_9  | 4   10      2300.41 1130.09 0.0667485       3335.97
worker_11 | fuzzy inputs 6 6.2985832470271745
worker_11 | g=5, diversidad=6.2985832470271745, C1=1.4795406067915362, C2=1.4692295808208822
worker_11 | 5   10      2933.37 1254.31 1666.68         5000
worker_4  | fuzzy inputs 2 5.9438609064649714
worker_4  | g=1, diversidad=5.9438609064649714, C1=1.225925925925926, C2=1.4745098039215692
worker_4  | 1   10      3200.04 1454.45 1666.67         5000
worker_12 | fuzzy inputs 6 8.61816517217724
worker_12 | g=5, diversidad=8.61816517217724, C1=1.4894308943089432, C2=1.4894308943089432
worker_12 | 5   10      1833.44 1967.75 0.0235452       5000
worker_6  | fuzzy inputs 7 6.266615833626383
worker_6  | g=6, diversidad=6.266615833626383, C1=1.4962385827237101, C2=1.4681134825435889
worker_6  | 6   10      2166.69 1661.65 0.00762336      5000
worker_16 | fuzzy inputs 6 5.270815300712041
worker_16 | g=5, diversidad=5.270815300712041, C1=1.478644953636533, C2=1.303156489357085
worker_16 | 5   10      2600.04 1518.74 0.149213        5000
worker_2  | fuzzy inputs 8 6.3027305273847
worker_2  | g=7, diversidad=6.3027305273847, C1=1.7326144220210278, C2=1.4693711811518098
worker_2  | 7   10      1957.95 1430.94 0.0290332       4000
worker_2  | defaultdict(<class 'deap.tools.support.Logbook'>, {})
worker_2  | poblacion enviada...  0.0037514072893524695
worker_2  | poblacion recibida...  PSO PSO-1
worker_2  | primero diversidad 7.314996609470174
worker_15 | fuzzy inputs 6 7.386815103721886
worker_15 | g=5, diversidad=7.386815103721886, C1=1.4875722308053914, C2=1.4875722308053914
worker_15 | 5   10      2800.35 1076.69 1666.72         5000
worker_8  | fuzzy inputs 4 4.43353866764857
worker_8  | g=3, diversidad=4.43353866764857, C1=1.4848826381000628, C2=1.2063691299782358
worker_8  | 3   10      2067    1562.05 0.00768227      5000
worker_13 | fuzzy inputs 6 6.966156106884705
worker_13 | g=5, diversidad=6.966156106884705, C1=1.4858045371117647, C2=1.4854465009472644
worker_13 | 5   10      2467.08 1557.71 0.00647244      5000
worker_7  | fuzzy inputs 7 6.467017184291858
worker_7  | g=6, diversidad=6.467017184291858, C1=1.510598529845241, C2=1.4744556319924949
worker_7  | 6   10      2300.06 1622.4  0.0479609       5000
worker_11 | fuzzy inputs 7 6.416880788057003
worker_11 | g=6, diversidad=6.416880788057003, C1=1.5071473934477972, C2=1.4730051780511961
worker_11 | 6   10      2533.56 1579.08 0.0197094       5000
worker_3  | fuzzy inputs 6 8.440894935346781
worker_3  | g=5, diversidad=8.440894935346781, C1=1.4894308943089432, C2=1.4894308943089432
worker_3  | 5   10      1807.54 1545.31 0.010342        5000
worker_9  | fuzzy inputs 6 5.804450174903787
worker_9  | g=5, diversidad=5.804450174903787, C1=1.474509803921569, C2=1.4433099947939076
worker_9  | 5   10      3233.37 1358.44 666.996         5000
worker_5  | fuzzy inputs 1 7.2273785874026135
worker_5  | g=0, diversidad=7.2273785874026135, C1=1.1990251743936882, C2=1.4869767349295955
worker_5  | gen evals   avg     std     min             max
worker_5  | 0   10      1266.86 1526    0.00375141      4000
worker_12 | fuzzy inputs 7 7.119800441065562
worker_12 | g=6, diversidad=7.119800441065562, C1=1.54692166893015, C2=1.4865416089827632
worker_12 | 6   10      2733.38 1737.12 0.0638281       5000
worker_1  | fuzzy inputs 6 8.235924992531091
worker_1  | g=5, diversidad=8.235924992531091, C1=1.4894308943089432, C2=1.4894308943089432
worker_1  | 5   10      2633.56 1573.43 0.0780456       5000
worker_4  | fuzzy inputs 3 5.383257239725387
worker_4  | g=2, diversidad=5.383257239725387, C1=1.4344510789153413, C2=1.4607528848612228
worker_4  | 2   10      1533.4  1667.97 0.00838656      5000
worker_6  | fuzzy inputs 8 5.60191153743339
worker_6  | g=7, diversidad=5.60191153743339, C1=1.723809523809524, C2=1.394459360748209
worker_6  | 7   10      3433.38 1022.49 1666.87         5000
worker_6  | defaultdict(<class 'deap.tools.support.Logbook'>, {})
worker_6  | poblacion enviada...  0.004398627742702823
worker_6  | poblacion recibida...  PSO PSO-15
worker_6  | primero diversidad 6.223496619254405
worker_16 | fuzzy inputs 7 5.379689795754609
worker_16 | g=6, diversidad=5.379689795754609, C1=1.487728633692838, C2=1.3351540994665265
worker_16 | 6   10      2366.7  1734.92 0.016374        5000
worker_8  | fuzzy inputs 5 5.11358271614516
worker_8  | g=4, diversidad=5.11358271614516, C1=1.4801806664933914, C2=1.252997315543459
worker_8  | 4   10      1400.07 1404.7  0.00991935      3333.34
worker_2  | fuzzy inputs 1 7.314996609470174
worker_2  | g=0, diversidad=7.314996609470174, C1=1.1972215000146802, C2=1.4873108707595302
worker_2  | gen evals   avg     std     min             max
worker_2  | 0   10      1966.7  2172.81 0.00375141      5000
worker_12 | fuzzy inputs 8 7.611117697421096
worker_12 | g=7, diversidad=7.611117697421096, C1=1.7547524390750455, C2=1.4883233740165547
worker_12 | 7   10      2909.82 2008.07 0.0460065       5000
worker_12 | defaultdict(<class 'deap.tools.support.Logbook'>, {})
worker_12 | poblacion enviada...  0.0037514072893524695
worker_12 | poblacion recibida...  PSO PSO-5
worker_12 | primero diversidad 7.534700288003139
worker_15 | fuzzy inputs 7 7.1757059006289765
worker_15 | g=6, diversidad=7.1757059006289765, C1=1.548971305837125, C2=1.4867712991801212
worker_15 | 6   10      2600.05 1380.8  0.0067469       5000
worker_13 | fuzzy inputs 7 6.50165885263189
worker_13 | g=6, diversidad=6.50165885263189, C1=1.5129312740106304, C2=1.4754115190739407
worker_13 | 6   10      2533.45 945.057 1333.36         4000
worker_9  | fuzzy inputs 7 5.783430435769284
worker_9  | g=6, diversidad=5.783430435769284, C1=1.474509803921569, C2=1.4383993290596673
worker_9  | 6   10      2566.98 1782.89 0.0219152       5000
worker_3  | fuzzy inputs 7 9.04989241100972
worker_3  | g=6, diversidad=9.04989241100972, C1=1.5602836879432629, C2=1.4879629629629632
worker_3  | 6   10      2790.98 1460.16 0.0190192       5000
worker_7  | fuzzy inputs 8 6.469918900576871
worker_7  | g=7, diversidad=6.469918900576871, C1=1.7362550764570897, C2=1.474537110015048
worker_7  | 7   10      2433.37 1075.45 0.202598        3333.43
worker_7  | defaultdict(<class 'deap.tools.support.Logbook'>, {})
worker_7  | poblacion enviada...  0.0037514072893524695
worker_7  | poblacion recibida...  PSO PSO-0
worker_7  | primero diversidad 6.811106652223738
worker_1  | fuzzy inputs 7 7.680574911425345
worker_1  | g=6, diversidad=7.680574911425345, C1=1.5602836879432629, C2=1.4879629629629632
worker_1  | 6   10      2400.31 1511.34 0.104277        5000
worker_5  | fuzzy inputs 2 7.205211048436749
worker_5  | g=1, diversidad=7.205211048436749, C1=1.1994962200988544, C2=1.4868893899063338
worker_5  | 1   10      3333.38 1429.81 666.803         5000
worker_11 | fuzzy inputs 8 5.850599086521532
worker_11 | g=7, diversidad=5.850599086521532, C1=1.7238095238095241, C2=1.4508070500258436
worker_11 | 7   10      1633.86 1058.82 0.0512989       3333.38
worker_11 | defaultdict(<class 'deap.tools.support.Logbook'>, {})
worker_11 | poblacion enviada...  0.004398627742702823
worker_11 | poblacion recibida...  PSO PSO-11
worker_11 | primero diversidad 4.857304539970867
worker_4  | fuzzy inputs 4 5.768741133987597
worker_4  | g=3, diversidad=5.768741133987597, C1=1.474509803921569, C2=1.4349463476436506
worker_4  | 3   10      3100.09 1125.9  1666.71         5000
worker_6  | fuzzy inputs 1 6.223496619254405
worker_6  | g=0, diversidad=6.223496619254405, C1=1.2185606830454414, C2=1.4784721371028604
worker_6  | gen evals   avg     std     min             max
worker_6  | 0   10      1733.38 1678.62 0.00439863      5000
worker_2  | fuzzy inputs 2 6.804868351639944
worker_2  | g=1, diversidad=6.804868351639944, C1=1.2067779196565809, C2=1.4846706195060995
worker_2  | 1   10      2673.71 986.506 667.215         4000
worker_16 | fuzzy inputs 8 6.221413617416315
worker_16 | g=7, diversidad=6.221413617416315, C1=1.7305722928507614, C2=1.4664569769379292
worker_16 | 7   10      2400.43 1436.14 0.0301126       5000
worker_16 | defaultdict(<class 'deap.tools.support.Logbook'>, {})
worker_16 | poblacion enviada...  0.0037514072893524695
worker_16 | poblacion recibida...  PSO PSO-10
worker_16 | primero diversidad 6.272932186710897
worker_13 | fuzzy inputs 8 5.94187096135869
worker_13 | g=7, diversidad=5.94187096135869, C1=1.723809523809524, C2=1.4546236085058182
worker_13 | 7   10      2933.49 1730.78 0.0150215       5000
worker_13 | defaultdict(<class 'deap.tools.support.Logbook'>, {})
worker_13 | poblacion enviada...  0.0037514072893524695
worker_13 | poblacion recibida...  PSO PSO-3
worker_13 | primero diversidad 6.255926281311876
worker_12 | fuzzy inputs 1 7.534700288003139
worker_12 | g=0, diversidad=7.534700288003139, C1=1.1930709242711235, C2=1.4880778799076335
worker_12 | gen evals   avg     std     min             max
worker_12 | 0   10      1833.4  1522.04 0.00375141      5000
worker_8  | fuzzy inputs 6 5.399260148301029
worker_8  | g=5, diversidad=5.399260148301029, C1=1.477201859952271, C2=1.3406883861905283
worker_8  | 5   10      3033.37 1149.37 666.797         5000
worker_15 | fuzzy inputs 8 8.243876769207674
worker_15 | g=7, diversidad=8.243876769207674, C1=1.7617064899200294, C2=1.4897950998803484
worker_15 | 7   10      2400.18 1420.55 0.0239476       5000
worker_15 | defaultdict(<class 'deap.tools.support.Logbook'>, {})
worker_15 | poblacion enviada...  0.0037514072893524695
worker_15 | poblacion recibida...  PSO PSO-13
worker_15 | primero diversidad 9.368960628240094
worker_7  | fuzzy inputs 1 6.811106652223738
worker_7  | g=0, diversidad=6.811106652223738, C1=1.2066869182444053, C2=1.4847178346950503
worker_7  | gen evals   avg     std     min             max
worker_7  | 0   10      2233.37 2071.21 0.00375141      5000
worker_3  | fuzzy inputs 8 8.108488248767236
worker_3  | g=7, diversidad=8.108488248767236, C1=1.7607659323472986, C2=1.489596070517219
worker_3  | 7   10      2400.12 904.137 667.557         3333.37
worker_3  | defaultdict(<class 'deap.tools.support.Logbook'>, {})
worker_3  | poblacion enviada...  0.0037514072893524695
worker_3  | poblacion recibida...  PSO PSO-9
worker_3  | primero diversidad 6.936935690185802
worker_11 | fuzzy inputs 1 13.347169287309649
worker_11 | g=0, diversidad=13.347169287309649, C1=1.1806140574400126, C2=1.543119816463156
worker_11 | gen evals   avg     std     min             max
worker_11 | 0   10      1300.08 1669.64 0.00375141      5000
worker_5  | fuzzy inputs 3 5.888685342743355
worker_5  | g=2, diversidad=5.888685342743355, C1=1.4500000000000004, C2=1.4524863869025728
worker_5  | 2   10      2334.07 1555.97 0.00993428      5000
worker_9  | fuzzy inputs 8 6.092016490167106
worker_9  | g=7, diversidad=6.092016490167106, C1=1.7268637843770966, C2=1.4611341476897746
worker_9  | 7   10      2733.39 1743.5  0.124128        5000
worker_9  | defaultdict(<class 'deap.tools.support.Logbook'>, {})
worker_9  | poblacion enviada...  0.0037514072893524695
worker_9  | poblacion recibida...  PSO PSO-7
worker_9  | primero diversidad 5.887040930016945
worker_6  | fuzzy inputs 2 6.3213365601141
worker_6  | g=1, diversidad=6.3213365601141, C1=1.2159811140519252, C2=1.4798437535920235
worker_6  | 1   10      3533.38 1484.71 666.759         5000
worker_1  | fuzzy inputs 8 7.297498129491932
worker_1  | g=7, diversidad=7.297498129491932, C1=1.7498286802736909, C2=1.4872455166473297
worker_1  | 7   10      2567.07 1382.71 0.0223271       5000
worker_1  | defaultdict(<class 'deap.tools.support.Logbook'>, {})
worker_1  | poblacion enviada...  0.0037514072893524695
worker_1  | poblacion recibida...  PSO PSO-2
worker_1  | primero diversidad 8.049337915351897
worker_4  | fuzzy inputs 5 5.517095702669342
worker_4  | g=4, diversidad=5.517095702669342, C1=1.4756950872807861, C2=1.3727091738176962
worker_4  | 4   10      2133.48 1446.81 0.0184866       5000
worker_2  | fuzzy inputs 3 6.203925827967
worker_2  | g=2, diversidad=6.203925827967, C1=1.4298811878366717, C2=1.465789974851962
worker_2  | 2   10      2900.16 1706.47 0.0422987       5000
worker_8  | fuzzy inputs 7 5.740591131349933
worker_8  | g=6, diversidad=5.740591131349933, C1=1.4745098039215694, C2=1.4282798085825692
worker_8  | 6   10      3300.04 1168.55 666.764         5000
worker_13 | fuzzy inputs 1 6.255926281311876
worker_13 | g=0, diversidad=6.255926281311876, C1=1.2176693913144108, C2=1.4789469946884775
worker_13 | gen evals   avg     std     min             max
worker_13 | 0   10      2166.74 1565.23 0.00375141      4000
worker_12 | fuzzy inputs 2 6.864192485699918
worker_12 | g=1, diversidad=6.864192485699918, C1=1.2059338953384744, C2=1.4851081522276275
worker_12 | 1   10      2366.85 1377.95 0.0410781       4000
worker_7  | fuzzy inputs 2 6.345347933821358
worker_7  | g=1, diversidad=6.345347933821358, C1=1.215395343708956, C2=1.4801540695214244
worker_7  | 1   10      2133.46 1446.84 0.0129313       5000
worker_16 | fuzzy inputs 1 6.272932186710897
worker_16 | g=0, diversidad=6.272932186710897, C1=1.2172168278119546, C2=1.4791877296987623
worker_16 | gen evals   avg     std     min             max
worker_16 | 0   10      2500.02 1485.11 0.00375141      5000
worker_15 | fuzzy inputs 1 9.368960628240094
worker_15 | g=0, diversidad=9.368960628240094, C1=1.175268817204301, C2=1.4904761904761905
worker_15 | gen evals   avg     std     min             max
worker_15 | 0   10      1733.37 1925.25 0.00375141      5000
worker_6  | fuzzy inputs 3 5.1687460827545815
worker_6  | g=2, diversidad=5.1687460827545815, C1=1.4257383966244728, C2=1.4682539541124418
worker_6  | 2   10      3733.41 1631.52 0.440733        5000
worker_11 | fuzzy inputs 2 10.17786780125548
worker_11 | g=1, diversidad=10.17786780125548, C1=1.1936936936936937, C2=1.4879629629629632
worker_11 | 1   10      2100.19 1640.21 0.00771264      5000
worker_9  | fuzzy inputs 1 5.887040930016945
worker_9  | g=0, diversidad=5.887040930016945, C1=1.2259259259259263, C2=1.4745098039215692
worker_9  | gen evals   avg     std     min             max
worker_9  | 0   10      1566.69 1193.05 0.00375141      3333.41
worker_5  | fuzzy inputs 4 5.188243486595153
worker_5  | g=3, diversidad=5.188243486595153, C1=1.4794799575338047, C2=1.2774318927028039
worker_5  | 3   10      2500.06 1593.34 0.0293567       5000
worker_3  | fuzzy inputs 1 6.936935690185802
worker_3  | g=0, diversidad=6.936935690185802, C1=1.2049604484869, C2=1.4856117176558197
worker_3  | gen evals   avg     std     min             max
worker_3  | 0   10      1266.69 1412.64 0.00375141      4000
worker_1  | fuzzy inputs 1 8.049337915351897
worker_1  | g=0, diversidad=8.049337915351897, C1=1.1849588442308587, C2=1.489506658154562
worker_1  | gen evals   avg     std     min             max
worker_1  | 0   10      2466.93 2109.02 0.00375141      5000
worker_4  | fuzzy inputs 6 5.602205907082473
worker_4  | g=5, diversidad=5.602205907082473, C1=1.4745098039215692, C2=1.3945329233991801
worker_4  | 5   10      1900.19 1445.76 0.00695741      5000
worker_2  | fuzzy inputs 4 4.9352390148460845
worker_2  | g=3, diversidad=4.9352390148460845, C1=1.481675385544086, C2=1.2125119735133574
worker_2  | 3   10      1400.49 1658.48 0.00693163      5000
worker_15 | fuzzy inputs 2 7.810310872193794
worker_15 | g=1, diversidad=7.810310872193794, C1=1.1936936936936937, C2=1.4879629629629632
worker_15 | 1   10      3233.36 1909.3  0.0457372       5000
worker_7  | fuzzy inputs 3 6.563008288844735
worker_7  | g=2, diversidad=6.563008288844735, C1=1.4257383966244728, C2=1.472179827625715
worker_7  | 2   10      2848.16 1505.53 0.0382115       5000
worker_16 | fuzzy inputs 2 6.328826608339741
worker_16 | g=1, diversidad=6.328826608339741, C1=1.2157965205259211, C2=1.479941589151645
worker_16 | 1   10      2700.14 1559.6  0.0165358       5000
worker_8  | fuzzy inputs 8 5.376463386249593
worker_8  | g=7, diversidad=5.376463386249593, C1=1.7288794569680794, C2=1.3342355451277184
worker_8  | 7   10      2166.69 1857.41 0.00949339      5000
worker_8  | defaultdict(<class 'deap.tools.support.Logbook'>, {})
worker_8  | poblacion enviada...  0.0037514072893524695
worker_8  | poblacion recibida...  PSO PSO-6
worker_8  | primero diversidad 7.510341688963055
worker_12 | fuzzy inputs 3 6.450837863484623
worker_12 | g=2, diversidad=6.450837863484623, C1=1.4257383966244728, C2=1.4704968529920208
worker_12 | 2   10      2466.91 1292.77 0.167172        5000
worker_6  | fuzzy inputs 4 4.8606915323852595
worker_6  | g=3, diversidad=4.8606915323852595, C1=1.4822354024066065, C2=1.211445668958727
worker_6  | 3   10      1566.84 1520.59 0.0321206       5000
worker_1  | fuzzy inputs 2 7.495726780717242
worker_1  | g=1, diversidad=7.495726780717242, C1=1.1937711943319584, C2=1.4879486579554053
worker_1  | 1   10      3633.51 1177.98 1666.7          5000
worker_13 | fuzzy inputs 2 6.838651072190686
worker_13 | g=1, diversidad=6.838651072190686, C1=1.2062915028304302, C2=1.4849228767508689
worker_13 | 1   10      1466.78 1309.79 0.0424578       3333.5
worker_5  | fuzzy inputs 5 6.8787402089890755
worker_5  | g=4, diversidad=6.8787402089890755, C1=1.4852116590586932, C2=1.4838798995056453
worker_5  | 4   10      2366.74 2089.33 0.0111277       5000
worker_11 | fuzzy inputs 3 6.93309285018168
worker_11 | g=2, diversidad=6.93309285018168, C1=1.4257383966244728, C2=1.47782556185389
worker_11 | 2   10      3100.15 1265.31 666.846         5000
worker_3  | fuzzy inputs 2 6.636054715567323
worker_3  | g=1, diversidad=6.636054715567323, C1=1.2094648073867065, C2=1.4832720614796062
worker_3  | 1   10      2374.31 1460.59 0.00927066      5000
worker_2  | fuzzy inputs 5 6.097229042685596
worker_2  | g=4, diversidad=6.097229042685596, C1=1.4763995175899822, C2=1.461367182746122
worker_2  | 4   10      3066.74 1404.71 1666.69         5000
worker_9  | fuzzy inputs 2 6.127046829349857
worker_9  | g=1, diversidad=6.127046829349857, C1=1.2214533147195428, C2=1.4769241556844008
worker_9  | 1   10      2500.48 1066.89 0.0915981       4000
worker_4  | fuzzy inputs 7 6.2198292324299524
worker_4  | g=6, diversidad=6.2198292324299524, C1=1.4926571094668366, C2=1.46639716564784
worker_4  | 6   10      2166.76 1376.37 0.0148859       5000
worker_15 | fuzzy inputs 3 6.406896662870109
worker_15 | g=2, diversidad=6.406896662870109, C1=1.4257383966244728, C2=1.469841084646223
worker_15 | 2   10      2533.49 1613.85 0.0166447       5000
worker_7  | fuzzy inputs 4 5.714207628329799
worker_7  | g=3, diversidad=5.714207628329799, C1=1.4745098039215694, C2=1.4219719858465596
worker_7  | 3   10      2700.04 1456.37 0.0910936       5000
worker_1  | fuzzy inputs 3 6.400966410367272
worker_1  | g=2, diversidad=6.400966410367272, C1=1.4257383966244728, C2=1.4697527335688125
worker_1  | 2   10      3866.73 635.904 3333.34         5000
worker_12 | fuzzy inputs 4 5.8005703836094185
worker_12 | g=3, diversidad=5.8005703836094185, C1=1.4745098039215687, C2=1.4424062699309028
worker_12 | 3   10      2034.24 1312.43 0.0240499       3339.45
worker_6  | fuzzy inputs 5 7.264484912528717
worker_6  | g=4, diversidad=7.264484912528717, C1=1.4871203662789605, C2=1.4871203662789605
worker_6  | 4   10      2433.44 1903.45 0.0511253       5000
worker_11 | fuzzy inputs 4 6.541339925327042
worker_11 | g=3, diversidad=6.541339925327042, C1=1.4823696007542884, C2=1.476463051525816
worker_11 | 3   10      2400.09 1749.88 0.0115645       5000
worker_3  | fuzzy inputs 3 5.656636258611256
worker_3  | g=2, diversidad=5.656636258611256, C1=1.4500000000000006, C2=1.4481824717811458
worker_3  | 2   10      2833.74 1499.97 0.118899        5000
worker_8  | fuzzy inputs 1 7.510341688963055
worker_8  | g=0, diversidad=7.510341688963055, C1=1.193506871906446, C2=1.4879974426061102
worker_8  | gen evals   avg     std     min             max
worker_8  | 0   10      1100.07 1202.34 0.00375141      3333.34
worker_13 | fuzzy inputs 3 7.646996984060254
worker_13 | g=2, diversidad=7.646996984060254, C1=1.4257383966244728, C2=1.4788617886178865
worker_13 | 2   10      2766.74 1366.62 1333.4          5000
worker_5  | fuzzy inputs 6 7.0813144132117625
worker_5  | g=5, diversidad=7.0813144132117625, C1=1.4863787957727874, C2=1.4863787957727874
worker_5  | 5   10      2100.25 1247.86 0.0457939       3335.06
worker_16 | fuzzy inputs 3 6.443118768355128
worker_16 | g=2, diversidad=6.443118768355128, C1=1.4257383966244728, C2=1.4703815123728798
worker_16 | 2   10      2233.43 1033.22 0.529029        3333.45
worker_2  | fuzzy inputs 6 5.9475443406131525
worker_2  | g=5, diversidad=5.9475443406131525, C1=1.4745098039215694, C2=1.4548386271064035
worker_2  | 5   10      3033.49 874.924 1666.76         5000
worker_9  | fuzzy inputs 3 5.146510752616378
worker_9  | g=2, diversidad=5.146510752616378, C1=1.4257383966244728, C2=1.4681734795133903
worker_9  | 2   10      2300.2  1545.33 0.0183071       5000
worker_4  | fuzzy inputs 8 5.08018968067523
worker_4  | g=7, diversidad=5.08018968067523, C1=1.7341905545852008, C2=1.2416852404602885
worker_4  | 7   10      2000.24 1453.09 0.0272497       3334.94
worker_4  | defaultdict(<class 'deap.tools.support.Logbook'>, {})
worker_4  | poblacion enviada...  0.0037514072893524695
worker_4  | poblacion recibida...  PSO PSO-4
worker_4  | primero diversidad 7.171659694388169
worker_15 | fuzzy inputs 4 5.045561350491142
worker_15 | g=3, diversidad=5.045561350491142, C1=1.4807786593160235, C2=1.229692705711861
worker_15 | 3   10      2733.72 1568.83 2.14128         5000
worker_1  | fuzzy inputs 4 5.3606959637841705
worker_1  | g=3, diversidad=5.3606959637841705, C1=1.4776552141778196, C2=1.3297212111616408
worker_1  | 3   10      2533.39 1647.9  0.00812398      5000
worker_11 | fuzzy inputs 5 7.634324026862872
worker_11 | g=4, diversidad=7.634324026862872, C1=1.4883959364475032, C2=1.4883959364475032
worker_11 | 4   10      3233.39 1563.82 0.0139338       5000
worker_6  | fuzzy inputs 6 5.845402484190741
worker_6  | g=5, diversidad=5.845402484190741, C1=1.4745098039215694, C2=1.4505672879272355
worker_6  | 5   10      1466.77 1343.32 0.00912865      3333.58
worker_8  | fuzzy inputs 2 7.633079537788159
worker_8  | g=1, diversidad=7.633079537788159, C1=1.1936936936936937, C2=1.4879629629629632
worker_8  | 1   10      2534.34 1470.2  0.0259259       5000
worker_7  | fuzzy inputs 5 5.714999738134104
worker_7  | g=4, diversidad=5.714999738134104, C1=1.4745098039215694, C2=1.4221622131327198
worker_7  | 4   10      2300.09 1320.31 666.7           5000
worker_12 | fuzzy inputs 5 6.9823338409641735
worker_12 | g=4, diversidad=6.9823338409641735, C1=1.4859090843116618, C2=1.4857234559494574
worker_12 | 4   10      2900.12 955.062 666.916         4000
worker_16 | fuzzy inputs 4 4.874947094760329
worker_16 | g=3, diversidad=4.874947094760329, C1=1.4821309740337187, C2=1.2116447074020444
worker_16 | 3   10      2533.43 1777.55 0.0302861       5000
worker_5  | fuzzy inputs 7 6.990942084066941
worker_5  | g=6, diversidad=6.990942084066941, C1=1.5419479083953282, C2=1.485869253381567
worker_5  | 6   10      3100.08 1308.44 0.0948972       5000
worker_3  | fuzzy inputs 4 5.1604193960356595
worker_3  | g=3, diversidad=5.1604193960356595, C1=1.479746809606966, C2=1.2684607239065815
worker_3  | 3   10      2300.11 1260    0.00800443      4000
worker_13 | fuzzy inputs 4 5.4591708964032835
worker_13 | g=3, diversidad=5.4591708964032835, C1=1.4764598825340898, C2=1.3572412282454076
worker_13 | 3   10      2433.86 1229.39 666.84          5000
worker_2  | fuzzy inputs 7 6.3193170759566675
worker_2  | g=6, diversidad=6.3193170759566675, C1=1.500164905030224, C2=1.4699303897724008
worker_2  | 6   10      2666.77 1725.6  0.021262        5000
worker_4  | fuzzy inputs 1 7.171659694388169
worker_4  | g=0, diversidad=7.171659694388169, C1=1.2002209463031244, C2=1.4867549386607475
worker_4  | gen evals   avg     std     min             max
worker_4  | 0   10      1701.23 1875.8  0.00375141      5000
worker_9  | fuzzy inputs 4 4.839828398221576
worker_9  | g=3, diversidad=4.839828398221576, C1=1.4823860525412098, C2=1.2111583703197693
worker_9  | 3   10      2433.37 1274.08 0.109367        5000
worker_8  | fuzzy inputs 3 5.769140085272042
worker_8  | g=2, diversidad=5.769140085272042, C1=1.45, C2=1.4492948170410558
worker_8  | 2   10      2733.51 1604.09 0.0293405       5000
worker_15 | fuzzy inputs 5 5.932101345446838
worker_15 | g=4, diversidad=5.932101345446838, C1=1.4745098039215694, C2=1.4542477374650622
worker_15 | 4   10      2033.41 1464.01 0.0350953       5000
worker_11 | fuzzy inputs 6 7.826793802905806
worker_11 | g=5, diversidad=7.826793802905806, C1=1.488964703646709, C2=1.488964703646709
worker_11 | 5   10      1733.4  1678.59 0.0200673       5000
worker_1  | fuzzy inputs 5 8.342936309027687
worker_1  | g=4, diversidad=8.342936309027687, C1=1.489935965923591, C2=1.489935965923591
worker_1  | 4   10      2766.73 1382.81 0.143174        5000
worker_7  | fuzzy inputs 6 5.645820101716482
worker_7  | g=5, diversidad=5.645820101716482, C1=1.4745098039215692, C2=1.405347298007166
worker_7  | 5   10      2200.09 1989.89 0.00495626      5000
worker_6  | fuzzy inputs 7 5.256255585531719
worker_6  | g=6, diversidad=5.256255585531719, C1=1.4946359918348588, C2=1.298715265923709
worker_6  | 6   10      2733.42 1412.59 0.0131298       5000
worker_5  | fuzzy inputs 8 6.061538775923398
worker_5  | g=7, diversidad=6.061538775923398, C1=1.7258947470464057, C2=1.4597367319971921
worker_5  | 7   10      2633.39 1911.61 0.0144449       5000
worker_5  | defaultdict(<class 'deap.tools.support.Logbook'>, {})
worker_5  | poblacion enviada...  0.0037514072893524695
worker_3  | fuzzy inputs 5 5.698107905436079
worker_3  | g=4, diversidad=5.698107905436079, C1=1.474509803921569, C2=1.4180941325960779
worker_3  | 4   10      2833.56 1701.23 0.0133907       5000
worker_5  | poblacion recibida...  PSO PSO-14
worker_5  | primero diversidad 7.449039673829165
worker_12 | fuzzy inputs 6 7.160174741712982
worker_12 | g=5, diversidad=7.160174741712982, C1=1.4867082789217108, C2=1.4867082789217108
worker_12 | 5   10      2266.77 1576.13 0.040991        4000
worker_16 | fuzzy inputs 5 5.124995527376561
worker_16 | g=4, diversidad=5.124995527376561, C1=1.4800766693224015, C2=1.2568080358635483
worker_16 | 4   10      2033.38 1311.89 0.0560316       5000
worker_2  | fuzzy inputs 8 6.657822561415392
worker_2  | g=7, diversidad=6.657822561415392, C1=1.7396407620527246, C2=1.4793077053437762
worker_2  | 7   10      2134.07 1910.18 0.0100531       5000
worker_2  | defaultdict(<class 'deap.tools.support.Logbook'>, {})
worker_2  | poblacion enviada...  0.0037514072893524695
worker_2  | poblacion recibida...  PSO PSO-1
worker_2  | primero diversidad 6.756390335587204
worker_13 | fuzzy inputs 5 6.36281927737795
worker_13 | g=4, diversidad=6.36281927737795, C1=1.480373924934617, C2=1.4713450899048546
worker_13 | 4   10      2600.08 1190.65 1666.67         5000
worker_9  | fuzzy inputs 5 5.734685176987495
worker_9  | g=4, diversidad=5.734685176987495, C1=1.474509803921569, C2=1.4268728427698067
worker_9  | 4   10      2067.28 1153.3  0.364099        3337.16
worker_4  | fuzzy inputs 2 7.211258906939414
worker_4  | g=1, diversidad=7.211258906939414, C1=1.1993670997811108, C2=1.486913335818435
worker_4  | 1   10      2700.04 1196.73 1333.4          5000
worker_15 | fuzzy inputs 6 5.420718487788868
worker_15 | g=5, diversidad=5.420718487788868, C1=1.476941542258697, C2=1.3466837925445498
worker_15 | 5   10      3100.17 1776.7  0.0150752       5000
worker_8  | fuzzy inputs 4 5.277949327833649
worker_8  | g=3, diversidad=5.277949327833649, C1=1.4785696105790922, C2=1.3053182158708128
worker_8  | 3   10      2566.84 1398.54 1.44694         5000
worker_11 | fuzzy inputs 7 7.22368581139611
worker_11 | g=6, diversidad=7.22368581139611, C1=1.5507061902318986, C2=1.4869622654509784
worker_11 | 6   10      1733.44 1611.04 0.0546783       5000
worker_7  | fuzzy inputs 7 7.193590204941378
worker_7  | g=6, diversidad=7.193590204941378, C1=1.549620562139175, C2=1.4868431314653778
worker_7  | 6   10      1966.74 1508.84 0.0109355       5000
worker_5  | fuzzy inputs 1 7.449039673829165
worker_5  | g=0, diversidad=7.449039673829165, C1=1.194629753442251, C2=1.4877901242826685
worker_5  | gen evals   avg     std     min             max
worker_5  | 0   10      2533.45 1739.77 0.00375141      5000
worker_6  | fuzzy inputs 8 5.247368809746551
worker_6  | g=7, diversidad=5.247368809746551, C1=1.731360939691082, C2=1.295984915611392
worker_6  | 7   10      2766.88 1374.65 666.961         5000
worker_6  | defaultdict(<class 'deap.tools.support.Logbook'>, {})
worker_6  | poblacion enviada...  0.004398627742702823
worker_6  | poblacion recibida...  PSO PSO-15
worker_6  | primero diversidad 5.185149757690069
worker_1  | fuzzy inputs 6 6.751586865549883
worker_1  | g=5, diversidad=6.751586865549883, C1=1.4842551438634093, C2=1.48136663692035
worker_1  | 5   10      1800.13 1399.99 0.0120708       4000
worker_3  | fuzzy inputs 6 5.58793509103197
worker_3  | g=5, diversidad=5.58793509103197, C1=1.4746894331480382, C2=1.3909468831087604
worker_3  | 5   10      2500.16 1600.27 0.00811873      5000
worker_12 | fuzzy inputs 7 6.258388708382713
worker_12 | g=6, diversidad=6.258388708382713, C1=1.4956154413903673, C2=1.4678189903589565
worker_12 | 6   10      4066.68 1280.6  1666.79         5000
worker_2  | fuzzy inputs 1 6.756390335587204
worker_2  | g=0, diversidad=6.756390335587204, C1=1.2075040423830539, C2=1.484293521528119
worker_2  | gen evals   avg     std     min             max
worker_2  | 0   10      1333.35 1452.97 0.00375141      3333.38
worker_13 | fuzzy inputs 6 6.776247567121027
worker_13 | g=5, diversidad=6.776247567121027, C1=1.4844502067654426, C2=1.4818777522255298
worker_13 | 5   10      2200.07 2017.67 0.0182886       5000
worker_16 | fuzzy inputs 6 5.750537907149232
worker_16 | g=5, diversidad=5.750537907149232, C1=1.4745098039215694, C2=1.43064288027382
worker_16 | 5   10      1866.73 1586.05 0.0233926       5000
worker_4  | fuzzy inputs 3 6.202253715075328
worker_4  | g=2, diversidad=6.202253715075328, C1=1.430034125147302, C2=1.4657254030145184
worker_4  | 2   10      2466.75 1995.51 0.00924417      5000
worker_15 | fuzzy inputs 7 5.687027917163596
worker_15 | g=6, diversidad=5.687027917163596, C1=1.4745098039215687, C2=1.4154126009531467
worker_15 | 6   10      2066.71 1331.66 0.0336256       4000
worker_9  | fuzzy inputs 6 5.545517289524871
worker_9  | g=5, diversidad=5.545517289524871, C1=1.4753013620056719, C2=1.3801138961601591
worker_9  | 5   10      2733.36 1289.26 0.0751446       5000
worker_5  | fuzzy inputs 2 7.312123476733262
worker_5  | g=1, diversidad=7.312123476733262, C1=1.1972792182022045, C2=1.4873001860487123
worker_5  | 1   10      3167.28 1572.39 0.0329974       5000
worker_11 | fuzzy inputs 8 6.977901396592918
worker_11 | g=7, diversidad=6.977901396592918, C1=1.7441759706972397, C2=1.4856479602558463
worker_11 | 7   10      2866.94 1383.92 0.0341988       5000
worker_11 | defaultdict(<class 'deap.tools.support.Logbook'>, {})
worker_11 | poblacion enviada...  0.0037514072893524695
worker_11 | poblacion recibida...  PSO PSO-11
worker_11 | primero diversidad 8.433005513744925
worker_8  | fuzzy inputs 5 6.759637230380678
worker_8  | g=4, diversidad=6.759637230380678, C1=1.4843193570265676, C2=1.481534812171614
worker_8  | 4   10      2200.08 1318.22 0.0642983       5000
worker_6  | fuzzy inputs 1 13.45152963518099
worker_6  | g=0, diversidad=13.45152963518099, C1=1.1791738122226174, C2=1.5490392766151497
worker_6  | gen evals   avg     std     min             max
worker_6  | 0   10      2100.12 2076.59 0.00375141      5000
worker_7  | fuzzy inputs 8 7.163562490734322
worker_7  | g=7, diversidad=7.163562490734322, C1=1.7474998872498366, C2=1.4867220764252678
worker_7  | 7   10      2833.39 1514.65 0.446401        5000
worker_7  | defaultdict(<class 'deap.tools.support.Logbook'>, {})
worker_7  | poblacion enviada...  0.0037514072893524695
worker_7  | poblacion recibida...  PSO PSO-0
worker_7  | primero diversidad 6.73780885829588
worker_3  | fuzzy inputs 7 5.428614647880975
worker_3  | g=6, diversidad=5.428614647880975, C1=1.4848951159896426, C2=1.3488710715452232
worker_3  | 6   10      2568.41 1438.51 0.0949664       5000
worker_1  | fuzzy inputs 7 6.680384666505047
worker_1  | g=6, diversidad=6.680384666505047, C1=1.5243372010960687, C2=1.4798206550457251
worker_1  | 6   10      2666.71 1751.16 0.0103719       5000
worker_12 | fuzzy inputs 8 5.670522663484842
worker_12 | g=7, diversidad=5.670522663484842, C1=1.7238095238095241, C2=1.4113986375570602
worker_12 | 7   10      2466.81 1492.22 0.0695959       5000
worker_12 | defaultdict(<class 'deap.tools.support.Logbook'>, {})
worker_12 | poblacion enviada...  0.0037514072893524695
worker_12 | poblacion recibida...  PSO PSO-5
worker_12 | primero diversidad 6.295332235868962
worker_16 | fuzzy inputs 7 5.680454331985308
worker_16 | g=6, diversidad=5.680454331985308, C1=1.4745098039215692, C2=1.413816745629441
worker_16 | 6   10      2866.76 1292.65 1333.36         5000
worker_13 | fuzzy inputs 7 6.678205965536699
worker_13 | g=6, diversidad=6.678205965536699, C1=1.52420417983157, C2=1.4797716241832621
worker_13 | 6   10      2266.77 1348.28 0.0440835       5000
worker_2  | fuzzy inputs 2 6.910105076411106
worker_2  | g=1, diversidad=6.910105076411106, C1=1.2053119874287224, C2=1.4854299966428361
worker_2  | 1   10      2666.86 1316.51 0.0259876       5000
worker_15 | fuzzy inputs 8 5.724445232140532
worker_15 | g=7, diversidad=5.724445232140532, C1=1.7238095238095241, C2=1.4244265170198818
worker_15 | 7   10      3033.49 993.902 666.715         4000
worker_15 | defaultdict(<class 'deap.tools.support.Logbook'>, {})
worker_15 | poblacion enviada...  0.0037514072893524695
worker_15 | poblacion recibida...  PSO PSO-13
worker_15 | primero diversidad 5.047451750121277
worker_4  | fuzzy inputs 4 5.793972347820028
worker_4  | g=3, diversidad=5.793972347820028, C1=1.4745098039215692, C2=1.440866601508526
worker_4  | 3   10      2866.85 1707.48 0.0373276       5000
worker_9  | fuzzy inputs 7 5.785469425419437
worker_9  | g=6, diversidad=5.785469425419437, C1=1.4745098039215694, C2=1.4388772439447177
worker_9  | 6   10      3100.06 1476.07 0.0156981       5000
worker_5  | fuzzy inputs 3 6.918424141740311
worker_5  | g=2, diversidad=6.918424141740311, C1=1.4257383966244728, C2=1.4775990236359435
worker_5  | 2   10      2260.68 1526.83 0.0763355       5000
worker_8  | fuzzy inputs 6 5.857577639813909
worker_8  | g=5, diversidad=5.857577639813909, C1=1.4745098039215692, C2=1.4511248812226634
worker_8  | 5   10      2500.08 1863.35 0.0126324       5000
worker_11 | fuzzy inputs 1 8.433005513744925
worker_11 | g=0, diversidad=8.433005513744925, C1=1.1794265057598035, C2=1.4900607136906008
worker_11 | gen evals   avg     std     min             max
worker_11 | 0   10      1766.9  1282.89 0.00375141      3333.35
worker_3  | fuzzy inputs 8 5.30968885121341
worker_3  | g=7, diversidad=5.30968885121341, C1=1.7301985576295353, C2=1.314822846582735
worker_3  | 7   10      2533.63 1746.2  0.0745075       5000
worker_3  | defaultdict(<class 'deap.tools.support.Logbook'>, {})
worker_3  | poblacion enviada...  0.0037514072893524695
worker_3  | poblacion recibida...  PSO PSO-9
worker_3  | primero diversidad 7.523937362707928
worker_7  | fuzzy inputs 1 6.73780885829588
worker_7  | g=0, diversidad=6.73780885829588, C1=1.207791586570942, C2=1.4841440156705898
worker_7  | gen evals   avg     std     min             max
worker_7  | 0   10      2600.01 2015.49 0.00375141      5000
worker_6  | fuzzy inputs 2 10.091235805130415
worker_6  | g=1, diversidad=10.091235805130415, C1=1.1936936936936937, C2=1.4879629629629632
worker_6  | 1   10      2133.5  1627.62 0.0134771       5000
worker_1  | fuzzy inputs 8 6.712329396091505
worker_1  | g=7, diversidad=6.712329396091505, C1=1.7405101697388572, C2=1.4805275674646805
worker_1  | 7   10      2900.17 1192.89 1666.71         5000
worker_1  | defaultdict(<class 'deap.tools.support.Logbook'>, {})
worker_1  | poblacion enviada...  0.0037514072893524695
worker_1  | poblacion recibida...  PSO PSO-2
worker_1  | primero diversidad 6.010877878080143
worker_12 | fuzzy inputs 1 6.295332235868962
worker_12 | g=0, diversidad=6.295332235868962, C1=1.2166355721179876, C2=1.4794965468255004
worker_12 | gen evals   avg     std     min             max
worker_12 | 0   10      1366.73 1479.12 0.00375141      5000
worker_13 | fuzzy inputs 8 6.092592155499672
worker_13 | g=7, diversidad=6.092592155499672, C1=1.7268817068271478, C2=1.461159967369914
worker_13 | 7   10      3167.86 1326.53 0.01588         5000
worker_13 | defaultdict(<class 'deap.tools.support.Logbook'>, {})
worker_13 | poblacion enviada...  0.0037514072893524695
worker_13 | poblacion recibida...  PSO PSO-3
worker_13 | primero diversidad 7.0101932328017895
worker_16 | fuzzy inputs 8 4.75228082136061
worker_16 | g=7, diversidad=4.75228082136061, C1=1.7387619746999161, C2=1.2100021470980435
worker_16 | 7   10      2576.64 1443.56 666.68          5000
worker_16 | defaultdict(<class 'deap.tools.support.Logbook'>, {})
worker_16 | poblacion enviada...  0.0037514072893524695
worker_16 | poblacion recibida...  PSO PSO-10
worker_16 | primero diversidad 5.025014471891362
worker_2  | fuzzy inputs 3 5.780498736309195
worker_2  | g=2, diversidad=5.780498736309195, C1=1.4500000000000006, C2=1.4494155846535843
worker_2  | 2   10      2533.48 1469.71 0.107399        5000
worker_15 | fuzzy inputs 1 5.047451750121277
worker_15 | g=0, diversidad=5.047451750121277, C1=1.2142444500158482, C2=1.712867899866278
worker_15 | gen evals   avg     std     min             max
worker_15 | 0   10      2333.37 2260.75 0.00375141      5000
worker_9  | fuzzy inputs 8 5.312460625642698
worker_9  | g=7, diversidad=5.312460625642698, C1=1.7301453617346498, C2=1.3156442268058566
worker_9  | 7   10      2000.52 1632.88 0.00699223      5000
worker_9  | defaultdict(<class 'deap.tools.support.Logbook'>, {})
worker_9  | poblacion enviada...  0.0037514072893524695
worker_9  | poblacion recibida...  PSO PSO-7
worker_9  | primero diversidad 5.576301221734219
worker_4  | fuzzy inputs 5 6.935320411212453
worker_4  | g=4, diversidad=6.935320411212453, C1=1.4856009058658564, C2=1.4849076691763654
worker_4  | 4   10      1733.43 1218.37 0.0312194       3333.39
worker_8  | fuzzy inputs 7 5.483386332259572
worker_8  | g=6, diversidad=5.483386332259572, C1=1.4816555222716532, C2=1.3637701712613655
worker_8  | 6   10      2733.4  1830.57 0.00785399      5000
worker_5  | fuzzy inputs 4 5.599515921934415
worker_5  | g=3, diversidad=5.599515921934415, C1=1.4745170602346203, C2=1.3938601165949058
worker_5  | 3   10      2333.36 1512.89 0.0104015       5000
worker_11 | fuzzy inputs 2 8.054905449421705
worker_11 | g=1, diversidad=8.054905449421705, C1=1.1936936936936937, C2=1.4879629629629632
worker_11 | 1   10      2366.7  1702.6  0.0155952       5000
worker_7  | fuzzy inputs 2 6.13666091834833
worker_7  | g=1, diversidad=6.13666091834833, C1=1.2211473750794966, C2=1.4770883762506366
worker_7  | 1   10      2833.41 1157.08 1666.69         5000
worker_6  | fuzzy inputs 3 7.040946994726375
worker_6  | g=2, diversidad=7.040946994726375, C1=1.4257383966244728, C2=1.4788617886178865
worker_6  | 2   10      2600.23 1583.29 0.0493132       5000
worker_1  | fuzzy inputs 1 6.010877878080143
worker_1  | g=0, diversidad=6.010877878080143, C1=1.2255086658393772, C2=1.4747361241019166
worker_1  | gen evals   avg     std     min             max
worker_1  | 0   10      2033.56 1923.26 0.00375141      5000
worker_3  | fuzzy inputs 1 7.523937362707928
worker_3  | g=0, diversidad=7.523937362707928, C1=1.193262845883726, C2=1.4880424717658605
worker_3  | gen evals   avg     std     min             max
worker_3  | 0   10      1600.16 1306.42 0.00375141      4000
worker_12 | fuzzy inputs 2 6.85839510447769
worker_12 | g=1, diversidad=6.85839510447769, C1=1.2060143175130345, C2=1.4850664990614197
worker_12 | 1   10      2133.48 1514.42 0.0172169       5000
worker_15 | fuzzy inputs 2 5.815615370935943
worker_15 | g=1, diversidad=5.815615370935943, C1=1.225925925925926, C2=1.4782748776101842
worker_15 | 1   10      2400.06 1987.69 0.0236341       5000
worker_2  | fuzzy inputs 4 5.0502809617245275
worker_2  | g=3, diversidad=5.0502809617245275, C1=1.4807383355005297, C2=1.231343235167365
worker_2  | 3   10      2033.93 1804.4  0.00784625      5000
worker_9  | fuzzy inputs 1 5.576301221734219
worker_9  | g=0, diversidad=5.576301221734219, C1=1.2252796188661874, C2=1.5340294700305999
worker_9  | gen evals   avg     std     min             max
worker_9  | 0   10      2133.53 1961.97 0.00375141      5000
worker_4  | fuzzy inputs 6 7.312623133515667
worker_4  | g=5, diversidad=7.312623133515667, C1=1.4873020454829153, C2=1.4873020454829153
worker_4  | 5   10      2533.47 1808.63 0.0048799       5000
worker_16 | fuzzy inputs 1 5.025014471891362
worker_16 | g=0, diversidad=5.025014471891362, C1=1.2138849414679567, C2=1.7233456642619294
worker_16 | gen evals   avg     std     min             max
worker_16 | 0   10      2100.2  1770.39 0.00375141      5000
worker_13 | fuzzy inputs 1 7.0101932328017895
worker_13 | g=0, diversidad=7.0101932328017895, C1=1.2039205831804558, C2=1.4860673179800166
worker_13 | gen evals   avg     std     min             max
worker_13 | 0   10      1433.36 1308.54 0.00375141      3333.48
worker_8  | fuzzy inputs 8 5.885306269034582
worker_8  | g=7, diversidad=5.885306269034582, C1=1.723809523809524, C2=1.452342707941489
worker_8  | 7   10      2467.1  1826.77 0.0279627       5000
worker_8  | defaultdict(<class 'deap.tools.support.Logbook'>, {})
worker_8  | poblacion enviada...  0.0037514072893524695
worker_8  | poblacion recibida...  PSO PSO-6
worker_8  | primero diversidad 6.065858644113726
worker_11 | fuzzy inputs 3 6.770851574807571
worker_11 | g=2, diversidad=6.770851574807571, C1=1.4257383966244728, C2=1.4753327478591904
worker_11 | 2   10      2633.73 935.943 667.581         3333.98
worker_5  | fuzzy inputs 5 6.6125091138518
worker_5  | g=4, diversidad=6.6125091138518, C1=1.483056454684658, C2=1.478241567771472
worker_5  | 4   10      2766.9  1563.73 0.0186252       5000
worker_1  | fuzzy inputs 2 6.539746557440259
worker_1  | g=1, diversidad=6.539746557440259, C1=1.2112203035741136, C2=1.4823535852496468
worker_1  | 1   10      3333.35 1556.33 0.0709144       5000
worker_6  | fuzzy inputs 4 5.51095956176341
worker_6  | g=3, diversidad=5.51095956176341, C1=1.4757784494932682, C2=1.3710947797235538
worker_6  | 3   10      1400.09 1590.22 0.0138916       5000
worker_7  | fuzzy inputs 3 5.938315837826538
worker_7  | g=2, diversidad=5.938315837826538, C1=1.4500000000000004, C2=1.4544876589984361
worker_7  | 2   10      2966.71 1377.96 666.74          5000
worker_2  | fuzzy inputs 5 6.6483589741315825
worker_2  | g=4, diversidad=6.6483589741315825, C1=1.4833825628984125, C2=1.4790890735164557
worker_2  | 4   10      3233.55 1406.61 1666.69         5000
worker_9  | fuzzy inputs 2 5.921842027123874
worker_9  | g=1, diversidad=5.921842027123874, C1=1.225925925925926, C2=1.4745098039215692
worker_9  | 1   10      3533.54 990.851 1666.67         5000
worker_15 | fuzzy inputs 3 5.704801941504631
worker_15 | g=2, diversidad=5.704801941504631, C1=1.4500000000000006, C2=1.448640875086782
worker_15 | 2   10      2733.4  1297.82 1666.68         5000
worker_3  | fuzzy inputs 2 6.690428065057353
worker_3  | g=1, diversidad=6.690428065057353, C1=1.2085492676542204, C2=1.4837495894196473
worker_3  | 1   10      2767.05 894.768 1666.68         4000
worker_12 | fuzzy inputs 3 7.097562300861079
worker_12 | g=2, diversidad=7.097562300861079, C1=1.4257383966244728, C2=1.4788617886178865
worker_12 | 2   10      2966.74 1552.35 0.0194552       5000
worker_16 | fuzzy inputs 2 5.610033841721108
worker_16 | g=1, diversidad=5.610033841721108, C1=1.2259259259259263, C2=1.5256985661393114
worker_16 | 1   10      2766.97 1374.64 1333.48         5000
worker_13 | fuzzy inputs 2 7.237670480504152
worker_13 | g=1, diversidad=7.237670480504152, C1=1.1988085433841902, C2=1.4870168928938765
worker_13 | 1   10      2475.21 1421.2  0.0261288       4000
worker_4  | fuzzy inputs 7 8.078435841370277
worker_4  | g=6, diversidad=8.078435841370277, C1=1.5602836879432629, C2=1.4879629629629632
worker_4  | 6   10      2400.06 1631.59 0.129585        5000
worker_8  | fuzzy inputs 1 6.065858644113726
worker_8  | g=0, diversidad=6.065858644113726, C1=1.2235024464290556, C2=1.475821179268344
worker_8  | gen evals   avg     std     min             max
worker_8  | 0   10      1805.36 1625.82 0.00375141      5000
worker_5  | fuzzy inputs 6 6.867208212909514
worker_5  | g=5, diversidad=6.867208212909514, C1=1.4851297279574156, C2=1.4836639389519872
worker_5  | 5   10      3500.05 1416.11 1333.64         5000
worker_2  | fuzzy inputs 6 6.050556975643399
worker_2  | g=5, diversidad=6.050556975643399, C1=1.4755286715108298, C2=1.4592181271609164
worker_2  | 5   10      3066.81 1190.56 1666.74         5000
worker_11 | fuzzy inputs 4 5.510724626659159
worker_11 | g=3, diversidad=5.510724626659159, C1=1.4757816298268147, C2=1.3710328570682797
worker_11 | 3   10      1666.87 930.916 666.678         3333.53
worker_1  | fuzzy inputs 3 5.881566332043317
worker_1  | g=2, diversidad=5.881566332043317, C1=1.4500000000000002, C2=1.4521825170346647
worker_1  | 2   10      2366.88 1345.26 0.0333651       5000
worker_6  | fuzzy inputs 5 7.178554713119849
worker_6  | g=4, diversidad=7.178554713119849, C1=1.48678279390613, C2=1.48678279390613
worker_6  | 4   10      2266.72 1711.38 0.0246406       5000
worker_7  | fuzzy inputs 4 5.203371637206793
worker_7  | g=3, diversidad=5.203371637206793, C1=1.4793318958656065, C2=1.282244177062656
worker_7  | 3   10      2300.43 1840.61 0.0516861       5000
worker_9  | fuzzy inputs 3 5.319697348847983
worker_9  | g=2, diversidad=5.319697348847983, C1=1.4302207347378706, C2=1.4644923846790274
worker_9  | 2   10      1733.85 1678.14 0.00961011      5000
worker_15 | fuzzy inputs 4 4.6985854646631235
worker_15 | g=3, diversidad=4.6985854646631235, C1=1.4833423959370162, C2=1.2093300807764291
worker_15 | 3   10      2134.07 1445.84 0.122633        5000
worker_12 | fuzzy inputs 4 5.87524573121559
worker_12 | g=3, diversidad=5.87524573121559, C1=1.4745098039215692, C2=1.4519089613939982
worker_12 | 3   10      3366.69 971.224 1666.83         5000
worker_4  | fuzzy inputs 8 6.6750693990873335
worker_4  | g=7, diversidad=6.6750693990873335, C1=1.7399207962086343, C2=1.4797008501008562
worker_4  | 7   10      3133.65 1613.8  0.00696041      5000
worker_4  | defaultdict(<class 'deap.tools.support.Logbook'>, {})
worker_4  | poblacion enviada...  0.0037514072893524695
worker_4  | poblacion recibida...  PSO PSO-4
worker_4  | primero diversidad 6.496237823251812
worker_16 | fuzzy inputs 3 5.071501940763755
worker_16 | g=2, diversidad=5.071501940763755, C1=1.4257383966244728, C2=1.467898970348284
worker_16 | 2   10      2866.72 1564.88 0.0368561       5000
worker_3  | fuzzy inputs 3 5.793258670629101
worker_3  | g=2, diversidad=5.793258670629101, C1=1.45, C2=1.4495532572109493
worker_3  | 2   10      2533.72 1266.5  666.717         5000
worker_13 | fuzzy inputs 3 6.44770871541783
worker_13 | g=2, diversidad=6.44770871541783, C1=1.4257383966244728, C2=1.4704500891549899
worker_13 | 2   10      3133.63 1571.55 2.14695         5000
worker_8  | fuzzy inputs 2 6.491223751316528
worker_8  | g=1, diversidad=6.491223751316528, C1=1.2121768622651101, C2=1.4818515337635778
worker_8  | 1   10      3133.35 1927.57 0.0176256       5000
worker_5  | fuzzy inputs 7 5.598296075609037
worker_5  | g=6, diversidad=5.598296075609037, C1=1.4746167346985433, C2=1.393554139879845
worker_5  | 6   10      2605.15 1679.63 0.0691756       5000
worker_1  | fuzzy inputs 4 6.352409834050775
worker_1  | g=3, diversidad=6.352409834050775, C1=1.4802435253069777, C2=1.4710132181805597
worker_1  | 3   10      2866.75 1733.31 0.0451006       5000
worker_2  | fuzzy inputs 7 5.803680595423643
worker_2  | g=6, diversidad=5.803680595423643, C1=1.4745098039215687, C2=1.443130831704163
worker_2  | 6   10      2233.67 943.544 666.706         3335.17
worker_11 | fuzzy inputs 5 6.524539843583148
worker_11 | g=4, diversidad=6.524539843583148, C1=1.4821992604075154, C2=1.4760233390116442
worker_11 | 4   10      2033.59 1501.55 0.0147407       4000
worker_6  | fuzzy inputs 6 7.503080090957972
worker_6  | g=5, diversidad=7.503080090957972, C1=1.4879732528171998, C2=1.4879732528171998
worker_6  | 5   10      2400.16 1314.68 0.788896        5000
worker_7  | fuzzy inputs 5 6.152876305997083
worker_7  | g=4, diversidad=6.152876305997083, C1=1.4773601222874975, C2=1.463753103518707
worker_7  | 4   10      1400.27 1590.03 0.0121591       5000
worker_15 | fuzzy inputs 5 5.147911330493598
worker_15 | g=4, diversidad=5.147911330493598, C1=1.4798645223371436, C2=1.2643761459556777
worker_15 | 4   10      1467.14 1221.86 0.016547        3333.38
worker_12 | fuzzy inputs 5 5.880713340273223
worker_12 | g=4, diversidad=5.880713340273223, C1=1.4745098039215694, C2=1.4521458079758633
worker_12 | 4   10      2433.48 1238.78 0.0545562       4000
worker_16 | fuzzy inputs 4 4.580696379563795
worker_16 | g=3, diversidad=4.580696379563795, C1=1.4840645476262115, C2=1.207944349336625
worker_16 | 3   10      2300.17 1277.51 0.0166648       5000
