worker_3  | fuzzy inputs 4 4.866769439054069
worker_3  | g=3, diversidad=4.866769439054069, C1=1.4821910286559588, C2=1.2115302557209982
worker_3  | 3   10      2133.38 1790.06 0.0294916       5000
worker_9  | fuzzy inputs 4 5.305700617084254
worker_9  | g=3, diversidad=5.305700617084254, C1=1.4782714001194857, C2=1.3136385670890107
worker_9  | 3   10      2466.71 1034.92 666.736         4000
worker_13 | fuzzy inputs 4 5.966929557454057
worker_13 | g=3, diversidad=5.966929557454057, C1=1.4745098039215692, C2=1.4555558620126505
worker_13 | 3   10      2266.73 1306.35 0.0529089       4000
worker_4  | fuzzy inputs 1 6.496237823251812
worker_4  | g=0, diversidad=6.496237823251812, C1=1.2120756034672098, C2=1.4819047325142687
worker_4  | gen evals   avg     std     min             max
worker_4  | 0   10      1633.36 1328.74 0.00375141      3333.35
worker_8  | fuzzy inputs 3 5.989599527722887
worker_8  | g=2, diversidad=5.989599527722887, C1=1.4500000000000004, C2=1.4563618868346806
worker_8  | 2   10      2733.35 1466.65 0.0375635       5000
worker_1  | fuzzy inputs 5 6.297727926766558
worker_1  | g=4, diversidad=6.297727926766558, C1=1.479529033262663, C2=1.4692002881068458
worker_1  | 4   10      3366.87 1037.58 1666.67         5000
worker_5  | fuzzy inputs 8 6.503714760644643
worker_5  | g=7, diversidad=6.503714760644643, C1=1.7369133114021829, C2=1.4754671156458319
worker_5  | 7   10      1533.4  1248.98 0.0507578       3333.38
worker_5  | defaultdict(<class 'deap.tools.support.Logbook'>, {})
worker_5  | poblacion enviada...  0.0037514072893524695
worker_5  | poblacion recibida...  PSO PSO-14
worker_5  | primero diversidad 7.335375570987798
worker_11 | fuzzy inputs 6 6.860873650250637
worker_11 | g=5, diversidad=6.860873650250637, C1=1.4850843354581127, C2=1.4835443451835393
worker_11 | 5   10      3166.76 1157.07 1666.76         5000
worker_7  | fuzzy inputs 6 6.423392036328004
worker_7  | g=5, diversidad=6.423392036328004, C1=1.4810998342373638, C2=1.4731982273721416
worker_7  | 5   10      3200.11 1564.88 0.0816466       5000
worker_16 | fuzzy inputs 5 5.222735307577817
worker_16 | g=4, diversidad=5.222735307577817, C1=1.4791392336800355, C2=1.2883378615988201
worker_16 | 4   10      2300.05 1905.81 0.0557568       5000
worker_6  | fuzzy inputs 7 6.601468772668845
worker_6  | g=6, diversidad=6.601468772668845, C1=1.5194265661633475, C2=1.4779742441411832
worker_6  | 6   10      1733.39 1443.73 0.0267936       4000
worker_3  | fuzzy inputs 5 6.574608251990432
worker_3  | g=4, diversidad=6.574608251990432, C1=1.4826974759064044, C2=1.4773109412633123
worker_3  | 4   10      3333.55 1406.19 1333.49         5000
worker_12 | fuzzy inputs 6 6.652022530650567
worker_12 | g=5, diversidad=6.652022530650567, C1=1.4834151828689812, C2=1.4791739578199412
worker_12 | 5   10      2700.12 1251.21 666.959         5000
worker_2  | fuzzy inputs 8 6.718385256054587
worker_2  | g=7, diversidad=6.718385256054587, C1=1.7406040018129358, C2=1.4806590969370108
worker_2  | 7   10      1767.28 1534.57 0.046438        4000
worker_2  | defaultdict(<class 'deap.tools.support.Logbook'>, {})
worker_2  | poblacion enviada...  0.0037514072893524695
worker_2  | poblacion recibida...  PSO PSO-1
worker_2  | primero diversidad 6.176440670618126
worker_4  | fuzzy inputs 2 7.358841256877624
worker_4  | g=1, diversidad=7.358841256877624, C1=1.1963522699569873, C2=1.4874717195398408
worker_4  | 1   10      2800.05 1606.89 0.00652083      5000
worker_9  | fuzzy inputs 5 5.822157303734741
worker_9  | g=4, diversidad=5.822157303734741, C1=1.474509803921569, C2=1.447419246832247
worker_9  | 4   10      2533.37 1423.61 0.0115154       5000
worker_15 | fuzzy inputs 6 5.483825079687394
worker_15 | g=5, diversidad=5.483825079687394, C1=1.4761403305107448, C2=1.363887628787146
worker_15 | 5   10      1667.04 1349.83 0.097807        3334.82
worker_8  | fuzzy inputs 4 5.297762552422451
worker_8  | g=3, diversidad=5.297762552422451, C1=1.4783575452622961, C2=1.3112728871834969
worker_8  | 3   10      2300.17 1722.17 0.00896632      5000
worker_13 | fuzzy inputs 5 6.992537813708677
worker_13 | g=4, diversidad=6.992537813708677, C1=1.485974238284241, C2=1.4858961616128719
worker_13 | 4   10      2066.98 975.385 0.130949        3334.83
worker_11 | fuzzy inputs 7 6.198378090995596
worker_11 | g=6, diversidad=6.198378090995596, C1=1.4909839041440032, C2=1.4655751963046366
worker_11 | 6   10      2333.91 1855.91 0.035187        5000
worker_1  | fuzzy inputs 6 5.3511887921471155
worker_1  | g=5, diversidad=5.3511887921471155, C1=1.4777642220248335, C2=1.326978705929349
worker_1  | 5   10      2100.03 1577.96 0.0160879       5000
worker_5  | fuzzy inputs 1 7.335375570987798
worker_5  | g=0, diversidad=7.335375570987798, C1=1.1968148008663686, C2=1.4873861438326312
worker_5  | gen evals   avg     std     min             max
worker_5  | 0   10      1933.44 1554.96 0.00375141      4000
worker_16 | fuzzy inputs 6 4.958742222672623
worker_16 | g=5, diversidad=4.958742222672623, C1=1.4814914300539779, C2=1.2128616587076366
worker_16 | 5   10      3266.95 1030.62 1666.68         5000
worker_9  | fuzzy inputs 6 5.256294432665246
worker_9  | g=5, diversidad=5.256294432665246, C1=1.4787966847935712, C2=1.298727168502791
worker_9  | 5   10      3133.39 1647.83 0.00980775      5000
worker_15 | fuzzy inputs 7 5.213675780513358
worker_15 | g=6, diversidad=5.213675780513358, C1=1.4969418858971113, C2=1.2854959989801604
worker_15 | 6   10      3033.39 1516.15 1333.66         5000
worker_7  | fuzzy inputs 7 5.054043570037539
worker_7  | g=6, diversidad=5.054043570037539, C1=1.5052572534078028, C2=1.232655429590392
worker_7  | 6   10      2366.88 1464.03 0.0265729       5000
worker_2  | fuzzy inputs 1 6.176440670618126
worker_2  | g=0, diversidad=6.176440670618126, C1=1.21992426648018, C2=1.4777437306947185
worker_2  | gen evals   avg     std     min             max
worker_2  | 0   10      2566.68 1880.01 0.00375141      5000
worker_3  | fuzzy inputs 6 5.7775214660847904
worker_3  | g=5, diversidad=5.7775214660847904, C1=1.474509803921569, C2=1.4370124316635
worker_3  | 5   10      2100.05 1673.63 0.030162        5000
worker_4  | fuzzy inputs 3 5.923374045726677
worker_4  | g=2, diversidad=5.923374045726677, C1=1.4500000000000008, C2=1.4539058253878174
worker_4  | 2   10      2166.95 1376.3  0.00863405      4000
worker_6  | fuzzy inputs 8 6.3816275616812845
worker_6  | g=7, diversidad=6.3816275616812845, C1=1.7344176054761014, C2=1.4719345156675134
worker_6  | 7   10      2133.47 1240.02 0.0330563       5000
worker_6  | defaultdict(<class 'deap.tools.support.Logbook'>, {})
worker_6  | poblacion enviada...  0.0037514072893524695
worker_6  | poblacion recibida...  PSO PSO-15
worker_6  | primero diversidad 4.895063019522551
worker_8  | fuzzy inputs 5 5.849157124190186
worker_8  | g=4, diversidad=5.849157124190186, C1=1.4745098039215692, C2=1.4507407870431515
worker_8  | 4   10      2300.13 1816.21 0.0161988       5000
worker_12 | fuzzy inputs 7 6.44931023409691
worker_12 | g=6, diversidad=6.44931023409691, C1=1.509389941345765, C2=1.4739526861049335
worker_12 | 6   10      2000.21 1520.15 0.00653181      5000
worker_13 | fuzzy inputs 6 6.878640928375211
worker_13 | g=5, diversidad=6.878640928375211, C1=1.4852109575550971, C2=1.483878049879724
worker_13 | 5   10      2033.61 1471.49 0.0209472       4000
worker_11 | fuzzy inputs 8 6.495615875062397
worker_11 | g=7, diversidad=6.495615875062397, C1=1.7367577094184672, C2=1.4752473791612473
worker_11 | 7   10      2266.8  1743.5  0.0161121       5000
worker_11 | defaultdict(<class 'deap.tools.support.Logbook'>, {})
worker_11 | poblacion enviada...  0.0037514072893524695
worker_11 | poblacion recibida...  PSO PSO-11
worker_11 | primero diversidad 5.138747513719944
worker_1  | fuzzy inputs 7 6.783203654523598
worker_1  | g=6, diversidad=6.783203654523598, C1=1.5304572785418522, C2=1.4820197697908082
worker_1  | 6   10      2937.65 1111.33 0.0408853       4000
worker_5  | fuzzy inputs 2 7.189430563298753
worker_5  | g=1, diversidad=7.189430563298753, C1=1.1998352993819612, C2=1.4868264939783749
worker_5  | 1   10      2633.39 1629.2  0.0770668       5000
worker_16 | fuzzy inputs 7 5.18785361598821
worker_16 | g=6, diversidad=5.18785361598821, C1=1.498321782152775, C2=1.2773072706525264
worker_16 | 6   10      2333.35 1366.26 0.0136228       5000
worker_7  | fuzzy inputs 8 5.123401673685587
worker_7  | g=7, diversidad=5.123401673685587, C1=1.7334963747265824, C2=1.256277523556475
worker_7  | 7   10      2801.89 1342.76 0.00752536      5000
worker_7  | defaultdict(<class 'deap.tools.support.Logbook'>, {})
worker_7  | poblacion enviada...  0.0037514072893524695
worker_7  | poblacion recibida...  PSO PSO-0
worker_7  | primero diversidad 8.261068023684896
worker_15 | fuzzy inputs 8 4.941573574295008
worker_15 | g=7, diversidad=4.941573574295008, C1=1.736262722636097, C2=1.2126055621120069
worker_15 | 7   10      1133.41 1343.27 0.00521916      3333.41
worker_15 | defaultdict(<class 'deap.tools.support.Logbook'>, {})
worker_15 | poblacion enviada...  0.0037514072893524695
worker_15 | poblacion recibida...  PSO PSO-13
worker_15 | primero diversidad 4.894434319351373
worker_4  | fuzzy inputs 4 4.678899407554115
worker_4  | g=3, diversidad=4.678899407554115, C1=1.4834675046588368, C2=1.2090903292030177
worker_4  | 3   10      2300.02 2253.13 0.0353578       5000
worker_2  | fuzzy inputs 2 6.196023728736645
worker_2  | g=1, diversidad=6.196023728736645, C1=1.2193462686501764, C2=1.4780527733785513
worker_2  | 1   10      3033.41 1369.84 666.981         5000
worker_3  | fuzzy inputs 7 6.395306999144378
worker_3  | g=6, diversidad=6.395306999144378, C1=1.5056343039190994, C2=1.4723551536202206
worker_3  | 6   10      3000.1  1577.5  0.67764         5000
worker_12 | fuzzy inputs 8 7.055932901362008
worker_12 | g=7, diversidad=7.055932901362008, C1=1.7455170304261158, C2=1.4862692475766415
worker_12 | 7   10      2704.54 1483.62 0.0347183       5000
worker_12 | defaultdict(<class 'deap.tools.support.Logbook'>, {})
worker_12 | poblacion enviada...  0.0037514072893524695
worker_12 | poblacion recibida...  PSO PSO-5
worker_12 | primero diversidad 8.15418793445982
worker_9  | fuzzy inputs 7 5.898625112207231
worker_9  | g=6, diversidad=5.898625112207231, C1=1.4745098039215687, C2=1.4529033210729085
worker_9  | 6   10      1966.69 1196.74 0.0493118       4000
worker_6  | fuzzy inputs 1 4.895063019522551
worker_6  | g=0, diversidad=4.895063019522551, C1=1.2119294230069133, C2=1.7369097077925615
worker_6  | gen evals   avg     std     min             max
worker_6  | 0   10      1633.38 1741.31 0.00375141      4000
worker_8  | fuzzy inputs 6 6.113513592594778
worker_8  | g=5, diversidad=6.113513592594778, C1=1.476688961357346, C2=1.4620843912903683
worker_8  | 5   10      2433.83 1513.01 0.190932        5000
worker_13 | fuzzy inputs 7 7.0824057046441045
worker_13 | g=6, diversidad=7.0824057046441045, C1=1.5455334335062332, C2=1.4863834666742533
worker_13 | 6   10      3133.4  1613.77 0.0184008       5000
worker_5  | fuzzy inputs 3 6.934933031664387
worker_5  | g=2, diversidad=6.934933031664387, C1=1.4257383966244728, C2=1.477853997260247
worker_5  | 2   10      2633.37 1822.37 0.0520194       5000
worker_4  | fuzzy inputs 5 7.320650929882948
worker_4  | g=4, diversidad=7.320650929882948, C1=1.487331845832391, C2=1.487331845832391
worker_4  | 4   10      3233.41 1909.26 0.162882        5000
worker_11 | fuzzy inputs 1 5.138747513719944
worker_11 | g=0, diversidad=5.138747513719944, C1=1.2157808404098578, C2=1.6733408717216223
worker_11 | gen evals   avg     std     min             max
worker_11 | 0   10      1366.71 1587.79 0.00375141      5000
worker_16 | fuzzy inputs 8 5.164936452290064
worker_16 | g=7, diversidad=5.164936452290064, C1=1.7328055290671471, C2=1.2699278587653615
worker_16 | 7   10      2866.76 1499.5  0.592924        5000
worker_16 | defaultdict(<class 'deap.tools.support.Logbook'>, {})
worker_16 | poblacion enviada...  0.0037514072893524695
worker_16 | poblacion recibida...  PSO PSO-10
worker_16 | primero diversidad 7.87088415145225
worker_1  | fuzzy inputs 8 7.046842582068697
worker_1  | g=7, diversidad=7.046842582068697, C1=1.7453447295098485, C2=1.4862295833988475
worker_1  | 7   10      1866.94 1521.63 0.0173132       5000
worker_1  | defaultdict(<class 'deap.tools.support.Logbook'>, {})
worker_1  | poblacion enviada...  0.0037514072893524695
worker_1  | poblacion recibida...  PSO PSO-2
worker_1  | primero diversidad 6.219380350496923
worker_7  | fuzzy inputs 1 8.261068023684896
worker_7  | g=0, diversidad=8.261068023684896, C1=1.1818334832319903, C2=1.4898198285397575
worker_7  | gen evals   avg     std     min             max
worker_7  | 0   10      1409.47 1483.7  0.00375141      5000
worker_6  | fuzzy inputs 2 6.515338580153434
worker_6  | g=1, diversidad=6.515338580153434, C1=1.2116950299118823, C2=1.4821045639495851
worker_6  | 1   10      2900.36 2005.31 0.0249464       5000
worker_15 | fuzzy inputs 1 4.894434319351373
worker_15 | g=0, diversidad=4.894434319351373, C1=1.211920455338592, C2=1.7369182986668283
worker_15 | gen evals   avg     std     min             max
worker_15 | 0   10      1233.41 1256.53 0.00375141      3333.38
worker_2  | fuzzy inputs 3 5.787233741866692
worker_2  | g=2, diversidad=5.787233741866692, C1=1.4500000000000002, C2=1.449487984151015
worker_2  | 2   10      3400.66 890.801 1671.45         5000
worker_8  | fuzzy inputs 7 5.897431002134059
worker_8  | g=6, diversidad=5.897431002134059, C1=1.474509803921569, C2=1.4528536775171328
worker_8  | 6   10      2800.02 1739.72 0.041813        5000
worker_3  | fuzzy inputs 8 6.868673255649137
worker_3  | g=7, diversidad=6.868673255649137, C1=1.7427721526253188, C2=1.4836915003465159
worker_3  | 7   10      2466.91 1764.91 0.0119793       5000
worker_3  | defaultdict(<class 'deap.tools.support.Logbook'>, {})
worker_3  | poblacion enviada...  0.0037514072893524695
worker_3  | poblacion recibida...  PSO PSO-9
worker_3  | primero diversidad 7.953990659349477
worker_12 | fuzzy inputs 1 8.15418793445982
worker_12 | g=0, diversidad=8.15418793445982, C1=1.1833880248774165, C2=1.4896641141465845
worker_12 | gen evals   avg     std     min             max
worker_12 | 0   10      1533.42 1765.11 0.00375141      5000
worker_9  | fuzzy inputs 8 5.0874797287925455
worker_9  | g=7, diversidad=5.0874797287925455, C1=1.7340751449184557, C2=1.2441756631705887
worker_9  | 7   10      1566.71 1406.73 0.0203837       3333.39
worker_9  | defaultdict(<class 'deap.tools.support.Logbook'>, {})
worker_9  | poblacion enviada...  0.0037514072893524695
worker_9  | poblacion recibida...  PSO PSO-7
worker_9  | primero diversidad 4.002602165219128
worker_13 | fuzzy inputs 8 6.062051288860216
worker_13 | g=7, diversidad=6.062051288860216, C1=1.7259113763461857, C2=1.4597607355534274
worker_13 | 7   10      2833.38 1688.16 0.017992        5000
worker_13 | defaultdict(<class 'deap.tools.support.Logbook'>, {})
worker_13 | poblacion enviada...  0.0037514072893524695
worker_13 | poblacion recibida...  PSO PSO-3
worker_13 | primero diversidad 5.978354315855721
worker_5  | fuzzy inputs 4 5.618909967691662
worker_5  | g=3, diversidad=5.618909967691662, C1=1.4745098039215685, C2=1.3986946214917817
worker_5  | 3   10      2100.16 1605.88 0.00973943      5000
worker_4  | fuzzy inputs 6 6.794651350439899
worker_4  | g=5, diversidad=6.794651350439899, C1=1.4845926577313624, C2=1.4822514680679673
worker_4  | 5   10      2234.48 1375.41 0.0165957       4000
worker_16 | fuzzy inputs 1 7.87088415145225
worker_16 | g=0, diversidad=7.87088415145225, C1=1.1875870934765351, C2=1.489087233049223
worker_16 | gen evals   avg     std     min             max
worker_16 | 0   10      2300.18 1876.55 0.00375141      5000
worker_7  | fuzzy inputs 2 7.412515744773625
worker_7  | g=1, diversidad=7.412515744773625, C1=1.1953168864916714, C2=1.4876631632476496
worker_7  | 1   10      2734.27 1829.51 0.121763        5000
worker_6  | fuzzy inputs 3 5.942360978186306
worker_6  | g=2, diversidad=5.942360978186306, C1=1.4500000000000002, C2=1.454642273381354
worker_6  | 2   10      2866.9  1700.84 0.00807097      5000
worker_11 | fuzzy inputs 2 5.478713815270941
worker_11 | g=1, diversidad=5.478713815270941, C1=1.2227862463757673, C2=1.5595433230015152
worker_11 | 1   10      2800.75 1770.89 0.0359576       5000
worker_15 | fuzzy inputs 2 5.643322941726556
worker_15 | g=1, diversidad=5.643322941726556, C1=1.225925925925926, C2=1.5175188846409424
worker_15 | 1   10      2266.78 2031.9  0.0127456       5000
worker_1  | fuzzy inputs 1 6.219380350496923
worker_1  | g=0, diversidad=6.219380350496923, C1=1.2186765609142007, C2=1.4784103274027949
worker_1  | gen evals   avg     std     min             max
worker_1  | 0   10      1800.38 1351.77 0.00375141      3335.43
worker_2  | fuzzy inputs 4 4.464575782990064
worker_2  | g=3, diversidad=4.464575782990064, C1=1.4847171604610796, C2=1.206688217881454
worker_2  | 3   10      3133.37 1521.67 0.00743348      5000
worker_8  | fuzzy inputs 8 6.004954948719707
worker_8  | g=7, diversidad=6.004954948719707, C1=1.7239841827456122, C2=1.4569735637288734
worker_8  | 7   10      2200.08 1469.68 0.0128411       5000
worker_8  | defaultdict(<class 'deap.tools.support.Logbook'>, {})
worker_8  | poblacion enviada...  0.0037514072893524695
worker_8  | poblacion recibida...  PSO PSO-6
worker_8  | primero diversidad 6.849918156773838
worker_12 | fuzzy inputs 2 8.123461769686445
worker_12 | g=1, diversidad=8.123461769686445, C1=1.1936936936936937, C2=1.4879629629629632
worker_12 | 1   10      3166.71 897.488 1666.73         4000
worker_3  | fuzzy inputs 1 7.953990659349477
worker_3  | g=0, diversidad=7.953990659349477, C1=1.1863682934485713, C2=1.4893109439624896
worker_3  | gen evals   avg     std     min             max
worker_3  | 0   10      566.726 746.094 0.00375141      1666.78
worker_9  | fuzzy inputs 1 4.002602165219128
worker_9  | g=0, diversidad=4.002602165219128, C1=1.2008959737010696, C2=1.7470927299968508
worker_9  | gen evals   avg     std     min             max
worker_9  | 0   10      1866.73 1550.64 0.00375141      5000
worker_5  | fuzzy inputs 5 6.652420701494997
worker_5  | g=4, diversidad=6.652420701494997, C1=1.483418720431496, C2=1.4791831645353666
worker_5  | 4   10      2400.28 1618    0.0454173       5000
worker_4  | fuzzy inputs 7 5.811667933171313
worker_4  | g=6, diversidad=5.811667933171313, C1=1.4745098039215687, C2=1.4449880262913442
worker_4  | 6   10      3366.94 1079.32 1666.69         5000
worker_7  | fuzzy inputs 3 6.724036047222089
worker_7  | g=2, diversidad=6.724036047222089, C1=1.4257383966244728, C2=1.474618623703831
worker_7  | 2   10      3466.72 1720.42 0.0291814       5000
worker_13 | fuzzy inputs 1 5.978354315855721
worker_13 | g=0, diversidad=5.978354315855721, C1=1.2259259259259263, C2=1.474509803921569
worker_13 | gen evals   avg     std     min             max
worker_13 | 0   10      2066.68 1651.93 0.00375141      5000
worker_11 | fuzzy inputs 3 4.876288248507095
worker_11 | g=2, diversidad=4.876288248507095, C1=1.4257383966244728, C2=1.467632850241546
worker_11 | 2   10      3300.1  1260.05 1666.68         5000
worker_16 | fuzzy inputs 2 7.836569180154092
worker_16 | g=1, diversidad=7.836569180154092, C1=1.1936936936936937, C2=1.4879629629629632
worker_16 | 1   10      2900.05 1256.51 1666.67         5000
worker_1  | fuzzy inputs 2 7.016256734422177
worker_1  | g=1, diversidad=7.016256734422177, C1=1.203774938946602, C2=1.4860944276976051
worker_1  | 1   10      3067.04 1404.81 0.064196        5000
worker_6  | fuzzy inputs 4 5.234338693107567
worker_6  | g=3, diversidad=5.234338693107567, C1=1.479022053039991, C2=1.2919544479445983
worker_6  | 3   10      2033.45 1580.76 0.0161946       5000
worker_2  | fuzzy inputs 5 5.259636039666853
worker_2  | g=4, diversidad=5.259636039666853, C1=1.478761959054473, C2=1.2997499593766677
worker_2  | 4   10      3100.19 1220.62 1666.69         5000
worker_12 | fuzzy inputs 3 6.8494365957052805
worker_12 | g=2, diversidad=6.8494365957052805, C1=1.4257383966244728, C2=1.4765366943035123
worker_12 | 2   10      2605.33 1510.08 49.8052         5000
worker_15 | fuzzy inputs 3 5.723901930725031
worker_15 | g=2, diversidad=5.723901930725031, C1=1.4500000000000006, C2=1.4488298450379848
worker_15 | 2   10      2800.1  1156.57 666.751         5000
worker_5  | fuzzy inputs 6 7.0565383485775195
worker_5  | g=5, diversidad=7.0565383485775195, C1=1.4862718812357019, C2=1.4862718812357019
worker_5  | 5   10      3500.15 1384.33 0.382803        5000
worker_8  | fuzzy inputs 1 6.849918156773838
worker_8  | g=0, diversidad=6.849918156773838, C1=1.206132697032932, C2=1.4850051725091995
worker_8  | gen evals   avg     std     min             max
worker_8  | 0   10      2033.4  1676.29 0.00375141      5000
worker_9  | fuzzy inputs 2 5.297799561286386
worker_9  | g=1, diversidad=5.297799561286386, C1=1.2187762391249526, C2=1.6145012519265078
worker_9  | 1   10      3100.03 1713.01 0.035096        5000
worker_13 | fuzzy inputs 2 6.5562749937613365
worker_13 | g=1, diversidad=6.5562749937613365, C1=1.210905975864555, C2=1.4825183170440277
worker_13 | 1   10      3400.17 1306.18 1666.68         5000
worker_3  | fuzzy inputs 2 7.752427767677495
worker_3  | g=1, diversidad=7.752427767677495, C1=1.1936936936936937, C2=1.4879629629629632
worker_3  | 1   10      2100.23 1422.33 0.0130003       5000
worker_11 | fuzzy inputs 4 3.8607204248305864
worker_11 | g=3, diversidad=3.8607204248305864, C1=1.4870350412510949, C2=1.1987106297911334
worker_11 | 3   10      2733.4  1569.14 0.0225788       5000
worker_7  | fuzzy inputs 4 5.875075668544035
worker_7  | g=3, diversidad=5.875075668544035, C1=1.4745098039215692, C2=1.4519015514611726
worker_7  | 3   10      2267.16 1340.14 0.00568384      4000
worker_1  | fuzzy inputs 3 5.830265631810428
worker_1  | g=2, diversidad=5.830265631810428, C1=1.4500000000000004, C2=1.4499650080279776
worker_1  | 2   10      3433.34 1850.21 0.0371313       5000
worker_4  | fuzzy inputs 8 5.9869377502395125
worker_4  | g=7, diversidad=5.9869377502395125, C1=1.7238095238095246, C2=1.4562690100425202
worker_4  | 7   10      2866.78 1910.06 0.779039        5000
worker_4  | defaultdict(<class 'deap.tools.support.Logbook'>, {})
worker_4  | poblacion enviada...  0.0037514072893524695
worker_4  | poblacion recibida...  PSO PSO-4
worker_4  | primero diversidad 7.211728257692662
worker_16 | fuzzy inputs 3 7.887501867303063
worker_16 | g=2, diversidad=7.887501867303063, C1=1.4257383966244728, C2=1.4788617886178865
worker_16 | 2   10      2766.72 1605.88 0.015843        5000
worker_6  | fuzzy inputs 5 6.01184552045368
worker_6  | g=4, diversidad=6.01184552045368, C1=1.4747560619325062, C2=1.4573224827386801
worker_6  | 4   10      2733.38 1412.61 666.743         5000
worker_5  | fuzzy inputs 7 6.483644641968848
worker_5  | g=6, diversidad=6.483644641968848, C1=1.5117234040878686, C2=1.4749189916296843
worker_5  | 6   10      2533.37 1384.01 0.0878573       5000
worker_12 | fuzzy inputs 4 6.211239276511087
worker_12 | g=3, diversidad=6.211239276511087, C1=1.4782870302855373, C2=1.4660707546588683
worker_12 | 3   10      1733.41 1428.28 0.0142681       5000
worker_15 | fuzzy inputs 4 4.147356139832505
worker_15 | g=3, diversidad=4.147356139832505, C1=1.4861890313447008, C2=1.203266552011987
worker_15 | 3   10      2366.83 1259.9  0.175483        4000
worker_2  | fuzzy inputs 6 6.277024100017288
worker_2  | g=5, diversidad=6.277024100017288, C1=1.479244835207601, C2=1.4684817378487858
worker_2  | 5   10      2233.8  1591.86 0.0146764       5000
worker_13 | fuzzy inputs 3 5.384979802854151
worker_13 | g=2, diversidad=5.384979802854151, C1=1.434567689095334, C2=1.4606509463008273
worker_13 | 2   10      2066.77 1245.45 0.0108108       3333.35
worker_9  | fuzzy inputs 3 3.783872270459445
worker_9  | g=2, diversidad=3.783872270459445, C1=1.4257383966244728, C2=1.467632850241546
worker_9  | 2   10      2623.54 1410    0.0543571       5000
worker_11 | fuzzy inputs 5 5.8639418025855266
worker_11 | g=4, diversidad=5.8639418025855266, C1=1.4745098039215692, C2=1.451410666801885
worker_11 | 4   10      2640    1373.37 0.220444        5000
worker_3  | fuzzy inputs 3 5.917489287118624
worker_3  | g=2, diversidad=5.917489287118624, C1=1.4500000000000002, C2=1.4536719250694428
worker_3  | 2   10      2500.18 1301.5  0.88749         5000
worker_7  | fuzzy inputs 5 5.98110987621727
worker_7  | g=4, diversidad=5.98110987621727, C1=1.474509803921569, C2=1.4560640441656432
worker_7  | 4   10      3066.8  1314.75 1333.85         5000
worker_8  | fuzzy inputs 2 7.074008004240827
worker_8  | g=1, diversidad=7.074008004240827, C1=1.2024148015761615, C2=1.486347440436371
worker_8  | 1   10      1500.18 1343.62 0.323004        5000
worker_1  | fuzzy inputs 4 5.756410231348508
worker_1  | g=3, diversidad=5.756410231348508, C1=1.4745098039215687, C2=1.4320341440313396
worker_1  | 3   10      2466.72 1375.97 0.031664        5000
worker_4  | fuzzy inputs 1 7.211728257692662
worker_4  | g=0, diversidad=7.211728257692662, C1=1.199357098397511, C2=1.4869151905103704
worker_4  | gen evals   avg     std     min             max
worker_4  | 0   10      1466.71 1808.6  0.00375141      4000
worker_16 | fuzzy inputs 4 6.419823742017453
worker_16 | g=3, diversidad=6.419823742017453, C1=1.4810585632235411, C2=1.4730926100759039
worker_16 | 3   10      2633.71 1559.47 0.0339188       5000
worker_5  | fuzzy inputs 8 6.888471251519734
worker_5  | g=7, diversidad=6.888471251519734, C1=1.7430365431563586, C2=1.4840603894581483
worker_5  | 7   10      2966.72 1448.75 0.0441342       5000
worker_5  | defaultdict(<class 'deap.tools.support.Logbook'>, {})
worker_5  | poblacion enviada...  0.0037514072893524695
worker_5  | poblacion recibida...  PSO PSO-14
worker_5  | primero diversidad 7.749872629342532
worker_6  | fuzzy inputs 6 4.862974203410638
worker_6  | g=5, diversidad=4.862974203410638, C1=1.482218762971661, C2=1.2114773895691893
worker_6  | 5   10      2133.45 1326.66 0.0139661       4000
worker_15 | fuzzy inputs 5 5.663171188982756
worker_15 | g=4, diversidad=5.663171188982756, C1=1.4745098039215687, C2=1.4096032784472516
worker_15 | 4   10      2266.82 1665.35 0.00659914      5000
worker_13 | fuzzy inputs 4 4.835651700865356
worker_13 | g=3, diversidad=4.835651700865356, C1=1.4824159055160555, C2=1.2111014161567903
worker_13 | 3   10      3400.23 1348.2  666.738         5000
worker_9  | fuzzy inputs 4 4.176113511795566
worker_9  | g=3, diversidad=4.176113511795566, C1=1.4860980190867363, C2=1.2037556432448528
worker_9  | 3   10      2866.69 1978.76 0.0163198       5000
worker_12 | fuzzy inputs 5 8.593245004318087
worker_12 | g=4, diversidad=8.593245004318087, C1=1.490275168598698, C2=1.490275168598698
worker_12 | 4   10      1766.79 1366.6  0.0117987       4000
worker_11 | fuzzy inputs 6 5.170850962371712
worker_11 | g=5, diversidad=5.170850962371712, C1=1.4796475809971468, C2=1.2718425652230005
worker_11 | 5   10      2233.53 1667.1  0.0107734       5000
worker_3  | fuzzy inputs 4 4.962266621473244
worker_3  | g=3, diversidad=4.962266621473244, C1=1.4814635262808968, C2=1.212914676758265
worker_3  | 3   10      2033.87 1302.95 0.0627939       4000
worker_8  | fuzzy inputs 3 6.86522592613006
worker_8  | g=2, diversidad=6.86522592613006, C1=1.4257383966244728, C2=1.4767793833668568
worker_8  | 2   10      3866.74 1137.18 1666.81         5000
worker_2  | fuzzy inputs 7 5.75323578716742
worker_2  | g=6, diversidad=5.75323578716742, C1=1.4745098039215687, C2=1.4312824113350981
worker_2  | 6   10      2466.74 1726.87 0.0236118       5000
worker_7  | fuzzy inputs 6 6.534750058837403
worker_7  | g=5, diversidad=6.534750058837403, C1=1.482303174453024, C2=1.4762915160893195
worker_7  | 5   10      2100.16 1460.89 0.0790755       5000
worker_1  | fuzzy inputs 5 7.835808194837015
worker_1  | g=4, diversidad=7.835808194837015, C1=1.488989978375934, C2=1.488989978375934
worker_1  | 4   10      2666.84 1757.42 0.0115449       5000
worker_4  | fuzzy inputs 2 7.2461671545331505
worker_4  | g=1, diversidad=7.2461671545331505, C1=1.1986306744698798, C2=1.487049859934634
worker_4  | 1   10      3266.69 1685.19 0.0991884       5000
worker_11 | fuzzy inputs 7 6.389441309151322
worker_11 | g=6, diversidad=6.389441309151322, C1=1.5052199316172528, C2=1.4721756037589502
worker_11 | 6   10      4066.69 785.971 3333.34         5000
worker_5  | fuzzy inputs 1 7.749872629342532
worker_5  | g=0, diversidad=7.749872629342532, C1=1.1894535014009504, C2=1.4887442163662616
worker_5  | gen evals   avg     std     min             max
worker_5  | 0   10      1866.9  1400.19 0.00375141      3335.07
worker_16 | fuzzy inputs 5 5.57529916601149
worker_16 | g=4, diversidad=5.57529916601149, C1=1.4748748696125338, C2=1.3877467037140414
worker_16 | 4   10      1433.38 1229.7  0.0343056       4000
worker_12 | fuzzy inputs 6 6.89241487128125
worker_12 | g=5, diversidad=6.89241487128125, C1=1.4853076506626357, C2=1.484133085744176
worker_12 | 5   10      2800.27 1492    0.0772732       5000
worker_6  | fuzzy inputs 7 6.492457704273496
worker_6  | g=6, diversidad=6.492457704273496, C1=1.5123157251305412, C2=1.4751611643311948
worker_6  | 6   10      2800.07 1087.32 0.0359845       4000
worker_13 | fuzzy inputs 5 6.788326623088289
worker_13 | g=4, diversidad=6.788326623088289, C1=1.4845439976700794, C2=1.4821237663878872
worker_13 | 4   10      2867.1  1194.54 666.685         5000
worker_8  | fuzzy inputs 4 5.080094125081514
worker_8  | g=3, diversidad=5.080094125081514, C1=1.4804796528434232, C2=1.2416525185300114
worker_8  | 3   10      3033.35 1816.28 0.0113177       5000
worker_2  | fuzzy inputs 8 4.96758653327707
worker_2  | g=7, diversidad=4.96758653327707, C1=1.7358907463723237, C2=1.2129949959600617
worker_2  | 7   10      2533.38 1713.97 0.0322028       5000
worker_2  | defaultdict(<class 'deap.tools.support.Logbook'>, {})
worker_2  | poblacion enviada...  0.0037514072893524695
worker_2  | poblacion recibida...  PSO PSO-1
worker_2  | primero diversidad 6.509000591401356
worker_9  | fuzzy inputs 5 5.5392608084588995
worker_9  | g=4, diversidad=5.5392608084588995, C1=1.4753891243282857, C2=1.3784940931203307
worker_9  | 4   10      2100.07 1468.51 0.00578332      4000
worker_3  | fuzzy inputs 5 6.958153624094767
worker_3  | g=4, diversidad=6.958153624094767, C1=1.4857522461476622, C2=1.4853080566664565
worker_3  | 4   10      2366.76 1709.1  0.0142409       5000
worker_15 | fuzzy inputs 6 5.756574310958074
worker_15 | g=5, diversidad=5.756574310958074, C1=1.4745098039215692, C2=1.432072976805501
worker_15 | 5   10      1566.7  1666.99 0.0106332       5000
worker_7  | fuzzy inputs 7 7.169649580864107
worker_7  | g=6, diversidad=7.169649580864107, C1=1.5487507409038719, C2=1.486746795868602
worker_7  | 6   10      2633.37 2105.26 0.0336402       5000
worker_1  | fuzzy inputs 6 7.017165349347697
worker_1  | g=5, diversidad=7.017165349347697, C1=1.4860984809989624, C2=1.4860984809989624
worker_1  | 5   10      2133.43 1880.85 0.0154079       5000
worker_4  | fuzzy inputs 3 6.665124867522984
worker_4  | g=2, diversidad=6.665124867522984, C1=1.4257383966244728, C2=1.4737232646943306
worker_4  | 2   10      3300.19 1294.83 1666.71         5000
worker_5  | fuzzy inputs 2 7.491123901132281
worker_5  | g=1, diversidad=7.491123901132281, C1=1.1938548745520547, C2=1.4879332112936372
worker_5  | 1   10      2900.43 1862.01 0.0223634       5000
worker_16 | fuzzy inputs 6 5.762772699677854
worker_16 | g=5, diversidad=5.762772699677854, C1=1.474509803921569, C2=1.433538331831153
worker_16 | 5   10      2733.35 1830.59 0.0228968       5000
worker_11 | fuzzy inputs 8 5.252911118981832
worker_11 | g=7, diversidad=5.252911118981832, C1=1.7312601095987417, C2=1.2976894712878924
worker_11 | 7   10      2666.98 1144.78 1333.65         5000
worker_11 | defaultdict(<class 'deap.tools.support.Logbook'>, {})
worker_11 | poblacion enviada...  0.0037514072893524695
worker_11 | poblacion recibida...  PSO PSO-11
worker_11 | primero diversidad 5.653358876053469
worker_8  | fuzzy inputs 5 5.635934872514005
worker_8  | g=4, diversidad=5.635934872514005, C1=1.4745098039215685, C2=1.4029108710455969
worker_8  | 4   10      2266.71 1878.49 0.0142868       5000
worker_12 | fuzzy inputs 7 6.717991862382388
worker_12 | g=6, diversidad=6.717991862382388, C1=1.5266111362155832, C2=1.4806505762592315
worker_12 | 6   10      2067.14 1133.45 0.0129645       3335.27
worker_15 | fuzzy inputs 7 5.288153100307459
worker_15 | g=6, diversidad=5.288153100307459, C1=1.4928832274584447, C2=1.308393822223693
worker_15 | 6   10      3333.43 869.121 1666.72         5000
worker_2  | fuzzy inputs 1 6.509000591401356
worker_2  | g=0, diversidad=6.509000591401356, C1=1.2118204133167914, C2=1.4820387472178977
worker_2  | gen evals   avg     std     min             max
worker_2  | 0   10      1705.87 1744.41 0.00375141      5000
worker_7  | fuzzy inputs 8 6.66702898364097
worker_7  | g=7, diversidad=6.66702898364097, C1=1.7397908267298674, C2=1.4795184109253166
worker_7  | 7   10      2633.4  1286.2  0.00716744      4000
worker_7  | defaultdict(<class 'deap.tools.support.Logbook'>, {})
worker_7  | poblacion enviada...  0.0037514072893524695
worker_7  | poblacion recibida...  PSO PSO-0
worker_7  | primero diversidad 6.258283302567177
worker_3  | fuzzy inputs 6 7.6029797734194275
worker_3  | g=5, diversidad=7.6029797734194275, C1=1.4882977126571455, C2=1.4882977126571455
worker_3  | 5   10      2866.79 1462.01 666.835         5000
worker_6  | fuzzy inputs 8 5.390332736617163
worker_6  | g=7, diversidad=5.390332736617163, C1=1.7285952906367197, C2=1.338171734652382
worker_6  | 7   10      2700.09 1286.26 0.00875812      5000
worker_6  | defaultdict(<class 'deap.tools.support.Logbook'>, {})
worker_6  | poblacion enviada...  0.0037514072893524695
worker_6  | poblacion recibida...  PSO PSO-15
worker_6  | primero diversidad 6.338438112282936
worker_9  | fuzzy inputs 6 4.991030597763911
worker_9  | g=5, diversidad=4.991030597763911, C1=1.4812326082401233, C2=1.2133531771532655
worker_9  | 5   10      2374.9  1365.92 666.679         5000
worker_13 | fuzzy inputs 6 5.850439261296878
worker_13 | g=5, diversidad=5.850439261296878, C1=1.4745098039215692, C2=1.450799715560627
worker_13 | 5   10      2467.03 1513.89 0.108312        4000
worker_4  | fuzzy inputs 4 5.435224586517345
worker_4  | g=3, diversidad=5.435224586517345, C1=1.4767621703825429, C2=1.350694328444712
worker_4  | 3   10      2566.74 1437.95 666.676         5000
worker_1  | fuzzy inputs 7 7.044219372012437
worker_1  | g=6, diversidad=7.044219372012437, C1=1.5441012878417633, C2=1.4862180947935586
worker_1  | 6   10      2600.05 1093.41 0.0242531       4000
worker_16 | fuzzy inputs 7 5.8198623293987115
worker_16 | g=6, diversidad=5.8198623293987115, C1=1.4745098039215694, C2=1.4468880678999045
worker_16 | 6   10      1800.24 1231.23 0.0258651       3334.4
worker_5  | fuzzy inputs 3 7.018500998538205
worker_5  | g=2, diversidad=7.018500998538205, C1=1.4257383966244728, C2=1.4788617886178865
worker_5  | 2   10      2200.27 1752.37 0.0128867       5000
worker_15 | fuzzy inputs 8 4.937385976125948
worker_15 | g=7, diversidad=4.937385976125948, C1=1.7363219142746944, C2=1.2125436393966922
worker_15 | 7   10      3266.81 1645.16 0.184739        5000
worker_15 | defaultdict(<class 'deap.tools.support.Logbook'>, {})
worker_15 | poblacion enviada...  0.0037514072893524695
worker_15 | poblacion recibida...  PSO PSO-13
worker_15 | primero diversidad 4.1736187310620885
worker_2  | fuzzy inputs 2 6.61795153081906
worker_2  | g=1, diversidad=6.61795153081906, C1=1.2097812344401253, C2=1.4831067832317693
worker_2  | 1   10      3200.11 1407.81 0.450625        5000
worker_11 | fuzzy inputs 1 5.653358876053469
worker_11 | g=0, diversidad=5.653358876053469, C1=1.2259259259259263, C2=1.5150931555594827
worker_11 | gen evals   avg     std     min             max
worker_11 | 0   10      1466.81 1714.09 0.00375141      5000
worker_3  | fuzzy inputs 7 6.545181027422635
worker_3  | g=6, diversidad=6.545181027422635, C1=1.5158039594116137, C2=1.476562480927675
worker_3  | 6   10      2633.5  1559.57 0.0127008       5000
worker_8  | fuzzy inputs 6 6.102456562173763
worker_8  | g=5, diversidad=6.102456562173763, C1=1.476493212448827, C2=1.4615991875882288
worker_8  | 5   10      1700.1  1233.29 0.00940862      4000
worker_12 | fuzzy inputs 8 7.176837879331662
worker_12 | g=7, diversidad=7.176837879331662, C1=1.7477373798368887, C2=1.4867758690148656
worker_12 | 7   10      2366.72 1702.58 0.0385416       5000
worker_12 | defaultdict(<class 'deap.tools.support.Logbook'>, {})
worker_12 | poblacion enviada...  0.0037514072893524695
worker_12 | poblacion recibida...  PSO PSO-5
worker_12 | primero diversidad 6.265703135234121
worker_7  | fuzzy inputs 1 6.258283302567177
worker_7  | g=0, diversidad=6.258283302567177, C1=1.2176060708239285, C2=1.478980692518894
worker_7  | gen evals   avg     std     min             max
worker_7  | 0   10      2800.01 1973.15 0.00375141      5000
worker_6  | fuzzy inputs 1 6.338438112282936
worker_6  | g=0, diversidad=6.338438112282936, C1=1.215562137562984, C2=1.4800657525680003
worker_6  | gen evals   avg     std     min             max
worker_6  | 0   10      2433.56 1653.72 0.00375141      5000
worker_9  | fuzzy inputs 7 5.120633094177815
worker_9  | g=6, diversidad=5.120633094177815, C1=1.5018501511917328, C2=1.2553547169370427
worker_9  | 6   10      2433.38 1757.79 0.0428963       5000
worker_13 | fuzzy inputs 7 6.1697947321501445
worker_13 | g=6, diversidad=6.1697947321501445, C1=1.488723131281731, C2=1.4644434752222621
worker_13 | 6   10      2600.15 1181.23 1333.5          5000
worker_4  | fuzzy inputs 5 7.698514608771986
worker_4  | g=4, diversidad=7.698514608771986, C1=1.4885920319397323, C2=1.4885920319397323
worker_4  | 4   10      2433.42 1085.7  666.684         4000
worker_1  | fuzzy inputs 8 6.033893841076286
worker_1  | g=7, diversidad=6.033893841076286, C1=1.724980148915377, C2=1.4584153159440576
worker_1  | 7   10      2100.05 1342.04 0.00929094      5000
worker_1  | defaultdict(<class 'deap.tools.support.Logbook'>, {})
worker_1  | poblacion enviada...  0.0037514072893524695
worker_1  | poblacion recibida...  PSO PSO-2
worker_1  | primero diversidad 6.342134050751738
worker_16 | fuzzy inputs 8 6.867367662568832
worker_16 | g=7, diversidad=6.867367662568832, C1=1.7427545549208456, C2=1.4836669404085538
worker_16 | 7   10      2033.4  1580.76 0.0388974       5000
worker_16 | defaultdict(<class 'deap.tools.support.Logbook'>, {})
worker_16 | poblacion enviada...  0.0037514072893524695
worker_16 | poblacion recibida...  PSO PSO-10
worker_16 | primero diversidad 6.023532453445404
worker_2  | fuzzy inputs 3 5.386005494854471
worker_2  | g=2, diversidad=5.386005494854471, C1=1.4346371741037638, C2=1.4605902325227762
worker_2  | 2   10      2900.29 1256.62 1666.67         5000
worker_3  | fuzzy inputs 8 5.904473786681806
worker_3  | g=7, diversidad=5.904473786681806, C1=1.723809523809524, C2=1.4531447460879348
worker_3  | 7   10      2333.36 1527.52 0.0147763       5000
worker_3  | defaultdict(<class 'deap.tools.support.Logbook'>, {})
worker_3  | poblacion enviada...  0.0037514072893524695
worker_3  | poblacion recibida...  PSO PSO-9
worker_3  | primero diversidad 5.059618238974206
worker_5  | fuzzy inputs 4 5.837775569003458
worker_5  | g=3, diversidad=5.837775569003458, C1=1.474509803921569, C2=1.4502105196956867
worker_5  | 3   10      2033.38 1471.55 0.044263        5000
worker_11 | fuzzy inputs 2 6.1366766672243545
worker_11 | g=1, diversidad=6.1366766672243545, C1=1.2211468773115475, C2=1.4770886433434338
worker_11 | 1   10      3033.42 1448.72 0.0457416       5000
worker_6  | fuzzy inputs 2 6.090010687613997
worker_6  | g=1, diversidad=6.090010687613997, C1=1.2226718438119346, C2=1.4762689056664582
worker_6  | 1   10      3739.98 1370.86 1666.68         5000
worker_12 | fuzzy inputs 1 6.265703135234121
worker_12 | g=0, diversidad=6.265703135234121, C1=1.2174079959681012, C2=1.4790860715184286
worker_12 | gen evals   avg     std     min             max
worker_12 | 0   10      1633.96 1636.59 0.00375141      3339.02
worker_8  | fuzzy inputs 7 6.44784981015289
worker_8  | g=6, diversidad=6.44784981015289, C1=1.5092897635143676, C2=1.4739107580291353
worker_8  | 6   10      1866.8  1904.36 0.0135014       5000
worker_15 | fuzzy inputs 1 4.1736187310620885
worker_15 | g=0, diversidad=4.1736187310620885, C1=1.2037129659652233, C2=1.7448091329315683
worker_15 | gen evals   avg     std     min             max
worker_15 | 0   10      1900.01 1725.94 0.00375141      5000
worker_13 | fuzzy inputs 8 6.291438405061163
worker_13 | g=7, diversidad=6.291438405061163, C1=1.7323425806545054, C2=1.4689839395158322
worker_13 | 7   10      3466.82 1318.23 0.0272433       5000
worker_13 | defaultdict(<class 'deap.tools.support.Logbook'>, {})
worker_13 | poblacion enviada...  0.0037514072893524695
worker_13 | poblacion recibida...  PSO PSO-3
worker_13 | primero diversidad 6.790884852264449
worker_7  | fuzzy inputs 2 6.80724189162688
worker_7  | g=1, diversidad=6.80724189162688, C1=1.2067432316296882, C2=1.4846886182202754
worker_7  | 1   10      2100.29 1605.9  0.022593        5000
worker_9  | fuzzy inputs 8 5.061514587665831
worker_9  | g=7, diversidad=5.061514587665831, C1=1.7344831298510635, C2=1.235251356432353
worker_9  | 7   10      2600.1  1787.6  0.0116157       5000
worker_9  | defaultdict(<class 'deap.tools.support.Logbook'>, {})
worker_9  | poblacion enviada...  0.0037514072893524695
worker_9  | poblacion recibida...  PSO PSO-7
worker_9  | primero diversidad 6.6924157498291015
worker_4  | fuzzy inputs 6 7.9783325112501995
worker_4  | g=5, diversidad=7.9783325112501995, C1=1.4893747424434387, C2=1.4893747424434387
worker_4  | 5   10      1866.75 1557.75 0.0167615       5000
worker_1  | fuzzy inputs 1 6.342134050751738
worker_1  | g=0, diversidad=6.342134050751738, C1=1.2154727464111257, C2=1.4801130892528624
worker_1  | gen evals   avg     std     min             max
worker_1  | 0   10      2300.1  1876.47 0.00375141      5000
worker_6  | fuzzy inputs 3 5.1299916647625645
worker_6  | g=2, diversidad=5.1299916647625645, C1=1.4257383966244728, C2=1.4681134286180693
worker_6  | 2   10      3400.52 1217.82 1667.82         5000
worker_2  | fuzzy inputs 4 4.814013871300907
worker_2  | g=3, diversidad=4.814013871300907, C1=1.482568956104349, C2=1.210809304393103
worker_2  | 3   10      2233.44 1491.06 0.028462        5000
worker_11 | fuzzy inputs 3 5.454895248052783
worker_11 | g=2, diversidad=5.454895248052783, C1=1.4393912011372956, C2=1.4564867353366715
worker_11 | 2   10      2733.64 1496.72 0.0369975       5000
worker_16 | fuzzy inputs 1 6.023532453445404
worker_16 | g=0, diversidad=6.023532453445404, C1=1.2250319789559019, C2=1.4749944040576528
worker_16 | gen evals   avg     std     min             max
worker_16 | 0   10      1133.41 1343.32 0.00375141      3333.36
worker_3  | fuzzy inputs 1 5.059618238974206
worker_3  | g=0, diversidad=5.059618238974206, C1=1.214442273830777, C2=1.7073190645669376
worker_3  | gen evals   avg     std     min             max
worker_3  | 0   10      1866.83 1620.72 0.00375141      4000
worker_13 | fuzzy inputs 1 6.790884852264449
worker_13 | g=0, diversidad=6.790884852264449, C1=1.2069838907989088, C2=1.4845637166888834
worker_13 | gen evals   avg     std     min             max
worker_13 | 0   10      2200.01 1647.89 0.00375141      5000
worker_5  | fuzzy inputs 5 6.993744875439475
worker_5  | g=4, diversidad=6.993744875439475, C1=1.4859819057324601, C2=1.4859164913578367
worker_5  | 4   10      2300.17 1369.85 0.0562593       5000
worker_12 | fuzzy inputs 2 6.546364743333492
worker_12 | g=1, diversidad=6.546364743333492, C1=1.2110937621390787, C2=1.4824199171286758
worker_12 | 1   10      1900.22 1577.82 0.0287926       5000
worker_15 | fuzzy inputs 2 5.268711944015862
worker_15 | g=1, diversidad=5.268711944015862, C1=1.2181950326709803, C2=1.6244348486362472
worker_15 | 1   10      2374    1341.72 0.014626        5000
worker_8  | fuzzy inputs 8 6.147307269730042
worker_8  | g=7, diversidad=6.147307269730042, C1=1.7285243062643727, C2=1.4635224025608726
worker_8  | 7   10      2500.21 1454.58 1.61251         5000
worker_8  | defaultdict(<class 'deap.tools.support.Logbook'>, {})
worker_8  | poblacion enviada...  0.0037514072893524695
worker_8  | poblacion recibida...  PSO PSO-6
worker_8  | primero diversidad 6.901345896487347
worker_9  | fuzzy inputs 1 6.6924157498291015
worker_9  | g=0, diversidad=6.6924157498291015, C1=1.208516752563772, C2=1.4837665300337146
worker_9  | gen evals   avg     std     min             max
worker_9  | 0   10      1239.59 1601.21 0.00375141      4000
worker_4  | fuzzy inputs 7 7.463511535722805
worker_4  | g=6, diversidad=7.463511535722805, C1=1.5590578414615928, C2=1.487839710100856
worker_4  | 6   10      3066.76 1907.79 0.125405        5000
worker_7  | fuzzy inputs 3 6.510234509691878
worker_7  | g=2, diversidad=6.510234509691878, C1=1.4257383966244728, C2=1.471386412961953
worker_7  | 2   10      2067.02 1547.65 0.00827695      5000
worker_1  | fuzzy inputs 2 7.598638421465871
worker_1  | g=1, diversidad=7.598638421465871, C1=1.1936936936936937, C2=1.4879629629629632
worker_1  | 1   10      3133.46 1613.77 0.00755109      5000
worker_6  | fuzzy inputs 4 5.410251421198731
worker_6  | g=3, diversidad=5.410251421198731, C1=1.4770692599960462, C2=1.3437687459346668
worker_6  | 3   10      2700.26 1946.13 0.0278569       5000
worker_3  | fuzzy inputs 2 5.493017194154479
worker_3  | g=1, diversidad=5.493017194154479, C1=1.2231357392780042, C2=1.5556411448647898
worker_3  | 1   10      3067.01 1590.09 0.0152363       5000
worker_16 | fuzzy inputs 2 6.252627219366385
worker_16 | g=1, diversidad=6.252627219366385, C1=1.2177583452365235, C2=1.4788996468418067
worker_16 | 1   10      2300.1  2126.3  0.0159532       5000
worker_2  | fuzzy inputs 5 6.578616935829066
worker_2  | g=4, diversidad=6.578616935829066, C1=1.4827361619715385, C2=1.477411116232916
worker_2  | 4   10      1766.81 1598.92 0.0192821       4000
worker_13 | fuzzy inputs 2 6.609029288849666
worker_13 | g=1, diversidad=6.609029288849666, C1=1.2099394114499658, C2=1.4830241176652665
worker_13 | 1   10      2933.55 1793.82 0.0104354       5000
worker_5  | fuzzy inputs 6 7.2670182752195425
worker_5  | g=5, diversidad=7.2670182752195425, C1=1.487130056984764, C2=1.487130056984764
worker_5  | 5   10      3033.69 1721.9  0.10443         5000
worker_12 | fuzzy inputs 3 6.2599966870909824
worker_12 | g=2, diversidad=6.2599966870909824, C1=1.4257383966244728, C2=1.4676629946027635
worker_12 | 2   10      2400.27 1901.97 0.00717149      5000
worker_11 | fuzzy inputs 4 4.39607696125703
worker_11 | g=3, diversidad=4.39607696125703, C1=1.4850776577907898, C2=1.2059927741752048
worker_11 | 3   10      2166.75 1087.78 0.0568181       4000
worker_15 | fuzzy inputs 3 5.395931342529936
worker_15 | g=2, diversidad=5.395931342529936, C1=1.435311531689471, C2=1.4600021147962274
worker_15 | 2   10      2200.32 1720.49 0.013901        5000
worker_8  | fuzzy inputs 1 6.901345896487347
worker_8  | g=0, diversidad=6.901345896487347, C1=1.2054286191330819, C2=1.48536967362618
worker_8  | gen evals   avg     std     min             max
worker_8  | 0   10      2033.46 1951.98 0.00375141      5000
worker_7  | fuzzy inputs 4 4.954132886970386
worker_7  | g=3, diversidad=4.954132886970386, C1=1.481527797080812, C2=1.212792550377949
worker_7  | 3   10      2166.71 1833.32 0.0133919       5000
worker_9  | fuzzy inputs 2 6.3031369738886545
worker_9  | g=1, diversidad=6.3031369738886545, C1=1.2164368981540228, C2=1.479602004640105
worker_9  | 1   10      1966.69 1394.03 0.0117999       4000
worker_4  | fuzzy inputs 8 6.100685345895895
worker_4  | g=7, diversidad=6.100685345895895, C1=1.7271322202732589, C2=1.4615207679248459
worker_4  | 7   10      2966.95 1417.22 2.49261         5000
worker_4  | defaultdict(<class 'deap.tools.support.Logbook'>, {})
worker_4  | poblacion enviada...  0.0037514072893524695
worker_4  | poblacion recibida...  PSO PSO-4
worker_4  | primero diversidad 5.333433541653026
worker_1  | fuzzy inputs 3 7.250917830658324
worker_1  | g=2, diversidad=7.250917830658324, C1=1.4257383966244728, C2=1.4788617886178865
worker_1  | 2   10      2200.2  1647.88 0.0348454       5000
worker_16 | fuzzy inputs 3 5.294802333154596
worker_16 | g=2, diversidad=5.294802333154596, C1=1.4286013321332796, C2=1.4659455491568412
worker_16 | 2   10      3366.69 1129.87 1333.36         5000
worker_3  | fuzzy inputs 3 5.313131986457442
worker_3  | g=2, diversidad=5.313131986457442, C1=1.4297916487231883, C2=1.4648762414492291
worker_3  | 2   10      2200.26 1351.44 0.0173957       5000
worker_6  | fuzzy inputs 5 7.072592419608936
worker_6  | g=4, diversidad=7.072592419608936, C1=1.4863413487766344, C2=1.4863413487766344
worker_6  | 4   10      3100.07 1505.9  0.0309985       5000
worker_2  | fuzzy inputs 6 6.703582273532811
worker_2  | g=5, diversidad=6.703582273532811, C1=1.4838610471893914, C2=1.480336204794131
worker_2  | 5   10      1767.14 1926.38 0.0466642       5000
worker_13 | fuzzy inputs 3 5.661781170527734
worker_13 | g=2, diversidad=5.661781170527734, C1=1.4500000000000002, C2=1.4482302418131154
worker_13 | 2   10      3046.12 929.234 1666.71         5000
worker_12 | fuzzy inputs 4 4.940700341494312
worker_12 | g=3, diversidad=4.940700341494312, C1=1.4816329675727673, C2=1.2125926320701736
worker_12 | 3   10      3200.06 1248.93 1666.75         5000
redis_1   | 1:M 12 Jun 2023 20:27:48.034 * 100 changes in 300 seconds. Saving...
redis_1   | 1:M 12 Jun 2023 20:27:48.035 * Background saving started by pid 17
redis_1   | 17:C 12 Jun 2023 20:27:48.038 * DB saved on disk
