redis_1   | 17:C 12 Jun 2023 20:27:48.038 * Fork CoW for RDB: current 0 MB, peak 0 MB, average 0 MB
redis_1   | 1:M 12 Jun 2023 20:27:48.138 * Background saving terminated with success
worker_8  | fuzzy inputs 2 6.80904994339683
worker_8  | g=1, diversidad=6.80904994339683, C1=1.2067168606602106, C2=1.4847023004636648
worker_8  | 1   10      2133.68 1239.86 0.0787852       4000
worker_5  | fuzzy inputs 7 6.993530694090926
worker_5  | g=6, diversidad=6.993530694090926, C1=1.5420842376193857, C2=1.485912885581837
worker_5  | 6   10      2000.07 1897.34 0.017653        5000
worker_15 | fuzzy inputs 4 4.429058030394146
worker_15 | g=3, diversidad=4.429058030394146, C1=1.4849062315462678, C2=1.2063236159285393
worker_15 | 3   10      2933.37 1597.2  0.00677048      5000
worker_4  | fuzzy inputs 1 5.333433541653026
worker_4  | g=0, diversidad=5.333433541653026, C1=1.219510549039921, C2=1.6027806464870973
worker_4  | gen evals   avg     std     min             max
worker_4  | 0   10      2633.7  1846.6  0.00375141      5000
worker_11 | fuzzy inputs 5 5.783015393784456
worker_11 | g=4, diversidad=5.783015393784456, C1=1.4745098039215692, C2=1.4383020068812047
worker_11 | 4   10      3100.07 882.458 1667.18         5000
worker_7  | fuzzy inputs 5 5.806693329978145
worker_7  | g=4, diversidad=5.806693329978145, C1=1.4745098039215692, C2=1.4438319448823043
worker_7  | 4   10      3100.15 1738.65 0.0540164       5000
worker_9  | fuzzy inputs 3 5.704652935390469
worker_9  | g=2, diversidad=5.704652935390469, C1=1.4500000000000002, C2=1.44863941736436
worker_9  | 2   10      1467.59 1707.3  0.0342855       5000
worker_6  | fuzzy inputs 6 6.594550431557366
worker_6  | g=5, diversidad=6.594550431557366, C1=1.482888233948933, C2=1.4778051674836425
worker_6  | 5   10      3466.78 1514.36 0.0316046       5000
worker_3  | fuzzy inputs 4 4.728787498448472
worker_3  | g=3, diversidad=4.728787498448472, C1=1.4831467320156602, C2=1.2097047733389852
worker_3  | 3   10      2733.38 1830.56 0.0213615       5000
worker_16 | fuzzy inputs 4 4.085898791345973
worker_16 | g=3, diversidad=4.085898791345973, C1=1.4863795940359879, C2=1.2022418410546343
worker_16 | 3   10      2133.77 1447.03 0.0100718       4000
worker_1  | fuzzy inputs 4 6.437769726753214
worker_1  | g=3, diversidad=6.437769726753214, C1=1.4812643206859233, C2=1.4736194779422798
worker_1  | 3   10      3200.03 1910.18 0.0306467       5000
worker_2  | fuzzy inputs 7 6.222401307693976
worker_2  | g=6, diversidad=6.222401307693976, C1=1.492856402783972, C2=1.4664942010736455
worker_2  | 6   10      2333.45 1807.31 0.0151229       5000
worker_15 | fuzzy inputs 5 4.383511942791297
worker_15 | g=4, diversidad=4.383511942791297, C1=1.4851419472724305, C2=1.2058686343087783
worker_15 | 4   10      3639.9  1222.64 1666.68         5000
worker_13 | fuzzy inputs 4 5.732413367369041
worker_13 | g=3, diversidad=5.732413367369041, C1=1.4745098039215692, C2=1.426330861213436
worker_13 | 3   10      1666.73 1666.67 0.010345        5000
worker_12 | fuzzy inputs 5 6.602636825921891
worker_12 | g=4, diversidad=6.602636825921891, C1=1.482964391564627, C2=1.4780026708455494
worker_12 | 4   10      3033.39 1089.81 1333.48         5000
worker_8  | fuzzy inputs 3 6.449812952932733
worker_8  | g=2, diversidad=6.449812952932733, C1=1.4257383966244728, C2=1.4704815350214562
worker_8  | 2   10      2200.03 1687.84 0.0428893       5000
worker_5  | fuzzy inputs 8 6.577174767150661
worker_5  | g=7, diversidad=6.577174767150661, C1=1.7382664619139445, C2=1.477375125585101
worker_5  | 7   10      2733.64 891.964 1666.71         4000
worker_5  | defaultdict(<class 'deap.tools.support.Logbook'>, {})
worker_5  | poblacion enviada...  0.0037514072893524695
worker_5  | poblacion recibida...  PSO PSO-14
worker_5  | primero diversidad 6.448500112487417
worker_7  | fuzzy inputs 6 5.6952903971809485
worker_7  | g=5, diversidad=5.6952903971809485, C1=1.474509803921569, C2=1.4174132404737898
worker_7  | 5   10      3366.72 1129.82 1333.71         5000
worker_9  | fuzzy inputs 4 5.278440543605813
worker_9  | g=3, diversidad=5.278440543605813, C1=1.4785644032401473, C2=1.3054667160592803
worker_9  | 3   10      1300.33 1456.41 0.0444799       4000
worker_6  | fuzzy inputs 7 5.895431245000061
worker_6  | g=6, diversidad=5.895431245000061, C1=1.4745098039215687, C2=1.4527702701642928
worker_6  | 6   10      2466.83 1764.99 0.00983801      5000
worker_4  | fuzzy inputs 2 6.012497300039588
worker_4  | g=1, diversidad=6.012497300039588, C1=1.225447145082519, C2=1.4747694738263033
worker_4  | 1   10      3000.34 1237.98 1333.69         5000
worker_3  | fuzzy inputs 5 5.656365267756703
worker_3  | g=4, diversidad=5.656365267756703, C1=1.4745098039215694, C2=1.4079369928662795
worker_3  | 4   10      2500.64 1536.46 0.0227055       5000
worker_11 | fuzzy inputs 6 5.721165983072954
worker_11 | g=5, diversidad=5.721165983072954, C1=1.4745098039215692, C2=1.4236412522636475
worker_11 | 5   10      2178.78 1264.42 0.0224105       4000
worker_16 | fuzzy inputs 5 5.379073932910594
worker_16 | g=4, diversidad=5.379073932910594, C1=1.4774414361511623, C2=1.3349788996212626
worker_16 | 4   10      1567.95 1191.43 0.0141794       3333.34
worker_1  | fuzzy inputs 5 6.667501137431451
worker_1  | g=4, diversidad=6.667501137431451, C1=1.4835516010093617, C2=1.4795291647446256
worker_1  | 4   10      2200.04 1898.53 0.00455132      5000
worker_13 | fuzzy inputs 5 7.733964605423876
worker_13 | g=4, diversidad=7.733964605423876, C1=1.4886975134637317, C2=1.4886975134637317
worker_13 | 4   10      2466.74 1564.88 0.0217897       5000
worker_12 | fuzzy inputs 6 6.493026817282871
worker_12 | g=5, diversidad=6.493026817282871, C1=1.4818707000739093, C2=1.4751767225580492
worker_12 | 5   10      2900.03 2087.25 0.0179674       5000
worker_2  | fuzzy inputs 8 4.9595259870246275
worker_2  | g=7, diversidad=4.9595259870246275, C1=1.7360068050995037, C2=1.212873435749904
worker_2  | 7   10      1900.05 1838.15 0.0100972       5000
worker_2  | defaultdict(<class 'deap.tools.support.Logbook'>, {})
worker_2  | poblacion enviada...  0.0037514072893524695
worker_2  | poblacion recibida...  PSO PSO-1
worker_2  | primero diversidad 7.64769083004648
worker_15 | fuzzy inputs 6 4.1840505261614656
worker_15 | g=5, diversidad=4.1840505261614656, C1=1.48607268816339, C2=1.2038917338121764
worker_15 | 5   10      1767.02 1239.05 0.0118333       3335.38
worker_5  | fuzzy inputs 1 6.448500112487417
worker_5  | g=0, diversidad=6.448500112487417, C1=1.2130634131800442, C2=1.4813852268560361
worker_5  | gen evals   avg     std     min             max
worker_5  | 0   10      1833.36 1641.48 0.00375141      5000
worker_8  | fuzzy inputs 4 5.704663399757444
worker_8  | g=3, diversidad=5.704663399757444, C1=1.4745098039215692, C2=1.4196757608221908
worker_8  | 3   10      2100.06 1491.04 0.0120372       5000
worker_7  | fuzzy inputs 7 5.897778516755746
worker_7  | g=6, diversidad=5.897778516755746, C1=1.4745098039215692, C2=1.4528681373916172
worker_7  | 6   10      1866.75 1904.36 0.0112242       5000
worker_9  | fuzzy inputs 5 5.9519578592523485
worker_9  | g=4, diversidad=5.9519578592523485, C1=1.4745098039215687, C2=1.455004274689163
worker_9  | 4   10      2533.73 1221.74 0.0639433       4000
worker_11 | fuzzy inputs 7 5.721459462092385
worker_11 | g=6, diversidad=5.721459462092385, C1=1.474509803921569, C2=1.4237115668362392
worker_11 | 6   10      2233.67 1490.99 0.0674016       5000
worker_4  | fuzzy inputs 3 5.402009182990259
worker_4  | g=2, diversidad=5.402009182990259, C1=1.4357261973669602, C2=1.4596414786734615
worker_4  | 2   10      3066.94 711.74  1666.77         4000
worker_6  | fuzzy inputs 8 5.469996136887703
worker_6  | g=7, diversidad=5.469996136887703, C1=1.7268900379979257, C2=1.3601711821844917
worker_6  | 7   10      2933.57 1199.76 1333.47         5000
worker_6  | defaultdict(<class 'deap.tools.support.Logbook'>, {})
worker_6  | poblacion enviada...  0.0037514072893524695
worker_6  | poblacion recibida...  PSO PSO-15
worker_6  | primero diversidad 6.367814736108432
worker_16 | fuzzy inputs 6 5.947614077523717
worker_16 | g=5, diversidad=5.947614077523717, C1=1.4745098039215694, C2=1.4548412554438899
worker_16 | 5   10      2200.05 1514.37 0.0105164       5000
worker_3  | fuzzy inputs 6 5.694626286999834
worker_3  | g=5, diversidad=5.694626286999834, C1=1.474509803921569, C2=1.417252650402347
worker_3  | 5   10      2033.43 1369.86 0.0812262       5000
worker_12 | fuzzy inputs 7 6.168249760612314
worker_12 | g=6, diversidad=6.168249760612314, C1=1.4885999014937268, C2=1.4643810767137153
worker_12 | 6   10      1733.46 1678.58 0.0354244       5000
worker_1  | fuzzy inputs 6 6.370508623089005
worker_1  | g=5, diversidad=6.370508623089005, C1=1.4804691497045264, C2=1.4715876359700764
worker_1  | 5   10      2400.11 1254.3  666.778         5000
worker_13 | fuzzy inputs 6 6.732639021887707
worker_13 | g=5, diversidad=6.732639021887707, C1=1.4841019119140602, C2=1.4809656364057746
worker_13 | 5   10      2666.72 1563.43 0.0339448       5000
worker_15 | fuzzy inputs 7 5.069985323003448
worker_15 | g=6, diversidad=5.069985323003448, C1=1.5044493912555814, C2=1.2381793676079074
worker_15 | 6   10      1966.71 2147.06 0.0429456       5000
worker_8  | fuzzy inputs 5 5.625363503602463
worker_8  | g=4, diversidad=5.625363503602463, C1=1.4745098039215692, C2=1.400295855189684
worker_8  | 4   10      2666.71 1527.49 0.110746        5000
worker_2  | fuzzy inputs 1 7.64769083004648
worker_2  | g=0, diversidad=7.64769083004648, C1=1.191120909731982, C2=1.4884373243956213
worker_2  | gen evals   avg     std     min             max
worker_2  | 0   10      1233.42 1342.07 0.00375141      3333.38
worker_5  | fuzzy inputs 2 6.530744763454783
worker_5  | g=1, diversidad=6.530744763454783, C1=1.2113939002701681, C2=1.482262555670398
worker_5  | 1   10      2866.7  1739.71 0.0173861       5000
worker_9  | fuzzy inputs 6 5.270029406085842
worker_9  | g=5, diversidad=5.270029406085842, C1=1.478653221153427, C2=1.3029177737081679
worker_9  | 5   10      2733.35 1062.49 1666.68         5000
worker_11 | fuzzy inputs 8 5.326646911646817
worker_11 | g=7, diversidad=5.326646911646817, C1=1.729871031213322, C2=1.3198267227516889
worker_11 | 7   10      2867.09 956.881 1666.67         5000
worker_11 | defaultdict(<class 'deap.tools.support.Logbook'>, {})
worker_11 | poblacion enviada...  0.0037514072893524695
worker_11 | poblacion recibida...  PSO PSO-11
worker_11 | primero diversidad 6.097454452755489
worker_6  | fuzzy inputs 1 6.367814736108432
worker_6  | g=0, diversidad=6.367814736108432, C1=1.2148626599788226, C2=1.4804358939758413
worker_6  | gen evals   avg     std     min             max
worker_6  | 0   10      2900    1909.33 0.00375141      5000
worker_7  | fuzzy inputs 8 6.883682431734557
worker_7  | g=7, diversidad=6.883682431734557, C1=1.7429730116135262, C2=1.48397176513451
worker_7  | 7   10      2700.06 1840.55 0.0166343       5000
worker_7  | defaultdict(<class 'deap.tools.support.Logbook'>, {})
worker_7  | poblacion enviada...  0.0037514072893524695
worker_7  | poblacion recibida...  PSO PSO-0
worker_7  | primero diversidad 7.611575502789166
worker_4  | fuzzy inputs 4 5.35253679322624
worker_4  | g=3, diversidad=5.35253679322624, C1=1.4777488307955662, C2=1.327368506115134
worker_4  | 3   10      2566.93 1183.61 666.76          4000
worker_3  | fuzzy inputs 7 5.639990454267501
worker_3  | g=6, diversidad=5.639990454267501, C1=1.474509803921569, C2=1.4039114894358966
worker_3  | 6   10      3266.7  1388.81 1333.49         5000
worker_2  | fuzzy inputs 2 7.143654124570152
worker_2  | g=1, diversidad=7.143654124570152, C1=1.2008370176541159, C2=1.4866405813723818
worker_2  | 1   10      3600.35 1289    666.949         5000
worker_12 | fuzzy inputs 8 6.0065405659731494
worker_12 | g=7, diversidad=6.0065405659731494, C1=1.7240398148876972, C2=1.4570541727858126
worker_12 | 7   10      2866.74 1477.19 0.0337774       5000
worker_12 | defaultdict(<class 'deap.tools.support.Logbook'>, {})
worker_12 | poblacion enviada...  0.0037514072893524695
worker_12 | poblacion recibida...  PSO PSO-5
worker_12 | primero diversidad 6.868036551262348
worker_8  | fuzzy inputs 6 5.117131398668002
worker_8  | g=5, diversidad=5.117131398668002, C1=1.4801484462661236, C2=1.2541852045952744
worker_8  | 5   10      2800.02 1802.46 0.00572196      5000
worker_1  | fuzzy inputs 7 6.020762925420167
worker_1  | g=6, diversidad=6.020762925420167, C1=1.4763235661700023, C2=1.4577687633300802
worker_1  | 6   10      3133.49 1359.54 666.858         5000
worker_16 | fuzzy inputs 7 5.027799408135945
worker_16 | g=6, diversidad=5.027799408135945, C1=1.5065766771470832, C2=1.223434926248608
worker_16 | 6   10      1733.5  1651.81 0.0107504       5000
worker_15 | fuzzy inputs 8 5.094002644227355
worker_15 | g=7, diversidad=5.094002644227355, C1=1.7339713013995022, C2=1.2463940700453873
worker_15 | 7   10      2633.39 1149.38 0.044207        4000
worker_15 | defaultdict(<class 'deap.tools.support.Logbook'>, {})
worker_15 | poblacion enviada...  0.0037514072893524695
worker_15 | poblacion recibida...  PSO PSO-13
worker_15 | primero diversidad 6.802823718733211
worker_13 | fuzzy inputs 7 6.239222213399068
worker_13 | g=6, diversidad=6.239222213399068, C1=1.4941527995755324, C2=1.467120969252744
worker_13 | 6   10      2534.08 701.649 1666.83         3333.9
worker_5  | fuzzy inputs 3 6.580210032759136
worker_5  | g=2, diversidad=6.580210032759136, C1=1.4257383966244728, C2=1.472439064557748
worker_5  | 2   10      2933.6  1451.23 1334.13         5000
worker_11 | fuzzy inputs 1 6.097454452755489
worker_11 | g=0, diversidad=6.097454452755489, C1=1.2224216961803356, C2=1.4764035731083862
worker_11 | gen evals   avg     std     min             max
worker_11 | 0   10      1566.81 1660.42 0.00375141      4000
worker_9  | fuzzy inputs 7 6.13589617677898
worker_9  | g=6, diversidad=6.13589617677898, C1=1.4859945798166725, C2=1.4630442273858453
worker_9  | 6   10      2500.14 1499.91 0.0555826       5000
worker_4  | fuzzy inputs 5 6.557406681706396
worker_4  | g=4, diversidad=6.557406681706396, C1=1.4825294836607072, C2=1.4768762606364434
worker_4  | 4   10      2666.81 1273.66 0.0398785       5000
worker_6  | fuzzy inputs 2 6.432275735482158
worker_6  | g=1, diversidad=6.432275735482158, C1=1.2134116343126635, C2=1.4812018063724595
worker_6  | 1   10      2266.87 963.59  667.463         4000
worker_7  | fuzzy inputs 1 7.611575502789166
worker_7  | g=0, diversidad=7.611575502789166, C1=1.1917316246659306, C2=1.4883248142734082
worker_7  | gen evals   avg     std     min             max
worker_7  | 0   10      867.429 897.582 0.00375141      2334.12
worker_3  | fuzzy inputs 8 4.660569139737639
worker_3  | g=7, diversidad=4.660569139737639, C1=1.7398554987703518, C2=1.2088701874481773
worker_3  | 7   10      1866.97 933.402 0.11082         4000
worker_3  | defaultdict(<class 'deap.tools.support.Logbook'>, {})
worker_3  | poblacion enviada...  0.0037514072893524695
worker_3  | poblacion recibida...  PSO PSO-9
worker_3  | primero diversidad 6.1274816755690376
worker_8  | fuzzy inputs 7 5.77832253199205
worker_8  | g=6, diversidad=5.77832253199205, C1=1.474509803921569, C2=1.4372006164698758
worker_8  | 6   10      2666.82 1699.58 0.0361177       5000
worker_2  | fuzzy inputs 3 5.227182074468734
worker_2  | g=2, diversidad=5.227182074468734, C1=1.4257383966244728, C2=1.468463519579898
worker_2  | 2   10      2121.22 1234.44 0.0464924       3543.51
worker_1  | fuzzy inputs 8 5.4482340273008605
worker_1  | g=7, diversidad=5.4482340273008605, C1=1.7273686441009362, C2=1.3542623790856
worker_1  | 7   10      3133.51 1221.81 1666.68         5000
worker_1  | defaultdict(<class 'deap.tools.support.Logbook'>, {})
worker_1  | poblacion enviada...  0.0037514072893524695
worker_1  | poblacion recibida...  PSO PSO-2
worker_1  | primero diversidad 7.129501173002128
worker_16 | fuzzy inputs 8 5.346098871920825
worker_16 | g=7, diversidad=5.346098871920825, C1=1.7294891591579118, C2=1.3255040267080662
worker_16 | 7   10      3066.73 1691.76 0.0164736       5000
worker_16 | defaultdict(<class 'deap.tools.support.Logbook'>, {})
worker_16 | poblacion enviada...  0.0037514072893524695
worker_16 | poblacion recibida...  PSO PSO-10
worker_16 | primero diversidad 6.297977268986104
worker_12 | fuzzy inputs 1 6.868036551262348
worker_12 | g=0, diversidad=6.868036551262348, C1=1.2058808085787192, C2=1.4851356432841893
worker_12 | gen evals   avg     std     min             max
worker_12 | 0   10      1500.07 1740.08 0.00375141      5000
worker_15 | fuzzy inputs 1 6.802823718733211
worker_15 | g=0, diversidad=6.802823718733211, C1=1.2068078640929811, C2=1.4846550809560912
worker_15 | gen evals   avg     std     min             max
worker_15 | 0   10      1566.7  1592    0.00375141      5000
worker_11 | fuzzy inputs 2 6.534809132788215
worker_11 | g=1, diversidad=6.534809132788215, C1=1.2113153076435603, C2=1.4823037721458272
worker_11 | 1   10      3633.42 1545.13 667.12          5000
worker_6  | fuzzy inputs 3 7.139214527521306
worker_6  | g=2, diversidad=7.139214527521306, C1=1.4257383966244728, C2=1.4788617886178865
worker_6  | 2   10      3333.53 1825.73 0.0113238       5000
worker_13 | fuzzy inputs 8 6.695024868168485
worker_13 | g=7, diversidad=6.695024868168485, C1=1.7402390563217456, C2=1.4801473954442848
worker_13 | 7   10      2933.37 1083.19 0.0551687       4000
worker_13 | defaultdict(<class 'deap.tools.support.Logbook'>, {})
worker_13 | poblacion enviada...  0.0037514072893524695
worker_13 | poblacion recibida...  PSO PSO-3
worker_13 | primero diversidad 7.056952133108078
worker_9  | fuzzy inputs 8 5.978543963254789
worker_9  | g=7, diversidad=5.978543963254789, C1=1.7238095238095243, C2=1.4559730907996353
worker_9  | 7   10      2400.04 1902.03 0.0152945       5000
worker_9  | defaultdict(<class 'deap.tools.support.Logbook'>, {})
worker_9  | poblacion enviada...  0.0037514072893524695
worker_9  | poblacion recibida...  PSO PSO-7
worker_9  | primero diversidad 7.225156915950776
worker_5  | fuzzy inputs 4 5.9187298008279905
worker_5  | g=3, diversidad=5.9187298008279905, C1=1.4745098039215692, C2=1.4537214590425793
worker_5  | 3   10      1941.55 1555.58 0.104678        5000
worker_4  | fuzzy inputs 6 5.814668076520526
worker_4  | g=5, diversidad=5.814668076520526, C1=1.4745098039215694, C2=1.4456842934977776
worker_4  | 5   10      2633.58 1662.65 1.96445         5000
worker_3  | fuzzy inputs 1 6.1274816755690376
worker_3  | g=0, diversidad=6.1274816755690376, C1=1.2214393871576597, C2=1.4769316342114027
worker_3  | gen evals   avg     std     min             max
worker_3  | 0   10      2700.02 1559.55 0.00375141      5000
worker_7  | fuzzy inputs 2 7.20401899060439
worker_7  | g=1, diversidad=7.20401899060439, C1=1.199521724374781, C2=1.4868846597260612
worker_7  | 1   10      3100.03 1382.83 0.00719368      5000
worker_8  | fuzzy inputs 8 5.668798743305683
worker_8  | g=7, diversidad=5.668798743305683, C1=1.7238095238095241, C2=1.4109780439387016
worker_8  | 7   10      3000.03 1201.83 1666.68         5000
worker_8  | defaultdict(<class 'deap.tools.support.Logbook'>, {})
worker_8  | poblacion enviada...  0.0037514072893524695
worker_8  | poblacion recibida...  PSO PSO-6
worker_8  | primero diversidad 7.148463062312907
worker_12 | fuzzy inputs 2 6.6344715230468845
worker_12 | g=1, diversidad=6.6344715230468845, C1=1.2094922420610135, C2=1.4832577364256654
worker_12 | 1   10      2566.89 1844.26 0.0184401       5000
worker_15 | fuzzy inputs 2 7.061568197977023
worker_15 | g=1, diversidad=7.061568197977023, C1=1.2027037092628696, C2=1.4862937217798875
worker_15 | 1   10      3600.02 1190.69 1666.7          5000
worker_16 | fuzzy inputs 1 6.297977268986104
worker_16 | g=0, diversidad=6.297977268986104, C1=1.2165680219578339, C2=1.4795324085197048
worker_16 | gen evals   avg     std     min             max
worker_16 | 0   10      1900.16 1897.65 0.00375141      5000
worker_1  | fuzzy inputs 1 7.129501173002128
worker_1  | g=0, diversidad=7.129501173002128, C1=1.2011522989322307, C2=1.486582035115643
worker_1  | gen evals   avg     std     min             max
worker_1  | 0   10      1800.08 1933.35 0.00375141      5000
worker_2  | fuzzy inputs 4 4.927207644831597
worker_2  | g=3, diversidad=4.927207644831597, C1=1.4817374102546543, C2=1.2123940051025157
worker_2  | 3   10      1833.5  1454.71 0.0497064       5000
worker_11 | fuzzy inputs 3 6.1505174285926705
worker_11 | g=2, diversidad=6.1505174285926705, C1=1.4348589555238527, C2=1.4636555968874096
worker_11 | 2   10      2500.47 1607.38 0.0100041       5000
worker_5  | fuzzy inputs 5 6.938576852264106
worker_5  | g=4, diversidad=6.938576852264106, C1=1.4856226860769914, C2=1.4849652639301423
worker_5  | 4   10      2584.87 2231.05 0.0509795       5000
worker_6  | fuzzy inputs 4 5.374698032022594
worker_6  | g=3, diversidad=5.374698032022594, C1=1.4774927081288678, C2=1.3337322077890732
worker_6  | 3   10      2805.48 1007.64 1666.69         5000
worker_9  | fuzzy inputs 1 7.225156915950776
worker_9  | g=0, diversidad=7.225156915950776, C1=1.1990721085444027, C2=1.4869680335609237
worker_9  | gen evals   avg     std     min             max
worker_9  | 0   10      800.104 1292.72 0.00375141      3333.4
worker_13 | fuzzy inputs 1 7.056952133108078
worker_13 | g=0, diversidad=7.056952133108078, C1=1.2028114762507536, C2=1.4862736805924674
worker_13 | gen evals   avg     std     min             max
worker_13 | 0   10      2166.69 1973.41 0.00375141      5000
worker_3  | fuzzy inputs 2 6.135961051287771
worker_3  | g=1, diversidad=6.135961051287771, C1=1.2211695066111188, C2=1.477076500576371
worker_3  | 1   10      2366.81 1734.9  0.0385583       5000
worker_15 | fuzzy inputs 3 5.867114647587671
worker_15 | g=2, diversidad=5.867114647587671, C1=1.4500000000000006, C2=1.4515517217381815
worker_15 | 2   10      3533.55 1045.56 2333.34         5000
worker_7  | fuzzy inputs 3 5.925491917896777
worker_7  | g=2, diversidad=5.925491917896777, C1=1.4500000000000002, C2=1.4539893391606904
worker_7  | 2   10      2733.38 1569.12 0.0913066       5000
worker_4  | fuzzy inputs 7 6.33701841231822
worker_4  | g=6, diversidad=6.33701841231822, C1=1.501458836635381, C2=1.4705149324220144
worker_4  | 6   10      2833.53 991.447 1666.75         5000
worker_8  | fuzzy inputs 1 7.148463062312907
worker_8  | g=0, diversidad=7.148463062312907, C1=1.2007304969627959, C2=1.486660358298032
worker_8  | gen evals   avg     std     min             max
worker_8  | 0   10      2133.38 1939.05 0.00375141      5000
worker_12 | fuzzy inputs 3 6.718475026263
worker_12 | g=2, diversidad=6.718475026263, C1=1.4257383966244728, C2=1.4745339491827039
worker_12 | 2   10      2266.73 1254.29 0.0173651       4000
worker_11 | fuzzy inputs 4 5.526808202647901
worker_11 | g=3, diversidad=5.526808202647901, C1=1.4755619592883058, C2=1.3752530106565561
worker_11 | 3   10      2635.26 1790.61 0.0416666       5000
worker_2  | fuzzy inputs 5 7.1088450125810265
worker_2  | g=4, diversidad=7.1088450125810265, C1=1.486495660225584, C2=1.486495660225584
worker_2  | 4   10      2933.44 1489.13 0.357494        5000
worker_1  | fuzzy inputs 2 7.745609244759043
worker_1  | g=1, diversidad=7.745609244759043, C1=1.1936936936936937, C2=1.4879629629629632
worker_1  | 1   10      2733.44 1936.65 0.0342636       5000
worker_16 | fuzzy inputs 2 7.401960902941344
worker_16 | g=1, diversidad=7.401960902941344, C1=1.1955180525319282, C2=1.4876259802623908
worker_16 | 1   10      3466.71 832.632 1666.8          5000
worker_5  | fuzzy inputs 6 6.669504904264635
worker_5  | g=5, diversidad=6.669504904264635, C1=1.4835690969858426, C2=1.479574746309251
worker_5  | 5   10      3133.43 1407.77 0.639223        5000
worker_9  | fuzzy inputs 2 6.814048792228132
worker_9  | g=1, diversidad=6.814048792228132, C1=1.2066441873272364, C2=1.4847400017832468
worker_9  | 1   10      2300.05 1816.26 0.0285049       5000
worker_6  | fuzzy inputs 5 5.973642310554049
worker_6  | g=4, diversidad=5.973642310554049, C1=1.4745098039215692, C2=1.4557981205073365
worker_6  | 4   10      2233.57 1135.74 0.0373867       4000
worker_4  | fuzzy inputs 8 5.018101607175862
worker_4  | g=7, diversidad=5.018101607175862, C1=1.7351466509149143, C2=1.2199871699578164
worker_4  | 7   10      3033.43 1187.34 1666.67         5000
worker_4  | defaultdict(<class 'deap.tools.support.Logbook'>, {})
worker_4  | poblacion enviada...  0.0037514072893524695
worker_4  | poblacion recibida...  PSO PSO-4
worker_4  | primero diversidad 7.798040687003284
worker_15 | fuzzy inputs 4 4.424282146364489
worker_15 | g=3, diversidad=4.424282146364489, C1=1.4849312987091032, C2=1.206275253688597
worker_15 | 3   10      2788.91 1628.78 0.0109678       5000
worker_8  | fuzzy inputs 2 7.153295157924154
worker_8  | g=1, diversidad=7.153295157924154, C1=1.2006237710432237, C2=1.4866801715707274
worker_8  | 1   10      1866.87 1790.15 0.0251629       5000
worker_7  | fuzzy inputs 4 5.542164128135491
worker_7  | g=3, diversidad=5.542164128135491, C1=1.4753484759146653, C2=1.3792464741891597
worker_7  | 3   10      2766.85 1453.09 0.0292627       5000
worker_13 | fuzzy inputs 2 7.140887855594004
worker_13 | g=1, diversidad=7.140887855594004, C1=1.2008984310118083, C2=1.4866291784029069
worker_13 | 1   10      1733.41 1489.22 0.0216993       5000
worker_2  | fuzzy inputs 6 6.5418771483359075
worker_2  | g=5, diversidad=6.5418771483359075, C1=1.4823749940218105, C2=1.476476982390654
worker_2  | 5   10      2566.86 1619.65 0.0341291       5000
worker_3  | fuzzy inputs 3 6.337169742301149
worker_3  | g=2, diversidad=6.337169742301149, C1=1.4257383966244728, C2=1.46880452444285
worker_3  | 2   10      2733.51 1280.5  666.691         5000
worker_12 | fuzzy inputs 4 5.85773558882882
worker_12 | g=3, diversidad=5.85773558882882, C1=1.4745098039215692, C2=1.4511320205527196
worker_12 | 3   10      2633.47 1822.4  0.0152713       5000
worker_1  | fuzzy inputs 3 6.354390341211008
worker_1  | g=2, diversidad=6.354390341211008, C1=1.4257383966244728, C2=1.4690600677696404
worker_1  | 2   10      2400.14 1083.18 1666.67         5000
worker_11 | fuzzy inputs 5 6.518379662638807
worker_11 | g=4, diversidad=6.518379662638807, C1=1.4821359730709687, C2=1.4758601079483342
worker_11 | 4   10      2533.38 1392.03 666.692         5000
worker_16 | fuzzy inputs 3 6.782438254967615
worker_16 | g=2, diversidad=6.782438254967615, C1=1.4257383966244728, C2=1.4755098480549882
worker_16 | 2   10      3333.91 1452.1  670.544         5000
worker_5  | fuzzy inputs 7 6.453247724647022
worker_5  | g=6, diversidad=6.453247724647022, C1=1.5096596552821593, C2=1.474065388037435
worker_5  | 6   10      2233.47 1374.84 0.0409602       4000
worker_9  | fuzzy inputs 3 5.409940813525728
worker_9  | g=2, diversidad=5.409940813525728, C1=1.436269339663649, C2=1.4591702535431226
worker_9  | 2   10      2466.71 1667.99 0.0068806       5000
worker_8  | fuzzy inputs 3 6.999834879864917
worker_8  | g=2, diversidad=6.999834879864917, C1=1.4257383966244728, C2=1.478859225367173
worker_8  | 2   10      3200.1  1002.13 1666.67         5000
worker_6  | fuzzy inputs 6 6.49237759313727
worker_6  | g=5, diversidad=6.49237759313727, C1=1.481863803588115, C2=1.4751589735001531
worker_6  | 5   10      2800.14 1292.74 0.0207198       5000
worker_15 | fuzzy inputs 5 6.345969572704056
worker_15 | g=4, diversidad=6.345969572704056, C1=1.4801619765621192, C2=1.4708058308966558
worker_15 | 4   10      2167.38 1462.25 0.0209977       4000
worker_3  | fuzzy inputs 4 4.6893315207517805
worker_3  | g=3, diversidad=4.6893315207517805, C1=1.483401441554995, C2=1.2092169455684794
worker_3  | 3   10      2100.18 1570.87 0.0274168       5000
worker_7  | fuzzy inputs 5 7.514422597537068
worker_7  | g=4, diversidad=7.514422597537068, C1=1.4880109942421063, C2=1.4880109942421063
worker_7  | 4   10      2233.52 1520.49 0.0151793       5000
worker_13 | fuzzy inputs 3 7.488929406441425
worker_13 | g=2, diversidad=7.488929406441425, C1=1.4257383966244728, C2=1.4788617886178865
worker_13 | 2   10      2200.1  1431.33 0.00879146      5000
worker_4  | fuzzy inputs 1 7.798040687003284
worker_4  | g=0, diversidad=7.798040687003284, C1=1.1886970509011723, C2=1.4888833039947957
worker_4  | gen evals   avg     std     min             max
worker_4  | 0   10      1633.41 1580.73 0.00375141      4000
worker_12 | fuzzy inputs 5 5.877687991602567
worker_12 | g=4, diversidad=5.877687991602567, C1=1.474509803921569, C2=1.4520150870716513
worker_12 | 4   10      2933.4  1289.26 0.0180641       5000
worker_11 | fuzzy inputs 6 5.802500548018411
worker_11 | g=5, diversidad=5.802500548018411, C1=1.4745098039215692, C2=1.442856016715492
worker_11 | 5   10      2733.6  1380.91 666.673         5000
worker_2  | fuzzy inputs 7 6.019455854299377
worker_2  | g=6, diversidad=6.019455854299377, C1=1.4762100355657795, C2=1.457703717623226
worker_2  | 6   10      1900.19 1801.42 0.00703242      5000
worker_5  | fuzzy inputs 8 6.566884889578627
worker_5  | g=7, diversidad=6.566884889578627, C1=1.7380830074496532, C2=1.4771167467561679
worker_5  | 7   10      2666.92 1333.44 0.00677487      5000
worker_5  | defaultdict(<class 'deap.tools.support.Logbook'>, {})
worker_5  | poblacion enviada...  0.0037514072893524695
worker_5  | poblacion recibida...  PSO PSO-14
worker_5  | primero diversidad 6.600449630685773
worker_1  | fuzzy inputs 4 6.1093477335636415
worker_1  | g=3, diversidad=6.1093477335636415, C1=1.4766155947459079, C2=1.4619024586043265
worker_1  | 3   10      2366.72 1888.23 0.0315452       5000
worker_16 | fuzzy inputs 4 5.664000724271698
worker_16 | g=3, diversidad=5.664000724271698, C1=1.4745098039215692, C2=1.4098060987985714
worker_16 | 3   10      2833.41 1249.38 666.885         5000
worker_9  | fuzzy inputs 4 4.732657328546883
worker_9  | g=3, diversidad=4.732657328546883, C1=1.483121328595841, C2=1.2097533965013634
worker_9  | 3   10      2566.71 1932.44 0.0103828       5000
worker_15 | fuzzy inputs 6 6.591158101587919
worker_15 | g=5, diversidad=6.591158101587919, C1=1.482856081878459, C2=1.4777218184938483
worker_15 | 5   10      2400.22 2069.95 0.013928        5000
worker_8  | fuzzy inputs 4 5.104603271943474
worker_8  | g=3, diversidad=5.104603271943474, C1=1.4802617300192054, C2=1.2499793992688777
worker_8  | 3   10      1904.77 1389.93 0.0161864       5000
worker_6  | fuzzy inputs 7 6.187730035469658
worker_6  | g=6, diversidad=6.187730035469658, C1=1.4901459167898818, C2=1.465158571495176
worker_6  | 6   10      1800.28 1687.78 0.0112642       5000
worker_13 | fuzzy inputs 4 6.434652494506842
worker_13 | g=3, diversidad=6.434652494506842, C1=1.481228901854942, C2=1.4735287281525735
worker_13 | 3   10      3000.05 1837.83 0.0221187       5000
worker_3  | fuzzy inputs 5 6.408535886216934
worker_3  | g=4, diversidad=6.408535886216934, C1=1.4809268123231825, C2=1.4727556533271025
worker_3  | 4   10      2600.05 1617.89 0.159117        5000
worker_2  | fuzzy inputs 8 6.20941684931638
worker_2  | g=7, diversidad=6.20941684931638, C1=1.7302535474079015, C2=1.4660010365927743
worker_2  | 7   10      3200.37 1248.98 1666.69         5000
worker_2  | defaultdict(<class 'deap.tools.support.Logbook'>, {})
worker_2  | poblacion enviada...  0.0037514072893524695
worker_2  | poblacion recibida...  PSO PSO-1
worker_2  | primero diversidad 7.163804465342773
worker_4  | fuzzy inputs 2 7.473638238386852
worker_4  | g=1, diversidad=7.473638238386852, C1=1.1941746747793274, C2=1.4878741690001356
worker_4  | 1   10      2033.57 1537.95 0.175832        5000
worker_11 | fuzzy inputs 7 6.005884716012235
worker_11 | g=6, diversidad=6.005884716012235, C1=1.4750261137074214, C2=1.4570208540622025
worker_11 | 6   10      3100.04 1350.29 0.0407478       5000
worker_5  | fuzzy inputs 1 6.600449630685773
worker_5  | g=0, diversidad=6.600449630685773, C1=1.2100929263833204, C2=1.4829438595340378
worker_5  | gen evals   avg     std     min             max
worker_5  | 0   10      2700.26 1760.45 0.00375141      5000
worker_7  | fuzzy inputs 6 7.570464347849951
worker_7  | g=5, diversidad=7.570464347849951, C1=1.4881940459771212, C2=1.4881940459771212
worker_7  | 5   10      2433.49 1325.46 0.0505834       5000
worker_12 | fuzzy inputs 6 6.482615365312606
worker_12 | g=5, diversidad=6.482615365312606, C1=1.481759466521344, C2=1.4748905550103204
worker_12 | 5   10      1766.76 1164.69 0.0683341       3333.35
worker_1  | fuzzy inputs 5 7.145769024207546
worker_1  | g=4, diversidad=7.145769024207546, C1=1.4866492861906857, C2=1.4866492861906857
worker_1  | 4   10      2667.11 1692.46 0.33048         5000
worker_9  | fuzzy inputs 5 6.649566778520246
worker_9  | g=4, diversidad=6.649566778520246, C1=1.483393331247054, C2=1.4791170929029902
worker_9  | 4   10      2466.7  1995.53 0.0527217       5000
worker_16 | fuzzy inputs 5 6.723880243044292
worker_16 | g=4, diversidad=6.723880243044292, C1=1.4840300667570185, C2=1.4807777744873605
worker_16 | 4   10      2566.71 1738.74 0.0108168       5000
worker_15 | fuzzy inputs 7 6.156316574587815
worker_15 | g=6, diversidad=6.156316574587815, C1=1.4876444812047074, C2=1.4638947569642025
worker_15 | 6   10      1833.41 1740.04 0.00579521      5000
worker_5  | fuzzy inputs 2 6.44825912072256
worker_5  | g=1, diversidad=6.44825912072256, C1=1.2130685378688815, C2=1.4813825285787094
worker_5  | 1   10      3900.08 1202.22 1666.72         5000
worker_8  | fuzzy inputs 5 5.936045804899684
worker_8  | g=4, diversidad=5.936045804899684, C1=1.474509803921569, C2=1.4544003580016511
worker_8  | 4   10      3100.06 1265.31 1333.35         5000
worker_13 | fuzzy inputs 5 6.224191497744935
worker_13 | g=4, diversidad=6.224191497744935, C1=1.478482536467376, C2=1.4665615495411393
worker_13 | 4   10      2366.69 1345.35 0.0393755       5000
worker_3  | fuzzy inputs 6 5.9103363724088105
worker_3  | g=5, diversidad=5.9103363724088105, C1=1.4745098039215692, C2=1.453383905702401
worker_3  | 5   10      2800.61 1258.09 0.0772099       5000
worker_6  | fuzzy inputs 8 6.223720434921654
worker_6  | g=7, diversidad=6.223720434921654, C1=1.7306330434052348, C2=1.4665438427721411
worker_6  | 7   10      2500.1  1752.74 0.0332205       5000
worker_6  | defaultdict(<class 'deap.tools.support.Logbook'>, {})
worker_6  | poblacion enviada...  0.0037514072893524695
worker_6  | poblacion recibida...  PSO PSO-15
worker_6  | primero diversidad 6.373144582724032
worker_7  | fuzzy inputs 7 6.255058341927098
worker_7  | g=6, diversidad=6.255058341927098, C1=1.4953623941706162, C2=1.4676989115778152
worker_7  | 6   10      3133.38 1869.01 0.027287        5000
worker_2  | fuzzy inputs 1 7.163804465342773
worker_2  | g=0, diversidad=7.163804465342773, C1=1.2003927118500715, C2=1.4867230608348405
worker_2  | gen evals   avg     std     min             max
worker_2  | 0   10      1733.46 1775.23 0.00375141      5000
worker_11 | fuzzy inputs 8 5.8599983236432305
worker_11 | g=7, diversidad=5.8599983236432305, C1=1.723809523809524, C2=1.4512340354255784
worker_11 | 7   10      2566.98 1265.34 667.068         5000
worker_11 | defaultdict(<class 'deap.tools.support.Logbook'>, {})
worker_11 | poblacion enviada...  0.0037514072893524695
worker_11 | poblacion recibida...  PSO PSO-11
worker_11 | primero diversidad 4.528278082709178
worker_4  | fuzzy inputs 3 7.015565445569562
worker_4  | g=2, diversidad=7.015565445569562, C1=1.4257383966244728, C2=1.4788617886178865
worker_4  | 2   10      2166.73 1416.19 0.0129308       4000
worker_12 | fuzzy inputs 7 6.995231546412273
worker_12 | g=6, diversidad=6.995231546412273, C1=1.5421737256377306, C2=1.4859415014112667
worker_12 | 6   10      1900.2  1646.8  0.0537702       5000
worker_1  | fuzzy inputs 6 6.400541728911951
worker_1  | g=5, diversidad=6.400541728911951, C1=1.4808323910503471, C2=1.472514363826464
worker_1  | 5   10      3533.46 1585.92 0.0158354       5000
worker_9  | fuzzy inputs 6 6.500983065089661
worker_9  | g=5, diversidad=6.500983065089661, C1=1.4819547925523064, C2=1.4753932169794295
worker_9  | 5   10      1766.81 1282.73 0.012283        4000
worker_16 | fuzzy inputs 6 6.829640257216404
worker_16 | g=5, diversidad=6.829640257216404, C1=1.4848564080187148, C2=1.4829444305765485
worker_16 | 5   10      2766.87 1598.7  0.0105918       5000
worker_15 | fuzzy inputs 8 4.976298872476625
worker_15 | g=7, diversidad=4.976298872476625, C1=1.7357644885344343, C2=1.2131272950528285
worker_15 | 7   10      2167.19 1529.39 0.0281028       5000
worker_15 | defaultdict(<class 'deap.tools.support.Logbook'>, {})
worker_15 | poblacion enviada...  0.0037514072893524695
worker_15 | poblacion recibida...  PSO PSO-13
worker_15 | primero diversidad 4.729566972223615
worker_5  | fuzzy inputs 3 5.1697379157951024
worker_5  | g=2, diversidad=5.1697379157951024, C1=1.4257383966244728, C2=1.4682575342961288
worker_5  | 2   10      2233.42 1868.19 0.00447371      5000
worker_7  | fuzzy inputs 8 6.276652123498516
worker_7  | g=7, diversidad=6.276652123498516, C1=1.7319810859818305, C2=1.4684686589743512
worker_7  | 7   10      3466.68 1392.03 0.0393878       5000
worker_7  | defaultdict(<class 'deap.tools.support.Logbook'>, {})
worker_7  | poblacion enviada...  0.0037514072893524695
worker_7  | poblacion recibida...  PSO PSO-0
worker_7  | primero diversidad 7.482877624410043
worker_3  | fuzzy inputs 7 5.63729714693816
worker_3  | g=6, diversidad=5.63729714693816, C1=1.474509803921569, C2=1.4032471404576896
worker_3  | 6   10      2333.51 1744.83 0.0140434       5000
worker_2  | fuzzy inputs 2 7.070371785587109
worker_2  | g=1, diversidad=7.070371785587109, C1=1.202499023432024, C2=1.4863317818022699
worker_2  | 1   10      2366.9  1601.64 0.0169475       5000
worker_11 | fuzzy inputs 1 4.528278082709178
worker_11 | g=0, diversidad=4.528278082709178, C1=1.2073647375229475, C2=1.7413163247439027
worker_11 | gen evals   avg     std     min             max
worker_11 | 0   10      2266.68 1704.89 0.00375141      5000
worker_8  | fuzzy inputs 6 6.207597512532256
worker_8  | g=5, diversidad=6.207597512532256, C1=1.478231418467711, C2=1.4659312722632134
worker_8  | 5   10      2167.32 1454.15 2.02932         5000
worker_4  | fuzzy inputs 4 5.803211722539249
worker_4  | g=3, diversidad=5.803211722539249, C1=1.4745098039215694, C2=1.4430216517635337
worker_4  | 3   10      2600.04 1890.29 0.0081691       5000
worker_12 | fuzzy inputs 8 6.974696980654953
worker_12 | g=7, diversidad=6.974696980654953, C1=1.744136625754158, C2=1.485593200386955
worker_12 | 7   10      2633.4  1662.92 0.0328138       5000
worker_12 | defaultdict(<class 'deap.tools.support.Logbook'>, {})
worker_12 | poblacion enviada...  0.0037514072893524695
worker_12 | poblacion recibida...  PSO PSO-5
worker_12 | primero diversidad 7.1209775969937725
worker_6  | fuzzy inputs 1 6.373144582724032
worker_6  | g=0, diversidad=6.373144582724032, C1=1.214738407812587, C2=1.4805015810705604
worker_6  | gen evals   avg     std     min             max
worker_6  | 0   10      2033.5  1377.98 0.00375141      4000
worker_1  | fuzzy inputs 7 6.282074904975787
worker_1  | g=6, diversidad=6.282074904975787, C1=1.4974019559930674, C2=1.4686587304460923
worker_1  | 6   10      2133.57 1446.75 0.0926746       5000
worker_9  | fuzzy inputs 7 6.291602535097997
worker_9  | g=6, diversidad=6.291602535097997, C1=1.498114105277129, C2=1.4689896065856796
worker_9  | 6   10      1640.03 1459.8  0.0418669       5000
worker_16 | fuzzy inputs 7 5.622180908650984
worker_16 | g=6, diversidad=5.622180908650984, C1=1.474509803921569, C2=1.399506657841917
worker_16 | 6   10      2133.48 1557.76 0.00805445      5000
worker_15 | fuzzy inputs 1 4.729566972223615
worker_15 | g=0, diversidad=4.729566972223615, C1=1.2097145558407174, C2=1.7390394052615135
worker_15 | gen evals   avg     std     min             max
worker_15 | 0   10      2266.7  1824.51 0.00375141      5000
worker_5  | fuzzy inputs 4 4.997454461706993
worker_5  | g=3, diversidad=4.997454461706993, C1=1.48118024915787, C2=1.2134525418191744
worker_5  | 3   10      1817.97 1086.23 0.213608        4000
worker_3  | fuzzy inputs 8 6.017079832191584
worker_3  | g=7, diversidad=6.017079832191584, C1=1.7244064262118723, C2=1.4575851536429616
worker_3  | 7   10      2733.39 1481.68 0.178945        5000
worker_3  | defaultdict(<class 'deap.tools.support.Logbook'>, {})
worker_3  | poblacion enviada...  0.0037514072893524695
worker_3  | poblacion recibida...  PSO PSO-9
worker_3  | primero diversidad 4.984102014295825
worker_7  | fuzzy inputs 1 7.482877624410043
worker_7  | g=0, diversidad=7.482877624410043, C1=1.1940053146728509, C2=1.4879054386233834
worker_7  | gen evals   avg     std     min             max
worker_7  | 0   10      1233.42 1640.11 0.00375141      5000
worker_11 | fuzzy inputs 2 4.903323291446773
worker_11 | g=1, diversidad=4.903323291446773, C1=1.2120476655562902, C2=1.7367964576366564
worker_11 | 1   10      2466.69 2186.81 0.00595342      5000
worker_8  | fuzzy inputs 7 6.129724700565247
worker_8  | g=6, diversidad=6.129724700565247, C1=1.4854921881479037, C2=1.462782507366693
worker_8  | 6   10      1733.44 1775.08 0.0274716       5000
worker_2  | fuzzy inputs 3 6.193844477319551
worker_2  | g=2, diversidad=6.193844477319551, C1=1.4308060675773047, C2=1.4653985205183382
worker_2  | 2   10      2266.81 1218.35 0.0719423       5000
worker_6  | fuzzy inputs 2 6.752943500955613
worker_6  | g=1, diversidad=6.752943500955613, C1=1.2075569853954105, C2=1.4842660017894342
worker_6  | 1   10      3333.37 1201.82 1666.69         5000
worker_4  | fuzzy inputs 5 6.339800165276337
worker_4  | g=4, diversidad=6.339800165276337, C1=1.4800832236111026, C2=1.4706056683131146
worker_4  | 4   10      3100.11 1430.24 0.00916309      5000
worker_12 | fuzzy inputs 1 7.1209775969937725
worker_12 | g=0, diversidad=7.1209775969937725, C1=1.2013434727446408, C2=1.4865465275592795
worker_12 | gen evals   avg     std     min             max
worker_12 | 0   10      1666.7  1437.58 0.00375141      3333.37
worker_1  | fuzzy inputs 8 6.406179485233016
worker_1  | g=7, diversidad=6.406179485233016, C1=1.7349465982938816, C2=1.4726847600427129
worker_1  | 7   10      2166.71 1492.54 0.0522339       4000
worker_1  | defaultdict(<class 'deap.tools.support.Logbook'>, {})
worker_1  | poblacion enviada...  0.0037514072893524695
worker_1  | poblacion recibida...  PSO PSO-2
worker_1  | primero diversidad 7.894909652579742
worker_16 | fuzzy inputs 8 6.403263761731416
worker_16 | g=7, diversidad=6.403263761731416, C1=1.734884530221601, C2=1.472596773001495
worker_16 | 7   10      2305.04 1552.99 0.0154986       5000
worker_16 | defaultdict(<class 'deap.tools.support.Logbook'>, {})
worker_16 | poblacion enviada...  0.0037514072893524695
worker_16 | poblacion recibida...  PSO PSO-10
worker_16 | primero diversidad 5.561425401309872
worker_9  | fuzzy inputs 8 5.290951567121715
worker_9  | g=7, diversidad=5.290951567121715, C1=1.7305547547626075, C2=1.3092339994188256
worker_9  | 7   10      1966.84 1312.07 0.0125875       3334.27
worker_9  | defaultdict(<class 'deap.tools.support.Logbook'>, {})
worker_9  | poblacion enviada...  0.0037514072893524695
worker_9  | poblacion recibida...  PSO PSO-7
worker_9  | primero diversidad 4.737696495495685
worker_15 | fuzzy inputs 2 5.1765815453235255
worker_15 | g=1, diversidad=5.1765815453235255, C1=1.2164545161580838, C2=1.658283401956029
worker_15 | 1   10      2733.62 1380.75 0.0777699       5000
worker_11 | fuzzy inputs 3 5.047454216714839
worker_11 | g=2, diversidad=5.047454216714839, C1=1.4257383966244728, C2=1.4678099578630681
worker_11 | 2   10      2166.79 1979.12 0.012432        5000
worker_5  | fuzzy inputs 5 7.180759764393308
worker_5  | g=4, diversidad=7.180759764393308, C1=1.4867916774024001, C2=1.4867916774024001
worker_5  | 4   10      2200.08 1845.08 0.0528083       5000
worker_8  | fuzzy inputs 8 6.332122427671373
worker_8  | g=7, diversidad=6.332122427671373, C1=1.733305369821226, C2=1.4703544978017127
worker_8  | 7   10      2266.69 1799.99 0.0169761       5000
worker_8  | defaultdict(<class 'deap.tools.support.Logbook'>, {})
worker_8  | poblacion enviada...  0.0037514072893524695
worker_8  | poblacion recibida...  PSO PSO-6
worker_8  | primero diversidad 5.801465920758785
worker_3  | fuzzy inputs 1 4.984102014295825
worker_3  | g=0, diversidad=4.984102014295825, C1=1.2132465977873141, C2=1.735650681611343
worker_3  | gen evals   avg     std     min             max
worker_3  | 0   10      2000.04 1584.65 0.00375141      5000
worker_7  | fuzzy inputs 2 7.330833819072803
worker_7  | g=1, diversidad=7.330833819072803, C1=1.1969050332135027, C2=1.4873694455579771
worker_7  | 1   10      1733.55 1254.41 0.026247        3333.39
worker_4  | fuzzy inputs 6 7.102403165712793
worker_4  | g=5, diversidad=7.102403165712793, C1=1.4864684953483402, C2=1.4864684953483402
worker_4  | 5   10      3000.19 1914.64 0.0147175       5000
worker_6  | fuzzy inputs 3 5.899473675586345
worker_6  | g=2, diversidad=5.899473675586345, C1=1.45, C2=1.4529385259832424
worker_6  | 2   10      2100.38 1366.9  0.028919        3335.33
worker_2  | fuzzy inputs 4 4.948190853708024
worker_2  | g=3, diversidad=4.948190853708024, C1=1.4815744685738406, C2=1.21270384414948
worker_2  | 3   10      1900.2  1211.44 0.0207688       4000
worker_12 | fuzzy inputs 2 6.881779474203352
worker_12 | g=1, diversidad=6.881779474203352, C1=1.2056925580021087, C2=1.485233101946275
worker_12 | 1   10      3866.79 1076.97 1666.68         5000
worker_1  | fuzzy inputs 1 7.894909652579742
worker_1  | g=0, diversidad=7.894909652579742, C1=1.1872296634213724, C2=1.489152862742378
worker_1  | gen evals   avg     std     min             max
worker_1  | 0   10      1500.29 1572.11 0.00375141      3333.5
worker_16 | fuzzy inputs 1 5.561425401309872
worker_16 | g=0, diversidad=5.561425401309872, C1=1.2248824409264134, C2=1.5377565282529198
worker_16 | gen evals   avg     std     min             max
worker_16 | 0   10      2033.35 1834.54 0.00375141      5000
worker_9  | fuzzy inputs 1 4.737696495495685
worker_9  | g=0, diversidad=4.737696495495685, C1=1.2098169238784822, C2=1.738940623083798
worker_9  | gen evals   avg     std     min             max
worker_9  | 0   10      2600.04 1617.94 0.00375141      5000
worker_15 | fuzzy inputs 3 4.807292194802142
worker_15 | g=2, diversidad=4.807292194802142, C1=1.4257383966244728, C2=1.467632850241546
worker_15 | 2   10      3700.05 899.976 2333.38         5000
worker_11 | fuzzy inputs 4 4.974191662985664
worker_11 | g=3, diversidad=4.974191662985664, C1=1.4813684848215134, C2=1.213095209411896
worker_11 | 3   10      2300.19 1587.8  0.00999357      5000
worker_5  | fuzzy inputs 6 5.541012666564604
worker_5  | g=5, diversidad=5.541012666564604, C1=1.4753646132012215, C2=1.3789482261912214
worker_5  | 5   10      2900.08 1535.08 0.0526528       5000
worker_8  | fuzzy inputs 1 5.801465920758785
worker_8  | g=0, diversidad=5.801465920758785, C1=1.225925925925926, C2=1.4813158438333338
worker_8  | gen evals   avg     std     min             max
worker_8  | 0   10      1500.55 1384.97 0.00375141      3335.53
worker_12 | fuzzy inputs 3 5.510490615336935
worker_12 | g=2, diversidad=5.510490615336935, C1=1.4433572409131263, C2=1.4531377754121193
worker_12 | 2   10      3167.35 1740.09 0.0688169       5000
worker_7  | fuzzy inputs 3 6.369095025161455
worker_7  | g=2, diversidad=6.369095025161455, C1=1.4257383966244728, C2=1.4692785139418312
worker_7  | 2   10      2800.08 1707.49 0.0343895       5000
worker_3  | fuzzy inputs 2 5.888188235735863
worker_3  | g=1, diversidad=5.888188235735863, C1=1.2259259259259263, C2=1.4745098039215692
worker_3  | 1   10      2200.07 1514.36 0.0177551       5000
worker_4  | fuzzy inputs 7 6.485265526949867
worker_4  | g=6, diversidad=6.485265526949867, C1=1.5118325445320049, C2=1.4749637078101836
worker_4  | 6   10      1733.52 1428.26 0.0174838       5000
worker_1  | fuzzy inputs 2 7.554347534638563
worker_1  | g=1, diversidad=7.554347534638563, C1=1.1936936936936937, C2=1.4879629629629632
worker_1  | 1   10      3466.8  1874.82 0.416739        5000
worker_2  | fuzzy inputs 5 6.125462312285947
worker_2  | g=4, diversidad=6.125462312285947, C1=1.4768968639337456, C2=1.4626004551055698
worker_2  | 4   10      3000.33 1626.06 0.198677        5000
worker_6  | fuzzy inputs 4 5.171492541157038
worker_6  | g=3, diversidad=5.171492541157038, C1=1.4796414463321224, C2=1.272049834398883
worker_6  | 3   10      2300.04 1662.96 0.15992         5000
worker_9  | fuzzy inputs 2 5.281664174628847
worker_9  | g=1, diversidad=5.281664174628847, C1=1.218451862912822, C2=1.6199696965395718
worker_9  | 1   10      2733.4  1569.13 0.0269937       5000
worker_16 | fuzzy inputs 2 6.487063433934919
worker_16 | g=1, diversidad=6.487063433934919, C1=1.2122613143573426, C2=1.4818071552304521
worker_16 | 1   10      2866.73 1301.23 0.175375        5000
worker_15 | fuzzy inputs 4 4.231314018610485
worker_15 | g=3, diversidad=4.231314018610485, C1=1.4858788635930384, C2=1.2044431367726878
worker_15 | 3   10      1800.08 1477.22 0.0374299       4000
worker_8  | fuzzy inputs 2 6.320351490086919
worker_8  | g=1, diversidad=6.320351490086919, C1=1.2160055193815886, C2=1.4798308154760043
worker_8  | 1   10      3233.35 1591.98 0.0476444       5000
worker_11 | fuzzy inputs 5 5.21445126479981
worker_11 | g=4, diversidad=5.21445126479981, C1=1.479222095076492, C2=1.2857398858087403
worker_11 | 4   10      1433.45 1414.6  0.0523638       5000
worker_12 | fuzzy inputs 4 5.239659128762245
worker_12 | g=3, diversidad=5.239659128762245, C1=1.47896788151016, C2=1.293604078269387
worker_12 | 3   10      2533.52 1572.03 0.0352677       5000
worker_5  | fuzzy inputs 7 5.6659266730055835
worker_5  | g=6, diversidad=5.6659266730055835, C1=1.474509803921569, C2=1.4102767618732261
worker_5  | 6   10      3033.8  1320.29 666.748         5000
worker_7  | fuzzy inputs 4 5.938533193563167
