worker_16 | g=5, diversidad=6.91767577827876, C1=1.4854817354533223, C2=1.48459270131707
worker_16 | 5   10      2700.05 1946.16 0.0350576       5000
worker_1  | fuzzy inputs 7 8.600931303307675
worker_1  | g=6, diversidad=8.600931303307675, C1=1.5602836879432629, C2=1.4879629629629632
worker_1  | 6   10      2767.02 1342.17 0.0417127       5000
worker_4  | fuzzy inputs 4 4.968866599009294
worker_4  | g=3, diversidad=4.968866599009294, C1=1.4814110452388027, C2=1.2130143746599424
worker_4  | 3   10      3033.41 1905.74 0.0396517       5000
worker_6  | fuzzy inputs 6 5.568158369086983
worker_6  | g=5, diversidad=5.568158369086983, C1=1.4749784665295937, C2=1.3859281990359564
worker_6  | 5   10      3633.48 1580.61 0.00620673      5000
worker_5  | fuzzy inputs 1 12.317600886919768
worker_5  | g=0, diversidad=12.317600886919768, C1=1.1905446948591987, C2=1.506042405662003
worker_5  | gen evals   avg     std     min             max
worker_5  | 0   10      2200    2045.04 0.00440406      5000
worker_7  | fuzzy inputs 8 6.190425139851207
worker_7  | g=7, diversidad=6.190425139851207, C1=1.729739119688157, C2=1.465264572804315
worker_7  | 7   10      2966.83 1242.22 0.0140182       5000
worker_7  | defaultdict(<class 'deap.tools.support.Logbook'>, {})
worker_7  | poblacion enviada...  0.004404060450488333
worker_7  | poblacion recibida...  PSO PSO-0
worker_7  | primero diversidad 7.526930387356509
worker_2  | fuzzy inputs 1 7.854511608166583
worker_2  | g=0, diversidad=7.854511608166583, C1=1.1878330965519528, C2=1.4890420518063867
worker_2  | gen evals   avg     std     min             max
worker_2  | 0   10      2233.46 2055.13 0.00439863      5000
worker_9  | fuzzy inputs 6 5.565245882082134
worker_9  | g=5, diversidad=5.565245882082134, C1=1.4750204753020884, C2=1.3851844016681985
worker_9  | 5   10      1733.61 1678.72 0.00824717      5000
worker_8  | fuzzy inputs 5 7.825497972600805
worker_8  | g=4, diversidad=7.825497972600805, C1=1.488961060829533, C2=1.488961060829533
worker_8  | 4   10      2200.05 1961.83 0.00544586      5000
worker_11 | fuzzy inputs 7 5.992320424687491
worker_11 | g=6, diversidad=5.992320424687491, C1=1.4745098039215694, C2=1.4564563533116286
worker_11 | 6   10      3433.47 1238.54 1666.73         5000
worker_13 | fuzzy inputs 7 6.532095440414026
worker_13 | g=6, diversidad=6.532095440414026, C1=1.5149469295961393, C2=1.4762220734444853
worker_13 | 6   10      2867.21 1528.45 1.00743         5000
worker_3  | fuzzy inputs 7 8.215730686695244
worker_3  | g=6, diversidad=8.215730686695244, C1=1.5602836879432629, C2=1.4879629629629632
worker_3  | 6   10      2067.56 1618.34 0.463676        5000
worker_16 | fuzzy inputs 7 6.544508600941334
worker_16 | g=6, diversidad=6.544508600941334, C1=1.515760057980977, C2=1.4765451041063429
worker_16 | 6   10      2600.04 1987.71 0.0519141       5000
worker_12 | fuzzy inputs 6 6.4673693588707994
worker_12 | g=5, diversidad=6.4673693588707994, C1=1.4815940965264165, C2=1.4744655347923628
worker_12 | 5   10      2566.79 1955.2  0.0408443       5000
worker_15 | fuzzy inputs 6 7.068804524910371
worker_15 | g=5, diversidad=7.068804524910371, C1=1.4863250216311281, C2=1.4863250216311281
worker_15 | 5   10      1933.37 1590.22 0.0546674       5000
worker_2  | fuzzy inputs 2 6.490484993323777
worker_2  | g=1, diversidad=6.490484993323777, C1=1.212191829746888, C2=1.481843669172505
worker_2  | 1   10      2733.61 1768.74 0.008189        5000
worker_6  | fuzzy inputs 7 5.127738182336546
worker_6  | g=6, diversidad=5.127738182336546, C1=1.5014814938099068, C2=1.257719659615968
worker_6  | 6   10      3466.74 1087.27 1666.74         5000
worker_7  | fuzzy inputs 1 15.016737820720492
worker_7  | g=0, diversidad=15.016737820720492, C1=1.175268817204301, C2=1.7650793650793657
worker_7  | gen evals   avg     std     min             max
worker_7  | 0   10      1466.71 1507.05 0.00375141      4000
worker_1  | fuzzy inputs 8 7.734132860528561
worker_1  | g=7, diversidad=7.734132860528561, C1=1.756505623158212, C2=1.4886980094562092
worker_1  | 7   10      2300.4  1016.2  666.672         3335.97
worker_1  | defaultdict(<class 'deap.tools.support.Logbook'>, {})
worker_1  | poblacion enviada...  0.0049518265530006855
worker_1  | poblacion recibida...  PSO PSO-2
worker_1  | primero diversidad 7.177555789631034
worker_5  | fuzzy inputs 2 9.413121237227157
worker_5  | g=1, diversidad=9.413121237227157, C1=1.1936936936936937, C2=1.4879629629629632
worker_5  | 1   10      2200.16 1543.38 0.0272713       5000
worker_9  | fuzzy inputs 7 5.210919743347167
worker_9  | g=6, diversidad=5.210919743347167, C1=1.4970898239877184, C2=1.2846282825733732
worker_9  | 6   10      1873.52 1726.22 0.0323174       5000
worker_8  | fuzzy inputs 6 8.150097046444824
worker_8  | g=5, diversidad=8.150097046444824, C1=1.4894308943089432, C2=1.4894308943089432
worker_8  | 5   10      1700.21 1233.33 0.0101793       4000
worker_4  | fuzzy inputs 5 6.295341481889416
worker_4  | g=4, diversidad=6.295341481889416, C1=1.479496672403092, C2=1.4691183952854594
worker_4  | 4   10      1766.74 1125.95 0.0160392       3000
worker_11 | fuzzy inputs 8 5.9339067303211745
worker_11 | g=7, diversidad=5.9339067303211745, C1=1.7238095238095241, C2=1.4543177383696502
worker_11 | 7   10      2733.48 1297.75 1666.67         5000
worker_11 | defaultdict(<class 'deap.tools.support.Logbook'>, {})
worker_11 | poblacion enviada...  0.004404060450488333
worker_11 | poblacion recibida...  PSO PSO-11
worker_11 | primero diversidad 5.445845824130059
worker_16 | fuzzy inputs 8 7.00502942363209
worker_16 | g=7, diversidad=7.00502942363209, C1=1.744542115984958, C2=1.4860441472781136
worker_16 | 7   10      2400.34 1842.71 0.0474706       5000
worker_16 | defaultdict(<class 'deap.tools.support.Logbook'>, {})
worker_16 | poblacion enviada...  0.0037514072893524695
worker_16 | poblacion recibida...  PSO PSO-10
worker_16 | primero diversidad 8.445829963381787
worker_13 | fuzzy inputs 8 6.377112610302564
worker_13 | g=7, diversidad=6.377112610302564, C1=1.734318735760066, C2=1.4717942056810578
worker_13 | 7   10      2966.75 1662.93 0.176637        5000
worker_13 | defaultdict(<class 'deap.tools.support.Logbook'>, {})
worker_13 | poblacion enviada...  0.0037514072893524695
worker_13 | poblacion recibida...  PSO PSO-3
worker_13 | primero diversidad 6.181018538176858
worker_12 | fuzzy inputs 7 6.53215108498682
worker_12 | g=6, diversidad=6.53215108498682, C1=1.5149505860683194, C2=1.4762235310889076
worker_12 | 6   10      3100.28 1274.13 0.00931527      5000
worker_3  | fuzzy inputs 8 7.815297561938257
worker_3  | g=7, diversidad=7.815297561938257, C1=1.7576133154808742, C2=1.4889323014029412
worker_3  | 7   10      2266.7  1380.83 0.0201366       5000
worker_3  | defaultdict(<class 'deap.tools.support.Logbook'>, {})
worker_3  | poblacion enviada...  0.0049518265530006855
worker_3  | poblacion recibida...  PSO PSO-9
worker_3  | primero diversidad 6.349105930118567
worker_15 | fuzzy inputs 7 6.939478924791585
worker_15 | g=6, diversidad=6.939478924791585, C1=1.539203840459072, C2=1.4849811891638682
worker_15 | 6   10      2033.71 1747.45 0.0176976       5000
worker_2  | fuzzy inputs 3 5.025194360783717
worker_2  | g=2, diversidad=5.025194360783717, C1=1.4257383966244728, C2=1.4677271220711197
worker_2  | 2   10      2500.5  1528.93 0.0275863       5000
worker_9  | fuzzy inputs 8 4.96142365912271
worker_9  | g=7, diversidad=4.96142365912271, C1=1.735979546515627, C2=1.212901982007679
worker_9  | 7   10      2367.27 1493.87 0.0163887       5000
worker_9  | defaultdict(<class 'deap.tools.support.Logbook'>, {})
worker_9  | poblacion enviada...  0.0037514072893524695
worker_9  | poblacion recibida...  PSO PSO-7
worker_9  | primero diversidad 4.3062744816102985
worker_5  | fuzzy inputs 3 6.727293776734637
worker_5  | g=2, diversidad=6.727293776734637, C1=1.4257383966244728, C2=1.4746682424071311
worker_5  | 2   10      3000.41 988.701 1666.97         5000
worker_6  | fuzzy inputs 8 5.065339886301803
worker_6  | g=7, diversidad=5.065339886301803, C1=1.7344235571543374, C2=1.2365756205934628
worker_6  | 7   10      2200.4  1194.26 0.022848        4000
worker_6  | defaultdict(<class 'deap.tools.support.Logbook'>, {})
worker_6  | poblacion enviada...  0.004404060450488333
worker_6  | poblacion recibida...  PSO PSO-15
worker_6  | primero diversidad 4.006824144380192
worker_1  | fuzzy inputs 1 13.739883829150813
worker_1  | g=0, diversidad=13.739883829150813, C1=1.1753962397900755, C2=1.5674348645312928
worker_1  | gen evals   avg     std     min             max
worker_1  | 0   10      1400.03 1658.67 0.00439863      5000
worker_7  | fuzzy inputs 2 11.275624768984896
worker_7  | g=1, diversidad=11.275624768984896, C1=1.1936936936936937, C2=1.4908403805543013
worker_7  | 1   10      2866.89 1506.88 666.785         5000
worker_4  | fuzzy inputs 6 6.026492801887704
worker_4  | g=5, diversidad=6.026492801887704, C1=1.475054064404792, C2=1.4580524320290993
worker_4  | 5   10      1000.83 1105.9  0.0157551       3333.37
worker_8  | fuzzy inputs 7 7.202779501588321
worker_8  | g=6, diversidad=7.202779501588321, C1=1.5499529639457597, C2=1.4868797377141003
worker_8  | 6   10      2866.72 1528.95 0.0641262       5000
worker_12 | fuzzy inputs 8 6.59256555932263
worker_12 | g=7, diversidad=6.59256555932263, C1=1.7385373222264753, C2=1.4777564351389814
worker_12 | 7   10      3633.49 1985.62 0.0243414       5000
worker_12 | defaultdict(<class 'deap.tools.support.Logbook'>, {})
worker_12 | poblacion enviada...  0.004404060450488333
worker_12 | poblacion recibida...  PSO PSO-5
worker_12 | primero diversidad 5.271734710164535
worker_11 | fuzzy inputs 1 5.445845824130059
worker_11 | g=0, diversidad=5.445845824130059, C1=1.2220025265543915, C2=1.5687366347824598
worker_11 | gen evals   avg     std     min             max
worker_11 | 0   10      2000.01 1795.05 0.00440406      5000
worker_15 | fuzzy inputs 8 6.227202281473983
worker_15 | g=7, diversidad=6.227202281473983, C1=1.730724412412618, C2=1.4666744693089473
worker_15 | 7   10      3400.3  1981.83 0.0485269       5000
worker_15 | defaultdict(<class 'deap.tools.support.Logbook'>, {})
worker_15 | poblacion enviada...  0.0049518265530006855
worker_15 | poblacion recibida...  PSO PSO-13
worker_15 | primero diversidad 4.323372837032823
worker_16 | fuzzy inputs 1 8.445829963381787
worker_16 | g=0, diversidad=8.445829963381787, C1=1.1792514293748917, C2=1.4900782247521756
worker_16 | gen evals   avg     std     min             max
worker_16 | 0   10      1766.88 1680.47 0.00375141      5000
worker_13 | fuzzy inputs 1 6.181018538176858
worker_13 | g=0, diversidad=6.181018538176858, C1=1.219787767523774, C2=1.477816751509391
worker_13 | gen evals   avg     std     min             max
worker_13 | 0   10      1166.79 1500.01 0.00375141      5000
worker_3  | fuzzy inputs 1 10.926614835478151
worker_3  | g=0, diversidad=10.926614835478151, C1=1.175268817204301, C2=1.4904761904761905
worker_3  | gen evals   avg     std     min             max
worker_3  | 0   10      1566.73 1592    0.00439863      5000
worker_2  | fuzzy inputs 4 5.155998219432638
worker_2  | g=3, diversidad=5.155998219432638, C1=1.479788573999288, C2=1.2670206637163894
worker_2  | 3   10      3133.41 968.38  1666.68         5000
worker_6  | fuzzy inputs 1 4.006824144380192
worker_6  | g=0, diversidad=4.006824144380192, C1=1.2009630361436399, C2=1.7470379767564068
worker_6  | gen evals   avg     std     min             max
worker_6  | 0   10      1700.34 1394.04 0.00440406      4000
worker_9  | fuzzy inputs 1 4.3062744816102985
worker_9  | g=0, diversidad=4.3062744816102985, C1=1.2051276941148406, C2=1.7435008640245193
worker_9  | gen evals   avg     std     min             max
worker_9  | 0   10      2433.38 1838.14 0.00375141      5000
worker_5  | fuzzy inputs 4 5.360248179591113
worker_5  | g=3, diversidad=5.360248179591113, C1=1.4776603723850619, C2=1.329592388452096
worker_5  | 3   10      2868.21 820.066 1666.71         4000
worker_4  | fuzzy inputs 7 5.821429453856615
worker_4  | g=6, diversidad=5.821429453856615, C1=1.4745098039215692, C2=1.4472508290692752
worker_4  | 6   10      3833.34 885.055 2333.36         5000
worker_1  | fuzzy inputs 2 10.49352934083791
worker_1  | g=1, diversidad=10.49352934083791, C1=1.1936936936936937, C2=1.4879629629629632
worker_1  | 1   10      2033.56 1580.93 0.0136007       5000
worker_7  | fuzzy inputs 3 8.048783428007024
worker_7  | g=2, diversidad=8.048783428007024, C1=1.4257383966244728, C2=1.4788617886178865
worker_7  | 2   10      3066.74 1743.48 0.0582716       5000
worker_11 | fuzzy inputs 2 6.024543789921211
worker_11 | g=1, diversidad=6.024543789921211, C1=1.224994280128321, C2=1.4750148177394304
worker_11 | 1   10      2700.43 1797.23 0.0272041       5000
worker_12 | fuzzy inputs 1 5.271734710164535
worker_12 | g=0, diversidad=5.271734710164535, C1=1.2182546915640824, C2=1.6233866719165446
worker_12 | gen evals   avg     std     min             max
worker_12 | 0   10      1966.68 2062.62 0.00440406      5000
worker_13 | fuzzy inputs 2 7.396884744825595
worker_13 | g=1, diversidad=7.396884744825595, C1=1.1956152200938421, C2=1.4876080178514735
worker_13 | 1   10      3033.46 1479.1  0.128102        5000
worker_16 | fuzzy inputs 2 7.120310739271674
worker_16 | g=1, diversidad=7.120310739271674, C1=1.2013584709808618, C2=1.486543741631861
worker_16 | 1   10      2633.7  1689.39 0.0375496       5000
worker_8  | fuzzy inputs 8 6.192615215146384
worker_8  | g=7, diversidad=6.192615215146384, C1=1.7297990680105197, C2=1.465350435022137
worker_8  | 7   10      1800.33 1318.09 0.01633         3333.36
worker_8  | defaultdict(<class 'deap.tools.support.Logbook'>, {})
worker_8  | poblacion enviada...  0.0037514072893524695
worker_8  | poblacion recibida...  PSO PSO-6
worker_8  | primero diversidad 4.335229479921149
worker_15 | fuzzy inputs 1 4.323372837032823
worker_15 | g=0, diversidad=4.323372837032823, C1=1.2052885127031197, C2=1.7433432659640413
worker_15 | gen evals   avg     std     min             max
worker_15 | 0   10      1066.73 1380.82 0.00495183      3333.45
worker_3  | fuzzy inputs 2 8.357981319653645
worker_3  | g=1, diversidad=8.357981319653645, C1=1.1936936936936937, C2=1.4879629629629632
worker_3  | 1   10      1933.43 1152.7  0.0393743       3333.34
worker_6  | fuzzy inputs 2 5.528584925634277
worker_6  | g=1, diversidad=5.528584925634277, C1=1.224027971329897, C2=1.5461857911298984
worker_6  | 1   10      2500.04 1707.81 0.0371956       5000
worker_5  | fuzzy inputs 5 7.847826765667823
worker_5  | g=4, diversidad=7.847826765667823, C1=1.489023496747583, C2=1.489023496747583
worker_5  | 4   10      3366.98 1224.17 1666.7          5000
worker_12 | fuzzy inputs 2 6.383689804587128
worker_12 | g=1, diversidad=6.383689804587128, C1=1.2144949098520392, C2=1.4806302533506814
worker_12 | 1   10      3400.16 1775.12 0.0501121       5000
worker_2  | fuzzy inputs 5 5.648369964621567
worker_2  | g=4, diversidad=5.648369964621567, C1=1.474509803921569, C2=1.4059743828665936
worker_2  | 4   10      2333.54 1043.63 666.683         4000
worker_11 | fuzzy inputs 3 4.796264107270073
worker_11 | g=2, diversidad=4.796264107270073, C1=1.4257383966244728, C2=1.467632850241546
worker_11 | 2   10      2900.04 1116.05 0.0288236       4000
worker_9  | fuzzy inputs 2 4.94533914614426
worker_9  | g=1, diversidad=4.94533914614426, C1=1.2126614246651655, C2=1.736209334431707
worker_9  | 1   10      3166.69 1376.36 666.821         5000
worker_4  | fuzzy inputs 8 5.349755739410745
worker_4  | g=7, diversidad=5.349755739410745, C1=1.7294166186075193, C2=1.3265639673959742
worker_4  | 7   10      3133.49 1375.99 0.013711        5000
worker_4  | defaultdict(<class 'deap.tools.support.Logbook'>, {})
worker_4  | poblacion enviada...  0.007795904141050238
worker_1  | fuzzy inputs 3 7.557545437674141
worker_1  | g=2, diversidad=7.557545437674141, C1=1.4257383966244728, C2=1.4788617886178865
worker_1  | 2   10      2433.68 1879.84 0.0138084       5000
worker_4  | poblacion recibida...  PSO PSO-4
worker_4  | primero diversidad 7.528895508304839
worker_7  | fuzzy inputs 4 7.04519079549144
worker_7  | g=3, diversidad=7.04519079549144, C1=1.4862223514721429, C2=1.4862223514721429
worker_7  | 3   10      1933.36 1436.04 0.0154829       3333.39
worker_15 | fuzzy inputs 2 5.820330359611005
worker_15 | g=1, diversidad=5.820330359611005, C1=1.2259259259259263, C2=1.477268321366001
worker_15 | 1   10      3400.04 1504.04 0.0810461       5000
worker_16 | fuzzy inputs 3 5.90299459105109
worker_16 | g=2, diversidad=5.90299459105109, C1=1.4500000000000004, C2=1.4530839562803781
worker_16 | 2   10      2600.08 1356.43 0.0105372       5000
worker_8  | fuzzy inputs 1 4.335229479921149
worker_8  | g=0, diversidad=4.335229479921149, C1=1.2054010839463571, C2=1.7432330002825671
worker_8  | gen evals   avg     std     min             max
worker_8  | 0   10      1666.71 1291    0.00375141      3333.35
worker_13 | fuzzy inputs 3 5.406340327983049
worker_13 | g=2, diversidad=5.406340327983049, C1=1.4360225040830092, C2=1.459384244721115
worker_13 | 2   10      1533.38 1886.78 0.0114097       5000
worker_3  | fuzzy inputs 3 6.618788148963675
worker_3  | g=2, diversidad=6.618788148963675, C1=1.4257383966244728, C2=1.473021566828012
worker_3  | 2   10      2000.09 1247.2  0.020018        3333.43
worker_6  | fuzzy inputs 3 5.233496859312692
worker_6  | g=2, diversidad=5.233496859312692, C1=1.4257383966244728, C2=1.468486000379039
worker_6  | 2   10      3966.69 1178.02 1333.38         5000
worker_5  | fuzzy inputs 6 8.098498596556288
worker_5  | g=5, diversidad=8.098498596556288, C1=1.4894308943089432, C2=1.4894308943089432
worker_5  | 5   10      3200.15 1796.19 0.0335199       5000
worker_12 | fuzzy inputs 3 5.818966412535428
worker_12 | g=2, diversidad=5.818966412535428, C1=1.4500000000000006, C2=1.449837276119574
worker_12 | 2   10      3300.27 1608.49 0.0399082       5000
worker_11 | fuzzy inputs 4 4.179510131297215
worker_11 | g=3, diversidad=4.179510131297215, C1=1.4860871900879538, C2=1.2038138240049137
worker_11 | 3   10      3367.2  1360.51 5.04734         5000
worker_2  | fuzzy inputs 6 5.611469799959013
worker_2  | g=5, diversidad=5.611469799959013, C1=1.474509803921569, C2=1.3968440167187401
worker_2  | 5   10      2066.89 1651.89 0.00846522      5000
worker_9  | fuzzy inputs 3 4.854077829691617
worker_9  | g=2, diversidad=4.854077829691617, C1=1.4257383966244728, C2=1.467632850241546
worker_9  | 2   10      2266.69 1756.25 0.0197247       5000
worker_4  | fuzzy inputs 1 13.629969167981265
worker_4  | g=0, diversidad=13.629969167981265, C1=1.1768024971339452, C2=1.5600389090631035
worker_4  | gen evals   avg     std     min             max
worker_4  | 0   10      1600.03 1576.21 0.00375141      4000
worker_7  | fuzzy inputs 5 9.524095331276307
worker_7  | g=4, diversidad=9.524095331276307, C1=1.4909812767690531, C2=1.4909812767690531
worker_7  | 4   10      2800.06 1292.72 0.0156104       5000
worker_15 | fuzzy inputs 3 4.856402204856544
worker_15 | g=2, diversidad=4.856402204856544, C1=1.4257383966244728, C2=1.467632850241546
worker_15 | 2   10      2300.36 1361.7  0.46865         5000
worker_1  | fuzzy inputs 4 6.879699005075597
worker_1  | g=3, diversidad=6.879699005075597, C1=1.4852184303609333, C2=1.4838977536076268
worker_1  | 3   10      2733.75 1717.33 1.73594         5000
worker_16 | fuzzy inputs 4 4.629292075919465
worker_16 | g=3, diversidad=4.629292075919465, C1=1.4837745891482121, C2=1.2085012833837383
worker_16 | 3   10      2400.08 1749.9  0.0183107       5000
worker_6  | fuzzy inputs 4 4.5124418594721725
worker_6  | g=3, diversidad=4.5124418594721725, C1=1.4844547338032823, C2=1.2071937686497045
worker_6  | 3   10      2966.99 1968.78 0.0201701       5000
worker_13 | fuzzy inputs 4 5.696036754056922
worker_13 | g=3, diversidad=5.696036754056922, C1=1.4745098039215694, C2=1.4175936741247455
worker_13 | 3   10      2633.55 1968.79 0.0202387       5000
worker_8  | fuzzy inputs 2 5.881380073934988
worker_8  | g=1, diversidad=5.881380073934988, C1=1.2259259259259263, C2=1.4745098039215694
worker_8  | 1   10      2300.24 1139.77 0.00857475      4000
worker_3  | fuzzy inputs 4 5.53266699720279
worker_3  | g=3, diversidad=5.53266699720279, C1=1.4754809459990006, C2=1.376780745471024
worker_3  | 3   10      2500.45 1522.02 0.024738        5000
worker_12 | fuzzy inputs 4 4.827114057480669
worker_12 | g=3, diversidad=4.827114057480669, C1=1.4824766146354549, C2=1.2109855706967445
worker_12 | 3   10      3166.69 1343.69 666.671         5000
worker_5  | fuzzy inputs 7 8.482182581377566
worker_5  | g=6, diversidad=8.482182581377566, C1=1.5602836879432629, C2=1.4879629629629632
worker_5  | 6   10      2400.1  1459.02 0.0512133       4000
worker_15 | fuzzy inputs 4 3.6286862271743634
worker_15 | g=3, diversidad=3.6286862271743634, C1=1.4876475685584711, C2=1.1954012604010371
worker_15 | 3   10      2800.28 1462.08 0.048416        5000
worker_2  | fuzzy inputs 7 5.87273644941021
worker_2  | g=6, diversidad=5.87273644941021, C1=1.4745098039215692, C2=1.4517993612404272
worker_2  | 6   10      2900.12 1693.36 0.121618        5000
worker_4  | fuzzy inputs 2 10.819102623918448
worker_4  | g=1, diversidad=10.819102623918448, C1=1.1936936936936937, C2=1.4879629629629632
worker_4  | 1   10      3133.5  1613.69 0.0140878       5000
worker_1  | fuzzy inputs 5 8.044246166783868
worker_1  | g=4, diversidad=8.044246166783868, C1=1.4894988895117838, C2=1.4894988895117838
worker_1  | 4   10      2700.07 1852.59 0.0475057       5000
worker_9  | fuzzy inputs 4 4.465345821380672
worker_9  | g=3, diversidad=4.465345821380672, C1=1.4847130088530096, C2=1.2066962203343834
worker_9  | 3   10      2300.07 1905.79 0.014012        5000
worker_11 | fuzzy inputs 5 5.589450787836125
worker_11 | g=4, diversidad=5.589450787836125, C1=1.4746670057633038, C2=1.3913292356697309
worker_11 | 4   10      2133.63 1184.79 0.0150479       4000
worker_6  | fuzzy inputs 5 6.189629630904303
worker_6  | g=4, diversidad=6.189629630904303, C1=1.4779528152759158, C2=1.4652333236209387
worker_6  | 4   10      3033.66 1277.64 0.00534157      5000
redis_1   | 1:M 12 Jun 2023 20:22:47.067 * 100 changes in 300 seconds. Saving...
redis_1   | 1:M 12 Jun 2023 20:22:47.067 * Background saving started by pid 16
redis_1   | 16:C 12 Jun 2023 20:22:47.071 * DB saved on disk
redis_1   | 16:C 12 Jun 2023 20:22:47.071 * Fork CoW for RDB: current 0 MB, peak 0 MB, average 0 MB
redis_1   | 1:M 12 Jun 2023 20:22:47.173 * Background saving terminated with success
worker_7  | fuzzy inputs 6 8.529838497625652
worker_7  | g=5, diversidad=8.529838497625652, C1=1.4894308943089432, C2=1.4894308943089432
worker_7  | 5   10      2100.08 1106.02 0.00815763      3333.35
worker_13 | fuzzy inputs 5 7.815162860352783
worker_13 | g=4, diversidad=7.815162860352783, C1=1.4889319206176197, C2=1.4889319206176197
worker_13 | 4   10      2767.44 1801.57 0.11479         5000
worker_16 | fuzzy inputs 5 6.4578246607133
worker_16 | g=4, diversidad=6.4578246607133, C1=1.4814890324136651, C2=1.4741957699373052
worker_16 | 4   10      2200.28 1989.76 0.0258631       5000
worker_8  | fuzzy inputs 3 5.3149180723869955
worker_8  | g=2, diversidad=5.3149180723869955, C1=1.4299082366084424, C2=1.464771858877416
worker_8  | 2   10      2733.72 1496.2  1.70838         5000
worker_12 | fuzzy inputs 5 6.341725355779525
worker_12 | g=4, diversidad=6.341725355779525, C1=1.4801078658450142, C2=1.4706682881840372
worker_12 | 4   10      2367.18 1385.78 1.98411         5000
worker_3  | fuzzy inputs 5 6.374897737262839
worker_3  | g=4, diversidad=6.374897737262839, C1=1.4805230913257879, C2=1.4717251034695644
worker_3  | 4   10      2400.06 1412.6  0.036445        4000
worker_5  | fuzzy inputs 8 8.28227205944758
worker_5  | g=7, diversidad=8.28227205944758, C1=1.761970192623014, C2=1.4898501647807096
worker_5  | 7   10      3200.03 1117.51 1666.74         5000
worker_5  | defaultdict(<class 'deap.tools.support.Logbook'>, {})
worker_5  | poblacion enviada...  0.004404060450488333
worker_5  | poblacion recibida...  PSO PSO-14
worker_5  | primero diversidad 8.15089398347811
worker_2  | fuzzy inputs 8 5.137597199004421
worker_2  | g=7, diversidad=5.137597199004421, C1=1.733262926121629, C2=1.2609835102077145
worker_2  | 7   10      2900.03 1520.56 0.106694        5000
worker_2  | defaultdict(<class 'deap.tools.support.Logbook'>, {})
worker_2  | poblacion enviada...  0.004398627742702823
worker_2  | poblacion recibida...  PSO PSO-1
worker_2  | primero diversidad 5.007543228478073
worker_6  | fuzzy inputs 6 5.401313640569266
worker_6  | g=5, diversidad=5.401313640569266, C1=1.4771772030077022, C2=1.3412654000411246
worker_6  | 5   10      4033.34 1015.97 1666.69         5000
worker_15 | fuzzy inputs 5 5.653843949244163
worker_15 | g=4, diversidad=5.653843949244163, C1=1.4745098039215696, C2=1.4073186831044922
worker_15 | 4   10      2833.51 1447.2  0.267294        5000
worker_1  | fuzzy inputs 6 9.271771371212314
worker_1  | g=5, diversidad=9.271771371212314, C1=1.4894308943089432, C2=1.4894308943089432
worker_1  | 5   10      1400.2  1404.85 0.0139329       3334.35
worker_7  | fuzzy inputs 7 7.659529492447194
worker_7  | g=6, diversidad=7.659529492447194, C1=1.5602836879432629, C2=1.4879629629629632
worker_7  | 6   10      2966.72 1766.6  0.379412        5000
worker_11 | fuzzy inputs 6 5.893395900713419
worker_11 | g=5, diversidad=5.893395900713419, C1=1.474509803921569, C2=1.4526850293762659
worker_11 | 5   10      2366.7  1772.91 0.0344361       5000
worker_9  | fuzzy inputs 5 4.983383742590415
worker_9  | g=4, diversidad=4.983383742590415, C1=1.4812945570097191, C2=1.2132355838898559
worker_9  | 4   10      2100.61 1498.96 0.0250037       4000
worker_4  | fuzzy inputs 3 7.959569363079678
worker_4  | g=2, diversidad=7.959569363079678, C1=1.4257383966244728, C2=1.4788617886178865
worker_4  | 2   10      2951.72 824.48  1333.7          4000
worker_13 | fuzzy inputs 6 6.636610819621199
worker_13 | g=5, diversidad=6.636610819621199, C1=1.4832770874085295, C2=1.4788147401759646
worker_13 | 5   10      1700.15 1649.54 0.0195667       5000
worker_8  | fuzzy inputs 4 4.095141428304319
worker_8  | g=3, diversidad=4.095141428304319, C1=1.4863512717698188, C2=1.202394193387647
worker_8  | 3   10      2900.56 1460.98 0.132102        5000
worker_12 | fuzzy inputs 6 5.887796617255187
worker_12 | g=5, diversidad=5.887796617255187, C1=1.4745098039215694, C2=1.452448694567595
worker_12 | 5   10      3400.11 1428.17 1666.69         5000
worker_16 | fuzzy inputs 6 5.966058820163096
worker_16 | g=5, diversidad=5.966058820163096, C1=1.474509803921569, C2=1.455524211577669
worker_16 | 5   10      2600.04 1443.73 666.69          5000
worker_6  | fuzzy inputs 7 5.809433879038388
worker_6  | g=6, diversidad=5.809433879038388, C1=1.4745098039215692, C2=1.4444690843856527
worker_6  | 6   10      3833.5  1499.93 0.0692477       5000
worker_5  | fuzzy inputs 1 16.088657534281687
worker_5  | g=0, diversidad=16.088657534281687, C1=1.175268817204301, C2=1.7650793650793657
worker_5  | gen evals   avg     std     min             max
worker_5  | 0   10      2633.38 2078.7  0.00375141      5000
worker_3  | fuzzy inputs 6 7.807714431118366
worker_3  | g=5, diversidad=7.807714431118366, C1=1.4889108239363, C2=1.4889108239363
worker_3  | 5   10      3000.05 1763.79 0.0464222       5000
worker_15 | fuzzy inputs 6 5.178978718312515
worker_15 | g=5, diversidad=5.178978718312515, C1=1.479569590504601, C2=1.2744621439420492
worker_15 | 5   10      2134.31 1627.22 0.0515232       5000
worker_7  | fuzzy inputs 8 6.702408666097744
worker_7  | g=7, diversidad=6.702408666097744, C1=1.7403552856058084, C2=1.480310404410731
worker_7  | 7   10      2033.56 1508.99 0.0136806       5000
worker_7  | defaultdict(<class 'deap.tools.support.Logbook'>, {})
worker_7  | poblacion enviada...  0.0037514072893524695
worker_7  | poblacion recibida...  PSO PSO-0
worker_7  | primero diversidad 8.080441290187713
worker_1  | fuzzy inputs 7 9.835713313952219
worker_1  | g=6, diversidad=9.835713313952219, C1=1.5602836879432629, C2=1.4879629629629632
worker_1  | 6   10      2266.89 891.808 1333.67         4000
worker_11 | fuzzy inputs 7 6.093054628992451
worker_11 | g=6, diversidad=6.093054628992451, C1=1.4824704331178111, C2=1.4611806950849036
worker_11 | 6   10      3066.69 1263.13 1333.44         5000
worker_2  | fuzzy inputs 1 13.323598922081262
worker_2  | g=0, diversidad=13.323598922081262, C1=1.1809450270488284, C2=1.541830846007974
worker_2  | gen evals   avg     std     min             max
worker_2  | 0   10      1700.21 1456.31 0.00375141      4000
worker_12 | fuzzy inputs 7 6.088044883228802
worker_12 | g=6, diversidad=6.088044883228802, C1=1.4820526778334215, C2=1.4609554437122165
worker_12 | 6   10      2900.16 1342.09 0.0529332       5000
worker_13 | fuzzy inputs 7 7.27388299426293
worker_13 | g=6, diversidad=7.27388299426293, C1=1.5524978232448379, C2=1.4871562429974545
worker_13 | 6   10      2234.82 1550.05 0.0688125       5000
worker_9  | fuzzy inputs 6 4.819573263440173
worker_9  | g=5, diversidad=4.819573263440173, C1=1.482529887823483, C2=1.2108838888169322
worker_9  | 5   10      2033.36 1715.6  0.0161895       5000
worker_4  | fuzzy inputs 4 6.657464148679817
worker_4  | g=3, diversidad=6.657464148679817, C1=1.483463398841477, C2=1.479299463010587
worker_4  | 3   10      2800.08 1194.36 666.692         5000
worker_16 | fuzzy inputs 7 6.200201387427664
worker_16 | g=6, diversidad=6.200201387427664, C1=1.4911268980078005, C2=1.4656459559743733
worker_16 | 6   10      2300.08 1187.41 0.143902        3333.48
worker_8  | fuzzy inputs 5 4.022310870371796
worker_8  | g=4, diversidad=4.022310870371796, C1=1.4865713056109155, C2=1.2012100701307178
worker_8  | 4   10      1666.76 1626.11 0.0374581       5000
worker_3  | fuzzy inputs 7 7.440051152194129
worker_3  | g=6, diversidad=7.440051152194129, C1=1.5582636008942796, C2=1.4877591222639608
worker_3  | 6   10      2866.77 2028.58 0.0642064       5000
worker_6  | fuzzy inputs 8 6.442691096736669
worker_6  | g=7, diversidad=6.442691096736669, C1=1.7357072041052066, C2=1.4737621018486151
worker_6  | 7   10      2300.08 1715.6  0.0353086       5000
worker_6  | defaultdict(<class 'deap.tools.support.Logbook'>, {})
worker_6  | poblacion enviada...  0.004404060450488333
worker_6  | poblacion recibida...  PSO PSO-15
worker_6  | primero diversidad 7.29295911631251
worker_5  | fuzzy inputs 2 12.364346067313392
worker_5  | g=1, diversidad=12.364346067313392, C1=1.1936936936936937, C2=1.5074957143145844
worker_5  | 1   10      2600.04 1907.84 0.0370662       5000
worker_15 | fuzzy inputs 7 4.863544598340086
worker_15 | g=6, diversidad=4.863544598340086, C1=1.5145483717432808, C2=1.2114853248462907
worker_15 | 6   10      2866.9  1606.79 0.710604        5000
worker_9  | fuzzy inputs 7 5.065999420025079
worker_9  | g=6, diversidad=5.065999420025079, C1=1.5046518365121269, C2=1.236803607839065
worker_9  | 6   10      3367.15 1655.81 666.69          5000
worker_7  | fuzzy inputs 1 8.080441290187713
worker_7  | g=0, diversidad=8.080441290187713, C1=1.1844880130003517, C2=1.4895538651236162
worker_7  | gen evals   avg     std     min             max
worker_7  | 0   10      1800.68 1844.73 0.00375141      5000
worker_11 | fuzzy inputs 8 5.5208049479010795
worker_11 | g=7, diversidad=5.5208049479010795, C1=1.725732851679184, C2=1.3736823324623106
worker_11 | 7   10      3100.03 1713    0.0727936       5000
worker_11 | defaultdict(<class 'deap.tools.support.Logbook'>, {})
worker_11 | poblacion enviada...  0.004404060450488333
worker_11 | poblacion recibida...  PSO PSO-11
worker_11 | primero diversidad 4.501937356989892
worker_12 | fuzzy inputs 8 5.918783458056745
worker_12 | g=7, diversidad=5.918783458056745, C1=1.7238095238095243, C2=1.4537235988320962
worker_12 | 7   10      3267.39 1123.28 1666.71         5000
worker_12 | defaultdict(<class 'deap.tools.support.Logbook'>, {})
worker_12 | poblacion enviada...  0.004404060450488333
worker_12 | poblacion recibida...  PSO PSO-5
worker_12 | primero diversidad 6.8368847214531465
worker_13 | fuzzy inputs 8 6.650265704273323
worker_13 | g=7, diversidad=6.650265704273323, C1=1.7395165781738322, C2=1.4791332914252433
worker_13 | 7   10      1866.7  1654.64 0.00989165      5000
worker_13 | defaultdict(<class 'deap.tools.support.Logbook'>, {})
worker_13 | poblacion enviada...  0.0037514072893524695
worker_13 | poblacion recibida...  PSO PSO-3
worker_13 | primero diversidad 7.322657361112189
worker_8  | fuzzy inputs 6 5.611314468369628
worker_8  | g=5, diversidad=5.611314468369628, C1=1.474509803921569, C2=1.3968053285473696
worker_8  | 5   10      3200.04 1627.5  666.736         5000
worker_2  | fuzzy inputs 2 10.161243917612616
worker_2  | g=1, diversidad=10.161243917612616, C1=1.1936936936936937, C2=1.4879629629629632
worker_2  | 1   10      2066.87 1547.59 0.0463134       5000
worker_15 | fuzzy inputs 8 4.97071352852521
worker_15 | g=7, diversidad=4.97071352852521, C1=1.7358455282039997, C2=1.2130423710061013
worker_15 | 7   10      3566.69 1577.95 0.0826602       5000
worker_15 | defaultdict(<class 'deap.tools.support.Logbook'>, {})
worker_15 | poblacion enviada...  0.0049518265530006855
worker_15 | poblacion recibida...  PSO PSO-13
worker_15 | primero diversidad 6.881326291827007
worker_4  | fuzzy inputs 5 8.730221822719122
worker_4  | g=4, diversidad=8.730221822719122, C1=1.4904512863683652, C2=1.4904512863683652
worker_4  | 4   10      2575.42 1228.28 0.0338598       4000
worker_16 | fuzzy inputs 8 6.4041630194290935
worker_16 | g=7, diversidad=6.4041630194290935, C1=1.7349036944444525, C2=1.4726239411643713
worker_16 | 7   10      2633.46 1409.77 0.333055        5000
worker_16 | defaultdict(<class 'deap.tools.support.Logbook'>, {})
worker_16 | poblacion enviada...  0.0037514072893524695
worker_16 | poblacion recibida...  PSO PSO-10
worker_16 | primero diversidad 7.079821128453347
worker_6  | fuzzy inputs 1 10.474565706201666
worker_6  | g=0, diversidad=10.474565706201666, C1=1.175268817204301, C2=1.4904761904761905
worker_6  | gen evals   avg     std     min             max
worker_6  | 0   10      2166.99 1857.18 0.00439863      5000
worker_1  | fuzzy inputs 8 8.545870986655201
worker_1  | g=7, diversidad=8.545870986655201, C1=1.7637454471754295, C2=1.4902127358058663
worker_1  | 7   10      1633.79 1205.74 0.0470797       3333.34
worker_1  | defaultdict(<class 'deap.tools.support.Logbook'>, {})
worker_1  | poblacion enviada...  0.004398627742702823
worker_1  | poblacion recibida...  PSO PSO-2
worker_1  | primero diversidad 8.711184729153763
worker_5  | fuzzy inputs 3 8.2437772317948
worker_5  | g=2, diversidad=8.2437772317948, C1=1.4257383966244728, C2=1.4788617886178865
worker_5  | 2   10      2933.41 1799.93 0.0611092       5000
worker_3  | fuzzy inputs 8 6.8371833398570985
worker_3  | g=7, diversidad=6.8371833398570985, C1=1.7423419826925042, C2=1.4830908954911248
worker_3  | 7   10      2466.79 1687.75 0.45319         5000
worker_3  | defaultdict(<class 'deap.tools.support.Logbook'>, {})
worker_3  | poblacion enviada...  0.004398627742702823
worker_3  | poblacion recibida...  PSO PSO-9
worker_3  | primero diversidad 6.724851963228363
worker_9  | fuzzy inputs 8 4.04816009480753
worker_9  | g=7, diversidad=4.04816009480753, C1=1.7464976605628553, C2=1.2016260795796165
worker_9  | 7   10      3066.71 1280.6  1666.67         5000
worker_9  | defaultdict(<class 'deap.tools.support.Logbook'>, {})
worker_9  | poblacion enviada...  0.0037514072893524695
worker_9  | poblacion recibida...  PSO PSO-7
worker_9  | primero diversidad 7.05458226460243
worker_12 | fuzzy inputs 1 15.810542297692626
worker_12 | g=0, diversidad=15.810542297692626, C1=1.175268817204301, C2=1.7650793650793657
worker_12 | gen evals   avg     std     min             max
worker_12 | 0   10      2133.49 2181.79 0.00375141      5000
worker_11 | fuzzy inputs 1 8.462144957173928
worker_11 | g=0, diversidad=8.462144957173928, C1=1.1790295706458838, C2=1.490100412975501
worker_11 | gen evals   avg     std     min             max
worker_11 | 0   10      1800.15 1578.99 0.00439863      5000
worker_7  | fuzzy inputs 2 7.153754553571724
worker_7  | g=1, diversidad=7.153754553571724, C1=1.2006136404354781, C2=1.4866820521892887
worker_7  | 1   10      2833.42 1572.25 0.337421        5000
worker_2  | fuzzy inputs 3 6.904852778553493
worker_2  | g=2, diversidad=6.904852778553493, C1=1.4257383966244728, C2=1.4773896379714713
worker_2  | 2   10      2867.14 1384.04 0.0115426       5000
worker_16 | fuzzy inputs 1 7.079821128453347
worker_16 | g=0, diversidad=7.079821128453347, C1=1.2022805462921538, C2=1.486372399080696
worker_16 | gen evals   avg     std     min             max
worker_16 | 0   10      2633.34 2105.28 0.00375141      5000
worker_6  | fuzzy inputs 2 8.789869871230364
worker_6  | g=1, diversidad=8.789869871230364, C1=1.1936936936936937, C2=1.4879629629629632
worker_6  | 1   10      3466.75 1845.1  0.00759989      5000
worker_13 | fuzzy inputs 1 7.322657361112189
worker_13 | g=0, diversidad=7.322657361112189, C1=1.1970680638441942, C2=1.487339272161543
worker_13 | gen evals   avg     std     min             max
worker_13 | 0   10      2733.35 1730.76 0.00375141      5000
worker_8  | fuzzy inputs 7 4.710243536824616
worker_8  | g=6, diversidad=4.710243536824616, C1=1.5215702689833783, C2=1.2094737160486018
worker_8  | 6   10      2966.91 993.691 1666.69         5000
worker_15 | fuzzy inputs 1 16.7204888379506
worker_15 | g=0, diversidad=16.7204888379506, C1=1.175268817204301, C2=1.7650793650793657
worker_15 | gen evals   avg     std     min             max
worker_15 | 0   10      1566.72 1660.35 0.00375141      4000
worker_4  | fuzzy inputs 6 10.260180326915126
worker_4  | g=5, diversidad=10.260180326915126, C1=1.4894308943089432, C2=1.4894308943089432
worker_4  | 5   10      1600.29 1072.8  0.169617        3333.38
worker_1  | fuzzy inputs 1 14.074086767453975
worker_1  | g=0, diversidad=14.074086767453975, C1=1.175268817204301, C2=1.5928930082289534
worker_1  | gen evals   avg     std     min             max
worker_1  | 0   10      2166.92 1886.99 0.00375141      5000
worker_5  | fuzzy inputs 4 6.611684840055053
worker_5  | g=3, diversidad=6.611684840055053, C1=1.4830488060835378, C2=1.4782217141728529
worker_5  | 3   10      2566.71 1183.69 0.0333939       4000
worker_3  | fuzzy inputs 1 13.668619257094166
worker_3  | g=0, diversidad=13.668619257094166, C1=1.1763034093452336, C2=1.562582049150103
worker_3  | gen evals   avg     std     min             max
worker_3  | 0   10      1633.49 1773.07 0.00375141      5000
worker_12 | fuzzy inputs 2 12.23574920922979
worker_12 | g=1, diversidad=12.23574920922979, C1=1.1936936936936937, C2=1.5042756829451114
worker_12 | 1   10      3033.5  1242.26 666.714         5000
worker_9  | fuzzy inputs 1 7.05458226460243
worker_9  | g=0, diversidad=7.05458226460243, C1=1.2028669221333372, C2=1.4862633687447067
worker_9  | gen evals   avg     std     min             max
worker_9  | 0   10      1700.06 1785.43 0.00375141      5000
worker_11 | fuzzy inputs 2 5.984351827836969
worker_11 | g=1, diversidad=5.984351827836969, C1=1.225925925925926, C2=1.4745098039215692
worker_11 | 1   10      1966.72 1508.87 0.0112277       5000
worker_7  | fuzzy inputs 3 5.946952839038614
worker_7  | g=2, diversidad=5.946952839038614, C1=1.4500000000000006, C2=1.4548163195607267
worker_7  | 2   10      2533.4  1301.25 0.0544248       5000
worker_13 | fuzzy inputs 2 6.503052878205267
worker_13 | g=1, diversidad=6.503052878205267, C1=1.2119388841001868, C2=1.4819765414416708
worker_13 | 1   10      2505.45 1528.83 0.0522075       5000
worker_2  | fuzzy inputs 4 5.879388227061131
worker_2  | g=3, diversidad=5.879388227061131, C1=1.4745098039215694, C2=1.4520886524263674
worker_2  | 3   10      3033.37 1486.58 666.729         5000
worker_16 | fuzzy inputs 2 7.009838070348079
worker_16 | g=1, diversidad=7.009838070348079, C1=1.2039291311788116, C2=1.4860657267828474
worker_16 | 1   10      2700.11 1486.64 0.00983737      5000
worker_15 | fuzzy inputs 2 13.43445490470073
worker_15 | g=1, diversidad=13.43445490470073, C1=1.1936936936936937, C2=1.529192536680008
worker_15 | 1   10      2366.8  1537.99 0.0458894       5000
worker_3  | fuzzy inputs 2 9.829682072826376
worker_3  | g=1, diversidad=9.829682072826376, C1=1.1936936936936937, C2=1.4879629629629632
worker_3  | 1   10      2428.74 1686.32 0.0257724       5000
worker_6  | fuzzy inputs 3 6.45881918373992
worker_6  | g=2, diversidad=6.45881918373992, C1=1.4257383966244728, C2=1.4706161758769702
worker_6  | 2   10      2733.38 1533.31 0.0263915       5000
worker_5  | fuzzy inputs 5 7.676672841016495
worker_5  | g=4, diversidad=7.676672841016495, C1=1.4885260558281055, C2=1.4885260558281055
worker_5  | 4   10      3566.74 1174.2  1666.77         5000
worker_4  | fuzzy inputs 7 8.971563576419777
worker_4  | g=6, diversidad=8.971563576419777, C1=1.5602836879432629, C2=1.4879629629629632
worker_4  | 6   10      2866.83 1892.54 0.131479        5000
worker_8  | fuzzy inputs 8 4.522454395482876
worker_8  | g=7, diversidad=4.522454395482876, C1=1.741377708857336, C2=1.207301645856485
worker_8  | 7   10      2400.18 1533.35 0.0156341       5000
worker_8  | defaultdict(<class 'deap.tools.support.Logbook'>, {})
worker_8  | poblacion enviada...  0.0037514072893524695
worker_8  | poblacion recibida...  PSO PSO-6
worker_8  | primero diversidad 5.203429195410643
worker_1  | fuzzy inputs 2 10.92713856692579
worker_1  | g=1, diversidad=10.92713856692579, C1=1.1936936936936937, C2=1.4879629629629632
worker_1  | 1   10      3133.41 1334.9  0.27597         5000
worker_12 | fuzzy inputs 3 9.134950421126408
worker_12 | g=2, diversidad=9.134950421126408, C1=1.4257383966244728, C2=1.4788617886178865
worker_12 | 2   10      2866.86 1700.71 0.0175248       5000
worker_9  | fuzzy inputs 2 6.901927840202138
worker_9  | g=1, diversidad=6.901927840202138, C1=1.2054208413739522, C2=1.4853736968621436
worker_9  | 1   10      2566.77 1903.39 0.0210646       5000
worker_6  | fuzzy inputs 4 5.257253195686465
worker_6  | g=3, diversidad=5.257253195686465, C1=1.478786733019565, C2=1.2990208390140703
worker_6  | 3   10      3633.34 1580.78 0.0138891       5000
worker_7  | fuzzy inputs 4 4.82441987849117
worker_7  | g=3, diversidad=4.82441987849117, C1=1.4824956853721538, C2=1.2109491733772542
worker_7  | 3   10      2633.41 1448.76 0.0220617       5000
worker_11 | fuzzy inputs 3 4.942634754041607
worker_11 | g=2, diversidad=4.942634754041607, C1=1.4257383966244728, C2=1.467632850241546
worker_11 | 2   10      2500.16 1886.91 0.0748911       5000
worker_16 | fuzzy inputs 3 6.074858157174817
worker_16 | g=2, diversidad=6.074858157174817, C1=1.4422544763771263, C2=1.4603548722480415
worker_16 | 2   10      2566.88 1686.89 0.0101546       5000
worker_13 | fuzzy inputs 3 6.5719369864602095
worker_13 | g=2, diversidad=6.5719369864602095, C1=1.4257383966244728, C2=1.4723143483332999
worker_13 | 2   10      1966.92 1649.51 0.0183904       4000
worker_2  | fuzzy inputs 5 6.69311497217586
worker_2  | g=4, diversidad=6.69311497217586, C1=1.483772480962141, C2=1.4801050381104703
worker_2  | 4   10      2600.24 1749.79 0.00915222      5000
worker_15 | fuzzy inputs 3 10.197582824479742
worker_15 | g=2, diversidad=10.197582824479742, C1=1.4257383966244728, C2=1.4788617886178865
worker_15 | 2   10      2700.25 1594.84 0.0152704       5000
worker_4  | fuzzy inputs 8 7.584286703792616
worker_4  | g=7, diversidad=7.584286703792616, C1=1.7543575507448201, C2=1.4882383384309574
worker_4  | 7   10      3000.24 1413.95 667.48          5000
worker_4  | defaultdict(<class 'deap.tools.support.Logbook'>, {})
worker_4  | poblacion enviada...  0.0037514072893524695
worker_5  | fuzzy inputs 6 8.193389958575494
worker_5  | g=5, diversidad=8.193389958575494, C1=1.4894308943089432, C2=1.4894308943089432
worker_5  | 5   10      2933.56 1824.2  0.0166695       5000
worker_4  | poblacion recibida...  PSO PSO-4
worker_4  | primero diversidad 6.256875941177059
worker_8  | fuzzy inputs 1 5.203429195410643
worker_8  | g=0, diversidad=5.203429195410643, C1=1.2169466445492494, C2=1.6480235117714992
worker_8  | gen evals   avg     std     min             max
worker_8  | 0   10      1566.76 1994.72 0.00375141      5000
worker_3  | fuzzy inputs 3 6.764009839470275
worker_3  | g=2, diversidad=6.764009839470275, C1=1.4257383966244728, C2=1.4752282398400542
worker_3  | 2   10      2300.24 1139.54 0.181033        4000
worker_1  | fuzzy inputs 3 7.138382580069924
worker_1  | g=2, diversidad=7.138382580069924, C1=1.4257383966244728, C2=1.4788617886178865
worker_1  | 2   10      3500.55 1661.21 668.649         5000
worker_12 | fuzzy inputs 4 7.172621949422016
worker_12 | g=3, diversidad=7.172621949422016, C1=1.4867588331304245, C2=1.4867588331304245
worker_12 | 3   10      2500.19 1593.27 0.0155801       5000
worker_9  | fuzzy inputs 3 6.6033835869212005
worker_9  | g=2, diversidad=6.6033835869212005, C1=1.4257383966244728, C2=1.4727887835869626
worker_9  | 2   10      2435.91 1831.05 0.0403538       5000
worker_11 | fuzzy inputs 4 4.465545062369332
worker_11 | g=3, diversidad=4.465545062369332, C1=1.4847119342918342, C2=1.2066982915860307
worker_11 | 3   10      2800.16 1826.96 0.0331936       5000
worker_6  | fuzzy inputs 5 6.20600613013986
worker_6  | g=4, diversidad=6.20600613013986, C1=1.4782070276092452, C2=1.4658701138686654
worker_6  | 4   10      2366.92 1735.02 0.0214416       5000
worker_16 | fuzzy inputs 4 5.058681079780855
worker_16 | g=3, diversidad=5.058681079780855, C1=1.480666145749086, C2=1.2342683006878603
worker_16 | 3   10      3033.39 1689.46 0.0881663       5000
worker_7  | fuzzy inputs 5 6.848968276216932
worker_7  | g=4, diversidad=6.848968276216932, C1=1.4849982691928105, C2=1.4833176982965897
worker_7  | 4   10      1866.96 1758.6  0.0311661       5000
worker_13 | fuzzy inputs 4 6.07872561779763
worker_13 | g=3, diversidad=6.07872561779763, C1=1.4760617867884354, C2=1.4605321729425258
worker_13 | 3   10      2633.64 1662.99 0.429643        5000
worker_15 | fuzzy inputs 4 8.52794930892427
worker_15 | g=3, diversidad=8.52794930892427, C1=1.4894308943089432, C2=1.4894308943089432
worker_15 | 3   10      2100.3  1725.87 0.00866433      5000
worker_5  | fuzzy inputs 7 8.318997991924295
worker_5  | g=6, diversidad=8.318997991924295, C1=1.5602836879432629, C2=1.4879629629629632
worker_5  | 6   10      2800.15 1462.13 0.0518827       5000
worker_2  | fuzzy inputs 6 7.3896617367894555
worker_2  | g=5, diversidad=7.3896617367894555, C1=1.4875823685497955, C2=1.4875823685497955
worker_2  | 5   10      1766.7  1693.44 0.00825194      5000
worker_8  | fuzzy inputs 2 5.986458271965698
worker_8  | g=1, diversidad=5.986458271965698, C1=1.225925925925926, C2=1.4745098039215692
worker_8  | 1   10      3033.39 1940.43 0.157219        5000
worker_3  | fuzzy inputs 4 6.2055948278899
worker_3  | g=3, diversidad=6.2055948278899, C1=1.4782007147552327, C2=1.465854286547508
worker_3  | 3   10      2333.62 1105.38 1666.67         5000
worker_1  | fuzzy inputs 4 6.653916540868541
worker_1  | g=3, diversidad=6.653916540868541, C1=1.4834319967942522, C2=1.4792177191543585
worker_1  | 3   10      3566.69 1680.26 0.00832301      5000
worker_11 | fuzzy inputs 5 6.16869974496658
worker_11 | g=4, diversidad=6.16869974496658, C1=1.477619156625758, C2=1.4643992639884331
worker_11 | 4   10      3566.89 1776.64 0.0188797       5000
worker_4  | fuzzy inputs 1 6.256875941177059
worker_4  | g=0, diversidad=6.256875941177059, C1=1.2176438557831613, C2=1.4789605847614047
worker_4  | gen evals   avg     std     min             max
worker_4  | 0   10      1966.86 1251.23 0.00375141      3333.35
worker_9  | fuzzy inputs 4 5.222828468599281
worker_9  | g=3, diversidad=5.222828468599281, C1=1.4791382980758883, C2=1.2883670020762517
worker_9  | 3   10      2266.84 1830.54 0.0132936       5000
worker_12 | fuzzy inputs 5 8.304795626874467
worker_12 | g=4, diversidad=8.304795626874467, C1=1.4898821914503324, C2=1.4898821914503324
worker_12 | 4   10      3100.19 1453.16 0.0554695       5000
worker_16 | fuzzy inputs 5 5.333807854815936
worker_16 | g=4, diversidad=5.333807854815936, C1=1.477960784026387, C2=1.321924441229114
worker_16 | 4   10      2833.73 2114.29 0.0186572       5000
worker_6  | fuzzy inputs 6 6.611296617536566
worker_6  | g=5, diversidad=6.611296617536566, C1=1.4830452012966824, C2=1.4782123575490436
worker_6  | 5   10      2800.05 1654.57 0.0812179       5000
worker_13 | fuzzy inputs 5 5.839066745937909
worker_13 | g=4, diversidad=5.839066745937909, C1=1.4745098039215687, C2=1.4502713306557555
worker_13 | 4   10      3033.38 1882.32 0.185706        5000
worker_7  | fuzzy inputs 6 7.074321902405096
worker_7  | g=5, diversidad=7.074321902405096, C1=1.4863487904927033, C2=1.4863487904927033
worker_7  | 5   10      1966.8  1840.47 0.00641988      5000
worker_15 | fuzzy inputs 5 8.188126958893726
worker_15 | g=4, diversidad=8.188126958893726, C1=1.4897140738227668, C2=1.4897140738227668
worker_15 | 4   10      2566.73 1229.69 666.812         5000
worker_2  | fuzzy inputs 7 7.020683862539899
worker_2  | g=6, diversidad=7.020683862539899, C1=1.543211200463494, C2=1.486114154703878
worker_2  | 6   10      2300.11 1552.41 0.00867449      5000
worker_3  | fuzzy inputs 5 7.885529789567316
worker_3  | g=4, diversidad=7.885529789567316, C1=1.4891273342262394, C2=1.4891273342262394
worker_3  | 4   10      3200.3  1667.87 0.689523        5000
worker_5  | fuzzy inputs 8 7.857714809403333
worker_5  | g=7, diversidad=7.857714809403333, C1=1.7581774762217213, C2=1.4890509206902995
worker_5  | 7   10      3500.14 819.818 1666.88         5000
worker_5  | defaultdict(<class 'deap.tools.support.Logbook'>, {})
worker_5  | poblacion enviada...  0.0037514072893524695
worker_5  | poblacion recibida...  PSO PSO-14
worker_5  | primero diversidad 7.2273785874026135
